mq-bench starting with run_id: auto
Writing CSV output to: artifacts/fanout_bursty_20260617_190733_nats_p64_s1000_u10_bursty/fanout_singlesite/sub_7.csv
2026-06-17T19:07:33.735798Z  INFO mq_bench::roles::subscriber: Starting subscriber engine=Nats key=topic_7 endpoint=None crash_enabled=false
2026-06-17T19:07:33.735851Z  INFO mq_bench::roles::subscriber: Connected via transport engine=Nats
2026-06-17T19:07:33.738229Z  INFO async_nats::connector: connected successfully server=4222 max_payload=10485760
2026-06-17T19:07:33.738279Z  INFO mq_bench::roles::subscriber: Subscribed to key expression key=topic_7
2026-06-17T19:07:33.738285Z  INFO async_nats: event: connected
2026-06-17T19:07:34.343050Z  INFO mq_bench::roles::subscriber: Starting subscriber engine=Nats key=topic_7 endpoint=None crash_enabled=false
2026-06-17T19:07:34.343110Z  INFO mq_bench::roles::subscriber: Connected via transport engine=Nats
2026-06-17T19:07:34.345579Z  INFO async_nats::connector: connected successfully server=4222 max_payload=10485760
2026-06-17T19:07:34.345613Z  INFO mq_bench::roles::subscriber: Subscribed to key expression key=topic_7
2026-06-17T19:07:34.345637Z  INFO async_nats: event: connected
2026-06-17T19:07:34.949312Z  INFO mq_bench::roles::subscriber: Starting subscriber engine=Nats key=topic_7 endpoint=None crash_enabled=false
2026-06-17T19:07:34.949370Z  INFO mq_bench::roles::subscriber: Connected via transport engine=Nats
2026-06-17T19:07:34.951847Z  INFO async_nats::connector: connected successfully server=4222 max_payload=10485760
2026-06-17T19:07:34.951881Z  INFO mq_bench::roles::subscriber: Subscribed to key expression key=topic_7
2026-06-17T19:07:34.951888Z  INFO async_nats: event: connected
2026-06-17T19:07:35.556737Z  INFO mq_bench::roles::subscriber: Starting subscriber engine=Nats key=topic_7 endpoint=None crash_enabled=false
2026-06-17T19:07:35.556759Z  INFO mq_bench::roles::subscriber: Connected via transport engine=Nats
2026-06-17T19:07:35.559193Z  INFO async_nats::connector: connected successfully server=4222 max_payload=10485760
2026-06-17T19:07:35.559304Z  INFO async_nats: event: connected
2026-06-17T19:07:35.559310Z  INFO mq_bench::roles::subscriber: Subscribed to key expression key=topic_7
2026-06-17T19:07:36.164158Z  INFO mq_bench::roles::subscriber: Starting subscriber engine=Nats key=topic_7 endpoint=None crash_enabled=false
2026-06-17T19:07:36.164234Z  INFO mq_bench::roles::subscriber: Connected via transport engine=Nats
2026-06-17T19:07:36.166606Z  INFO async_nats::connector: connected successfully server=4222 max_payload=10485760
2026-06-17T19:07:36.166706Z  INFO mq_bench::roles::subscriber: Subscribed to key expression key=topic_7
2026-06-17T19:07:36.166711Z  INFO async_nats: event: connected
2026-06-17T19:07:36.771663Z  INFO mq_bench::roles::subscriber: Starting subscriber engine=Nats key=topic_7 endpoint=None crash_enabled=false
2026-06-17T19:07:36.771700Z  INFO mq_bench::roles::subscriber: Connected via transport engine=Nats
2026-06-17T19:07:36.783611Z  INFO async_nats::connector: connected successfully server=4222 max_payload=10485760
2026-06-17T19:07:36.783686Z  INFO mq_bench::roles::subscriber: Subscribed to key expression key=topic_7
2026-06-17T19:07:36.783694Z  INFO async_nats: event: connected
2026-06-17T19:07:37.378751Z  INFO mq_bench::roles::subscriber: Starting subscriber engine=Nats key=topic_7 endpoint=None crash_enabled=false
2026-06-17T19:07:37.378795Z  INFO mq_bench::roles::subscriber: Connected via transport engine=Nats
2026-06-17T19:07:37.381291Z  INFO async_nats::connector: connected successfully server=4222 max_payload=10485760
2026-06-17T19:07:37.381398Z  INFO async_nats: event: connected
2026-06-17T19:07:37.381402Z  INFO mq_bench::roles::subscriber: Subscribed to key expression key=topic_7
2026-06-17T19:07:37.986070Z  INFO mq_bench::roles::subscriber: Starting subscriber engine=Nats key=topic_7 endpoint=None crash_enabled=false
2026-06-17T19:07:37.986108Z  INFO mq_bench::roles::subscriber: Connected via transport engine=Nats
2026-06-17T19:07:37.988511Z  INFO async_nats::connector: connected successfully server=4222 max_payload=10485760
2026-06-17T19:07:37.988633Z  INFO mq_bench::roles::subscriber: Subscribed to key expression key=topic_7
2026-06-17T19:07:37.988638Z  INFO async_nats: event: connected
2026-06-17T19:07:38.592722Z  INFO mq_bench::roles::subscriber: Starting subscriber engine=Nats key=topic_7 endpoint=None crash_enabled=false
2026-06-17T19:07:38.592783Z  INFO mq_bench::roles::subscriber: Connected via transport engine=Nats
2026-06-17T19:07:38.595335Z  INFO async_nats::connector: connected successfully server=4222 max_payload=10485760
2026-06-17T19:07:38.595431Z  INFO mq_bench::roles::subscriber: Subscribed to key expression key=topic_7
2026-06-17T19:07:38.595437Z  INFO async_nats: event: connected
2026-06-17T19:07:39.200178Z  INFO mq_bench::roles::subscriber: Starting subscriber engine=Nats key=topic_7 endpoint=None crash_enabled=false
2026-06-17T19:07:39.200246Z  INFO mq_bench::roles::subscriber: Connected via transport engine=Nats
2026-06-17T19:07:39.202574Z  INFO async_nats::connector: connected successfully server=4222 max_payload=10485760
2026-06-17T19:07:39.202660Z  INFO mq_bench::roles::subscriber: Subscribed to key expression key=topic_7
2026-06-17T19:07:39.202667Z  INFO async_nats: event: connected
2026-06-17T19:07:39.807671Z  INFO mq_bench::roles::subscriber: Starting subscriber engine=Nats key=topic_7 endpoint=None crash_enabled=false
2026-06-17T19:07:39.807705Z  INFO mq_bench::roles::subscriber: Connected via transport engine=Nats
2026-06-17T19:07:39.809936Z  INFO async_nats::connector: connected successfully server=4222 max_payload=10485760
2026-06-17T19:07:39.810029Z  INFO async_nats: event: connected
2026-06-17T19:07:39.810037Z  INFO mq_bench::roles::subscriber: Subscribed to key expression key=topic_7
2026-06-17T19:07:40.414614Z  INFO mq_bench::roles::subscriber: Starting subscriber engine=Nats key=topic_7 endpoint=None crash_enabled=false
2026-06-17T19:07:40.414665Z  INFO mq_bench::roles::subscriber: Connected via transport engine=Nats
2026-06-17T19:07:40.417007Z  INFO async_nats::connector: connected successfully server=4222 max_payload=10485760
2026-06-17T19:07:40.417097Z  INFO async_nats: event: connected
2026-06-17T19:07:40.417103Z  INFO mq_bench::roles::subscriber: Subscribed to key expression key=topic_7
2026-06-17T19:07:41.021979Z  INFO mq_bench::roles::subscriber: Starting subscriber engine=Nats key=topic_7 endpoint=None crash_enabled=false
2026-06-17T19:07:41.022019Z  INFO mq_bench::roles::subscriber: Connected via transport engine=Nats
2026-06-17T19:07:41.024375Z  INFO async_nats::connector: connected successfully server=4222 max_payload=10485760
2026-06-17T19:07:41.024464Z  INFO mq_bench::roles::subscriber: Subscribed to key expression key=topic_7
2026-06-17T19:07:41.024471Z  INFO async_nats: event: connected
2026-06-17T19:07:41.628430Z  INFO mq_bench::roles::subscriber: Starting subscriber engine=Nats key=topic_7 endpoint=None crash_enabled=false
2026-06-17T19:07:41.628470Z  INFO mq_bench::roles::subscriber: Connected via transport engine=Nats
2026-06-17T19:07:41.630786Z  INFO async_nats::connector: connected successfully server=4222 max_payload=10485760
2026-06-17T19:07:41.630876Z  INFO async_nats: event: connected
2026-06-17T19:07:41.630882Z  INFO mq_bench::roles::subscriber: Subscribed to key expression key=topic_7
2026-06-17T19:07:42.236022Z  INFO mq_bench::roles::subscriber: Starting subscriber engine=Nats key=topic_7 endpoint=None crash_enabled=false
2026-06-17T19:07:42.236065Z  INFO mq_bench::roles::subscriber: Connected via transport engine=Nats
2026-06-17T19:07:42.237327Z  INFO async_nats::connector: connected successfully server=4222 max_payload=10485760
2026-06-17T19:07:42.237400Z  INFO mq_bench::roles::subscriber: Subscribed to key expression key=topic_7
2026-06-17T19:07:42.237404Z  INFO async_nats: event: connected
2026-06-17T19:07:42.842754Z  INFO mq_bench::roles::subscriber: Starting subscriber engine=Nats key=topic_7 endpoint=None crash_enabled=false
2026-06-17T19:07:42.842792Z  INFO mq_bench::roles::subscriber: Connected via transport engine=Nats
2026-06-17T19:07:42.845136Z  INFO async_nats::connector: connected successfully server=4222 max_payload=10485760
2026-06-17T19:07:42.845261Z  INFO async_nats: event: connected
2026-06-17T19:07:42.845269Z  INFO mq_bench::roles::subscriber: Subscribed to key expression key=topic_7
2026-06-17T19:07:43.449951Z  INFO mq_bench::roles::subscriber: Starting subscriber engine=Nats key=topic_7 endpoint=None crash_enabled=false
2026-06-17T19:07:43.449985Z  INFO mq_bench::roles::subscriber: Connected via transport engine=Nats
2026-06-17T19:07:43.452379Z  INFO async_nats::connector: connected successfully server=4222 max_payload=10485760
2026-06-17T19:07:43.452461Z  INFO mq_bench::roles::subscriber: Subscribed to key expression key=topic_7
2026-06-17T19:07:43.452467Z  INFO async_nats: event: connected
2026-06-17T19:07:44.056569Z  INFO mq_bench::roles::subscriber: Starting subscriber engine=Nats key=topic_7 endpoint=None crash_enabled=false
2026-06-17T19:07:44.056602Z  INFO mq_bench::roles::subscriber: Connected via transport engine=Nats
2026-06-17T19:07:44.058957Z  INFO async_nats::connector: connected successfully server=4222 max_payload=10485760
2026-06-17T19:07:44.059046Z  INFO mq_bench::roles::subscriber: Subscribed to key expression key=topic_7
2026-06-17T19:07:44.059049Z  INFO async_nats: event: connected
2026-06-17T19:07:44.663852Z  INFO mq_bench::roles::subscriber: Starting subscriber engine=Nats key=topic_7 endpoint=None crash_enabled=false
2026-06-17T19:07:44.663894Z  INFO mq_bench::roles::subscriber: Connected via transport engine=Nats
2026-06-17T19:07:44.666366Z  INFO async_nats::connector: connected successfully server=4222 max_payload=10485760
2026-06-17T19:07:44.666460Z  INFO async_nats: event: connected
2026-06-17T19:07:44.666461Z  INFO mq_bench::roles::subscriber: Subscribed to key expression key=topic_7
2026-06-17T19:07:45.270434Z  INFO mq_bench::roles::subscriber: Starting subscriber engine=Nats key=topic_7 endpoint=None crash_enabled=false
2026-06-17T19:07:45.270471Z  INFO mq_bench::roles::subscriber: Connected via transport engine=Nats
2026-06-17T19:07:45.272864Z  INFO async_nats::connector: connected successfully server=4222 max_payload=10485760
2026-06-17T19:07:45.272944Z  INFO mq_bench::roles::subscriber: Subscribed to key expression key=topic_7
2026-06-17T19:07:45.272948Z  INFO async_nats: event: connected
2026-06-17T19:07:45.877557Z  INFO mq_bench::roles::subscriber: Starting subscriber engine=Nats key=topic_7 endpoint=None crash_enabled=false
2026-06-17T19:07:45.877605Z  INFO mq_bench::roles::subscriber: Connected via transport engine=Nats
2026-06-17T19:07:45.880012Z  INFO async_nats::connector: connected successfully server=4222 max_payload=10485760
2026-06-17T19:07:45.880098Z  INFO async_nats: event: connected
2026-06-17T19:07:45.880101Z  INFO mq_bench::roles::subscriber: Subscribed to key expression key=topic_7
2026-06-17T19:07:46.485001Z  INFO mq_bench::roles::subscriber: Starting subscriber engine=Nats key=topic_7 endpoint=None crash_enabled=false
2026-06-17T19:07:46.485045Z  INFO mq_bench::roles::subscriber: Connected via transport engine=Nats
2026-06-17T19:07:46.487177Z  INFO async_nats::connector: connected successfully server=4222 max_payload=10485760
2026-06-17T19:07:46.487284Z  INFO async_nats: event: connected
2026-06-17T19:07:46.487292Z  INFO mq_bench::roles::subscriber: Subscribed to key expression key=topic_7
2026-06-17T19:07:47.092005Z  INFO mq_bench::roles::subscriber: Starting subscriber engine=Nats key=topic_7 endpoint=None crash_enabled=false
2026-06-17T19:07:47.092047Z  INFO mq_bench::roles::subscriber: Connected via transport engine=Nats
2026-06-17T19:07:47.094081Z  INFO async_nats::connector: connected successfully server=4222 max_payload=10485760
2026-06-17T19:07:47.094178Z  INFO mq_bench::roles::subscriber: Subscribed to key expression key=topic_7
2026-06-17T19:07:47.094185Z  INFO async_nats: event: connected
2026-06-17T19:07:47.698622Z  INFO mq_bench::roles::subscriber: Starting subscriber engine=Nats key=topic_7 endpoint=None crash_enabled=false
2026-06-17T19:07:47.698663Z  INFO mq_bench::roles::subscriber: Connected via transport engine=Nats
2026-06-17T19:07:47.701094Z  INFO async_nats::connector: connected successfully server=4222 max_payload=10485760
2026-06-17T19:07:47.701179Z  INFO mq_bench::roles::subscriber: Subscribed to key expression key=topic_7
2026-06-17T19:07:47.701185Z  INFO async_nats: event: connected
2026-06-17T19:07:48.305878Z  INFO mq_bench::roles::subscriber: Starting subscriber engine=Nats key=topic_7 endpoint=None crash_enabled=false
2026-06-17T19:07:48.305913Z  INFO mq_bench::roles::subscriber: Connected via transport engine=Nats
2026-06-17T19:07:48.308455Z  INFO async_nats::connector: connected successfully server=4222 max_payload=10485760
2026-06-17T19:07:48.308533Z  INFO mq_bench::roles::subscriber: Subscribed to key expression key=topic_7
2026-06-17T19:07:48.308537Z  INFO async_nats: event: connected
2026-06-17T19:07:48.912517Z  INFO mq_bench::roles::subscriber: Starting subscriber engine=Nats key=topic_7 endpoint=None crash_enabled=false
2026-06-17T19:07:48.912558Z  INFO mq_bench::roles::subscriber: Connected via transport engine=Nats
2026-06-17T19:07:48.914848Z  INFO async_nats::connector: connected successfully server=4222 max_payload=10485760
2026-06-17T19:07:48.914919Z  INFO mq_bench::roles::subscriber: Subscribed to key expression key=topic_7
2026-06-17T19:07:48.914926Z  INFO async_nats: event: connected
2026-06-17T19:07:49.519345Z  INFO mq_bench::roles::subscriber: Starting subscriber engine=Nats key=topic_7 endpoint=None crash_enabled=false
2026-06-17T19:07:49.519379Z  INFO mq_bench::roles::subscriber: Connected via transport engine=Nats
2026-06-17T19:07:49.521733Z  INFO async_nats::connector: connected successfully server=4222 max_payload=10485760
2026-06-17T19:07:49.521826Z  INFO mq_bench::roles::subscriber: Subscribed to key expression key=topic_7
2026-06-17T19:07:49.521828Z  INFO async_nats: event: connected
2026-06-17T19:07:50.127003Z  INFO mq_bench::roles::subscriber: Starting subscriber engine=Nats key=topic_7 endpoint=None crash_enabled=false
2026-06-17T19:07:50.127041Z  INFO mq_bench::roles::subscriber: Connected via transport engine=Nats
2026-06-17T19:07:50.129376Z  INFO async_nats::connector: connected successfully server=4222 max_payload=10485760
2026-06-17T19:07:50.129457Z  INFO async_nats: event: connected
2026-06-17T19:07:50.129462Z  INFO mq_bench::roles::subscriber: Subscribed to key expression key=topic_7
2026-06-17T19:07:50.733343Z  INFO mq_bench::roles::subscriber: Starting subscriber engine=Nats key=topic_7 endpoint=None crash_enabled=false
2026-06-17T19:07:50.733372Z  INFO mq_bench::roles::subscriber: Connected via transport engine=Nats
2026-06-17T19:07:50.736052Z  INFO async_nats::connector: connected successfully server=4222 max_payload=10485760
2026-06-17T19:07:50.736143Z  INFO async_nats: event: connected
2026-06-17T19:07:50.736145Z  INFO mq_bench::roles::subscriber: Subscribed to key expression key=topic_7
2026-06-17T19:07:51.341180Z  INFO mq_bench::roles::subscriber: Starting subscriber engine=Nats key=topic_7 endpoint=None crash_enabled=false
2026-06-17T19:07:51.341248Z  INFO mq_bench::roles::subscriber: Connected via transport engine=Nats
2026-06-17T19:07:51.343597Z  INFO async_nats::connector: connected successfully server=4222 max_payload=10485760
2026-06-17T19:07:51.343681Z  INFO mq_bench::roles::subscriber: Subscribed to key expression key=topic_7
2026-06-17T19:07:51.343687Z  INFO async_nats: event: connected
2026-06-17T19:07:51.949010Z  INFO mq_bench::roles::subscriber: Starting subscriber engine=Nats key=topic_7 endpoint=None crash_enabled=false
2026-06-17T19:07:51.949043Z  INFO mq_bench::roles::subscriber: Connected via transport engine=Nats
2026-06-17T19:07:51.951671Z  INFO async_nats::connector: connected successfully server=4222 max_payload=10485760
2026-06-17T19:07:51.951749Z  INFO mq_bench::roles::subscriber: Subscribed to key expression key=topic_7
2026-06-17T19:07:51.951753Z  INFO async_nats: event: connected
2026-06-17T19:07:52.555715Z  INFO mq_bench::roles::subscriber: Starting subscriber engine=Nats key=topic_7 endpoint=None crash_enabled=false
2026-06-17T19:07:52.555786Z  INFO mq_bench::roles::subscriber: Connected via transport engine=Nats
2026-06-17T19:07:52.558332Z  INFO async_nats::connector: connected successfully server=4222 max_payload=10485760
2026-06-17T19:07:52.558409Z  INFO mq_bench::roles::subscriber: Subscribed to key expression key=topic_7
2026-06-17T19:07:52.558415Z  INFO async_nats: event: connected
2026-06-17T19:07:53.163253Z  INFO mq_bench::roles::subscriber: Starting subscriber engine=Nats key=topic_7 endpoint=None crash_enabled=false
2026-06-17T19:07:53.163288Z  INFO mq_bench::roles::subscriber: Connected via transport engine=Nats
2026-06-17T19:07:53.165722Z  INFO async_nats::connector: connected successfully server=4222 max_payload=10485760
2026-06-17T19:07:53.165823Z  INFO async_nats: event: connected
2026-06-17T19:07:53.165827Z  INFO mq_bench::roles::subscriber: Subscribed to key expression key=topic_7
2026-06-17T19:07:53.771144Z  INFO mq_bench::roles::subscriber: Starting subscriber engine=Nats key=topic_7 endpoint=None crash_enabled=false
2026-06-17T19:07:53.771179Z  INFO mq_bench::roles::subscriber: Connected via transport engine=Nats
2026-06-17T19:07:53.773517Z  INFO async_nats::connector: connected successfully server=4222 max_payload=10485760
2026-06-17T19:07:53.773612Z  INFO async_nats: event: connected
2026-06-17T19:07:53.773615Z  INFO mq_bench::roles::subscriber: Subscribed to key expression key=topic_7
2026-06-17T19:07:54.378547Z  INFO mq_bench::roles::subscriber: Starting subscriber engine=Nats key=topic_7 endpoint=None crash_enabled=false
2026-06-17T19:07:54.378578Z  INFO mq_bench::roles::subscriber: Connected via transport engine=Nats
2026-06-17T19:07:54.381014Z  INFO async_nats::connector: connected successfully server=4222 max_payload=10485760
2026-06-17T19:07:54.381102Z  INFO async_nats: event: connected
2026-06-17T19:07:54.381104Z  INFO mq_bench::roles::subscriber: Subscribed to key expression key=topic_7
2026-06-17T19:07:54.985473Z  INFO mq_bench::roles::subscriber: Starting subscriber engine=Nats key=topic_7 endpoint=None crash_enabled=false
2026-06-17T19:07:54.985509Z  INFO mq_bench::roles::subscriber: Connected via transport engine=Nats
2026-06-17T19:07:54.987697Z  INFO async_nats::connector: connected successfully server=4222 max_payload=10485760
2026-06-17T19:07:54.987787Z  INFO mq_bench::roles::subscriber: Subscribed to key expression key=topic_7
2026-06-17T19:07:54.987791Z  INFO async_nats: event: connected
2026-06-17T19:07:55.592650Z  INFO mq_bench::roles::subscriber: Starting subscriber engine=Nats key=topic_7 endpoint=None crash_enabled=false
2026-06-17T19:07:55.592689Z  INFO mq_bench::roles::subscriber: Connected via transport engine=Nats
2026-06-17T19:07:55.595028Z  INFO async_nats::connector: connected successfully server=4222 max_payload=10485760
2026-06-17T19:07:55.595100Z  INFO mq_bench::roles::subscriber: Subscribed to key expression key=topic_7
2026-06-17T19:07:55.595104Z  INFO async_nats: event: connected
2026-06-17T19:07:56.199336Z  INFO mq_bench::roles::subscriber: Starting subscriber engine=Nats key=topic_7 endpoint=None crash_enabled=false
2026-06-17T19:07:56.199371Z  INFO mq_bench::roles::subscriber: Connected via transport engine=Nats
2026-06-17T19:07:56.201556Z  INFO async_nats::connector: connected successfully server=4222 max_payload=10485760
2026-06-17T19:07:56.201633Z  INFO mq_bench::roles::subscriber: Subscribed to key expression key=topic_7
2026-06-17T19:07:56.201638Z  INFO async_nats: event: connected
2026-06-17T19:07:56.806759Z  INFO mq_bench::roles::subscriber: Starting subscriber engine=Nats key=topic_7 endpoint=None crash_enabled=false
2026-06-17T19:07:56.806796Z  INFO mq_bench::roles::subscriber: Connected via transport engine=Nats
2026-06-17T19:07:56.809084Z  INFO async_nats::connector: connected successfully server=4222 max_payload=10485760
2026-06-17T19:07:56.809167Z  INFO async_nats: event: connected
2026-06-17T19:07:56.809170Z  INFO mq_bench::roles::subscriber: Subscribed to key expression key=topic_7
2026-06-17T19:07:57.413550Z  INFO mq_bench::roles::subscriber: Starting subscriber engine=Nats key=topic_7 endpoint=None crash_enabled=false
2026-06-17T19:07:57.413602Z  INFO mq_bench::roles::subscriber: Connected via transport engine=Nats
2026-06-17T19:07:57.415688Z  INFO async_nats::connector: connected successfully server=4222 max_payload=10485760
2026-06-17T19:07:57.415766Z  INFO mq_bench::roles::subscriber: Subscribed to key expression key=topic_7
2026-06-17T19:07:57.415773Z  INFO async_nats: event: connected
2026-06-17T19:07:58.020623Z  INFO mq_bench::roles::subscriber: Starting subscriber engine=Nats key=topic_7 endpoint=None crash_enabled=false
2026-06-17T19:07:58.020655Z  INFO mq_bench::roles::subscriber: Connected via transport engine=Nats
2026-06-17T19:07:58.022743Z  INFO async_nats::connector: connected successfully server=4222 max_payload=10485760
2026-06-17T19:07:58.022825Z  INFO mq_bench::roles::subscriber: Subscribed to key expression key=topic_7
2026-06-17T19:07:58.022829Z  INFO async_nats: event: connected
2026-06-17T19:07:58.627338Z  INFO mq_bench::roles::subscriber: Starting subscriber engine=Nats key=topic_7 endpoint=None crash_enabled=false
2026-06-17T19:07:58.627375Z  INFO mq_bench::roles::subscriber: Connected via transport engine=Nats
2026-06-17T19:07:58.629640Z  INFO async_nats::connector: connected successfully server=4222 max_payload=10485760
2026-06-17T19:07:58.629721Z  INFO mq_bench::roles::subscriber: Subscribed to key expression key=topic_7
2026-06-17T19:07:58.629725Z  INFO async_nats: event: connected
2026-06-17T19:07:59.234932Z  INFO mq_bench::roles::subscriber: Starting subscriber engine=Nats key=topic_7 endpoint=None crash_enabled=false
2026-06-17T19:07:59.234967Z  INFO mq_bench::roles::subscriber: Connected via transport engine=Nats
2026-06-17T19:07:59.237150Z  INFO async_nats::connector: connected successfully server=4222 max_payload=10485760
2026-06-17T19:07:59.237253Z  INFO mq_bench::roles::subscriber: Subscribed to key expression key=topic_7
2026-06-17T19:07:59.237259Z  INFO async_nats: event: connected
2026-06-17T19:07:59.841224Z  INFO mq_bench::roles::subscriber: Starting subscriber engine=Nats key=topic_7 endpoint=None crash_enabled=false
2026-06-17T19:07:59.841256Z  INFO mq_bench::roles::subscriber: Connected via transport engine=Nats
2026-06-17T19:07:59.843578Z  INFO async_nats::connector: connected successfully server=4222 max_payload=10485760
2026-06-17T19:07:59.843651Z  INFO mq_bench::roles::subscriber: Subscribed to key expression key=topic_7
2026-06-17T19:07:59.843655Z  INFO async_nats: event: connected
2026-06-17T19:08:00.449236Z  INFO mq_bench::roles::subscriber: Starting subscriber engine=Nats key=topic_7 endpoint=None crash_enabled=false
2026-06-17T19:08:00.449284Z  INFO mq_bench::roles::subscriber: Connected via transport engine=Nats
2026-06-17T19:08:00.451437Z  INFO async_nats::connector: connected successfully server=4222 max_payload=10485760
2026-06-17T19:08:00.451519Z  INFO mq_bench::roles::subscriber: Subscribed to key expression key=topic_7
2026-06-17T19:08:00.451525Z  INFO async_nats: event: connected
2026-06-17T19:08:01.056274Z  INFO mq_bench::roles::subscriber: Starting subscriber engine=Nats key=topic_7 endpoint=None crash_enabled=false
2026-06-17T19:08:01.056309Z  INFO mq_bench::roles::subscriber: Connected via transport engine=Nats
2026-06-17T19:08:01.058556Z  INFO async_nats::connector: connected successfully server=4222 max_payload=10485760
2026-06-17T19:08:01.058638Z  INFO mq_bench::roles::subscriber: Subscribed to key expression key=topic_7
2026-06-17T19:08:01.058645Z  INFO async_nats: event: connected
2026-06-17T19:08:01.663851Z  INFO mq_bench::roles::subscriber: Starting subscriber engine=Nats key=topic_7 endpoint=None crash_enabled=false
2026-06-17T19:08:01.663885Z  INFO mq_bench::roles::subscriber: Connected via transport engine=Nats
2026-06-17T19:08:01.666081Z  INFO async_nats::connector: connected successfully server=4222 max_payload=10485760
2026-06-17T19:08:01.666162Z  INFO mq_bench::roles::subscriber: Subscribed to key expression key=topic_7
2026-06-17T19:08:01.666167Z  INFO async_nats: event: connected
2026-06-17T19:08:02.270953Z  INFO mq_bench::roles::subscriber: Starting subscriber engine=Nats key=topic_7 endpoint=None crash_enabled=false
2026-06-17T19:08:02.271009Z  INFO mq_bench::roles::subscriber: Connected via transport engine=Nats
2026-06-17T19:08:02.273175Z  INFO async_nats::connector: connected successfully server=4222 max_payload=10485760
2026-06-17T19:08:02.273264Z  INFO mq_bench::roles::subscriber: Subscribed to key expression key=topic_7
2026-06-17T19:08:02.273271Z  INFO async_nats: event: connected
2026-06-17T19:08:02.877854Z  INFO mq_bench::roles::subscriber: Starting subscriber engine=Nats key=topic_7 endpoint=None crash_enabled=false
2026-06-17T19:08:02.877887Z  INFO mq_bench::roles::subscriber: Connected via transport engine=Nats
2026-06-17T19:08:02.880274Z  INFO async_nats::connector: connected successfully server=4222 max_payload=10485760
2026-06-17T19:08:02.880377Z  INFO mq_bench::roles::subscriber: Subscribed to key expression key=topic_7
2026-06-17T19:08:02.880378Z  INFO async_nats: event: connected
2026-06-17T19:08:03.484500Z  INFO mq_bench::roles::subscriber: Starting subscriber engine=Nats key=topic_7 endpoint=None crash_enabled=false
2026-06-17T19:08:03.484542Z  INFO mq_bench::roles::subscriber: Connected via transport engine=Nats
2026-06-17T19:08:03.486737Z  INFO async_nats::connector: connected successfully server=4222 max_payload=10485760
2026-06-17T19:08:03.486837Z  INFO async_nats: event: connected
2026-06-17T19:08:03.486836Z  INFO mq_bench::roles::subscriber: Subscribed to key expression key=topic_7
2026-06-17T19:08:04.091557Z  INFO mq_bench::roles::subscriber: Starting subscriber engine=Nats key=topic_7 endpoint=None crash_enabled=false
2026-06-17T19:08:04.091597Z  INFO mq_bench::roles::subscriber: Connected via transport engine=Nats
2026-06-17T19:08:04.094323Z  INFO async_nats::connector: connected successfully server=4222 max_payload=10485760
2026-06-17T19:08:04.094411Z  INFO mq_bench::roles::subscriber: Subscribed to key expression key=topic_7
2026-06-17T19:08:04.094413Z  INFO async_nats: event: connected
2026-06-17T19:08:04.698423Z  INFO mq_bench::roles::subscriber: Starting subscriber engine=Nats key=topic_7 endpoint=None crash_enabled=false
2026-06-17T19:08:04.698466Z  INFO mq_bench::roles::subscriber: Connected via transport engine=Nats
2026-06-17T19:08:04.700743Z  INFO async_nats::connector: connected successfully server=4222 max_payload=10485760
2026-06-17T19:08:04.700870Z  INFO async_nats: event: connected
2026-06-17T19:08:04.700873Z  INFO mq_bench::roles::subscriber: Subscribed to key expression key=topic_7
2026-06-17T19:08:05.305926Z  INFO mq_bench::roles::subscriber: Starting subscriber engine=Nats key=topic_7 endpoint=None crash_enabled=false
2026-06-17T19:08:05.305965Z  INFO mq_bench::roles::subscriber: Connected via transport engine=Nats
2026-06-17T19:08:05.308282Z  INFO async_nats::connector: connected successfully server=4222 max_payload=10485760
2026-06-17T19:08:05.308359Z  INFO mq_bench::roles::subscriber: Subscribed to key expression key=topic_7
2026-06-17T19:08:05.308365Z  INFO async_nats: event: connected
2026-06-17T19:08:05.913061Z  INFO mq_bench::roles::subscriber: Starting subscriber engine=Nats key=topic_7 endpoint=None crash_enabled=false
2026-06-17T19:08:05.913103Z  INFO mq_bench::roles::subscriber: Connected via transport engine=Nats
2026-06-17T19:08:05.914496Z  INFO async_nats::connector: connected successfully server=4222 max_payload=10485760
2026-06-17T19:08:05.914595Z  INFO async_nats: event: connected
2026-06-17T19:08:05.914598Z  INFO mq_bench::roles::subscriber: Subscribed to key expression key=topic_7
2026-06-17T19:08:06.519252Z  INFO mq_bench::roles::subscriber: Starting subscriber engine=Nats key=topic_7 endpoint=None crash_enabled=false
2026-06-17T19:08:06.519288Z  INFO mq_bench::roles::subscriber: Connected via transport engine=Nats
2026-06-17T19:08:06.521798Z  INFO async_nats::connector: connected successfully server=4222 max_payload=10485760
2026-06-17T19:08:06.521904Z  INFO mq_bench::roles::subscriber: Subscribed to key expression key=topic_7
2026-06-17T19:08:06.521908Z  INFO async_nats: event: connected
2026-06-17T19:08:07.126964Z  INFO mq_bench::roles::subscriber: Starting subscriber engine=Nats key=topic_7 endpoint=None crash_enabled=false
2026-06-17T19:08:07.127000Z  INFO mq_bench::roles::subscriber: Connected via transport engine=Nats
2026-06-17T19:08:07.129104Z  INFO async_nats::connector: connected successfully server=4222 max_payload=10485760
2026-06-17T19:08:07.129224Z  INFO async_nats: event: connected
2026-06-17T19:08:07.129224Z  INFO mq_bench::roles::subscriber: Subscribed to key expression key=topic_7
2026-06-17T19:08:07.734119Z  INFO mq_bench::roles::subscriber: Starting subscriber engine=Nats key=topic_7 endpoint=None crash_enabled=false
2026-06-17T19:08:07.734178Z  INFO mq_bench::roles::subscriber: Connected via transport engine=Nats
2026-06-17T19:08:07.736752Z  INFO async_nats::connector: connected successfully server=4222 max_payload=10485760
2026-06-17T19:08:07.736833Z  INFO mq_bench::roles::subscriber: Subscribed to key expression key=topic_7
2026-06-17T19:08:07.736840Z  INFO async_nats: event: connected
2026-06-17T19:08:08.341636Z  INFO mq_bench::roles::subscriber: Starting subscriber engine=Nats key=topic_7 endpoint=None crash_enabled=false
2026-06-17T19:08:08.341686Z  INFO mq_bench::roles::subscriber: Connected via transport engine=Nats
2026-06-17T19:08:08.343944Z  INFO async_nats::connector: connected successfully server=4222 max_payload=10485760
2026-06-17T19:08:08.344039Z  INFO async_nats: event: connected
2026-06-17T19:08:08.344040Z  INFO mq_bench::roles::subscriber: Subscribed to key expression key=topic_7
2026-06-17T19:08:08.948286Z  INFO mq_bench::roles::subscriber: Starting subscriber engine=Nats key=topic_7 endpoint=None crash_enabled=false
2026-06-17T19:08:08.948334Z  INFO mq_bench::roles::subscriber: Connected via transport engine=Nats
2026-06-17T19:08:08.950415Z  INFO async_nats::connector: connected successfully server=4222 max_payload=10485760
2026-06-17T19:08:08.950506Z  INFO async_nats: event: connected
2026-06-17T19:08:08.950508Z  INFO mq_bench::roles::subscriber: Subscribed to key expression key=topic_7
2026-06-17T19:08:09.555826Z  INFO mq_bench::roles::subscriber: Starting subscriber engine=Nats key=topic_7 endpoint=None crash_enabled=false
2026-06-17T19:08:09.555870Z  INFO mq_bench::roles::subscriber: Connected via transport engine=Nats
2026-06-17T19:08:09.558064Z  INFO async_nats::connector: connected successfully server=4222 max_payload=10485760
2026-06-17T19:08:09.558151Z  INFO mq_bench::roles::subscriber: Subscribed to key expression key=topic_7
2026-06-17T19:08:09.558152Z  INFO async_nats: event: connected
2026-06-17T19:08:10.162264Z  INFO mq_bench::roles::subscriber: Starting subscriber engine=Nats key=topic_7 endpoint=None crash_enabled=false
2026-06-17T19:08:10.162303Z  INFO mq_bench::roles::subscriber: Connected via transport engine=Nats
2026-06-17T19:08:10.164650Z  INFO async_nats::connector: connected successfully server=4222 max_payload=10485760
2026-06-17T19:08:10.164733Z  INFO mq_bench::roles::subscriber: Subscribed to key expression key=topic_7
2026-06-17T19:08:10.164739Z  INFO async_nats: event: connected
2026-06-17T19:08:10.769432Z  INFO mq_bench::roles::subscriber: Starting subscriber engine=Nats key=topic_7 endpoint=None crash_enabled=false
2026-06-17T19:08:10.769464Z  INFO mq_bench::roles::subscriber: Connected via transport engine=Nats
2026-06-17T19:08:10.771705Z  INFO async_nats::connector: connected successfully server=4222 max_payload=10485760
2026-06-17T19:08:10.771807Z  INFO mq_bench::roles::subscriber: Subscribed to key expression key=topic_7
2026-06-17T19:08:10.771811Z  INFO async_nats: event: connected
2026-06-17T19:08:11.376633Z  INFO mq_bench::roles::subscriber: Starting subscriber engine=Nats key=topic_7 endpoint=None crash_enabled=false
2026-06-17T19:08:11.376687Z  INFO mq_bench::roles::subscriber: Connected via transport engine=Nats
2026-06-17T19:08:11.378831Z  INFO async_nats::connector: connected successfully server=4222 max_payload=10485760
2026-06-17T19:08:11.378914Z  INFO mq_bench::roles::subscriber: Subscribed to key expression key=topic_7
2026-06-17T19:08:11.378918Z  INFO async_nats: event: connected
2026-06-17T19:08:11.983819Z  INFO mq_bench::roles::subscriber: Starting subscriber engine=Nats key=topic_7 endpoint=None crash_enabled=false
2026-06-17T19:08:11.983855Z  INFO mq_bench::roles::subscriber: Connected via transport engine=Nats
2026-06-17T19:08:11.985978Z  INFO async_nats::connector: connected successfully server=4222 max_payload=10485760
2026-06-17T19:08:11.986065Z  INFO mq_bench::roles::subscriber: Subscribed to key expression key=topic_7
2026-06-17T19:08:11.986070Z  INFO async_nats: event: connected
2026-06-17T19:08:12.590397Z  INFO mq_bench::roles::subscriber: Starting subscriber engine=Nats key=topic_7 endpoint=None crash_enabled=false
2026-06-17T19:08:12.590449Z  INFO mq_bench::roles::subscriber: Connected via transport engine=Nats
2026-06-17T19:08:12.592632Z  INFO async_nats::connector: connected successfully server=4222 max_payload=10485760
2026-06-17T19:08:12.592709Z  INFO mq_bench::roles::subscriber: Subscribed to key expression key=topic_7
2026-06-17T19:08:12.592712Z  INFO async_nats: event: connected
2026-06-17T19:08:13.198044Z  INFO mq_bench::roles::subscriber: Starting subscriber engine=Nats key=topic_7 endpoint=None crash_enabled=false
2026-06-17T19:08:13.198088Z  INFO mq_bench::roles::subscriber: Connected via transport engine=Nats
2026-06-17T19:08:13.200484Z  INFO async_nats::connector: connected successfully server=4222 max_payload=10485760
2026-06-17T19:08:13.200557Z  INFO mq_bench::roles::subscriber: Subscribed to key expression key=topic_7
2026-06-17T19:08:13.200564Z  INFO async_nats: event: connected
2026-06-17T19:08:13.805011Z  INFO mq_bench::roles::subscriber: Starting subscriber engine=Nats key=topic_7 endpoint=None crash_enabled=false
2026-06-17T19:08:13.805041Z  INFO mq_bench::roles::subscriber: Connected via transport engine=Nats
2026-06-17T19:08:13.807216Z  INFO async_nats::connector: connected successfully server=4222 max_payload=10485760
2026-06-17T19:08:13.807296Z  INFO mq_bench::roles::subscriber: Subscribed to key expression key=topic_7
2026-06-17T19:08:13.807300Z  INFO async_nats: event: connected
2026-06-17T19:08:14.411806Z  INFO mq_bench::roles::subscriber: Starting subscriber engine=Nats key=topic_7 endpoint=None crash_enabled=false
2026-06-17T19:08:14.411837Z  INFO mq_bench::roles::subscriber: Connected via transport engine=Nats
2026-06-17T19:08:14.414278Z  INFO async_nats::connector: connected successfully server=4222 max_payload=10485760
2026-06-17T19:08:14.414408Z  INFO async_nats: event: connected
2026-06-17T19:08:14.414416Z  INFO mq_bench::roles::subscriber: Subscribed to key expression key=topic_7
2026-06-17T19:08:15.019108Z  INFO mq_bench::roles::subscriber: Starting subscriber engine=Nats key=topic_7 endpoint=None crash_enabled=false
2026-06-17T19:08:15.019167Z  INFO mq_bench::roles::subscriber: Connected via transport engine=Nats
2026-06-17T19:08:15.021463Z  INFO async_nats::connector: connected successfully server=4222 max_payload=10485760
2026-06-17T19:08:15.021627Z  INFO async_nats: event: connected
2026-06-17T19:08:15.021628Z  INFO mq_bench::roles::subscriber: Subscribed to key expression key=topic_7
2026-06-17T19:08:15.626770Z  INFO mq_bench::roles::subscriber: Starting subscriber engine=Nats key=topic_7 endpoint=None crash_enabled=false
2026-06-17T19:08:15.626832Z  INFO mq_bench::roles::subscriber: Connected via transport engine=Nats
2026-06-17T19:08:15.629439Z  INFO async_nats::connector: connected successfully server=4222 max_payload=10485760
2026-06-17T19:08:15.629546Z  INFO mq_bench::roles::subscriber: Subscribed to key expression key=topic_7
2026-06-17T19:08:15.629554Z  INFO async_nats: event: connected
2026-06-17T19:08:16.233858Z  INFO mq_bench::roles::subscriber: Starting subscriber engine=Nats key=topic_7 endpoint=None crash_enabled=false
2026-06-17T19:08:16.233929Z  INFO mq_bench::roles::subscriber: Connected via transport engine=Nats
2026-06-17T19:08:16.236197Z  INFO async_nats::connector: connected successfully server=4222 max_payload=10485760
2026-06-17T19:08:16.236335Z  INFO mq_bench::roles::subscriber: Subscribed to key expression key=topic_7
2026-06-17T19:08:16.236352Z  INFO async_nats: event: connected
2026-06-17T19:08:16.841011Z  INFO mq_bench::roles::subscriber: Starting subscriber engine=Nats key=topic_7 endpoint=None crash_enabled=false
2026-06-17T19:08:16.841065Z  INFO mq_bench::roles::subscriber: Connected via transport engine=Nats
2026-06-17T19:08:16.843330Z  INFO async_nats::connector: connected successfully server=4222 max_payload=10485760
2026-06-17T19:08:16.843431Z  INFO mq_bench::roles::subscriber: Subscribed to key expression key=topic_7
2026-06-17T19:08:16.843439Z  INFO async_nats: event: connected
2026-06-17T19:08:17.447658Z  INFO mq_bench::roles::subscriber: Starting subscriber engine=Nats key=topic_7 endpoint=None crash_enabled=false
2026-06-17T19:08:17.447740Z  INFO mq_bench::roles::subscriber: Connected via transport engine=Nats
2026-06-17T19:08:17.450381Z  INFO async_nats::connector: connected successfully server=4222 max_payload=10485760
2026-06-17T19:08:17.450485Z  INFO mq_bench::roles::subscriber: Subscribed to key expression key=topic_7
2026-06-17T19:08:17.450515Z  INFO async_nats: event: connected
2026-06-17T19:08:18.054423Z  INFO mq_bench::roles::subscriber: Starting subscriber engine=Nats key=topic_7 endpoint=None crash_enabled=false
2026-06-17T19:08:18.054478Z  INFO mq_bench::roles::subscriber: Connected via transport engine=Nats
2026-06-17T19:08:18.056797Z  INFO async_nats::connector: connected successfully server=4222 max_payload=10485760
2026-06-17T19:08:18.056950Z  INFO async_nats: event: connected
2026-06-17T19:08:18.056953Z  INFO mq_bench::roles::subscriber: Subscribed to key expression key=topic_7
2026-06-17T19:08:18.661817Z  INFO mq_bench::roles::subscriber: Starting subscriber engine=Nats key=topic_7 endpoint=None crash_enabled=false
2026-06-17T19:08:18.661868Z  INFO mq_bench::roles::subscriber: Connected via transport engine=Nats
2026-06-17T19:08:18.664154Z  INFO async_nats::connector: connected successfully server=4222 max_payload=10485760
2026-06-17T19:08:18.664366Z  INFO async_nats: event: connected
2026-06-17T19:08:18.664377Z  INFO mq_bench::roles::subscriber: Subscribed to key expression key=topic_7
2026-06-17T19:08:19.268858Z  INFO mq_bench::roles::subscriber: Starting subscriber engine=Nats key=topic_7 endpoint=None crash_enabled=false
2026-06-17T19:08:19.268904Z  INFO mq_bench::roles::subscriber: Connected via transport engine=Nats
2026-06-17T19:08:19.271565Z  INFO async_nats::connector: connected successfully server=4222 max_payload=10485760
2026-06-17T19:08:19.271709Z  INFO async_nats: event: connected
2026-06-17T19:08:19.271711Z  INFO mq_bench::roles::subscriber: Subscribed to key expression key=topic_7
2026-06-17T19:08:19.876116Z  INFO mq_bench::roles::subscriber: Starting subscriber engine=Nats key=topic_7 endpoint=None crash_enabled=false
2026-06-17T19:08:19.876161Z  INFO mq_bench::roles::subscriber: Connected via transport engine=Nats
2026-06-17T19:08:19.878602Z  INFO async_nats::connector: connected successfully server=4222 max_payload=10485760
2026-06-17T19:08:19.878700Z  INFO mq_bench::roles::subscriber: Subscribed to key expression key=topic_7
2026-06-17T19:08:19.878719Z  INFO async_nats: event: connected
2026-06-17T19:08:20.483745Z  INFO mq_bench::roles::subscriber: Starting subscriber engine=Nats key=topic_7 endpoint=None crash_enabled=false
2026-06-17T19:08:20.483785Z  INFO mq_bench::roles::subscriber: Connected via transport engine=Nats
2026-06-17T19:08:20.486116Z  INFO async_nats::connector: connected successfully server=4222 max_payload=10485760
2026-06-17T19:08:20.486286Z  INFO async_nats: event: connected
2026-06-17T19:08:20.486288Z  INFO mq_bench::roles::subscriber: Subscribed to key expression key=topic_7
2026-06-17T19:08:21.090403Z  INFO mq_bench::roles::subscriber: Starting subscriber engine=Nats key=topic_7 endpoint=None crash_enabled=false
2026-06-17T19:08:21.090448Z  INFO mq_bench::roles::subscriber: Connected via transport engine=Nats
2026-06-17T19:08:21.092743Z  INFO async_nats::connector: connected successfully server=4222 max_payload=10485760
2026-06-17T19:08:21.092888Z  INFO async_nats: event: connected
2026-06-17T19:08:21.092890Z  INFO mq_bench::roles::subscriber: Subscribed to key expression key=topic_7
2026-06-17T19:08:21.697649Z  INFO mq_bench::roles::subscriber: Starting subscriber engine=Nats key=topic_7 endpoint=None crash_enabled=false
2026-06-17T19:08:21.697686Z  INFO mq_bench::roles::subscriber: Connected via transport engine=Nats
2026-06-17T19:08:21.700045Z  INFO async_nats::connector: connected successfully server=4222 max_payload=10485760
2026-06-17T19:08:21.700192Z  INFO async_nats: event: connected
2026-06-17T19:08:21.700196Z  INFO mq_bench::roles::subscriber: Subscribed to key expression key=topic_7
2026-06-17T19:08:22.304870Z  INFO mq_bench::roles::subscriber: Starting subscriber engine=Nats key=topic_7 endpoint=None crash_enabled=false
2026-06-17T19:08:22.304903Z  INFO mq_bench::roles::subscriber: Connected via transport engine=Nats
2026-06-17T19:08:22.307818Z  INFO async_nats::connector: connected successfully server=4222 max_payload=10485760
2026-06-17T19:08:22.307908Z  INFO mq_bench::roles::subscriber: Subscribed to key expression key=topic_7
2026-06-17T19:08:22.307915Z  INFO async_nats: event: connected
2026-06-17T19:08:22.911867Z  INFO mq_bench::roles::subscriber: Starting subscriber engine=Nats key=topic_7 endpoint=None crash_enabled=false
2026-06-17T19:08:22.911910Z  INFO mq_bench::roles::subscriber: Connected via transport engine=Nats
2026-06-17T19:08:22.914287Z  INFO async_nats::connector: connected successfully server=4222 max_payload=10485760
2026-06-17T19:08:22.914435Z  INFO async_nats: event: connected
2026-06-17T19:08:22.914432Z  INFO mq_bench::roles::subscriber: Subscribed to key expression key=topic_7
2026-06-17T19:08:23.518306Z  INFO mq_bench::roles::subscriber: Starting subscriber engine=Nats key=topic_7 endpoint=None crash_enabled=false
2026-06-17T19:08:23.518351Z  INFO mq_bench::roles::subscriber: Connected via transport engine=Nats
2026-06-17T19:08:23.520771Z  INFO async_nats::connector: connected successfully server=4222 max_payload=10485760
2026-06-17T19:08:23.520900Z  INFO async_nats: event: connected
2026-06-17T19:08:23.520902Z  INFO mq_bench::roles::subscriber: Subscribed to key expression key=topic_7
2026-06-17T19:08:24.126180Z  INFO mq_bench::roles::subscriber: Starting subscriber engine=Nats key=topic_7 endpoint=None crash_enabled=false
2026-06-17T19:08:24.126243Z  INFO mq_bench::roles::subscriber: Connected via transport engine=Nats
2026-06-17T19:08:24.128787Z  INFO async_nats::connector: connected successfully server=4222 max_payload=10485760
2026-06-17T19:08:24.128914Z  INFO async_nats: event: connected
2026-06-17T19:08:24.128914Z  INFO mq_bench::roles::subscriber: Subscribed to key expression key=topic_7
2026-06-17T19:08:24.733730Z  INFO mq_bench::roles::subscriber: Starting subscriber engine=Nats key=topic_7 endpoint=None crash_enabled=false
2026-06-17T19:08:24.733770Z  INFO mq_bench::roles::subscriber: Connected via transport engine=Nats
2026-06-17T19:08:24.736281Z  INFO async_nats::connector: connected successfully server=4222 max_payload=10485760
2026-06-17T19:08:24.736349Z  INFO mq_bench::roles::subscriber: Subscribed to key expression key=topic_7
2026-06-17T19:08:24.736352Z  INFO async_nats: event: connected
2026-06-17T19:08:25.341137Z  INFO mq_bench::roles::subscriber: Starting subscriber engine=Nats key=topic_7 endpoint=None crash_enabled=false
2026-06-17T19:08:25.341167Z  INFO mq_bench::roles::subscriber: Connected via transport engine=Nats
2026-06-17T19:08:25.343846Z  INFO async_nats::connector: connected successfully server=4222 max_payload=10485760
2026-06-17T19:08:25.344005Z  INFO async_nats: event: connected
2026-06-17T19:08:25.344008Z  INFO mq_bench::roles::subscriber: Subscribed to key expression key=topic_7
2026-06-17T19:08:25.948272Z  INFO mq_bench::roles::subscriber: Starting subscriber engine=Nats key=topic_7 endpoint=None crash_enabled=false
2026-06-17T19:08:25.948304Z  INFO mq_bench::roles::subscriber: Connected via transport engine=Nats
2026-06-17T19:08:25.950561Z  INFO async_nats::connector: connected successfully server=4222 max_payload=10485760
2026-06-17T19:08:25.950685Z  INFO async_nats: event: connected
2026-06-17T19:08:25.950686Z  INFO mq_bench::roles::subscriber: Subscribed to key expression key=topic_7
2026-06-17T19:08:26.555430Z  INFO mq_bench::roles::subscriber: Starting subscriber engine=Nats key=topic_7 endpoint=None crash_enabled=false
2026-06-17T19:08:26.555477Z  INFO mq_bench::roles::subscriber: Connected via transport engine=Nats
2026-06-17T19:08:26.557753Z  INFO async_nats::connector: connected successfully server=4222 max_payload=10485760
2026-06-17T19:08:26.557894Z  INFO async_nats: event: connected
2026-06-17T19:08:26.557898Z  INFO mq_bench::roles::subscriber: Subscribed to key expression key=topic_7
2026-06-17T19:08:27.162958Z  INFO mq_bench::roles::subscriber: Starting subscriber engine=Nats key=topic_7 endpoint=None crash_enabled=false
2026-06-17T19:08:27.163011Z  INFO mq_bench::roles::subscriber: Connected via transport engine=Nats
2026-06-17T19:08:27.165295Z  INFO async_nats::connector: connected successfully server=4222 max_payload=10485760
2026-06-17T19:08:27.165462Z  INFO async_nats: event: connected
2026-06-17T19:08:27.165464Z  INFO mq_bench::roles::subscriber: Subscribed to key expression key=topic_7
2026-06-17T19:08:27.769695Z  INFO mq_bench::roles::subscriber: Starting subscriber engine=Nats key=topic_7 endpoint=None crash_enabled=false
2026-06-17T19:08:27.769743Z  INFO mq_bench::roles::subscriber: Connected via transport engine=Nats
2026-06-17T19:08:27.772181Z  INFO async_nats::connector: connected successfully server=4222 max_payload=10485760
2026-06-17T19:08:27.772342Z  INFO async_nats: event: connected
2026-06-17T19:08:27.772344Z  INFO mq_bench::roles::subscriber: Subscribed to key expression key=topic_7
2026-06-17T19:08:28.376727Z  INFO mq_bench::roles::subscriber: Starting subscriber engine=Nats key=topic_7 endpoint=None crash_enabled=false
2026-06-17T19:08:28.376764Z  INFO mq_bench::roles::subscriber: Connected via transport engine=Nats
2026-06-17T19:08:28.379139Z  INFO async_nats::connector: connected successfully server=4222 max_payload=10485760
2026-06-17T19:08:28.379286Z  INFO async_nats: event: connected
2026-06-17T19:08:28.379292Z  INFO mq_bench::roles::subscriber: Subscribed to key expression key=topic_7
2026-06-17T19:08:28.983621Z  INFO mq_bench::roles::subscriber: Starting subscriber engine=Nats key=topic_7 endpoint=None crash_enabled=false
2026-06-17T19:08:28.983662Z  INFO mq_bench::roles::subscriber: Connected via transport engine=Nats
2026-06-17T19:08:28.985777Z  INFO async_nats::connector: connected successfully server=4222 max_payload=10485760
2026-06-17T19:08:28.985879Z  INFO mq_bench::roles::subscriber: Subscribed to key expression key=topic_7
2026-06-17T19:08:28.985884Z  INFO async_nats: event: connected
2026-06-17T19:08:29.590904Z  INFO mq_bench::roles::subscriber: Starting subscriber engine=Nats key=topic_7 endpoint=None crash_enabled=false
2026-06-17T19:08:29.590946Z  INFO mq_bench::roles::subscriber: Connected via transport engine=Nats
2026-06-17T19:08:29.593308Z  INFO async_nats::connector: connected successfully server=4222 max_payload=10485760
2026-06-17T19:08:29.593396Z  INFO mq_bench::roles::subscriber: Subscribed to key expression key=topic_7
2026-06-17T19:08:29.593421Z  INFO async_nats: event: connected
2026-06-17T19:08:30.197563Z  INFO mq_bench::roles::subscriber: Starting subscriber engine=Nats key=topic_7 endpoint=None crash_enabled=false
2026-06-17T19:08:30.197608Z  INFO mq_bench::roles::subscriber: Connected via transport engine=Nats
2026-06-17T19:08:30.200131Z  INFO async_nats::connector: connected successfully server=4222 max_payload=10485760
2026-06-17T19:08:30.200221Z  INFO async_nats: event: connected
2026-06-17T19:08:30.200249Z  INFO mq_bench::roles::subscriber: Subscribed to key expression key=topic_7
2026-06-17T19:08:30.804465Z  INFO mq_bench::roles::subscriber: Starting subscriber engine=Nats key=topic_7 endpoint=None crash_enabled=false
2026-06-17T19:08:30.804531Z  INFO mq_bench::roles::subscriber: Connected via transport engine=Nats
2026-06-17T19:08:30.806903Z  INFO async_nats::connector: connected successfully server=4222 max_payload=10485760
2026-06-17T19:08:30.807052Z  INFO async_nats: event: connected
2026-06-17T19:08:30.807056Z  INFO mq_bench::roles::subscriber: Subscribed to key expression key=topic_7
2026-06-17T19:08:31.411685Z  INFO mq_bench::roles::subscriber: Starting subscriber engine=Nats key=topic_7 endpoint=None crash_enabled=false
2026-06-17T19:08:31.411722Z  INFO mq_bench::roles::subscriber: Connected via transport engine=Nats
2026-06-17T19:08:31.414104Z  INFO async_nats::connector: connected successfully server=4222 max_payload=10485760
2026-06-17T19:08:31.414245Z  INFO async_nats: event: connected
2026-06-17T19:08:31.414249Z  INFO mq_bench::roles::subscriber: Subscribed to key expression key=topic_7
2026-06-17T19:08:32.019060Z  INFO mq_bench::roles::subscriber: Starting subscriber engine=Nats key=topic_7 endpoint=None crash_enabled=false
2026-06-17T19:08:32.019107Z  INFO mq_bench::roles::subscriber: Connected via transport engine=Nats
2026-06-17T19:08:32.021377Z  INFO async_nats::connector: connected successfully server=4222 max_payload=10485760
2026-06-17T19:08:32.021513Z  INFO async_nats: event: connected
2026-06-17T19:08:32.021517Z  INFO mq_bench::roles::subscriber: Subscribed to key expression key=topic_7
2026-06-17T19:08:32.625833Z  INFO mq_bench::roles::subscriber: Starting subscriber engine=Nats key=topic_7 endpoint=None crash_enabled=false
2026-06-17T19:08:32.625872Z  INFO mq_bench::roles::subscriber: Connected via transport engine=Nats
2026-06-17T19:08:32.628041Z  INFO async_nats::connector: connected successfully server=4222 max_payload=10485760
2026-06-17T19:08:32.628179Z  INFO async_nats: event: connected
2026-06-17T19:08:32.628192Z  INFO mq_bench::roles::subscriber: Subscribed to key expression key=topic_7
2026-06-17T19:08:33.232991Z  INFO mq_bench::roles::subscriber: Starting subscriber engine=Nats key=topic_7 endpoint=None crash_enabled=false
2026-06-17T19:08:33.233034Z  INFO mq_bench::roles::subscriber: Connected via transport engine=Nats
2026-06-17T19:08:33.235483Z  INFO async_nats::connector: connected successfully server=4222 max_payload=10485760
2026-06-17T19:08:33.235577Z  INFO async_nats: event: connected
2026-06-17T19:08:33.235577Z  INFO mq_bench::roles::subscriber: Subscribed to key expression key=topic_7
2026-06-17T19:08:33.840191Z  INFO mq_bench::roles::subscriber: Starting subscriber engine=Nats key=topic_7 endpoint=None crash_enabled=false
2026-06-17T19:08:33.840292Z  INFO mq_bench::roles::subscriber: Connected via transport engine=Nats
2026-06-17T19:08:33.842761Z  INFO async_nats::connector: connected successfully server=4222 max_payload=10485760
2026-06-17T19:08:33.842920Z  INFO async_nats: event: connected
2026-06-17T19:08:33.842932Z  INFO mq_bench::roles::subscriber: Subscribed to key expression key=topic_7
