mq-bench starting with run_id: auto
Writing CSV output to: artifacts/fanout_bursty_20260617_190733_nats_p64_s1000_u10_bursty/fanout_singlesite/sub_2.csv
2026-06-17T19:07:33.715377Z  INFO mq_bench::roles::subscriber: Starting subscriber engine=Nats key=topic_2 endpoint=None crash_enabled=false
2026-06-17T19:07:33.715431Z  INFO mq_bench::roles::subscriber: Connected via transport engine=Nats
2026-06-17T19:07:33.718011Z  INFO async_nats::connector: connected successfully server=4222 max_payload=10485760
2026-06-17T19:07:33.718058Z  INFO mq_bench::roles::subscriber: Subscribed to key expression key=topic_2
2026-06-17T19:07:33.718062Z  INFO async_nats: event: connected
2026-06-17T19:07:34.321843Z  INFO mq_bench::roles::subscriber: Starting subscriber engine=Nats key=topic_2 endpoint=None crash_enabled=false
2026-06-17T19:07:34.321878Z  INFO mq_bench::roles::subscriber: Connected via transport engine=Nats
2026-06-17T19:07:34.324347Z  INFO async_nats::connector: connected successfully server=4222 max_payload=10485760
2026-06-17T19:07:34.324385Z  INFO mq_bench::roles::subscriber: Subscribed to key expression key=topic_2
2026-06-17T19:07:34.324391Z  INFO async_nats: event: connected
2026-06-17T19:07:34.928694Z  INFO mq_bench::roles::subscriber: Starting subscriber engine=Nats key=topic_2 endpoint=None crash_enabled=false
2026-06-17T19:07:34.928720Z  INFO mq_bench::roles::subscriber: Connected via transport engine=Nats
2026-06-17T19:07:34.931100Z  INFO async_nats::connector: connected successfully server=4222 max_payload=10485760
2026-06-17T19:07:34.931151Z  INFO mq_bench::roles::subscriber: Subscribed to key expression key=topic_2
2026-06-17T19:07:34.931158Z  INFO async_nats: event: connected
2026-06-17T19:07:35.535982Z  INFO mq_bench::roles::subscriber: Starting subscriber engine=Nats key=topic_2 endpoint=None crash_enabled=false
2026-06-17T19:07:35.535998Z  INFO mq_bench::roles::subscriber: Connected via transport engine=Nats
2026-06-17T19:07:35.538384Z  INFO async_nats::connector: connected successfully server=4222 max_payload=10485760
2026-06-17T19:07:35.538453Z  INFO mq_bench::roles::subscriber: Subscribed to key expression key=topic_2
2026-06-17T19:07:35.538462Z  INFO async_nats: event: connected
2026-06-17T19:07:36.143416Z  INFO mq_bench::roles::subscriber: Starting subscriber engine=Nats key=topic_2 endpoint=None crash_enabled=false
2026-06-17T19:07:36.143435Z  INFO mq_bench::roles::subscriber: Connected via transport engine=Nats
2026-06-17T19:07:36.145892Z  INFO async_nats::connector: connected successfully server=4222 max_payload=10485760
2026-06-17T19:07:36.145956Z  INFO mq_bench::roles::subscriber: Subscribed to key expression key=topic_2
2026-06-17T19:07:36.145960Z  INFO async_nats: event: connected
2026-06-17T19:07:36.750159Z  INFO mq_bench::roles::subscriber: Starting subscriber engine=Nats key=topic_2 endpoint=None crash_enabled=false
2026-06-17T19:07:36.750241Z  INFO mq_bench::roles::subscriber: Connected via transport engine=Nats
2026-06-17T19:07:36.752610Z  INFO async_nats::connector: connected successfully server=4222 max_payload=10485760
2026-06-17T19:07:36.752705Z  INFO mq_bench::roles::subscriber: Subscribed to key expression key=topic_2
2026-06-17T19:07:36.752715Z  INFO async_nats: event: connected
2026-06-17T19:07:37.356787Z  INFO mq_bench::roles::subscriber: Starting subscriber engine=Nats key=topic_2 endpoint=None crash_enabled=false
2026-06-17T19:07:37.356840Z  INFO mq_bench::roles::subscriber: Connected via transport engine=Nats
2026-06-17T19:07:37.359414Z  INFO async_nats::connector: connected successfully server=4222 max_payload=10485760
2026-06-17T19:07:37.359500Z  INFO async_nats: event: connected
2026-06-17T19:07:37.359511Z  INFO mq_bench::roles::subscriber: Subscribed to key expression key=topic_2
2026-06-17T19:07:37.964157Z  INFO mq_bench::roles::subscriber: Starting subscriber engine=Nats key=topic_2 endpoint=None crash_enabled=false
2026-06-17T19:07:37.964198Z  INFO mq_bench::roles::subscriber: Connected via transport engine=Nats
2026-06-17T19:07:37.966605Z  INFO async_nats::connector: connected successfully server=4222 max_payload=10485760
2026-06-17T19:07:37.966738Z  INFO async_nats: event: connected
2026-06-17T19:07:37.966738Z  INFO mq_bench::roles::subscriber: Subscribed to key expression key=topic_2
2026-06-17T19:07:38.571279Z  INFO mq_bench::roles::subscriber: Starting subscriber engine=Nats key=topic_2 endpoint=None crash_enabled=false
2026-06-17T19:07:38.571316Z  INFO mq_bench::roles::subscriber: Connected via transport engine=Nats
2026-06-17T19:07:38.573631Z  INFO async_nats::connector: connected successfully server=4222 max_payload=10485760
2026-06-17T19:07:38.573726Z  INFO mq_bench::roles::subscriber: Subscribed to key expression key=topic_2
2026-06-17T19:07:38.573732Z  INFO async_nats: event: connected
2026-06-17T19:07:39.178079Z  INFO mq_bench::roles::subscriber: Starting subscriber engine=Nats key=topic_2 endpoint=None crash_enabled=false
2026-06-17T19:07:39.178123Z  INFO mq_bench::roles::subscriber: Connected via transport engine=Nats
2026-06-17T19:07:39.180558Z  INFO async_nats::connector: connected successfully server=4222 max_payload=10485760
2026-06-17T19:07:39.180666Z  INFO async_nats: event: connected
2026-06-17T19:07:39.180666Z  INFO mq_bench::roles::subscriber: Subscribed to key expression key=topic_2
2026-06-17T19:07:39.785234Z  INFO mq_bench::roles::subscriber: Starting subscriber engine=Nats key=topic_2 endpoint=None crash_enabled=false
2026-06-17T19:07:39.785271Z  INFO mq_bench::roles::subscriber: Connected via transport engine=Nats
2026-06-17T19:07:39.789335Z  INFO async_nats::connector: connected successfully server=4222 max_payload=10485760
2026-06-17T19:07:39.789435Z  INFO async_nats: event: connected
2026-06-17T19:07:39.789435Z  INFO mq_bench::roles::subscriber: Subscribed to key expression key=topic_2
2026-06-17T19:07:40.391899Z  INFO mq_bench::roles::subscriber: Starting subscriber engine=Nats key=topic_2 endpoint=None crash_enabled=false
2026-06-17T19:07:40.391932Z  INFO mq_bench::roles::subscriber: Connected via transport engine=Nats
2026-06-17T19:07:40.394532Z  INFO async_nats::connector: connected successfully server=4222 max_payload=10485760
2026-06-17T19:07:40.394632Z  INFO mq_bench::roles::subscriber: Subscribed to key expression key=topic_2
2026-06-17T19:07:40.394637Z  INFO async_nats: event: connected
2026-06-17T19:07:40.999567Z  INFO mq_bench::roles::subscriber: Starting subscriber engine=Nats key=topic_2 endpoint=None crash_enabled=false
2026-06-17T19:07:40.999610Z  INFO mq_bench::roles::subscriber: Connected via transport engine=Nats
2026-06-17T19:07:41.001956Z  INFO async_nats::connector: connected successfully server=4222 max_payload=10485760
2026-06-17T19:07:41.002034Z  INFO mq_bench::roles::subscriber: Subscribed to key expression key=topic_2
2026-06-17T19:07:41.002041Z  INFO async_nats: event: connected
2026-06-17T19:07:41.607538Z  INFO mq_bench::roles::subscriber: Starting subscriber engine=Nats key=topic_2 endpoint=None crash_enabled=false
2026-06-17T19:07:41.607619Z  INFO mq_bench::roles::subscriber: Connected via transport engine=Nats
2026-06-17T19:07:41.609758Z  INFO async_nats::connector: connected successfully server=4222 max_payload=10485760
2026-06-17T19:07:41.609846Z  INFO mq_bench::roles::subscriber: Subscribed to key expression key=topic_2
2026-06-17T19:07:41.609856Z  INFO async_nats: event: connected
2026-06-17T19:07:42.214754Z  INFO mq_bench::roles::subscriber: Starting subscriber engine=Nats key=topic_2 endpoint=None crash_enabled=false
2026-06-17T19:07:42.214792Z  INFO mq_bench::roles::subscriber: Connected via transport engine=Nats
2026-06-17T19:07:42.217087Z  INFO async_nats::connector: connected successfully server=4222 max_payload=10485760
2026-06-17T19:07:42.217196Z  INFO mq_bench::roles::subscriber: Subscribed to key expression key=topic_2
2026-06-17T19:07:42.217198Z  INFO async_nats: event: connected
2026-06-17T19:07:42.821912Z  INFO mq_bench::roles::subscriber: Starting subscriber engine=Nats key=topic_2 endpoint=None crash_enabled=false
2026-06-17T19:07:42.821963Z  INFO mq_bench::roles::subscriber: Connected via transport engine=Nats
2026-06-17T19:07:42.824325Z  INFO async_nats::connector: connected successfully server=4222 max_payload=10485760
2026-06-17T19:07:42.824433Z  INFO mq_bench::roles::subscriber: Subscribed to key expression key=topic_2
2026-06-17T19:07:42.824441Z  INFO async_nats: event: connected
2026-06-17T19:07:43.429219Z  INFO mq_bench::roles::subscriber: Starting subscriber engine=Nats key=topic_2 endpoint=None crash_enabled=false
2026-06-17T19:07:43.429250Z  INFO mq_bench::roles::subscriber: Connected via transport engine=Nats
2026-06-17T19:07:43.432415Z  INFO async_nats::connector: connected successfully server=4222 max_payload=10485760
2026-06-17T19:07:43.432514Z  INFO mq_bench::roles::subscriber: Subscribed to key expression key=topic_2
2026-06-17T19:07:43.432516Z  INFO async_nats: event: connected
2026-06-17T19:07:44.035778Z  INFO mq_bench::roles::subscriber: Starting subscriber engine=Nats key=topic_2 endpoint=None crash_enabled=false
2026-06-17T19:07:44.035816Z  INFO mq_bench::roles::subscriber: Connected via transport engine=Nats
2026-06-17T19:07:44.038177Z  INFO async_nats::connector: connected successfully server=4222 max_payload=10485760
2026-06-17T19:07:44.038280Z  INFO async_nats: event: connected
2026-06-17T19:07:44.038282Z  INFO mq_bench::roles::subscriber: Subscribed to key expression key=topic_2
2026-06-17T19:07:44.643114Z  INFO mq_bench::roles::subscriber: Starting subscriber engine=Nats key=topic_2 endpoint=None crash_enabled=false
2026-06-17T19:07:44.643152Z  INFO mq_bench::roles::subscriber: Connected via transport engine=Nats
2026-06-17T19:07:44.645417Z  INFO async_nats::connector: connected successfully server=4222 max_payload=10485760
2026-06-17T19:07:44.645513Z  INFO mq_bench::roles::subscriber: Subscribed to key expression key=topic_2
2026-06-17T19:07:44.645521Z  INFO async_nats: event: connected
2026-06-17T19:07:45.250514Z  INFO mq_bench::roles::subscriber: Starting subscriber engine=Nats key=topic_2 endpoint=None crash_enabled=false
2026-06-17T19:07:45.250550Z  INFO mq_bench::roles::subscriber: Connected via transport engine=Nats
2026-06-17T19:07:45.252838Z  INFO async_nats::connector: connected successfully server=4222 max_payload=10485760
2026-06-17T19:07:45.252919Z  INFO async_nats: event: connected
2026-06-17T19:07:45.252921Z  INFO mq_bench::roles::subscriber: Subscribed to key expression key=topic_2
2026-06-17T19:07:45.858035Z  INFO mq_bench::roles::subscriber: Starting subscriber engine=Nats key=topic_2 endpoint=None crash_enabled=false
2026-06-17T19:07:45.858079Z  INFO mq_bench::roles::subscriber: Connected via transport engine=Nats
2026-06-17T19:07:45.860484Z  INFO async_nats::connector: connected successfully server=4222 max_payload=10485760
2026-06-17T19:07:45.860582Z  INFO mq_bench::roles::subscriber: Subscribed to key expression key=topic_2
2026-06-17T19:07:45.860584Z  INFO async_nats: event: connected
2026-06-17T19:07:46.464982Z  INFO mq_bench::roles::subscriber: Starting subscriber engine=Nats key=topic_2 endpoint=None crash_enabled=false
2026-06-17T19:07:46.465018Z  INFO mq_bench::roles::subscriber: Connected via transport engine=Nats
2026-06-17T19:07:46.467795Z  INFO async_nats::connector: connected successfully server=4222 max_payload=10485760
2026-06-17T19:07:46.467914Z  INFO mq_bench::roles::subscriber: Subscribed to key expression key=topic_2
2026-06-17T19:07:46.467920Z  INFO async_nats: event: connected
2026-06-17T19:07:47.072256Z  INFO mq_bench::roles::subscriber: Starting subscriber engine=Nats key=topic_2 endpoint=None crash_enabled=false
2026-06-17T19:07:47.072300Z  INFO mq_bench::roles::subscriber: Connected via transport engine=Nats
2026-06-17T19:07:47.074549Z  INFO async_nats::connector: connected successfully server=4222 max_payload=10485760
2026-06-17T19:07:47.074639Z  INFO mq_bench::roles::subscriber: Subscribed to key expression key=topic_2
2026-06-17T19:07:47.074646Z  INFO async_nats: event: connected
2026-06-17T19:07:47.678999Z  INFO mq_bench::roles::subscriber: Starting subscriber engine=Nats key=topic_2 endpoint=None crash_enabled=false
2026-06-17T19:07:47.679033Z  INFO mq_bench::roles::subscriber: Connected via transport engine=Nats
2026-06-17T19:07:47.681423Z  INFO async_nats::connector: connected successfully server=4222 max_payload=10485760
2026-06-17T19:07:47.681523Z  INFO mq_bench::roles::subscriber: Subscribed to key expression key=topic_2
2026-06-17T19:07:47.681530Z  INFO async_nats: event: connected
2026-06-17T19:07:48.286255Z  INFO mq_bench::roles::subscriber: Starting subscriber engine=Nats key=topic_2 endpoint=None crash_enabled=false
2026-06-17T19:07:48.286291Z  INFO mq_bench::roles::subscriber: Connected via transport engine=Nats
2026-06-17T19:07:48.288830Z  INFO async_nats::connector: connected successfully server=4222 max_payload=10485760
2026-06-17T19:07:48.288919Z  INFO mq_bench::roles::subscriber: Subscribed to key expression key=topic_2
2026-06-17T19:07:48.288919Z  INFO async_nats: event: connected
2026-06-17T19:07:48.893247Z  INFO mq_bench::roles::subscriber: Starting subscriber engine=Nats key=topic_2 endpoint=None crash_enabled=false
2026-06-17T19:07:48.893282Z  INFO mq_bench::roles::subscriber: Connected via transport engine=Nats
2026-06-17T19:07:48.895663Z  INFO async_nats::connector: connected successfully server=4222 max_payload=10485760
2026-06-17T19:07:48.895752Z  INFO mq_bench::roles::subscriber: Subscribed to key expression key=topic_2
2026-06-17T19:07:48.895759Z  INFO async_nats: event: connected
2026-06-17T19:07:49.500470Z  INFO mq_bench::roles::subscriber: Starting subscriber engine=Nats key=topic_2 endpoint=None crash_enabled=false
2026-06-17T19:07:49.500501Z  INFO mq_bench::roles::subscriber: Connected via transport engine=Nats
2026-06-17T19:07:49.502815Z  INFO async_nats::connector: connected successfully server=4222 max_payload=10485760
2026-06-17T19:07:49.502898Z  INFO mq_bench::roles::subscriber: Subscribed to key expression key=topic_2
2026-06-17T19:07:49.502904Z  INFO async_nats: event: connected
2026-06-17T19:07:50.107892Z  INFO mq_bench::roles::subscriber: Starting subscriber engine=Nats key=topic_2 endpoint=None crash_enabled=false
2026-06-17T19:07:50.107928Z  INFO mq_bench::roles::subscriber: Connected via transport engine=Nats
2026-06-17T19:07:50.110245Z  INFO async_nats::connector: connected successfully server=4222 max_payload=10485760
2026-06-17T19:07:50.110343Z  INFO mq_bench::roles::subscriber: Subscribed to key expression key=topic_2
2026-06-17T19:07:50.110347Z  INFO async_nats: event: connected
2026-06-17T19:07:50.714817Z  INFO mq_bench::roles::subscriber: Starting subscriber engine=Nats key=topic_2 endpoint=None crash_enabled=false
2026-06-17T19:07:50.714854Z  INFO mq_bench::roles::subscriber: Connected via transport engine=Nats
2026-06-17T19:07:50.717101Z  INFO async_nats::connector: connected successfully server=4222 max_payload=10485760
2026-06-17T19:07:50.717188Z  INFO mq_bench::roles::subscriber: Subscribed to key expression key=topic_2
2026-06-17T19:07:50.717185Z  INFO async_nats: event: connected
2026-06-17T19:07:51.321984Z  INFO mq_bench::roles::subscriber: Starting subscriber engine=Nats key=topic_2 endpoint=None crash_enabled=false
2026-06-17T19:07:51.322020Z  INFO mq_bench::roles::subscriber: Connected via transport engine=Nats
2026-06-17T19:07:51.324417Z  INFO async_nats::connector: connected successfully server=4222 max_payload=10485760
2026-06-17T19:07:51.324508Z  INFO mq_bench::roles::subscriber: Subscribed to key expression key=topic_2
2026-06-17T19:07:51.324516Z  INFO async_nats: event: connected
2026-06-17T19:07:51.928711Z  INFO mq_bench::roles::subscriber: Starting subscriber engine=Nats key=topic_2 endpoint=None crash_enabled=false
2026-06-17T19:07:51.928747Z  INFO mq_bench::roles::subscriber: Connected via transport engine=Nats
2026-06-17T19:07:51.931129Z  INFO async_nats::connector: connected successfully server=4222 max_payload=10485760
2026-06-17T19:07:51.931217Z  INFO async_nats: event: connected
2026-06-17T19:07:51.931230Z  INFO mq_bench::roles::subscriber: Subscribed to key expression key=topic_2
2026-06-17T19:07:52.536288Z  INFO mq_bench::roles::subscriber: Starting subscriber engine=Nats key=topic_2 endpoint=None crash_enabled=false
2026-06-17T19:07:52.536364Z  INFO mq_bench::roles::subscriber: Connected via transport engine=Nats
2026-06-17T19:07:52.538907Z  INFO async_nats::connector: connected successfully server=4222 max_payload=10485760
2026-06-17T19:07:52.539002Z  INFO mq_bench::roles::subscriber: Subscribed to key expression key=topic_2
2026-06-17T19:07:52.539008Z  INFO async_nats: event: connected
2026-06-17T19:07:53.143473Z  INFO mq_bench::roles::subscriber: Starting subscriber engine=Nats key=topic_2 endpoint=None crash_enabled=false
2026-06-17T19:07:53.143521Z  INFO mq_bench::roles::subscriber: Connected via transport engine=Nats
2026-06-17T19:07:53.146064Z  INFO async_nats::connector: connected successfully server=4222 max_payload=10485760
2026-06-17T19:07:53.146154Z  INFO async_nats: event: connected
2026-06-17T19:07:53.146155Z  INFO mq_bench::roles::subscriber: Subscribed to key expression key=topic_2
2026-06-17T19:07:53.751361Z  INFO mq_bench::roles::subscriber: Starting subscriber engine=Nats key=topic_2 endpoint=None crash_enabled=false
2026-06-17T19:07:53.751407Z  INFO mq_bench::roles::subscriber: Connected via transport engine=Nats
2026-06-17T19:07:53.753654Z  INFO async_nats::connector: connected successfully server=4222 max_payload=10485760
2026-06-17T19:07:53.753743Z  INFO mq_bench::roles::subscriber: Subscribed to key expression key=topic_2
2026-06-17T19:07:53.753749Z  INFO async_nats: event: connected
2026-06-17T19:07:54.357979Z  INFO mq_bench::roles::subscriber: Starting subscriber engine=Nats key=topic_2 endpoint=None crash_enabled=false
2026-06-17T19:07:54.358025Z  INFO mq_bench::roles::subscriber: Connected via transport engine=Nats
2026-06-17T19:07:54.360374Z  INFO async_nats::connector: connected successfully server=4222 max_payload=10485760
2026-06-17T19:07:54.360468Z  INFO async_nats: event: connected
2026-06-17T19:07:54.360468Z  INFO mq_bench::roles::subscriber: Subscribed to key expression key=topic_2
2026-06-17T19:07:54.964912Z  INFO mq_bench::roles::subscriber: Starting subscriber engine=Nats key=topic_2 endpoint=None crash_enabled=false
2026-06-17T19:07:54.964976Z  INFO mq_bench::roles::subscriber: Connected via transport engine=Nats
2026-06-17T19:07:54.967174Z  INFO async_nats::connector: connected successfully server=4222 max_payload=10485760
2026-06-17T19:07:54.967288Z  INFO async_nats: event: connected
2026-06-17T19:07:54.967291Z  INFO mq_bench::roles::subscriber: Subscribed to key expression key=topic_2
2026-06-17T19:07:55.571854Z  INFO mq_bench::roles::subscriber: Starting subscriber engine=Nats key=topic_2 endpoint=None crash_enabled=false
2026-06-17T19:07:55.571895Z  INFO mq_bench::roles::subscriber: Connected via transport engine=Nats
2026-06-17T19:07:55.573977Z  INFO async_nats::connector: connected successfully server=4222 max_payload=10485760
2026-06-17T19:07:55.574066Z  INFO mq_bench::roles::subscriber: Subscribed to key expression key=topic_2
2026-06-17T19:07:55.574074Z  INFO async_nats: event: connected
2026-06-17T19:07:56.179427Z  INFO mq_bench::roles::subscriber: Starting subscriber engine=Nats key=topic_2 endpoint=None crash_enabled=false
2026-06-17T19:07:56.179484Z  INFO mq_bench::roles::subscriber: Connected via transport engine=Nats
2026-06-17T19:07:56.181908Z  INFO async_nats::connector: connected successfully server=4222 max_payload=10485760
2026-06-17T19:07:56.182002Z  INFO mq_bench::roles::subscriber: Subscribed to key expression key=topic_2
2026-06-17T19:07:56.182002Z  INFO async_nats: event: connected
2026-06-17T19:07:56.785847Z  INFO mq_bench::roles::subscriber: Starting subscriber engine=Nats key=topic_2 endpoint=None crash_enabled=false
2026-06-17T19:07:56.785892Z  INFO mq_bench::roles::subscriber: Connected via transport engine=Nats
2026-06-17T19:07:56.787986Z  INFO async_nats::connector: connected successfully server=4222 max_payload=10485760
2026-06-17T19:07:56.788083Z  INFO async_nats: event: connected
2026-06-17T19:07:56.788086Z  INFO mq_bench::roles::subscriber: Subscribed to key expression key=topic_2
2026-06-17T19:07:57.393409Z  INFO mq_bench::roles::subscriber: Starting subscriber engine=Nats key=topic_2 endpoint=None crash_enabled=false
2026-06-17T19:07:57.393466Z  INFO mq_bench::roles::subscriber: Connected via transport engine=Nats
2026-06-17T19:07:57.395831Z  INFO async_nats::connector: connected successfully server=4222 max_payload=10485760
2026-06-17T19:07:57.395933Z  INFO mq_bench::roles::subscriber: Subscribed to key expression key=topic_2
2026-06-17T19:07:57.395938Z  INFO async_nats: event: connected
2026-06-17T19:07:58.000106Z  INFO mq_bench::roles::subscriber: Starting subscriber engine=Nats key=topic_2 endpoint=None crash_enabled=false
2026-06-17T19:07:58.000144Z  INFO mq_bench::roles::subscriber: Connected via transport engine=Nats
2026-06-17T19:07:58.002235Z  INFO async_nats::connector: connected successfully server=4222 max_payload=10485760
2026-06-17T19:07:58.002329Z  INFO async_nats: event: connected
2026-06-17T19:07:58.002330Z  INFO mq_bench::roles::subscriber: Subscribed to key expression key=topic_2
2026-06-17T19:07:58.607130Z  INFO mq_bench::roles::subscriber: Starting subscriber engine=Nats key=topic_2 endpoint=None crash_enabled=false
2026-06-17T19:07:58.607184Z  INFO mq_bench::roles::subscriber: Connected via transport engine=Nats
2026-06-17T19:07:58.609548Z  INFO async_nats::connector: connected successfully server=4222 max_payload=10485760
2026-06-17T19:07:58.609640Z  INFO mq_bench::roles::subscriber: Subscribed to key expression key=topic_2
2026-06-17T19:07:58.609640Z  INFO async_nats: event: connected
2026-06-17T19:07:59.214485Z  INFO mq_bench::roles::subscriber: Starting subscriber engine=Nats key=topic_2 endpoint=None crash_enabled=false
2026-06-17T19:07:59.214524Z  INFO mq_bench::roles::subscriber: Connected via transport engine=Nats
2026-06-17T19:07:59.217922Z  INFO async_nats::connector: connected successfully server=4222 max_payload=10485760
2026-06-17T19:07:59.218007Z  INFO mq_bench::roles::subscriber: Subscribed to key expression key=topic_2
2026-06-17T19:07:59.218013Z  INFO async_nats: event: connected
2026-06-17T19:07:59.822414Z  INFO mq_bench::roles::subscriber: Starting subscriber engine=Nats key=topic_2 endpoint=None crash_enabled=false
2026-06-17T19:07:59.822451Z  INFO mq_bench::roles::subscriber: Connected via transport engine=Nats
2026-06-17T19:07:59.823516Z  INFO async_nats::connector: connected successfully server=4222 max_payload=10485760
2026-06-17T19:07:59.823593Z  INFO mq_bench::roles::subscriber: Subscribed to key expression key=topic_2
2026-06-17T19:07:59.823594Z  INFO async_nats: event: connected
2026-06-17T19:08:00.428726Z  INFO mq_bench::roles::subscriber: Starting subscriber engine=Nats key=topic_2 endpoint=None crash_enabled=false
2026-06-17T19:08:00.428778Z  INFO mq_bench::roles::subscriber: Connected via transport engine=Nats
2026-06-17T19:08:00.430992Z  INFO async_nats::connector: connected successfully server=4222 max_payload=10485760
2026-06-17T19:08:00.431085Z  INFO mq_bench::roles::subscriber: Subscribed to key expression key=topic_2
2026-06-17T19:08:00.431086Z  INFO async_nats: event: connected
2026-06-17T19:08:01.036281Z  INFO mq_bench::roles::subscriber: Starting subscriber engine=Nats key=topic_2 endpoint=None crash_enabled=false
2026-06-17T19:08:01.036322Z  INFO mq_bench::roles::subscriber: Connected via transport engine=Nats
2026-06-17T19:08:01.038630Z  INFO async_nats::connector: connected successfully server=4222 max_payload=10485760
2026-06-17T19:08:01.038710Z  INFO mq_bench::roles::subscriber: Subscribed to key expression key=topic_2
2026-06-17T19:08:01.038718Z  INFO async_nats: event: connected
2026-06-17T19:08:01.642679Z  INFO mq_bench::roles::subscriber: Starting subscriber engine=Nats key=topic_2 endpoint=None crash_enabled=false
2026-06-17T19:08:01.642724Z  INFO mq_bench::roles::subscriber: Connected via transport engine=Nats
2026-06-17T19:08:01.645063Z  INFO async_nats::connector: connected successfully server=4222 max_payload=10485760
2026-06-17T19:08:01.645171Z  INFO mq_bench::roles::subscriber: Subscribed to key expression key=topic_2
2026-06-17T19:08:01.645177Z  INFO async_nats: event: connected
2026-06-17T19:08:02.249871Z  INFO mq_bench::roles::subscriber: Starting subscriber engine=Nats key=topic_2 endpoint=None crash_enabled=false
2026-06-17T19:08:02.249911Z  INFO mq_bench::roles::subscriber: Connected via transport engine=Nats
2026-06-17T19:08:02.252167Z  INFO async_nats::connector: connected successfully server=4222 max_payload=10485760
2026-06-17T19:08:02.252280Z  INFO mq_bench::roles::subscriber: Subscribed to key expression key=topic_2
2026-06-17T19:08:02.252283Z  INFO async_nats: event: connected
2026-06-17T19:08:02.857002Z  INFO mq_bench::roles::subscriber: Starting subscriber engine=Nats key=topic_2 endpoint=None crash_enabled=false
2026-06-17T19:08:02.857039Z  INFO mq_bench::roles::subscriber: Connected via transport engine=Nats
2026-06-17T19:08:02.859406Z  INFO async_nats::connector: connected successfully server=4222 max_payload=10485760
2026-06-17T19:08:02.859524Z  INFO async_nats: event: connected
2026-06-17T19:08:02.859525Z  INFO mq_bench::roles::subscriber: Subscribed to key expression key=topic_2
2026-06-17T19:08:03.463632Z  INFO mq_bench::roles::subscriber: Starting subscriber engine=Nats key=topic_2 endpoint=None crash_enabled=false
2026-06-17T19:08:03.463665Z  INFO mq_bench::roles::subscriber: Connected via transport engine=Nats
2026-06-17T19:08:03.466040Z  INFO async_nats::connector: connected successfully server=4222 max_payload=10485760
2026-06-17T19:08:03.466123Z  INFO mq_bench::roles::subscriber: Subscribed to key expression key=topic_2
2026-06-17T19:08:03.466131Z  INFO async_nats: event: connected
2026-06-17T19:08:04.070963Z  INFO mq_bench::roles::subscriber: Starting subscriber engine=Nats key=topic_2 endpoint=None crash_enabled=false
2026-06-17T19:08:04.070996Z  INFO mq_bench::roles::subscriber: Connected via transport engine=Nats
2026-06-17T19:08:04.073177Z  INFO async_nats::connector: connected successfully server=4222 max_payload=10485760
2026-06-17T19:08:04.073267Z  INFO mq_bench::roles::subscriber: Subscribed to key expression key=topic_2
2026-06-17T19:08:04.073273Z  INFO async_nats: event: connected
2026-06-17T19:08:04.678488Z  INFO mq_bench::roles::subscriber: Starting subscriber engine=Nats key=topic_2 endpoint=None crash_enabled=false
2026-06-17T19:08:04.678530Z  INFO mq_bench::roles::subscriber: Connected via transport engine=Nats
2026-06-17T19:08:04.680740Z  INFO async_nats::connector: connected successfully server=4222 max_payload=10485760
2026-06-17T19:08:04.680819Z  INFO mq_bench::roles::subscriber: Subscribed to key expression key=topic_2
2026-06-17T19:08:04.680826Z  INFO async_nats: event: connected
2026-06-17T19:08:05.286487Z  INFO mq_bench::roles::subscriber: Starting subscriber engine=Nats key=topic_2 endpoint=None crash_enabled=false
2026-06-17T19:08:05.286551Z  INFO mq_bench::roles::subscriber: Connected via transport engine=Nats
2026-06-17T19:08:05.288901Z  INFO async_nats::connector: connected successfully server=4222 max_payload=10485760
2026-06-17T19:08:05.288985Z  INFO mq_bench::roles::subscriber: Subscribed to key expression key=topic_2
2026-06-17T19:08:05.288991Z  INFO async_nats: event: connected
2026-06-17T19:08:05.893722Z  INFO mq_bench::roles::subscriber: Starting subscriber engine=Nats key=topic_2 endpoint=None crash_enabled=false
2026-06-17T19:08:05.893779Z  INFO mq_bench::roles::subscriber: Connected via transport engine=Nats
2026-06-17T19:08:05.895931Z  INFO async_nats::connector: connected successfully server=4222 max_payload=10485760
2026-06-17T19:08:05.896027Z  INFO mq_bench::roles::subscriber: Subscribed to key expression key=topic_2
2026-06-17T19:08:05.896032Z  INFO async_nats: event: connected
2026-06-17T19:08:06.500742Z  INFO mq_bench::roles::subscriber: Starting subscriber engine=Nats key=topic_2 endpoint=None crash_enabled=false
2026-06-17T19:08:06.500802Z  INFO mq_bench::roles::subscriber: Connected via transport engine=Nats
2026-06-17T19:08:06.503304Z  INFO async_nats::connector: connected successfully server=4222 max_payload=10485760
2026-06-17T19:08:06.503380Z  INFO mq_bench::roles::subscriber: Subscribed to key expression key=topic_2
2026-06-17T19:08:06.503388Z  INFO async_nats: event: connected
2026-06-17T19:08:07.108077Z  INFO mq_bench::roles::subscriber: Starting subscriber engine=Nats key=topic_2 endpoint=None crash_enabled=false
2026-06-17T19:08:07.108124Z  INFO mq_bench::roles::subscriber: Connected via transport engine=Nats
2026-06-17T19:08:07.110451Z  INFO async_nats::connector: connected successfully server=4222 max_payload=10485760
2026-06-17T19:08:07.110553Z  INFO mq_bench::roles::subscriber: Subscribed to key expression key=topic_2
2026-06-17T19:08:07.110561Z  INFO async_nats: event: connected
2026-06-17T19:08:07.714927Z  INFO mq_bench::roles::subscriber: Starting subscriber engine=Nats key=topic_2 endpoint=None crash_enabled=false
2026-06-17T19:08:07.714959Z  INFO mq_bench::roles::subscriber: Connected via transport engine=Nats
2026-06-17T19:08:07.717222Z  INFO async_nats::connector: connected successfully server=4222 max_payload=10485760
2026-06-17T19:08:07.717314Z  INFO mq_bench::roles::subscriber: Subscribed to key expression key=topic_2
2026-06-17T19:08:07.717317Z  INFO async_nats: event: connected
2026-06-17T19:08:08.321938Z  INFO mq_bench::roles::subscriber: Starting subscriber engine=Nats key=topic_2 endpoint=None crash_enabled=false
2026-06-17T19:08:08.321998Z  INFO mq_bench::roles::subscriber: Connected via transport engine=Nats
2026-06-17T19:08:08.324441Z  INFO async_nats::connector: connected successfully server=4222 max_payload=10485760
2026-06-17T19:08:08.324534Z  INFO mq_bench::roles::subscriber: Subscribed to key expression key=topic_2
2026-06-17T19:08:08.324539Z  INFO async_nats: event: connected
2026-06-17T19:08:08.929049Z  INFO mq_bench::roles::subscriber: Starting subscriber engine=Nats key=topic_2 endpoint=None crash_enabled=false
2026-06-17T19:08:08.929105Z  INFO mq_bench::roles::subscriber: Connected via transport engine=Nats
2026-06-17T19:08:08.931259Z  INFO async_nats::connector: connected successfully server=4222 max_payload=10485760
2026-06-17T19:08:08.931342Z  INFO mq_bench::roles::subscriber: Subscribed to key expression key=topic_2
2026-06-17T19:08:08.931349Z  INFO async_nats: event: connected
2026-06-17T19:08:09.536425Z  INFO mq_bench::roles::subscriber: Starting subscriber engine=Nats key=topic_2 endpoint=None crash_enabled=false
2026-06-17T19:08:09.536472Z  INFO mq_bench::roles::subscriber: Connected via transport engine=Nats
2026-06-17T19:08:09.538743Z  INFO async_nats::connector: connected successfully server=4222 max_payload=10485760
2026-06-17T19:08:09.538836Z  INFO async_nats: event: connected
2026-06-17T19:08:09.538837Z  INFO mq_bench::roles::subscriber: Subscribed to key expression key=topic_2
2026-06-17T19:08:10.143089Z  INFO mq_bench::roles::subscriber: Starting subscriber engine=Nats key=topic_2 endpoint=None crash_enabled=false
2026-06-17T19:08:10.143141Z  INFO mq_bench::roles::subscriber: Connected via transport engine=Nats
2026-06-17T19:08:10.145382Z  INFO async_nats::connector: connected successfully server=4222 max_payload=10485760
2026-06-17T19:08:10.145465Z  INFO mq_bench::roles::subscriber: Subscribed to key expression key=topic_2
2026-06-17T19:08:10.145472Z  INFO async_nats: event: connected
2026-06-17T19:08:10.749813Z  INFO mq_bench::roles::subscriber: Starting subscriber engine=Nats key=topic_2 endpoint=None crash_enabled=false
2026-06-17T19:08:10.749855Z  INFO mq_bench::roles::subscriber: Connected via transport engine=Nats
2026-06-17T19:08:10.752331Z  INFO async_nats::connector: connected successfully server=4222 max_payload=10485760
2026-06-17T19:08:10.752424Z  INFO mq_bench::roles::subscriber: Subscribed to key expression key=topic_2
2026-06-17T19:08:10.752429Z  INFO async_nats: event: connected
2026-06-17T19:08:11.356885Z  INFO mq_bench::roles::subscriber: Starting subscriber engine=Nats key=topic_2 endpoint=None crash_enabled=false
2026-06-17T19:08:11.356929Z  INFO mq_bench::roles::subscriber: Connected via transport engine=Nats
2026-06-17T19:08:11.359112Z  INFO async_nats::connector: connected successfully server=4222 max_payload=10485760
2026-06-17T19:08:11.359218Z  INFO mq_bench::roles::subscriber: Subscribed to key expression key=topic_2
2026-06-17T19:08:11.359238Z  INFO async_nats: event: connected
2026-06-17T19:08:11.963723Z  INFO mq_bench::roles::subscriber: Starting subscriber engine=Nats key=topic_2 endpoint=None crash_enabled=false
2026-06-17T19:08:11.963765Z  INFO mq_bench::roles::subscriber: Connected via transport engine=Nats
2026-06-17T19:08:11.966065Z  INFO async_nats::connector: connected successfully server=4222 max_payload=10485760
2026-06-17T19:08:11.966157Z  INFO mq_bench::roles::subscriber: Subscribed to key expression key=topic_2
2026-06-17T19:08:11.966165Z  INFO async_nats: event: connected
2026-06-17T19:08:12.571412Z  INFO mq_bench::roles::subscriber: Starting subscriber engine=Nats key=topic_2 endpoint=None crash_enabled=false
2026-06-17T19:08:12.571447Z  INFO mq_bench::roles::subscriber: Connected via transport engine=Nats
2026-06-17T19:08:12.573700Z  INFO async_nats::connector: connected successfully server=4222 max_payload=10485760
2026-06-17T19:08:12.573803Z  INFO async_nats: event: connected
2026-06-17T19:08:12.573819Z  INFO mq_bench::roles::subscriber: Subscribed to key expression key=topic_2
2026-06-17T19:08:13.178419Z  INFO mq_bench::roles::subscriber: Starting subscriber engine=Nats key=topic_2 endpoint=None crash_enabled=false
2026-06-17T19:08:13.178455Z  INFO mq_bench::roles::subscriber: Connected via transport engine=Nats
2026-06-17T19:08:13.180708Z  INFO async_nats::connector: connected successfully server=4222 max_payload=10485760
2026-06-17T19:08:13.180813Z  INFO async_nats: event: connected
2026-06-17T19:08:13.180815Z  INFO mq_bench::roles::subscriber: Subscribed to key expression key=topic_2
2026-06-17T19:08:13.785403Z  INFO mq_bench::roles::subscriber: Starting subscriber engine=Nats key=topic_2 endpoint=None crash_enabled=false
2026-06-17T19:08:13.785442Z  INFO mq_bench::roles::subscriber: Connected via transport engine=Nats
2026-06-17T19:08:13.786474Z  INFO async_nats::connector: connected successfully server=4222 max_payload=10485760
2026-06-17T19:08:13.786555Z  INFO mq_bench::roles::subscriber: Subscribed to key expression key=topic_2
2026-06-17T19:08:13.786563Z  INFO async_nats: event: connected
2026-06-17T19:08:14.392292Z  INFO mq_bench::roles::subscriber: Starting subscriber engine=Nats key=topic_2 endpoint=None crash_enabled=false
2026-06-17T19:08:14.392329Z  INFO mq_bench::roles::subscriber: Connected via transport engine=Nats
2026-06-17T19:08:14.394565Z  INFO async_nats::connector: connected successfully server=4222 max_payload=10485760
2026-06-17T19:08:14.394655Z  INFO mq_bench::roles::subscriber: Subscribed to key expression key=topic_2
2026-06-17T19:08:14.394655Z  INFO async_nats: event: connected
2026-06-17T19:08:14.998969Z  INFO mq_bench::roles::subscriber: Starting subscriber engine=Nats key=topic_2 endpoint=None crash_enabled=false
2026-06-17T19:08:14.999007Z  INFO mq_bench::roles::subscriber: Connected via transport engine=Nats
2026-06-17T19:08:15.001187Z  INFO async_nats::connector: connected successfully server=4222 max_payload=10485760
2026-06-17T19:08:15.001290Z  INFO mq_bench::roles::subscriber: Subscribed to key expression key=topic_2
2026-06-17T19:08:15.001293Z  INFO async_nats: event: connected
2026-06-17T19:08:15.606155Z  INFO mq_bench::roles::subscriber: Starting subscriber engine=Nats key=topic_2 endpoint=None crash_enabled=false
2026-06-17T19:08:15.606242Z  INFO mq_bench::roles::subscriber: Connected via transport engine=Nats
2026-06-17T19:08:15.608646Z  INFO async_nats::connector: connected successfully server=4222 max_payload=10485760
2026-06-17T19:08:15.608738Z  INFO mq_bench::roles::subscriber: Subscribed to key expression key=topic_2
2026-06-17T19:08:15.608745Z  INFO async_nats: event: connected
2026-06-17T19:08:16.212796Z  INFO mq_bench::roles::subscriber: Starting subscriber engine=Nats key=topic_2 endpoint=None crash_enabled=false
2026-06-17T19:08:16.212833Z  INFO mq_bench::roles::subscriber: Connected via transport engine=Nats
2026-06-17T19:08:16.215051Z  INFO async_nats::connector: connected successfully server=4222 max_payload=10485760
2026-06-17T19:08:16.215153Z  INFO mq_bench::roles::subscriber: Subscribed to key expression key=topic_2
2026-06-17T19:08:16.215154Z  INFO async_nats: event: connected
2026-06-17T19:08:16.819726Z  INFO mq_bench::roles::subscriber: Starting subscriber engine=Nats key=topic_2 endpoint=None crash_enabled=false
2026-06-17T19:08:16.819772Z  INFO mq_bench::roles::subscriber: Connected via transport engine=Nats
2026-06-17T19:08:16.822182Z  INFO async_nats::connector: connected successfully server=4222 max_payload=10485760
2026-06-17T19:08:16.822295Z  INFO mq_bench::roles::subscriber: Subscribed to key expression key=topic_2
2026-06-17T19:08:16.822298Z  INFO async_nats: event: connected
2026-06-17T19:08:17.427089Z  INFO mq_bench::roles::subscriber: Starting subscriber engine=Nats key=topic_2 endpoint=None crash_enabled=false
2026-06-17T19:08:17.427140Z  INFO mq_bench::roles::subscriber: Connected via transport engine=Nats
2026-06-17T19:08:17.429398Z  INFO async_nats::connector: connected successfully server=4222 max_payload=10485760
2026-06-17T19:08:17.429505Z  INFO mq_bench::roles::subscriber: Subscribed to key expression key=topic_2
2026-06-17T19:08:17.429509Z  INFO async_nats: event: connected
2026-06-17T19:08:18.034499Z  INFO mq_bench::roles::subscriber: Starting subscriber engine=Nats key=topic_2 endpoint=None crash_enabled=false
2026-06-17T19:08:18.034538Z  INFO mq_bench::roles::subscriber: Connected via transport engine=Nats
2026-06-17T19:08:18.036811Z  INFO async_nats::connector: connected successfully server=4222 max_payload=10485760
2026-06-17T19:08:18.036913Z  INFO mq_bench::roles::subscriber: Subscribed to key expression key=topic_2
2026-06-17T19:08:18.036917Z  INFO async_nats: event: connected
2026-06-17T19:08:18.642282Z  INFO mq_bench::roles::subscriber: Starting subscriber engine=Nats key=topic_2 endpoint=None crash_enabled=false
2026-06-17T19:08:18.642331Z  INFO mq_bench::roles::subscriber: Connected via transport engine=Nats
2026-06-17T19:08:18.644458Z  INFO async_nats::connector: connected successfully server=4222 max_payload=10485760
2026-06-17T19:08:18.644531Z  INFO mq_bench::roles::subscriber: Subscribed to key expression key=topic_2
2026-06-17T19:08:18.644535Z  INFO async_nats: event: connected
2026-06-17T19:08:19.249297Z  INFO mq_bench::roles::subscriber: Starting subscriber engine=Nats key=topic_2 endpoint=None crash_enabled=false
2026-06-17T19:08:19.249345Z  INFO mq_bench::roles::subscriber: Connected via transport engine=Nats
2026-06-17T19:08:19.251750Z  INFO async_nats::connector: connected successfully server=4222 max_payload=10485760
2026-06-17T19:08:19.251864Z  INFO mq_bench::roles::subscriber: Subscribed to key expression key=topic_2
2026-06-17T19:08:19.251867Z  INFO async_nats: event: connected
2026-06-17T19:08:19.855624Z  INFO mq_bench::roles::subscriber: Starting subscriber engine=Nats key=topic_2 endpoint=None crash_enabled=false
2026-06-17T19:08:19.855677Z  INFO mq_bench::roles::subscriber: Connected via transport engine=Nats
2026-06-17T19:08:19.857981Z  INFO async_nats::connector: connected successfully server=4222 max_payload=10485760
2026-06-17T19:08:19.858077Z  INFO mq_bench::roles::subscriber: Subscribed to key expression key=topic_2
2026-06-17T19:08:19.858084Z  INFO async_nats: event: connected
2026-06-17T19:08:20.463407Z  INFO mq_bench::roles::subscriber: Starting subscriber engine=Nats key=topic_2 endpoint=None crash_enabled=false
2026-06-17T19:08:20.463450Z  INFO mq_bench::roles::subscriber: Connected via transport engine=Nats
2026-06-17T19:08:20.464690Z  INFO async_nats::connector: connected successfully server=4222 max_payload=10485760
2026-06-17T19:08:20.464772Z  INFO mq_bench::roles::subscriber: Subscribed to key expression key=topic_2
2026-06-17T19:08:20.464778Z  INFO async_nats: event: connected
2026-06-17T19:08:21.070528Z  INFO mq_bench::roles::subscriber: Starting subscriber engine=Nats key=topic_2 endpoint=None crash_enabled=false
2026-06-17T19:08:21.070570Z  INFO mq_bench::roles::subscriber: Connected via transport engine=Nats
2026-06-17T19:08:21.072884Z  INFO async_nats::connector: connected successfully server=4222 max_payload=10485760
2026-06-17T19:08:21.072989Z  INFO mq_bench::roles::subscriber: Subscribed to key expression key=topic_2
2026-06-17T19:08:21.072990Z  INFO async_nats: event: connected
2026-06-17T19:08:21.677768Z  INFO mq_bench::roles::subscriber: Starting subscriber engine=Nats key=topic_2 endpoint=None crash_enabled=false
2026-06-17T19:08:21.677818Z  INFO mq_bench::roles::subscriber: Connected via transport engine=Nats
2026-06-17T19:08:21.680095Z  INFO async_nats::connector: connected successfully server=4222 max_payload=10485760
2026-06-17T19:08:21.680183Z  INFO mq_bench::roles::subscriber: Subscribed to key expression key=topic_2
2026-06-17T19:08:21.680190Z  INFO async_nats: event: connected
2026-06-17T19:08:22.285092Z  INFO mq_bench::roles::subscriber: Starting subscriber engine=Nats key=topic_2 endpoint=None crash_enabled=false
2026-06-17T19:08:22.285133Z  INFO mq_bench::roles::subscriber: Connected via transport engine=Nats
2026-06-17T19:08:22.287786Z  INFO async_nats::connector: connected successfully server=4222 max_payload=10485760
2026-06-17T19:08:22.287879Z  INFO mq_bench::roles::subscriber: Subscribed to key expression key=topic_2
2026-06-17T19:08:22.287880Z  INFO async_nats: event: connected
2026-06-17T19:08:22.892073Z  INFO mq_bench::roles::subscriber: Starting subscriber engine=Nats key=topic_2 endpoint=None crash_enabled=false
2026-06-17T19:08:22.892112Z  INFO mq_bench::roles::subscriber: Connected via transport engine=Nats
2026-06-17T19:08:22.894430Z  INFO async_nats::connector: connected successfully server=4222 max_payload=10485760
2026-06-17T19:08:22.894550Z  INFO mq_bench::roles::subscriber: Subscribed to key expression key=topic_2
2026-06-17T19:08:22.894555Z  INFO async_nats: event: connected
2026-06-17T19:08:23.499452Z  INFO mq_bench::roles::subscriber: Starting subscriber engine=Nats key=topic_2 endpoint=None crash_enabled=false
2026-06-17T19:08:23.499484Z  INFO mq_bench::roles::subscriber: Connected via transport engine=Nats
2026-06-17T19:08:23.501774Z  INFO async_nats::connector: connected successfully server=4222 max_payload=10485760
2026-06-17T19:08:23.501866Z  INFO mq_bench::roles::subscriber: Subscribed to key expression key=topic_2
2026-06-17T19:08:23.501871Z  INFO async_nats: event: connected
2026-06-17T19:08:24.105990Z  INFO mq_bench::roles::subscriber: Starting subscriber engine=Nats key=topic_2 endpoint=None crash_enabled=false
2026-06-17T19:08:24.106025Z  INFO mq_bench::roles::subscriber: Connected via transport engine=Nats
2026-06-17T19:08:24.108386Z  INFO async_nats::connector: connected successfully server=4222 max_payload=10485760
2026-06-17T19:08:24.108472Z  INFO mq_bench::roles::subscriber: Subscribed to key expression key=topic_2
2026-06-17T19:08:24.108478Z  INFO async_nats: event: connected
2026-06-17T19:08:24.713491Z  INFO mq_bench::roles::subscriber: Starting subscriber engine=Nats key=topic_2 endpoint=None crash_enabled=false
2026-06-17T19:08:24.713524Z  INFO mq_bench::roles::subscriber: Connected via transport engine=Nats
2026-06-17T19:08:24.716156Z  INFO async_nats::connector: connected successfully server=4222 max_payload=10485760
2026-06-17T19:08:24.716274Z  INFO async_nats: event: connected
2026-06-17T19:08:24.716281Z  INFO mq_bench::roles::subscriber: Subscribed to key expression key=topic_2
2026-06-17T19:08:25.320770Z  INFO mq_bench::roles::subscriber: Starting subscriber engine=Nats key=topic_2 endpoint=None crash_enabled=false
2026-06-17T19:08:25.320826Z  INFO mq_bench::roles::subscriber: Connected via transport engine=Nats
2026-06-17T19:08:25.323093Z  INFO async_nats::connector: connected successfully server=4222 max_payload=10485760
2026-06-17T19:08:25.323166Z  INFO mq_bench::roles::subscriber: Subscribed to key expression key=topic_2
2026-06-17T19:08:25.323174Z  INFO async_nats: event: connected
2026-06-17T19:08:25.927725Z  INFO mq_bench::roles::subscriber: Starting subscriber engine=Nats key=topic_2 endpoint=None crash_enabled=false
2026-06-17T19:08:25.927775Z  INFO mq_bench::roles::subscriber: Connected via transport engine=Nats
2026-06-17T19:08:25.930026Z  INFO async_nats::connector: connected successfully server=4222 max_payload=10485760
2026-06-17T19:08:25.930102Z  INFO mq_bench::roles::subscriber: Subscribed to key expression key=topic_2
2026-06-17T19:08:25.930110Z  INFO async_nats: event: connected
2026-06-17T19:08:26.534760Z  INFO mq_bench::roles::subscriber: Starting subscriber engine=Nats key=topic_2 endpoint=None crash_enabled=false
2026-06-17T19:08:26.534795Z  INFO mq_bench::roles::subscriber: Connected via transport engine=Nats
2026-06-17T19:08:26.537222Z  INFO async_nats::connector: connected successfully server=4222 max_payload=10485760
2026-06-17T19:08:26.537304Z  INFO mq_bench::roles::subscriber: Subscribed to key expression key=topic_2
2026-06-17T19:08:26.537312Z  INFO async_nats: event: connected
2026-06-17T19:08:27.142043Z  INFO mq_bench::roles::subscriber: Starting subscriber engine=Nats key=topic_2 endpoint=None crash_enabled=false
2026-06-17T19:08:27.142097Z  INFO mq_bench::roles::subscriber: Connected via transport engine=Nats
2026-06-17T19:08:27.144401Z  INFO async_nats::connector: connected successfully server=4222 max_payload=10485760
2026-06-17T19:08:27.144486Z  INFO mq_bench::roles::subscriber: Subscribed to key expression key=topic_2
2026-06-17T19:08:27.144495Z  INFO async_nats: event: connected
2026-06-17T19:08:27.748961Z  INFO mq_bench::roles::subscriber: Starting subscriber engine=Nats key=topic_2 endpoint=None crash_enabled=false
2026-06-17T19:08:27.748998Z  INFO mq_bench::roles::subscriber: Connected via transport engine=Nats
2026-06-17T19:08:27.751257Z  INFO async_nats::connector: connected successfully server=4222 max_payload=10485760
2026-06-17T19:08:27.751346Z  INFO mq_bench::roles::subscriber: Subscribed to key expression key=topic_2
2026-06-17T19:08:27.751349Z  INFO async_nats: event: connected
2026-06-17T19:08:28.356269Z  INFO mq_bench::roles::subscriber: Starting subscriber engine=Nats key=topic_2 endpoint=None crash_enabled=false
2026-06-17T19:08:28.356299Z  INFO mq_bench::roles::subscriber: Connected via transport engine=Nats
2026-06-17T19:08:28.358586Z  INFO async_nats::connector: connected successfully server=4222 max_payload=10485760
2026-06-17T19:08:28.358683Z  INFO async_nats: event: connected
2026-06-17T19:08:28.358688Z  INFO mq_bench::roles::subscriber: Subscribed to key expression key=topic_2
2026-06-17T19:08:28.963533Z  INFO mq_bench::roles::subscriber: Starting subscriber engine=Nats key=topic_2 endpoint=None crash_enabled=false
2026-06-17T19:08:28.963579Z  INFO mq_bench::roles::subscriber: Connected via transport engine=Nats
2026-06-17T19:08:28.965804Z  INFO async_nats::connector: connected successfully server=4222 max_payload=10485760
2026-06-17T19:08:28.965885Z  INFO mq_bench::roles::subscriber: Subscribed to key expression key=topic_2
2026-06-17T19:08:28.965894Z  INFO async_nats: event: connected
2026-06-17T19:08:29.571367Z  INFO mq_bench::roles::subscriber: Starting subscriber engine=Nats key=topic_2 endpoint=None crash_enabled=false
2026-06-17T19:08:29.571399Z  INFO mq_bench::roles::subscriber: Connected via transport engine=Nats
2026-06-17T19:08:29.573805Z  INFO async_nats::connector: connected successfully server=4222 max_payload=10485760
2026-06-17T19:08:29.573893Z  INFO mq_bench::roles::subscriber: Subscribed to key expression key=topic_2
2026-06-17T19:08:29.573900Z  INFO async_nats: event: connected
2026-06-17T19:08:30.177796Z  INFO mq_bench::roles::subscriber: Starting subscriber engine=Nats key=topic_2 endpoint=None crash_enabled=false
2026-06-17T19:08:30.177833Z  INFO mq_bench::roles::subscriber: Connected via transport engine=Nats
2026-06-17T19:08:30.180242Z  INFO async_nats::connector: connected successfully server=4222 max_payload=10485760
2026-06-17T19:08:30.180344Z  INFO async_nats: event: connected
2026-06-17T19:08:30.180346Z  INFO mq_bench::roles::subscriber: Subscribed to key expression key=topic_2
2026-06-17T19:08:30.785573Z  INFO mq_bench::roles::subscriber: Starting subscriber engine=Nats key=topic_2 endpoint=None crash_enabled=false
2026-06-17T19:08:30.785627Z  INFO mq_bench::roles::subscriber: Connected via transport engine=Nats
2026-06-17T19:08:30.787903Z  INFO async_nats::connector: connected successfully server=4222 max_payload=10485760
2026-06-17T19:08:30.788003Z  INFO async_nats: event: connected
2026-06-17T19:08:30.788012Z  INFO mq_bench::roles::subscriber: Subscribed to key expression key=topic_2
2026-06-17T19:08:31.393179Z  INFO mq_bench::roles::subscriber: Starting subscriber engine=Nats key=topic_2 endpoint=None crash_enabled=false
2026-06-17T19:08:31.393236Z  INFO mq_bench::roles::subscriber: Connected via transport engine=Nats
2026-06-17T19:08:31.395438Z  INFO async_nats::connector: connected successfully server=4222 max_payload=10485760
2026-06-17T19:08:31.395532Z  INFO mq_bench::roles::subscriber: Subscribed to key expression key=topic_2
2026-06-17T19:08:31.395539Z  INFO async_nats: event: connected
2026-06-17T19:08:31.999829Z  INFO mq_bench::roles::subscriber: Starting subscriber engine=Nats key=topic_2 endpoint=None crash_enabled=false
2026-06-17T19:08:31.999862Z  INFO mq_bench::roles::subscriber: Connected via transport engine=Nats
2026-06-17T19:08:32.002252Z  INFO async_nats::connector: connected successfully server=4222 max_payload=10485760
2026-06-17T19:08:32.002329Z  INFO mq_bench::roles::subscriber: Subscribed to key expression key=topic_2
2026-06-17T19:08:32.002334Z  INFO async_nats: event: connected
2026-06-17T19:08:32.607465Z  INFO mq_bench::roles::subscriber: Starting subscriber engine=Nats key=topic_2 endpoint=None crash_enabled=false
2026-06-17T19:08:32.607496Z  INFO mq_bench::roles::subscriber: Connected via transport engine=Nats
2026-06-17T19:08:32.609610Z  INFO async_nats::connector: connected successfully server=4222 max_payload=10485760
2026-06-17T19:08:32.609703Z  INFO async_nats: event: connected
2026-06-17T19:08:32.609711Z  INFO mq_bench::roles::subscriber: Subscribed to key expression key=topic_2
2026-06-17T19:08:33.215558Z  INFO mq_bench::roles::subscriber: Starting subscriber engine=Nats key=topic_2 endpoint=None crash_enabled=false
2026-06-17T19:08:33.215594Z  INFO mq_bench::roles::subscriber: Connected via transport engine=Nats
2026-06-17T19:08:33.217730Z  INFO async_nats::connector: connected successfully server=4222 max_payload=10485760
2026-06-17T19:08:33.217829Z  INFO mq_bench::roles::subscriber: Subscribed to key expression key=topic_2
2026-06-17T19:08:33.217831Z  INFO async_nats: event: connected
2026-06-17T19:08:33.822623Z  INFO mq_bench::roles::subscriber: Starting subscriber engine=Nats key=topic_2 endpoint=None crash_enabled=false
2026-06-17T19:08:33.822658Z  INFO mq_bench::roles::subscriber: Connected via transport engine=Nats
2026-06-17T19:08:33.824926Z  INFO async_nats::connector: connected successfully server=4222 max_payload=10485760
2026-06-17T19:08:33.825000Z  INFO mq_bench::roles::subscriber: Subscribed to key expression key=topic_2
2026-06-17T19:08:33.825007Z  INFO async_nats: event: connected
