mq-bench starting with run_id: auto
Writing CSV output to: artifacts/fanout_bursty_20260623_021728_mqtt_artemis_p64_s1000_u10_bursty/fanout_singlesite/sub_7_7.csv
2026-06-23T02:17:28.645303Z  INFO mq_bench::roles::subscriber: Starting subscriber engine=Mqtt key=topic_7 endpoint=None crash_enabled=false
2026-06-23T02:17:28.645348Z  INFO mq_bench::roles::subscriber: Connected via transport engine=Mqtt
2026-06-23T02:17:28.645393Z  INFO mq_bench::roles::subscriber: Subscribed to key expression key=topic_7
2026-06-23T02:17:35.313660Z  INFO mq_bench::roles::subscriber: Starting subscriber engine=Mqtt key=topic_7 endpoint=None crash_enabled=false
2026-06-23T02:17:35.313952Z  INFO mq_bench::roles::subscriber: Connected via transport engine=Mqtt
2026-06-23T02:17:35.314013Z  INFO mq_bench::roles::subscriber: Subscribed to key expression key=topic_7
2026-06-23T02:17:41.981391Z  INFO mq_bench::roles::subscriber: Starting subscriber engine=Mqtt key=topic_7 endpoint=None crash_enabled=false
2026-06-23T02:17:41.981508Z  INFO mq_bench::roles::subscriber: Connected via transport engine=Mqtt
2026-06-23T02:17:41.981578Z  INFO mq_bench::roles::subscriber: Subscribed to key expression key=topic_7
2026-06-23T02:17:48.649253Z  INFO mq_bench::roles::subscriber: Starting subscriber engine=Mqtt key=topic_7 endpoint=None crash_enabled=false
2026-06-23T02:17:48.649304Z  INFO mq_bench::roles::subscriber: Connected via transport engine=Mqtt
2026-06-23T02:17:48.649383Z  INFO mq_bench::roles::subscriber: Subscribed to key expression key=topic_7
2026-06-23T02:17:55.317453Z  INFO mq_bench::roles::subscriber: Starting subscriber engine=Mqtt key=topic_7 endpoint=None crash_enabled=false
2026-06-23T02:17:55.317569Z  INFO mq_bench::roles::subscriber: Connected via transport engine=Mqtt
2026-06-23T02:17:55.317654Z  INFO mq_bench::roles::subscriber: Subscribed to key expression key=topic_7
2026-06-23T02:18:01.985234Z  INFO mq_bench::roles::subscriber: Starting subscriber engine=Mqtt key=topic_7 endpoint=None crash_enabled=false
2026-06-23T02:18:01.985292Z  INFO mq_bench::roles::subscriber: Connected via transport engine=Mqtt
2026-06-23T02:18:01.985361Z  INFO mq_bench::roles::subscriber: Subscribed to key expression key=topic_7
2026-06-23T02:18:08.653038Z  INFO mq_bench::roles::subscriber: Starting subscriber engine=Mqtt key=topic_7 endpoint=None crash_enabled=false
2026-06-23T02:18:08.653096Z  INFO mq_bench::roles::subscriber: Connected via transport engine=Mqtt
2026-06-23T02:18:08.653182Z  INFO mq_bench::roles::subscriber: Subscribed to key expression key=topic_7
2026-06-23T02:18:15.321043Z  INFO mq_bench::roles::subscriber: Starting subscriber engine=Mqtt key=topic_7 endpoint=None crash_enabled=false
2026-06-23T02:18:15.321097Z  INFO mq_bench::roles::subscriber: Connected via transport engine=Mqtt
2026-06-23T02:18:15.321181Z  INFO mq_bench::roles::subscriber: Subscribed to key expression key=topic_7
2026-06-23T02:18:21.989612Z  INFO mq_bench::roles::subscriber: Starting subscriber engine=Mqtt key=topic_7 endpoint=None crash_enabled=false
2026-06-23T02:18:21.989661Z  INFO mq_bench::roles::subscriber: Connected via transport engine=Mqtt
2026-06-23T02:18:21.989748Z  INFO mq_bench::roles::subscriber: Subscribed to key expression key=topic_7
2026-06-23T02:18:28.657533Z  INFO mq_bench::roles::subscriber: Starting subscriber engine=Mqtt key=topic_7 endpoint=None crash_enabled=false
2026-06-23T02:18:28.657590Z  INFO mq_bench::roles::subscriber: Connected via transport engine=Mqtt
2026-06-23T02:18:28.657673Z  INFO mq_bench::roles::subscriber: Subscribed to key expression key=topic_7
2026-06-23T02:29:58.689101Z  WARN mq_bench::transport::mqtt: MQTT subscription eventloop error; continuing poll loop client_id=sub-mqb-5bfe14c8e69e4082-93d6e04f2f1f496fb363f387aef243c6 error=Mqtt state: Last pingreq isn't acked
2026-06-23T02:29:59.454684Z  WARN mq_bench::transport::mqtt: MQTT subscription eventloop error; continuing poll loop client_id=sub-mqb-5bfe14c8e69e4082-9abf5f127b5349ab953ef627f07e787a error=Mqtt state: Last pingreq isn't acked
2026-06-23T02:30:04.691513Z  WARN mq_bench::transport::mqtt: MQTT subscription eventloop error; continuing poll loop client_id=sub-mqb-5bfe14c8e69e4082-93d6e04f2f1f496fb363f387aef243c6 error=Network timeout
2026-06-23T02:30:05.457286Z  WARN mq_bench::transport::mqtt: MQTT subscription eventloop error; continuing poll loop client_id=sub-mqb-5bfe14c8e69e4082-9abf5f127b5349ab953ef627f07e787a error=Network timeout
2026-06-23T02:30:08.690441Z  WARN mq_bench::transport::mqtt: MQTT subscription eventloop error; continuing poll loop client_id=sub-mqb-5bfe14c8e69e4082-434b928a357b42e3a087b5951c2a74c1 error=Mqtt state: Last pingreq isn't acked
2026-06-23T02:30:10.692846Z  WARN mq_bench::transport::mqtt: MQTT subscription eventloop error; continuing poll loop client_id=sub-mqb-5bfe14c8e69e4082-93d6e04f2f1f496fb363f387aef243c6 error=Network timeout
2026-06-23T02:30:11.459516Z  WARN mq_bench::transport::mqtt: MQTT subscription eventloop error; continuing poll loop client_id=sub-mqb-5bfe14c8e69e4082-9abf5f127b5349ab953ef627f07e787a error=Network timeout
2026-06-23T02:30:14.692692Z  WARN mq_bench::transport::mqtt: MQTT subscription eventloop error; continuing poll loop client_id=sub-mqb-5bfe14c8e69e4082-434b928a357b42e3a087b5951c2a74c1 error=Network timeout
2026-06-23T02:30:15.348997Z  WARN mq_bench::transport::mqtt: MQTT subscription eventloop error; continuing poll loop client_id=sub-mqb-5bfe14c8e69e4082-be658b3e94fe42c0aab107561ca6d049 error=Mqtt state: Last pingreq isn't acked
2026-06-23T02:30:16.695091Z  WARN mq_bench::transport::mqtt: MQTT subscription eventloop error; continuing poll loop client_id=sub-mqb-5bfe14c8e69e4082-93d6e04f2f1f496fb363f387aef243c6 error=Network timeout
2026-06-23T02:30:17.461598Z  WARN mq_bench::transport::mqtt: MQTT subscription eventloop error; continuing poll loop client_id=sub-mqb-5bfe14c8e69e4082-9abf5f127b5349ab953ef627f07e787a error=Network timeout
2026-06-23T02:30:18.679990Z  WARN mq_bench::transport::mqtt: MQTT subscription eventloop error; continuing poll loop client_id=sub-mqb-5bfe14c8e69e4082-89221478be834fa5bb8d089811e27eee error=Mqtt state: Last pingreq isn't acked
2026-06-23T02:30:20.695307Z  WARN mq_bench::transport::mqtt: MQTT subscription eventloop error; continuing poll loop client_id=sub-mqb-5bfe14c8e69e4082-434b928a357b42e3a087b5951c2a74c1 error=Network timeout
2026-06-23T02:30:21.351532Z  WARN mq_bench::transport::mqtt: MQTT subscription eventloop error; continuing poll loop client_id=sub-mqb-5bfe14c8e69e4082-be658b3e94fe42c0aab107561ca6d049 error=Network timeout
2026-06-23T02:30:22.697229Z  WARN mq_bench::transport::mqtt: MQTT subscription eventloop error; continuing poll loop client_id=sub-mqb-5bfe14c8e69e4082-93d6e04f2f1f496fb363f387aef243c6 error=Network timeout
2026-06-23T02:30:23.463770Z  WARN mq_bench::transport::mqtt: MQTT subscription eventloop error; continuing poll loop client_id=sub-mqb-5bfe14c8e69e4082-9abf5f127b5349ab953ef627f07e787a error=Network timeout
2026-06-23T02:30:24.682103Z  WARN mq_bench::transport::mqtt: MQTT subscription eventloop error; continuing poll loop client_id=sub-mqb-5bfe14c8e69e4082-89221478be834fa5bb8d089811e27eee error=Network timeout
2026-06-23T02:30:25.347454Z  WARN mq_bench::transport::mqtt: MQTT subscription eventloop error; continuing poll loop client_id=sub-mqb-5bfe14c8e69e4082-c9ef9ff6f717454792091eec091c3988 error=Mqtt state: Last pingreq isn't acked
2026-06-23T02:30:26.696939Z  WARN mq_bench::transport::mqtt: MQTT subscription eventloop error; continuing poll loop client_id=sub-mqb-5bfe14c8e69e4082-434b928a357b42e3a087b5951c2a74c1 error=Network timeout
2026-06-23T02:30:27.353248Z  WARN mq_bench::transport::mqtt: MQTT subscription eventloop error; continuing poll loop client_id=sub-mqb-5bfe14c8e69e4082-be658b3e94fe42c0aab107561ca6d049 error=Network timeout
2026-06-23T02:30:28.698951Z  WARN mq_bench::transport::mqtt: MQTT subscription eventloop error; continuing poll loop client_id=sub-mqb-5bfe14c8e69e4082-93d6e04f2f1f496fb363f387aef243c6 error=Network timeout
2026-06-23T02:30:29.466495Z  WARN mq_bench::transport::mqtt: MQTT subscription eventloop error; continuing poll loop client_id=sub-mqb-5bfe14c8e69e4082-9abf5f127b5349ab953ef627f07e787a error=Network timeout
2026-06-23T02:30:30.684623Z  WARN mq_bench::transport::mqtt: MQTT subscription eventloop error; continuing poll loop client_id=sub-mqb-5bfe14c8e69e4082-89221478be834fa5bb8d089811e27eee error=Network timeout
2026-06-23T02:30:31.348859Z  WARN mq_bench::transport::mqtt: MQTT subscription eventloop error; continuing poll loop client_id=sub-mqb-5bfe14c8e69e4082-c9ef9ff6f717454792091eec091c3988 error=Network timeout
2026-06-23T02:30:32.014669Z  WARN mq_bench::transport::mqtt: MQTT subscription eventloop error; continuing poll loop client_id=sub-mqb-5bfe14c8e69e4082-fc549dff3d0a460da46be6e37bb29f1a error=Mqtt state: Last pingreq isn't acked
2026-06-23T02:30:32.699472Z  WARN mq_bench::transport::mqtt: MQTT subscription eventloop error; continuing poll loop client_id=sub-mqb-5bfe14c8e69e4082-434b928a357b42e3a087b5951c2a74c1 error=Network timeout
2026-06-23T02:30:33.354991Z  WARN mq_bench::transport::mqtt: MQTT subscription eventloop error; continuing poll loop client_id=sub-mqb-5bfe14c8e69e4082-be658b3e94fe42c0aab107561ca6d049 error=Network timeout
