mq-bench starting with run_id: auto
Writing CSV output to: artifacts/fanout_bursty_20260623_021728_mqtt_artemis_p64_s1000_u10_bursty/fanout_singlesite/sub_4_7.csv
2026-06-23T02:17:28.525190Z  INFO mq_bench::roles::subscriber: Starting subscriber engine=Mqtt key=topic_4 endpoint=None crash_enabled=false
2026-06-23T02:17:28.525245Z  INFO mq_bench::roles::subscriber: Connected via transport engine=Mqtt
2026-06-23T02:17:28.525291Z  INFO mq_bench::roles::subscriber: Subscribed to key expression key=topic_4
2026-06-23T02:17:35.192868Z  INFO mq_bench::roles::subscriber: Starting subscriber engine=Mqtt key=topic_4 endpoint=None crash_enabled=false
2026-06-23T02:17:35.192928Z  INFO mq_bench::roles::subscriber: Connected via transport engine=Mqtt
2026-06-23T02:17:35.192998Z  INFO mq_bench::roles::subscriber: Subscribed to key expression key=topic_4
2026-06-23T02:17:41.859906Z  INFO mq_bench::roles::subscriber: Starting subscriber engine=Mqtt key=topic_4 endpoint=None crash_enabled=false
2026-06-23T02:17:41.860018Z  INFO mq_bench::roles::subscriber: Connected via transport engine=Mqtt
2026-06-23T02:17:41.860083Z  INFO mq_bench::roles::subscriber: Subscribed to key expression key=topic_4
2026-06-23T02:17:48.527870Z  INFO mq_bench::roles::subscriber: Starting subscriber engine=Mqtt key=topic_4 endpoint=None crash_enabled=false
2026-06-23T02:17:48.527920Z  INFO mq_bench::roles::subscriber: Connected via transport engine=Mqtt
2026-06-23T02:17:48.527986Z  INFO mq_bench::roles::subscriber: Subscribed to key expression key=topic_4
2026-06-23T02:17:55.195051Z  INFO mq_bench::roles::subscriber: Starting subscriber engine=Mqtt key=topic_4 endpoint=None crash_enabled=false
2026-06-23T02:17:55.195167Z  INFO mq_bench::roles::subscriber: Connected via transport engine=Mqtt
2026-06-23T02:17:55.195280Z  INFO mq_bench::roles::subscriber: Subscribed to key expression key=topic_4
2026-06-23T02:18:01.863582Z  INFO mq_bench::roles::subscriber: Starting subscriber engine=Mqtt key=topic_4 endpoint=None crash_enabled=false
2026-06-23T02:18:01.863635Z  INFO mq_bench::roles::subscriber: Connected via transport engine=Mqtt
2026-06-23T02:18:01.863730Z  INFO mq_bench::roles::subscriber: Subscribed to key expression key=topic_4
2026-06-23T02:18:08.531434Z  INFO mq_bench::roles::subscriber: Starting subscriber engine=Mqtt key=topic_4 endpoint=None crash_enabled=false
2026-06-23T02:18:08.531507Z  INFO mq_bench::roles::subscriber: Connected via transport engine=Mqtt
2026-06-23T02:18:08.531584Z  INFO mq_bench::roles::subscriber: Subscribed to key expression key=topic_4
2026-06-23T02:18:15.199347Z  INFO mq_bench::roles::subscriber: Starting subscriber engine=Mqtt key=topic_4 endpoint=None crash_enabled=false
2026-06-23T02:18:15.199399Z  INFO mq_bench::roles::subscriber: Connected via transport engine=Mqtt
2026-06-23T02:18:15.199481Z  INFO mq_bench::roles::subscriber: Subscribed to key expression key=topic_4
2026-06-23T02:18:21.867086Z  INFO mq_bench::roles::subscriber: Starting subscriber engine=Mqtt key=topic_4 endpoint=None crash_enabled=false
2026-06-23T02:18:21.867142Z  INFO mq_bench::roles::subscriber: Connected via transport engine=Mqtt
2026-06-23T02:18:21.867271Z  INFO mq_bench::roles::subscriber: Subscribed to key expression key=topic_4
2026-06-23T02:18:28.535388Z  INFO mq_bench::roles::subscriber: Starting subscriber engine=Mqtt key=topic_4 endpoint=None crash_enabled=false
2026-06-23T02:18:28.535458Z  INFO mq_bench::roles::subscriber: Connected via transport engine=Mqtt
2026-06-23T02:18:28.535534Z  INFO mq_bench::roles::subscriber: Subscribed to key expression key=topic_4
2026-06-23T02:30:01.892844Z  WARN mq_bench::transport::mqtt: MQTT subscription eventloop error; continuing poll loop client_id=sub-mqb-5bfe13c8e69e3ecf-f0e52589b9664e268c1716572efb4e07 error=Mqtt state: Last pingreq isn't acked
2026-06-23T02:30:07.895114Z  WARN mq_bench::transport::mqtt: MQTT subscription eventloop error; continuing poll loop client_id=sub-mqb-5bfe13c8e69e3ecf-f0e52589b9664e268c1716572efb4e07 error=Network timeout
2026-06-23T02:30:08.559883Z  WARN mq_bench::transport::mqtt: MQTT subscription eventloop error; continuing poll loop client_id=sub-mqb-5bfe13c8e69e3ecf-ef8539a503264905b2cc202e25896a79 error=Mqtt state: Last pingreq isn't acked
2026-06-23T02:30:11.889031Z  WARN mq_bench::transport::mqtt: MQTT subscription eventloop error; continuing poll loop client_id=sub-mqb-5bfe13c8e69e3ecf-2b80e2753de349af9c93b5cbcab147d7 error=Mqtt state: Last pingreq isn't acked
2026-06-23T02:30:13.898309Z  WARN mq_bench::transport::mqtt: MQTT subscription eventloop error; continuing poll loop client_id=sub-mqb-5bfe13c8e69e3ecf-f0e52589b9664e268c1716572efb4e07 error=Network timeout
2026-06-23T02:30:14.561697Z  WARN mq_bench::transport::mqtt: MQTT subscription eventloop error; continuing poll loop client_id=sub-mqb-5bfe13c8e69e3ecf-ef8539a503264905b2cc202e25896a79 error=Network timeout
2026-06-23T02:30:17.890889Z  WARN mq_bench::transport::mqtt: MQTT subscription eventloop error; continuing poll loop client_id=sub-mqb-5bfe13c8e69e3ecf-2b80e2753de349af9c93b5cbcab147d7 error=Network timeout
2026-06-23T02:30:19.900353Z  WARN mq_bench::transport::mqtt: MQTT subscription eventloop error; continuing poll loop client_id=sub-mqb-5bfe13c8e69e3ecf-f0e52589b9664e268c1716572efb4e07 error=Network timeout
2026-06-23T02:30:20.563860Z  WARN mq_bench::transport::mqtt: MQTT subscription eventloop error; continuing poll loop client_id=sub-mqb-5bfe13c8e69e3ecf-ef8539a503264905b2cc202e25896a79 error=Network timeout
2026-06-23T02:30:21.895159Z  WARN mq_bench::transport::mqtt: MQTT subscription eventloop error; continuing poll loop client_id=sub-mqb-5bfe13c8e69e3ecf-37ef3671558843f695ea5255ded35e1a error=Mqtt state: Last pingreq isn't acked
2026-06-23T02:30:23.893496Z  WARN mq_bench::transport::mqtt: MQTT subscription eventloop error; continuing poll loop client_id=sub-mqb-5bfe13c8e69e3ecf-2b80e2753de349af9c93b5cbcab147d7 error=Network timeout
2026-06-23T02:30:25.902089Z  WARN mq_bench::transport::mqtt: MQTT subscription eventloop error; continuing poll loop client_id=sub-mqb-5bfe13c8e69e3ecf-f0e52589b9664e268c1716572efb4e07 error=Network timeout
2026-06-23T02:30:26.565683Z  WARN mq_bench::transport::mqtt: MQTT subscription eventloop error; continuing poll loop client_id=sub-mqb-5bfe13c8e69e3ecf-ef8539a503264905b2cc202e25896a79 error=Network timeout
2026-06-23T02:30:27.896971Z  WARN mq_bench::transport::mqtt: MQTT subscription eventloop error; continuing poll loop client_id=sub-mqb-5bfe13c8e69e3ecf-37ef3671558843f695ea5255ded35e1a error=Network timeout
2026-06-23T02:30:28.565578Z  WARN mq_bench::transport::mqtt: MQTT subscription eventloop error; continuing poll loop client_id=sub-mqb-5bfe13c8e69e3ecf-b06c00e8f04f4626b6d7c8eb97d3243e error=Mqtt state: Last pingreq isn't acked
2026-06-23T02:30:29.420726Z  WARN mq_bench::transport::mqtt: MQTT subscription eventloop error; continuing poll loop client_id=sub-mqb-5bfe13c8e69e3ecf-6ebacbed70454e28a456ac5d015a7c41 error=Mqtt state: Last pingreq isn't acked
2026-06-23T02:30:29.896126Z  WARN mq_bench::transport::mqtt: MQTT subscription eventloop error; continuing poll loop client_id=sub-mqb-5bfe13c8e69e3ecf-2b80e2753de349af9c93b5cbcab147d7 error=Network timeout
2026-06-23T02:30:31.903977Z  WARN mq_bench::transport::mqtt: MQTT subscription eventloop error; continuing poll loop client_id=sub-mqb-5bfe13c8e69e3ecf-f0e52589b9664e268c1716572efb4e07 error=Network timeout
2026-06-23T02:30:32.568602Z  WARN mq_bench::transport::mqtt: MQTT subscription eventloop error; continuing poll loop client_id=sub-mqb-5bfe13c8e69e3ecf-ef8539a503264905b2cc202e25896a79 error=Network timeout
