mq-bench starting with run_id: auto
Writing CSV output to: artifacts/fanout_bursty_20260623_021728_mqtt_artemis_p64_s1000_u10_bursty/fanout_singlesite/sub_1_5.csv
2026-06-23T02:17:28.401577Z  INFO mq_bench::roles::subscriber: Starting subscriber engine=Mqtt key=topic_1 endpoint=None crash_enabled=false
2026-06-23T02:17:28.401629Z  INFO mq_bench::roles::subscriber: Connected via transport engine=Mqtt
2026-06-23T02:17:28.401661Z  INFO mq_bench::roles::subscriber: Subscribed to key expression key=topic_1
2026-06-23T02:17:35.069288Z  INFO mq_bench::roles::subscriber: Starting subscriber engine=Mqtt key=topic_1 endpoint=None crash_enabled=false
2026-06-23T02:17:35.069401Z  INFO mq_bench::roles::subscriber: Connected via transport engine=Mqtt
2026-06-23T02:17:35.069469Z  INFO mq_bench::roles::subscriber: Subscribed to key expression key=topic_1
2026-06-23T02:17:41.737807Z  INFO mq_bench::roles::subscriber: Starting subscriber engine=Mqtt key=topic_1 endpoint=None crash_enabled=false
2026-06-23T02:17:41.737914Z  INFO mq_bench::roles::subscriber: Connected via transport engine=Mqtt
2026-06-23T02:17:41.737979Z  INFO mq_bench::roles::subscriber: Subscribed to key expression key=topic_1
2026-06-23T02:17:48.405721Z  INFO mq_bench::roles::subscriber: Starting subscriber engine=Mqtt key=topic_1 endpoint=None crash_enabled=false
2026-06-23T02:17:48.405775Z  INFO mq_bench::roles::subscriber: Connected via transport engine=Mqtt
2026-06-23T02:17:48.405845Z  INFO mq_bench::roles::subscriber: Subscribed to key expression key=topic_1
2026-06-23T02:17:55.073910Z  INFO mq_bench::roles::subscriber: Starting subscriber engine=Mqtt key=topic_1 endpoint=None crash_enabled=false
2026-06-23T02:17:55.073966Z  INFO mq_bench::roles::subscriber: Connected via transport engine=Mqtt
2026-06-23T02:17:55.074051Z  INFO mq_bench::roles::subscriber: Subscribed to key expression key=topic_1
2026-06-23T02:18:01.741671Z  INFO mq_bench::roles::subscriber: Starting subscriber engine=Mqtt key=topic_1 endpoint=None crash_enabled=false
2026-06-23T02:18:01.741737Z  INFO mq_bench::roles::subscriber: Connected via transport engine=Mqtt
2026-06-23T02:18:01.741813Z  INFO mq_bench::roles::subscriber: Subscribed to key expression key=topic_1
2026-06-23T02:18:08.409795Z  INFO mq_bench::roles::subscriber: Starting subscriber engine=Mqtt key=topic_1 endpoint=None crash_enabled=false
2026-06-23T02:18:08.409842Z  INFO mq_bench::roles::subscriber: Connected via transport engine=Mqtt
2026-06-23T02:18:08.409931Z  INFO mq_bench::roles::subscriber: Subscribed to key expression key=topic_1
2026-06-23T02:18:15.077177Z  INFO mq_bench::roles::subscriber: Starting subscriber engine=Mqtt key=topic_1 endpoint=None crash_enabled=false
2026-06-23T02:18:15.077269Z  INFO mq_bench::roles::subscriber: Connected via transport engine=Mqtt
2026-06-23T02:18:15.077368Z  INFO mq_bench::roles::subscriber: Subscribed to key expression key=topic_1
2026-06-23T02:18:21.744777Z  INFO mq_bench::roles::subscriber: Starting subscriber engine=Mqtt key=topic_1 endpoint=None crash_enabled=false
2026-06-23T02:18:21.744865Z  INFO mq_bench::roles::subscriber: Connected via transport engine=Mqtt
2026-06-23T02:18:21.744943Z  INFO mq_bench::roles::subscriber: Subscribed to key expression key=topic_1
2026-06-23T02:18:28.412013Z  INFO mq_bench::roles::subscriber: Starting subscriber engine=Mqtt key=topic_1 endpoint=None crash_enabled=false
2026-06-23T02:18:28.412069Z  INFO mq_bench::roles::subscriber: Connected via transport engine=Mqtt
2026-06-23T02:18:28.412156Z  INFO mq_bench::roles::subscriber: Subscribed to key expression key=topic_1
2026-06-23T02:29:55.108723Z  WARN mq_bench::transport::mqtt: MQTT subscription eventloop error; continuing poll loop client_id=sub-mqb-5bfe0ec8e69e3650-d8b8f9c4ec6b4d6193c630cdd132804f error=Mqtt state: Last pingreq isn't acked
2026-06-23T02:30:01.110930Z  WARN mq_bench::transport::mqtt: MQTT subscription eventloop error; continuing poll loop client_id=sub-mqb-5bfe0ec8e69e3650-d8b8f9c4ec6b4d6193c630cdd132804f error=Network timeout
2026-06-23T02:30:05.123434Z  WARN mq_bench::transport::mqtt: MQTT subscription eventloop error; continuing poll loop client_id=sub-mqb-5bfe0ec8e69e3650-adfdbacba65f4276b3c380948ebe9a89 error=Mqtt state: Last pingreq isn't acked
2026-06-23T02:30:07.113971Z  WARN mq_bench::transport::mqtt: MQTT subscription eventloop error; continuing poll loop client_id=sub-mqb-5bfe0ec8e69e3650-d8b8f9c4ec6b4d6193c630cdd132804f error=Network timeout
2026-06-23T02:30:11.125945Z  WARN mq_bench::transport::mqtt: MQTT subscription eventloop error; continuing poll loop client_id=sub-mqb-5bfe0ec8e69e3650-adfdbacba65f4276b3c380948ebe9a89 error=Network timeout
2026-06-23T02:30:13.117511Z  WARN mq_bench::transport::mqtt: MQTT subscription eventloop error; continuing poll loop client_id=sub-mqb-5bfe0ec8e69e3650-d8b8f9c4ec6b4d6193c630cdd132804f error=Network timeout
2026-06-23T02:30:15.111701Z  WARN mq_bench::transport::mqtt: MQTT subscription eventloop error; continuing poll loop client_id=sub-mqb-5bfe0ec8e69e3650-1ecf254339fe4061b824971c8d4cd2ae error=Mqtt state: Last pingreq isn't acked
2026-06-23T02:30:17.127963Z  WARN mq_bench::transport::mqtt: MQTT subscription eventloop error; continuing poll loop client_id=sub-mqb-5bfe0ec8e69e3650-adfdbacba65f4276b3c380948ebe9a89 error=Network timeout
2026-06-23T02:30:19.119277Z  WARN mq_bench::transport::mqtt: MQTT subscription eventloop error; continuing poll loop client_id=sub-mqb-5bfe0ec8e69e3650-d8b8f9c4ec6b4d6193c630cdd132804f error=Network timeout
2026-06-23T02:30:21.113540Z  WARN mq_bench::transport::mqtt: MQTT subscription eventloop error; continuing poll loop client_id=sub-mqb-5bfe0ec8e69e3650-1ecf254339fe4061b824971c8d4cd2ae error=Network timeout
2026-06-23T02:30:21.775145Z  WARN mq_bench::transport::mqtt: MQTT subscription eventloop error; continuing poll loop client_id=sub-mqb-5bfe0ec8e69e3650-4eada7f3a03c4cad92f8ccc4933c9c9b error=Mqtt state: Last pingreq isn't acked
2026-06-23T02:30:23.130481Z  WARN mq_bench::transport::mqtt: MQTT subscription eventloop error; continuing poll loop client_id=sub-mqb-5bfe0ec8e69e3650-adfdbacba65f4276b3c380948ebe9a89 error=Network timeout
2026-06-23T02:30:25.121708Z  WARN mq_bench::transport::mqtt: MQTT subscription eventloop error; continuing poll loop client_id=sub-mqb-5bfe0ec8e69e3650-d8b8f9c4ec6b4d6193c630cdd132804f error=Network timeout
2026-06-23T02:30:27.115785Z  WARN mq_bench::transport::mqtt: MQTT subscription eventloop error; continuing poll loop client_id=sub-mqb-5bfe0ec8e69e3650-1ecf254339fe4061b824971c8d4cd2ae error=Network timeout
2026-06-23T02:30:27.777169Z  WARN mq_bench::transport::mqtt: MQTT subscription eventloop error; continuing poll loop client_id=sub-mqb-5bfe0ec8e69e3650-4eada7f3a03c4cad92f8ccc4933c9c9b error=Network timeout
2026-06-23T02:30:28.444114Z  WARN mq_bench::transport::mqtt: MQTT subscription eventloop error; continuing poll loop client_id=sub-mqb-5bfe0ec8e69e3650-8c5cc3255bee4184b8b170ab932df7cd error=Mqtt state: Last pingreq isn't acked
2026-06-23T02:30:29.132799Z  WARN mq_bench::transport::mqtt: MQTT subscription eventloop error; continuing poll loop client_id=sub-mqb-5bfe0ec8e69e3650-adfdbacba65f4276b3c380948ebe9a89 error=Network timeout
2026-06-23T02:30:29.424700Z  WARN mq_bench::transport::mqtt: MQTT subscription eventloop error; continuing poll loop client_id=sub-mqb-5bfe0ec8e69e3650-3fe1050b8ca2498f801920790395b103 error=Mqtt state: Last pingreq isn't acked
2026-06-23T02:30:31.123757Z  WARN mq_bench::transport::mqtt: MQTT subscription eventloop error; continuing poll loop client_id=sub-mqb-5bfe0ec8e69e3650-d8b8f9c4ec6b4d6193c630cdd132804f error=Network timeout
2026-06-23T02:30:31.771244Z  WARN mq_bench::transport::mqtt: MQTT subscription eventloop error; continuing poll loop client_id=sub-mqb-5bfe0ec8e69e3650-f5ff3836f0a544aa9c150cec383bce03 error=Mqtt state: Last pingreq isn't acked
2026-06-23T02:30:33.118428Z  WARN mq_bench::transport::mqtt: MQTT subscription eventloop error; continuing poll loop client_id=sub-mqb-5bfe0ec8e69e3650-1ecf254339fe4061b824971c8d4cd2ae error=Network timeout
