mq-bench starting with run_id: auto
Writing CSV output to: artifacts/fanout_bursty_20260623_021728_mqtt_artemis_p64_s1000_u10_bursty/fanout_singlesite/sub_6_1.csv
2026-06-23T02:17:28.581587Z  INFO mq_bench::roles::subscriber: Starting subscriber engine=Mqtt key=topic_6 endpoint=None crash_enabled=false
2026-06-23T02:17:28.581634Z  INFO mq_bench::roles::subscriber: Connected via transport engine=Mqtt
2026-06-23T02:17:28.581677Z  INFO mq_bench::roles::subscriber: Subscribed to key expression key=topic_6
2026-06-23T02:17:35.249461Z  INFO mq_bench::roles::subscriber: Starting subscriber engine=Mqtt key=topic_6 endpoint=None crash_enabled=false
2026-06-23T02:17:35.249571Z  INFO mq_bench::roles::subscriber: Connected via transport engine=Mqtt
2026-06-23T02:17:35.249641Z  INFO mq_bench::roles::subscriber: Subscribed to key expression key=topic_6
2026-06-23T02:17:41.917688Z  INFO mq_bench::roles::subscriber: Starting subscriber engine=Mqtt key=topic_6 endpoint=None crash_enabled=false
2026-06-23T02:17:41.917819Z  INFO mq_bench::roles::subscriber: Connected via transport engine=Mqtt
2026-06-23T02:17:41.917886Z  INFO mq_bench::roles::subscriber: Subscribed to key expression key=topic_6
2026-06-23T02:17:48.585551Z  INFO mq_bench::roles::subscriber: Starting subscriber engine=Mqtt key=topic_6 endpoint=None crash_enabled=false
2026-06-23T02:17:48.585606Z  INFO mq_bench::roles::subscriber: Connected via transport engine=Mqtt
2026-06-23T02:17:48.585681Z  INFO mq_bench::roles::subscriber: Subscribed to key expression key=topic_6
2026-06-23T02:17:55.253701Z  INFO mq_bench::roles::subscriber: Starting subscriber engine=Mqtt key=topic_6 endpoint=None crash_enabled=false
2026-06-23T02:17:55.253772Z  INFO mq_bench::roles::subscriber: Connected via transport engine=Mqtt
2026-06-23T02:17:55.253861Z  INFO mq_bench::roles::subscriber: Subscribed to key expression key=topic_6
2026-06-23T02:18:01.921882Z  INFO mq_bench::roles::subscriber: Starting subscriber engine=Mqtt key=topic_6 endpoint=None crash_enabled=false
2026-06-23T02:18:01.921943Z  INFO mq_bench::roles::subscriber: Connected via transport engine=Mqtt
2026-06-23T02:18:01.922012Z  INFO mq_bench::roles::subscriber: Subscribed to key expression key=topic_6
2026-06-23T02:18:08.589413Z  INFO mq_bench::roles::subscriber: Starting subscriber engine=Mqtt key=topic_6 endpoint=None crash_enabled=false
2026-06-23T02:18:08.589477Z  INFO mq_bench::roles::subscriber: Connected via transport engine=Mqtt
2026-06-23T02:18:08.589573Z  INFO mq_bench::roles::subscriber: Subscribed to key expression key=topic_6
2026-06-23T02:18:15.257554Z  INFO mq_bench::roles::subscriber: Starting subscriber engine=Mqtt key=topic_6 endpoint=None crash_enabled=false
2026-06-23T02:18:15.257608Z  INFO mq_bench::roles::subscriber: Connected via transport engine=Mqtt
2026-06-23T02:18:15.257688Z  INFO mq_bench::roles::subscriber: Subscribed to key expression key=topic_6
2026-06-23T02:18:21.925615Z  INFO mq_bench::roles::subscriber: Starting subscriber engine=Mqtt key=topic_6 endpoint=None crash_enabled=false
2026-06-23T02:18:21.925687Z  INFO mq_bench::roles::subscriber: Connected via transport engine=Mqtt
2026-06-23T02:18:21.925765Z  INFO mq_bench::roles::subscriber: Subscribed to key expression key=topic_6
2026-06-23T02:18:28.593447Z  INFO mq_bench::roles::subscriber: Starting subscriber engine=Mqtt key=topic_6 endpoint=None crash_enabled=false
2026-06-23T02:18:28.593499Z  INFO mq_bench::roles::subscriber: Connected via transport engine=Mqtt
2026-06-23T02:18:28.593579Z  INFO mq_bench::roles::subscriber: Subscribed to key expression key=topic_6
2026-06-23T02:29:55.284839Z  WARN mq_bench::transport::mqtt: MQTT subscription eventloop error; continuing poll loop client_id=sub-mqb-5bfe15c8e69e4235-6a8e1f4ee84a4b0486ec6f10e1ca0f5d error=Mqtt state: Last pingreq isn't acked
2026-06-23T02:30:01.287034Z  WARN mq_bench::transport::mqtt: MQTT subscription eventloop error; continuing poll loop client_id=sub-mqb-5bfe15c8e69e4235-6a8e1f4ee84a4b0486ec6f10e1ca0f5d error=Network timeout
2026-06-23T02:30:05.280979Z  WARN mq_bench::transport::mqtt: MQTT subscription eventloop error; continuing poll loop client_id=sub-mqb-5bfe15c8e69e4235-016cd1aa5c98462f9ebda29429403dcf error=Mqtt state: Last pingreq isn't acked
2026-06-23T02:30:07.289373Z  WARN mq_bench::transport::mqtt: MQTT subscription eventloop error; continuing poll loop client_id=sub-mqb-5bfe15c8e69e4235-6a8e1f4ee84a4b0486ec6f10e1ca0f5d error=Network timeout
2026-06-23T02:30:11.283429Z  WARN mq_bench::transport::mqtt: MQTT subscription eventloop error; continuing poll loop client_id=sub-mqb-5bfe15c8e69e4235-016cd1aa5c98462f9ebda29429403dcf error=Network timeout
2026-06-23T02:30:11.948006Z  WARN mq_bench::transport::mqtt: MQTT subscription eventloop error; continuing poll loop client_id=sub-mqb-5bfe15c8e69e4235-14b1bc7810764c69abe6acf08cae0945 error=Mqtt state: Last pingreq isn't acked
2026-06-23T02:30:13.291271Z  WARN mq_bench::transport::mqtt: MQTT subscription eventloop error; continuing poll loop client_id=sub-mqb-5bfe15c8e69e4235-6a8e1f4ee84a4b0486ec6f10e1ca0f5d error=Network timeout
2026-06-23T02:30:15.286638Z  WARN mq_bench::transport::mqtt: MQTT subscription eventloop error; continuing poll loop client_id=sub-mqb-5bfe15c8e69e4235-9b73b4ee1e89495680da241b41163af9 error=Mqtt state: Last pingreq isn't acked
2026-06-23T02:30:17.285003Z  WARN mq_bench::transport::mqtt: MQTT subscription eventloop error; continuing poll loop client_id=sub-mqb-5bfe15c8e69e4235-016cd1aa5c98462f9ebda29429403dcf error=Network timeout
2026-06-23T02:30:17.950541Z  WARN mq_bench::transport::mqtt: MQTT subscription eventloop error; continuing poll loop client_id=sub-mqb-5bfe15c8e69e4235-14b1bc7810764c69abe6acf08cae0945 error=Network timeout
2026-06-23T02:30:19.292995Z  WARN mq_bench::transport::mqtt: MQTT subscription eventloop error; continuing poll loop client_id=sub-mqb-5bfe15c8e69e4235-6a8e1f4ee84a4b0486ec6f10e1ca0f5d error=Network timeout
2026-06-23T02:30:21.288326Z  WARN mq_bench::transport::mqtt: MQTT subscription eventloop error; continuing poll loop client_id=sub-mqb-5bfe15c8e69e4235-9b73b4ee1e89495680da241b41163af9 error=Network timeout
2026-06-23T02:30:21.957900Z  WARN mq_bench::transport::mqtt: MQTT subscription eventloop error; continuing poll loop client_id=sub-mqb-5bfe15c8e69e4235-c15e6abe20b147f491a5e930e0839b4b error=Mqtt state: Last pingreq isn't acked
2026-06-23T02:30:23.287031Z  WARN mq_bench::transport::mqtt: MQTT subscription eventloop error; continuing poll loop client_id=sub-mqb-5bfe15c8e69e4235-016cd1aa5c98462f9ebda29429403dcf error=Network timeout
2026-06-23T02:30:23.952582Z  WARN mq_bench::transport::mqtt: MQTT subscription eventloop error; continuing poll loop client_id=sub-mqb-5bfe15c8e69e4235-14b1bc7810764c69abe6acf08cae0945 error=Network timeout
2026-06-23T02:30:25.295827Z  WARN mq_bench::transport::mqtt: MQTT subscription eventloop error; continuing poll loop client_id=sub-mqb-5bfe15c8e69e4235-6a8e1f4ee84a4b0486ec6f10e1ca0f5d error=Network timeout
2026-06-23T02:30:27.290278Z  WARN mq_bench::transport::mqtt: MQTT subscription eventloop error; continuing poll loop client_id=sub-mqb-5bfe15c8e69e4235-9b73b4ee1e89495680da241b41163af9 error=Network timeout
2026-06-23T02:30:27.960690Z  WARN mq_bench::transport::mqtt: MQTT subscription eventloop error; continuing poll loop client_id=sub-mqb-5bfe15c8e69e4235-c15e6abe20b147f491a5e930e0839b4b error=Network timeout
2026-06-23T02:30:29.289148Z  WARN mq_bench::transport::mqtt: MQTT subscription eventloop error; continuing poll loop client_id=sub-mqb-5bfe15c8e69e4235-016cd1aa5c98462f9ebda29429403dcf error=Network timeout
2026-06-23T02:30:29.954843Z  WARN mq_bench::transport::mqtt: MQTT subscription eventloop error; continuing poll loop client_id=sub-mqb-5bfe15c8e69e4235-14b1bc7810764c69abe6acf08cae0945 error=Network timeout
2026-06-23T02:30:31.298110Z  WARN mq_bench::transport::mqtt: MQTT subscription eventloop error; continuing poll loop client_id=sub-mqb-5bfe15c8e69e4235-6a8e1f4ee84a4b0486ec6f10e1ca0f5d error=Network timeout
2026-06-23T02:30:31.952652Z  WARN mq_bench::transport::mqtt: MQTT subscription eventloop error; continuing poll loop client_id=sub-mqb-5bfe15c8e69e4235-5a6ef14e129949d89315f8aa5bb97e32 error=Mqtt state: Last pingreq isn't acked
2026-06-23T02:30:33.291962Z  WARN mq_bench::transport::mqtt: MQTT subscription eventloop error; continuing poll loop client_id=sub-mqb-5bfe15c8e69e4235-9b73b4ee1e89495680da241b41163af9 error=Network timeout
