mq-bench starting with run_id: auto
Writing CSV output to: artifacts/fanout_bursty_20260623_021728_mqtt_artemis_p64_s1000_u10_bursty/fanout_singlesite/sub_2_2.csv
2026-06-23T02:17:28.429233Z  INFO mq_bench::roles::subscriber: Starting subscriber engine=Mqtt key=topic_2 endpoint=None crash_enabled=false
2026-06-23T02:17:28.429281Z  INFO mq_bench::roles::subscriber: Connected via transport engine=Mqtt
2026-06-23T02:17:28.429318Z  INFO mq_bench::roles::subscriber: Subscribed to key expression key=topic_2
2026-06-23T02:17:35.096950Z  INFO mq_bench::roles::subscriber: Starting subscriber engine=Mqtt key=topic_2 endpoint=None crash_enabled=false
2026-06-23T02:17:35.097004Z  INFO mq_bench::roles::subscriber: Connected via transport engine=Mqtt
2026-06-23T02:17:35.097075Z  INFO mq_bench::roles::subscriber: Subscribed to key expression key=topic_2
2026-06-23T02:17:41.763938Z  INFO mq_bench::roles::subscriber: Starting subscriber engine=Mqtt key=topic_2 endpoint=None crash_enabled=false
2026-06-23T02:17:41.764062Z  INFO mq_bench::roles::subscriber: Connected via transport engine=Mqtt
2026-06-23T02:17:41.764126Z  INFO mq_bench::roles::subscriber: Subscribed to key expression key=topic_2
2026-06-23T02:17:48.431129Z  INFO mq_bench::roles::subscriber: Starting subscriber engine=Mqtt key=topic_2 endpoint=None crash_enabled=false
2026-06-23T02:17:48.431180Z  INFO mq_bench::roles::subscriber: Connected via transport engine=Mqtt
2026-06-23T02:17:48.431293Z  INFO mq_bench::roles::subscriber: Subscribed to key expression key=topic_2
2026-06-23T02:17:55.098860Z  INFO mq_bench::roles::subscriber: Starting subscriber engine=Mqtt key=topic_2 endpoint=None crash_enabled=false
2026-06-23T02:17:55.098912Z  INFO mq_bench::roles::subscriber: Connected via transport engine=Mqtt
2026-06-23T02:17:55.099002Z  INFO mq_bench::roles::subscriber: Subscribed to key expression key=topic_2
2026-06-23T02:18:01.766275Z  INFO mq_bench::roles::subscriber: Starting subscriber engine=Mqtt key=topic_2 endpoint=None crash_enabled=false
2026-06-23T02:18:01.766319Z  INFO mq_bench::roles::subscriber: Connected via transport engine=Mqtt
2026-06-23T02:18:01.766409Z  INFO mq_bench::roles::subscriber: Subscribed to key expression key=topic_2
2026-06-23T02:18:08.434567Z  INFO mq_bench::roles::subscriber: Starting subscriber engine=Mqtt key=topic_2 endpoint=None crash_enabled=false
2026-06-23T02:18:08.434619Z  INFO mq_bench::roles::subscriber: Connected via transport engine=Mqtt
2026-06-23T02:18:08.434709Z  INFO mq_bench::roles::subscriber: Subscribed to key expression key=topic_2
2026-06-23T02:18:15.102633Z  INFO mq_bench::roles::subscriber: Starting subscriber engine=Mqtt key=topic_2 endpoint=None crash_enabled=false
2026-06-23T02:18:15.102676Z  INFO mq_bench::roles::subscriber: Connected via transport engine=Mqtt
2026-06-23T02:18:15.102762Z  INFO mq_bench::roles::subscriber: Subscribed to key expression key=topic_2
2026-06-23T02:18:21.770284Z  INFO mq_bench::roles::subscriber: Starting subscriber engine=Mqtt key=topic_2 endpoint=None crash_enabled=false
2026-06-23T02:18:21.770421Z  INFO mq_bench::roles::subscriber: Connected via transport engine=Mqtt
2026-06-23T02:18:21.770507Z  INFO mq_bench::roles::subscriber: Subscribed to key expression key=topic_2
2026-06-23T02:18:28.437916Z  INFO mq_bench::roles::subscriber: Starting subscriber engine=Mqtt key=topic_2 endpoint=None crash_enabled=false
2026-06-23T02:18:28.437969Z  INFO mq_bench::roles::subscriber: Connected via transport engine=Mqtt
2026-06-23T02:18:28.438057Z  INFO mq_bench::roles::subscriber: Subscribed to key expression key=topic_2
2026-06-23T02:30:01.800011Z  WARN mq_bench::transport::mqtt: MQTT subscription eventloop error; continuing poll loop client_id=sub-mqb-5bfe11c8e69e3b69-a9abe5e3f2c940d3a4cf88e038c58f62 error=Mqtt state: Last pingreq isn't acked
2026-06-23T02:30:07.802313Z  WARN mq_bench::transport::mqtt: MQTT subscription eventloop error; continuing poll loop client_id=sub-mqb-5bfe11c8e69e3b69-a9abe5e3f2c940d3a4cf88e038c58f62 error=Network timeout
2026-06-23T02:30:13.804466Z  WARN mq_bench::transport::mqtt: MQTT subscription eventloop error; continuing poll loop client_id=sub-mqb-5bfe11c8e69e3b69-a9abe5e3f2c940d3a4cf88e038c58f62 error=Network timeout
2026-06-23T02:30:18.469062Z  WARN mq_bench::transport::mqtt: MQTT subscription eventloop error; continuing poll loop client_id=sub-mqb-5bfe11c8e69e3b69-ee5249e13bae4f7aa8297d40e1addda1 error=Mqtt state: Last pingreq isn't acked
2026-06-23T02:30:19.805963Z  WARN mq_bench::transport::mqtt: MQTT subscription eventloop error; continuing poll loop client_id=sub-mqb-5bfe11c8e69e3b69-a9abe5e3f2c940d3a4cf88e038c58f62 error=Network timeout
2026-06-23T02:30:24.471617Z  WARN mq_bench::transport::mqtt: MQTT subscription eventloop error; continuing poll loop client_id=sub-mqb-5bfe11c8e69e3b69-ee5249e13bae4f7aa8297d40e1addda1 error=Network timeout
2026-06-23T02:30:25.140911Z  WARN mq_bench::transport::mqtt: MQTT subscription eventloop error; continuing poll loop client_id=sub-mqb-5bfe11c8e69e3b69-ea90dc8ba60d422996c0ce5f33101d5f error=Mqtt state: Last pingreq isn't acked
2026-06-23T02:30:25.807776Z  WARN mq_bench::transport::mqtt: MQTT subscription eventloop error; continuing poll loop client_id=sub-mqb-5bfe11c8e69e3b69-a9abe5e3f2c940d3a4cf88e038c58f62 error=Network timeout
2026-06-23T02:30:28.469807Z  WARN mq_bench::transport::mqtt: MQTT subscription eventloop error; continuing poll loop client_id=sub-mqb-5bfe11c8e69e3b69-d6750f4bf37f4af7974b241967a6bdd2 error=Mqtt state: Last pingreq isn't acked
2026-06-23T02:30:29.433943Z  WARN mq_bench::transport::mqtt: MQTT subscription eventloop error; continuing poll loop client_id=sub-mqb-5bfe11c8e69e3b69-a05f8acc055e4bf4bca17e149e0c15bd error=Mqtt state: Last pingreq isn't acked
2026-06-23T02:30:30.474656Z  WARN mq_bench::transport::mqtt: MQTT subscription eventloop error; continuing poll loop client_id=sub-mqb-5bfe11c8e69e3b69-ee5249e13bae4f7aa8297d40e1addda1 error=Network timeout
2026-06-23T02:30:31.142889Z  WARN mq_bench::transport::mqtt: MQTT subscription eventloop error; continuing poll loop client_id=sub-mqb-5bfe11c8e69e3b69-ea90dc8ba60d422996c0ce5f33101d5f error=Network timeout
2026-06-23T02:30:31.809786Z  WARN mq_bench::transport::mqtt: MQTT subscription eventloop error; continuing poll loop client_id=sub-mqb-5bfe11c8e69e3b69-a9abe5e3f2c940d3a4cf88e038c58f62 error=Network timeout
