mq-bench starting with run_id: auto
Writing CSV output to: artifacts/fanout_bursty_20260623_021728_mqtt_artemis_p64_s1000_u10_bursty/fanout_singlesite/sub_4_5.csv
2026-06-23T02:17:28.517664Z  INFO mq_bench::roles::subscriber: Starting subscriber engine=Mqtt key=topic_4 endpoint=None crash_enabled=false
2026-06-23T02:17:28.517710Z  INFO mq_bench::roles::subscriber: Connected via transport engine=Mqtt
2026-06-23T02:17:28.517755Z  INFO mq_bench::roles::subscriber: Subscribed to key expression key=topic_4
2026-06-23T02:17:35.185319Z  INFO mq_bench::roles::subscriber: Starting subscriber engine=Mqtt key=topic_4 endpoint=None crash_enabled=false
2026-06-23T02:17:35.185441Z  INFO mq_bench::roles::subscriber: Connected via transport engine=Mqtt
2026-06-23T02:17:35.185505Z  INFO mq_bench::roles::subscriber: Subscribed to key expression key=topic_4
2026-06-23T02:17:41.853774Z  INFO mq_bench::roles::subscriber: Starting subscriber engine=Mqtt key=topic_4 endpoint=None crash_enabled=false
2026-06-23T02:17:41.853901Z  INFO mq_bench::roles::subscriber: Connected via transport engine=Mqtt
2026-06-23T02:17:41.853966Z  INFO mq_bench::roles::subscriber: Subscribed to key expression key=topic_4
2026-06-23T02:17:48.521470Z  INFO mq_bench::roles::subscriber: Starting subscriber engine=Mqtt key=topic_4 endpoint=None crash_enabled=false
2026-06-23T02:17:48.521526Z  INFO mq_bench::roles::subscriber: Connected via transport engine=Mqtt
2026-06-23T02:17:48.521598Z  INFO mq_bench::roles::subscriber: Subscribed to key expression key=topic_4
2026-06-23T02:17:55.189753Z  INFO mq_bench::roles::subscriber: Starting subscriber engine=Mqtt key=topic_4 endpoint=None crash_enabled=false
2026-06-23T02:17:55.189813Z  INFO mq_bench::roles::subscriber: Connected via transport engine=Mqtt
2026-06-23T02:17:55.189916Z  INFO mq_bench::roles::subscriber: Subscribed to key expression key=topic_4
2026-06-23T02:18:01.856997Z  INFO mq_bench::roles::subscriber: Starting subscriber engine=Mqtt key=topic_4 endpoint=None crash_enabled=false
2026-06-23T02:18:01.857059Z  INFO mq_bench::roles::subscriber: Connected via transport engine=Mqtt
2026-06-23T02:18:01.857146Z  INFO mq_bench::roles::subscriber: Subscribed to key expression key=topic_4
2026-06-23T02:18:08.523866Z  INFO mq_bench::roles::subscriber: Starting subscriber engine=Mqtt key=topic_4 endpoint=None crash_enabled=false
2026-06-23T02:18:08.523917Z  INFO mq_bench::roles::subscriber: Connected via transport engine=Mqtt
2026-06-23T02:18:08.524050Z  INFO mq_bench::roles::subscriber: Subscribed to key expression key=topic_4
2026-06-23T02:18:15.191606Z  INFO mq_bench::roles::subscriber: Starting subscriber engine=Mqtt key=topic_4 endpoint=None crash_enabled=false
2026-06-23T02:18:15.191667Z  INFO mq_bench::roles::subscriber: Connected via transport engine=Mqtt
2026-06-23T02:18:15.191760Z  INFO mq_bench::roles::subscriber: Subscribed to key expression key=topic_4
2026-06-23T02:18:21.859859Z  INFO mq_bench::roles::subscriber: Starting subscriber engine=Mqtt key=topic_4 endpoint=None crash_enabled=false
2026-06-23T02:18:21.859921Z  INFO mq_bench::roles::subscriber: Connected via transport engine=Mqtt
2026-06-23T02:18:21.860040Z  INFO mq_bench::roles::subscriber: Subscribed to key expression key=topic_4
2026-06-23T02:18:28.527819Z  INFO mq_bench::roles::subscriber: Starting subscriber engine=Mqtt key=topic_4 endpoint=None crash_enabled=false
2026-06-23T02:18:28.527906Z  INFO mq_bench::roles::subscriber: Connected via transport engine=Mqtt
2026-06-23T02:18:28.527984Z  INFO mq_bench::roles::subscriber: Subscribed to key expression key=topic_4
2026-06-23T02:30:01.885135Z  WARN mq_bench::transport::mqtt: MQTT subscription eventloop error; continuing poll loop client_id=sub-mqb-5bfe13c8e69e3ecf-107c6eb707884bac833205d8390b5e01 error=Mqtt state: Last pingreq isn't acked
2026-06-23T02:30:07.887737Z  WARN mq_bench::transport::mqtt: MQTT subscription eventloop error; continuing poll loop client_id=sub-mqb-5bfe13c8e69e3ecf-107c6eb707884bac833205d8390b5e01 error=Network timeout
2026-06-23T02:30:11.882419Z  WARN mq_bench::transport::mqtt: MQTT subscription eventloop error; continuing poll loop client_id=sub-mqb-5bfe13c8e69e3ecf-e31c1c3f9500439d8a8a3db1605e6efa error=Mqtt state: Last pingreq isn't acked
2026-06-23T02:30:13.890325Z  WARN mq_bench::transport::mqtt: MQTT subscription eventloop error; continuing poll loop client_id=sub-mqb-5bfe13c8e69e3ecf-107c6eb707884bac833205d8390b5e01 error=Network timeout
2026-06-23T02:30:17.884189Z  WARN mq_bench::transport::mqtt: MQTT subscription eventloop error; continuing poll loop client_id=sub-mqb-5bfe13c8e69e3ecf-e31c1c3f9500439d8a8a3db1605e6efa error=Network timeout
2026-06-23T02:30:18.559875Z  WARN mq_bench::transport::mqtt: MQTT subscription eventloop error; continuing poll loop client_id=sub-mqb-5bfe13c8e69e3ecf-dfe3a1798cc448a491c40465197b3db7 error=Mqtt state: Last pingreq isn't acked
2026-06-23T02:30:19.892070Z  WARN mq_bench::transport::mqtt: MQTT subscription eventloop error; continuing poll loop client_id=sub-mqb-5bfe13c8e69e3ecf-107c6eb707884bac833205d8390b5e01 error=Network timeout
2026-06-23T02:30:21.889372Z  WARN mq_bench::transport::mqtt: MQTT subscription eventloop error; continuing poll loop client_id=sub-mqb-5bfe13c8e69e3ecf-eedaff9e4144493b88bc7af242777ffd error=Mqtt state: Last pingreq isn't acked
2026-06-23T02:30:23.886526Z  WARN mq_bench::transport::mqtt: MQTT subscription eventloop error; continuing poll loop client_id=sub-mqb-5bfe13c8e69e3ecf-e31c1c3f9500439d8a8a3db1605e6efa error=Network timeout
2026-06-23T02:30:24.561971Z  WARN mq_bench::transport::mqtt: MQTT subscription eventloop error; continuing poll loop client_id=sub-mqb-5bfe13c8e69e3ecf-dfe3a1798cc448a491c40465197b3db7 error=Network timeout
2026-06-23T02:30:25.894564Z  WARN mq_bench::transport::mqtt: MQTT subscription eventloop error; continuing poll loop client_id=sub-mqb-5bfe13c8e69e3ecf-107c6eb707884bac833205d8390b5e01 error=Network timeout
2026-06-23T02:30:27.890906Z  WARN mq_bench::transport::mqtt: MQTT subscription eventloop error; continuing poll loop client_id=sub-mqb-5bfe13c8e69e3ecf-eedaff9e4144493b88bc7af242777ffd error=Network timeout
2026-06-23T02:30:28.560564Z  WARN mq_bench::transport::mqtt: MQTT subscription eventloop error; continuing poll loop client_id=sub-mqb-5bfe13c8e69e3ecf-7c4ba224c6994fc8a8adab4efa23b1c1 error=Mqtt state: Last pingreq isn't acked
2026-06-23T02:30:29.441739Z  WARN mq_bench::transport::mqtt: MQTT subscription eventloop error; continuing poll loop client_id=sub-mqb-5bfe13c8e69e3ecf-f8bdaae7b5ab421abf392367e0c09c43 error=Mqtt state: Last pingreq isn't acked
2026-06-23T02:30:29.888265Z  WARN mq_bench::transport::mqtt: MQTT subscription eventloop error; continuing poll loop client_id=sub-mqb-5bfe13c8e69e3ecf-e31c1c3f9500439d8a8a3db1605e6efa error=Network timeout
2026-06-23T02:30:30.564093Z  WARN mq_bench::transport::mqtt: MQTT subscription eventloop error; continuing poll loop client_id=sub-mqb-5bfe13c8e69e3ecf-dfe3a1798cc448a491c40465197b3db7 error=Network timeout
2026-06-23T02:30:31.896428Z  WARN mq_bench::transport::mqtt: MQTT subscription eventloop error; continuing poll loop client_id=sub-mqb-5bfe13c8e69e3ecf-107c6eb707884bac833205d8390b5e01 error=Network timeout
