mq-bench starting with run_id: auto
Writing CSV output to: artifacts/fanout_bursty_20260623_021728_mqtt_artemis_p64_s1000_u10_bursty/fanout_singlesite/sub_3_4.csv
2026-06-23T02:17:28.474330Z  INFO mq_bench::roles::subscriber: Starting subscriber engine=Mqtt key=topic_3 endpoint=None crash_enabled=false
2026-06-23T02:17:28.474387Z  INFO mq_bench::roles::subscriber: Connected via transport engine=Mqtt
2026-06-23T02:17:28.474423Z  INFO mq_bench::roles::subscriber: Subscribed to key expression key=topic_3
2026-06-23T02:17:35.142106Z  INFO mq_bench::roles::subscriber: Starting subscriber engine=Mqtt key=topic_3 endpoint=None crash_enabled=false
2026-06-23T02:17:35.142264Z  INFO mq_bench::roles::subscriber: Connected via transport engine=Mqtt
2026-06-23T02:17:35.142330Z  INFO mq_bench::roles::subscriber: Subscribed to key expression key=topic_3
2026-06-23T02:17:41.809762Z  INFO mq_bench::roles::subscriber: Starting subscriber engine=Mqtt key=topic_3 endpoint=None crash_enabled=false
2026-06-23T02:17:41.809836Z  INFO mq_bench::roles::subscriber: Connected via transport engine=Mqtt
2026-06-23T02:17:41.809922Z  INFO mq_bench::roles::subscriber: Subscribed to key expression key=topic_3
2026-06-23T02:17:48.477653Z  INFO mq_bench::roles::subscriber: Starting subscriber engine=Mqtt key=topic_3 endpoint=None crash_enabled=false
2026-06-23T02:17:48.477673Z  INFO mq_bench::roles::subscriber: Connected via transport engine=Mqtt
2026-06-23T02:17:48.477699Z  INFO mq_bench::roles::subscriber: Subscribed to key expression key=topic_3
2026-06-23T02:17:55.145890Z  INFO mq_bench::roles::subscriber: Starting subscriber engine=Mqtt key=topic_3 endpoint=None crash_enabled=false
2026-06-23T02:17:55.145995Z  INFO mq_bench::roles::subscriber: Connected via transport engine=Mqtt
2026-06-23T02:17:55.146077Z  INFO mq_bench::roles::subscriber: Subscribed to key expression key=topic_3
2026-06-23T02:18:01.813533Z  INFO mq_bench::roles::subscriber: Starting subscriber engine=Mqtt key=topic_3 endpoint=None crash_enabled=false
2026-06-23T02:18:01.813555Z  INFO mq_bench::roles::subscriber: Connected via transport engine=Mqtt
2026-06-23T02:18:01.813589Z  INFO mq_bench::roles::subscriber: Subscribed to key expression key=topic_3
2026-06-23T02:18:08.481649Z  INFO mq_bench::roles::subscriber: Starting subscriber engine=Mqtt key=topic_3 endpoint=None crash_enabled=false
2026-06-23T02:18:08.481701Z  INFO mq_bench::roles::subscriber: Connected via transport engine=Mqtt
2026-06-23T02:18:08.481797Z  INFO mq_bench::roles::subscriber: Subscribed to key expression key=topic_3
2026-06-23T02:18:15.149924Z  INFO mq_bench::roles::subscriber: Starting subscriber engine=Mqtt key=topic_3 endpoint=None crash_enabled=false
2026-06-23T02:18:15.149981Z  INFO mq_bench::roles::subscriber: Connected via transport engine=Mqtt
2026-06-23T02:18:15.150065Z  INFO mq_bench::roles::subscriber: Subscribed to key expression key=topic_3
2026-06-23T02:18:21.817255Z  INFO mq_bench::roles::subscriber: Starting subscriber engine=Mqtt key=topic_3 endpoint=None crash_enabled=false
2026-06-23T02:18:21.817279Z  INFO mq_bench::roles::subscriber: Connected via transport engine=Mqtt
2026-06-23T02:18:21.817332Z  INFO mq_bench::roles::subscriber: Subscribed to key expression key=topic_3
2026-06-23T02:18:28.485304Z  INFO mq_bench::roles::subscriber: Starting subscriber engine=Mqtt key=topic_3 endpoint=None crash_enabled=false
2026-06-23T02:18:28.485380Z  INFO mq_bench::roles::subscriber: Connected via transport engine=Mqtt
2026-06-23T02:18:28.485471Z  INFO mq_bench::roles::subscriber: Subscribed to key expression key=topic_3
2026-06-23T02:30:01.842041Z  WARN mq_bench::transport::mqtt: MQTT subscription eventloop error; continuing poll loop client_id=sub-mqb-5bfe10c8e69e39b6-77feb56d24e9443ba8c477cdbf84c283 error=Mqtt state: Last pingreq isn't acked
2026-06-23T02:30:07.844694Z  WARN mq_bench::transport::mqtt: MQTT subscription eventloop error; continuing poll loop client_id=sub-mqb-5bfe10c8e69e39b6-77feb56d24e9443ba8c477cdbf84c283 error=Network timeout
2026-06-23T02:30:13.845973Z  WARN mq_bench::transport::mqtt: MQTT subscription eventloop error; continuing poll loop client_id=sub-mqb-5bfe10c8e69e39b6-77feb56d24e9443ba8c477cdbf84c283 error=Network timeout
2026-06-23T02:30:18.512707Z  WARN mq_bench::transport::mqtt: MQTT subscription eventloop error; continuing poll loop client_id=sub-mqb-5bfe10c8e69e39b6-1cd95af9efe342a69c89b1b84e74c19c error=Mqtt state: Last pingreq isn't acked
2026-06-23T02:30:19.848869Z  WARN mq_bench::transport::mqtt: MQTT subscription eventloop error; continuing poll loop client_id=sub-mqb-5bfe10c8e69e39b6-77feb56d24e9443ba8c477cdbf84c283 error=Network timeout
2026-06-23T02:30:24.514053Z  WARN mq_bench::transport::mqtt: MQTT subscription eventloop error; continuing poll loop client_id=sub-mqb-5bfe10c8e69e39b6-1cd95af9efe342a69c89b1b84e74c19c error=Network timeout
2026-06-23T02:30:25.182377Z  WARN mq_bench::transport::mqtt: MQTT subscription eventloop error; continuing poll loop client_id=sub-mqb-5bfe10c8e69e39b6-4fb3e047f81b4ac988e203c08757f5f7 error=Mqtt state: Last pingreq isn't acked
2026-06-23T02:30:25.852279Z  WARN mq_bench::transport::mqtt: MQTT subscription eventloop error; continuing poll loop client_id=sub-mqb-5bfe10c8e69e39b6-77feb56d24e9443ba8c477cdbf84c283 error=Network timeout
2026-06-23T02:30:28.518712Z  WARN mq_bench::transport::mqtt: MQTT subscription eventloop error; continuing poll loop client_id=sub-mqb-5bfe10c8e69e39b6-67a9d0bfd2d84961b3f7d8b3dca3de93 error=Mqtt state: Last pingreq isn't acked
2026-06-23T02:30:29.452444Z  WARN mq_bench::transport::mqtt: MQTT subscription eventloop error; continuing poll loop client_id=sub-mqb-5bfe10c8e69e39b6-7ce6be6dd43c4984891253a283404bda error=Mqtt state: Last pingreq isn't acked
2026-06-23T02:30:30.516739Z  WARN mq_bench::transport::mqtt: MQTT subscription eventloop error; continuing poll loop client_id=sub-mqb-5bfe10c8e69e39b6-1cd95af9efe342a69c89b1b84e74c19c error=Network timeout
2026-06-23T02:30:31.184023Z  WARN mq_bench::transport::mqtt: MQTT subscription eventloop error; continuing poll loop client_id=sub-mqb-5bfe10c8e69e39b6-4fb3e047f81b4ac988e203c08757f5f7 error=Network timeout
2026-06-23T02:30:31.854184Z  WARN mq_bench::transport::mqtt: MQTT subscription eventloop error; continuing poll loop client_id=sub-mqb-5bfe10c8e69e39b6-77feb56d24e9443ba8c477cdbf84c283 error=Network timeout
