mq-bench starting with run_id: auto
Writing CSV output to: artifacts/fanout_bursty_20260623_021728_mqtt_artemis_p64_s1000_u10_bursty/fanout_singlesite/sub_9_6.csv
2026-06-23T02:17:28.721883Z  INFO mq_bench::roles::subscriber: Starting subscriber engine=Mqtt key=topic_9 endpoint=None crash_enabled=false
2026-06-23T02:17:28.721927Z  INFO mq_bench::roles::subscriber: Connected via transport engine=Mqtt
2026-06-23T02:17:28.721968Z  INFO mq_bench::roles::subscriber: Subscribed to key expression key=topic_9
2026-06-23T02:17:35.390108Z  INFO mq_bench::roles::subscriber: Starting subscriber engine=Mqtt key=topic_9 endpoint=None crash_enabled=false
2026-06-23T02:17:35.390269Z  INFO mq_bench::roles::subscriber: Connected via transport engine=Mqtt
2026-06-23T02:17:35.390333Z  INFO mq_bench::roles::subscriber: Subscribed to key expression key=topic_9
2026-06-23T02:17:42.058461Z  INFO mq_bench::roles::subscriber: Starting subscriber engine=Mqtt key=topic_9 endpoint=None crash_enabled=false
2026-06-23T02:17:42.058584Z  INFO mq_bench::roles::subscriber: Connected via transport engine=Mqtt
2026-06-23T02:17:42.058645Z  INFO mq_bench::roles::subscriber: Subscribed to key expression key=topic_9
2026-06-23T02:17:48.726405Z  INFO mq_bench::roles::subscriber: Starting subscriber engine=Mqtt key=topic_9 endpoint=None crash_enabled=false
2026-06-23T02:17:48.726486Z  INFO mq_bench::roles::subscriber: Connected via transport engine=Mqtt
2026-06-23T02:17:48.726551Z  INFO mq_bench::roles::subscriber: Subscribed to key expression key=topic_9
2026-06-23T02:17:55.393871Z  INFO mq_bench::roles::subscriber: Starting subscriber engine=Mqtt key=topic_9 endpoint=None crash_enabled=false
2026-06-23T02:17:55.393931Z  INFO mq_bench::roles::subscriber: Connected via transport engine=Mqtt
2026-06-23T02:17:55.394277Z  INFO mq_bench::roles::subscriber: Subscribed to key expression key=topic_9
2026-06-23T02:18:02.062245Z  INFO mq_bench::roles::subscriber: Starting subscriber engine=Mqtt key=topic_9 endpoint=None crash_enabled=false
2026-06-23T02:18:02.062363Z  INFO mq_bench::roles::subscriber: Connected via transport engine=Mqtt
2026-06-23T02:18:02.062439Z  INFO mq_bench::roles::subscriber: Subscribed to key expression key=topic_9
2026-06-23T02:18:08.730458Z  INFO mq_bench::roles::subscriber: Starting subscriber engine=Mqtt key=topic_9 endpoint=None crash_enabled=false
2026-06-23T02:18:08.730515Z  INFO mq_bench::roles::subscriber: Connected via transport engine=Mqtt
2026-06-23T02:18:08.730612Z  INFO mq_bench::roles::subscriber: Subscribed to key expression key=topic_9
2026-06-23T02:18:15.397851Z  INFO mq_bench::roles::subscriber: Starting subscriber engine=Mqtt key=topic_9 endpoint=None crash_enabled=false
2026-06-23T02:18:15.397930Z  INFO mq_bench::roles::subscriber: Connected via transport engine=Mqtt
2026-06-23T02:18:15.398021Z  INFO mq_bench::roles::subscriber: Subscribed to key expression key=topic_9
2026-06-23T02:18:22.066406Z  INFO mq_bench::roles::subscriber: Starting subscriber engine=Mqtt key=topic_9 endpoint=None crash_enabled=false
2026-06-23T02:18:22.066484Z  INFO mq_bench::roles::subscriber: Connected via transport engine=Mqtt
2026-06-23T02:18:22.066569Z  INFO mq_bench::roles::subscriber: Subscribed to key expression key=topic_9
2026-06-23T02:18:28.733865Z  INFO mq_bench::roles::subscriber: Starting subscriber engine=Mqtt key=topic_9 endpoint=None crash_enabled=false
2026-06-23T02:18:28.733921Z  INFO mq_bench::roles::subscriber: Connected via transport engine=Mqtt
2026-06-23T02:18:28.734013Z  INFO mq_bench::roles::subscriber: Subscribed to key expression key=topic_9
2026-06-23T02:30:25.425705Z  WARN mq_bench::transport::mqtt: MQTT subscription eventloop error; continuing poll loop client_id=sub-mqb-5bfe16c8e69e43e8-d65767acd97e41378dfc7afc6f1b1668 error=Mqtt state: Last pingreq isn't acked
2026-06-23T02:30:31.428275Z  WARN mq_bench::transport::mqtt: MQTT subscription eventloop error; continuing poll loop client_id=sub-mqb-5bfe16c8e69e43e8-d65767acd97e41378dfc7afc6f1b1668 error=Network timeout
