mq-bench starting with run_id: auto
Writing CSV output to: artifacts/fanout_bursty_20260623_021728_mqtt_artemis_p64_s1000_u10_bursty/fanout_singlesite/sub_5_7.csv
2026-06-23T02:17:28.564986Z  INFO mq_bench::roles::subscriber: Starting subscriber engine=Mqtt key=topic_5 endpoint=None crash_enabled=false
2026-06-23T02:17:28.565028Z  INFO mq_bench::roles::subscriber: Connected via transport engine=Mqtt
2026-06-23T02:17:28.565065Z  INFO mq_bench::roles::subscriber: Subscribed to key expression key=topic_5
2026-06-23T02:17:35.232431Z  INFO mq_bench::roles::subscriber: Starting subscriber engine=Mqtt key=topic_5 endpoint=None crash_enabled=false
2026-06-23T02:17:35.232561Z  INFO mq_bench::roles::subscriber: Connected via transport engine=Mqtt
2026-06-23T02:17:35.232629Z  INFO mq_bench::roles::subscriber: Subscribed to key expression key=topic_5
2026-06-23T02:17:41.899640Z  INFO mq_bench::roles::subscriber: Starting subscriber engine=Mqtt key=topic_5 endpoint=None crash_enabled=false
2026-06-23T02:17:41.899749Z  INFO mq_bench::roles::subscriber: Connected via transport engine=Mqtt
2026-06-23T02:17:41.899819Z  INFO mq_bench::roles::subscriber: Subscribed to key expression key=topic_5
2026-06-23T02:17:48.567855Z  INFO mq_bench::roles::subscriber: Starting subscriber engine=Mqtt key=topic_5 endpoint=None crash_enabled=false
2026-06-23T02:17:48.567916Z  INFO mq_bench::roles::subscriber: Connected via transport engine=Mqtt
2026-06-23T02:17:48.567989Z  INFO mq_bench::roles::subscriber: Subscribed to key expression key=topic_5
2026-06-23T02:17:55.235394Z  INFO mq_bench::roles::subscriber: Starting subscriber engine=Mqtt key=topic_5 endpoint=None crash_enabled=false
2026-06-23T02:17:55.235443Z  INFO mq_bench::roles::subscriber: Connected via transport engine=Mqtt
2026-06-23T02:17:55.235516Z  INFO mq_bench::roles::subscriber: Subscribed to key expression key=topic_5
2026-06-23T02:18:01.903078Z  INFO mq_bench::roles::subscriber: Starting subscriber engine=Mqtt key=topic_5 endpoint=None crash_enabled=false
2026-06-23T02:18:01.903139Z  INFO mq_bench::roles::subscriber: Connected via transport engine=Mqtt
2026-06-23T02:18:01.903238Z  INFO mq_bench::roles::subscriber: Subscribed to key expression key=topic_5
2026-06-23T02:18:08.570511Z  INFO mq_bench::roles::subscriber: Starting subscriber engine=Mqtt key=topic_5 endpoint=None crash_enabled=false
2026-06-23T02:18:08.570557Z  INFO mq_bench::roles::subscriber: Connected via transport engine=Mqtt
2026-06-23T02:18:08.570644Z  INFO mq_bench::roles::subscriber: Subscribed to key expression key=topic_5
2026-06-23T02:18:15.238607Z  INFO mq_bench::roles::subscriber: Starting subscriber engine=Mqtt key=topic_5 endpoint=None crash_enabled=false
2026-06-23T02:18:15.238669Z  INFO mq_bench::roles::subscriber: Connected via transport engine=Mqtt
2026-06-23T02:18:15.238751Z  INFO mq_bench::roles::subscriber: Subscribed to key expression key=topic_5
2026-06-23T02:18:21.907111Z  INFO mq_bench::roles::subscriber: Starting subscriber engine=Mqtt key=topic_5 endpoint=None crash_enabled=false
2026-06-23T02:18:21.907169Z  INFO mq_bench::roles::subscriber: Connected via transport engine=Mqtt
2026-06-23T02:18:21.907294Z  INFO mq_bench::roles::subscriber: Subscribed to key expression key=topic_5
2026-06-23T02:18:28.574551Z  INFO mq_bench::roles::subscriber: Starting subscriber engine=Mqtt key=topic_5 endpoint=None crash_enabled=false
2026-06-23T02:18:28.574607Z  INFO mq_bench::roles::subscriber: Connected via transport engine=Mqtt
2026-06-23T02:18:28.574705Z  INFO mq_bench::roles::subscriber: Subscribed to key expression key=topic_5
2026-06-23T02:30:01.929878Z  WARN mq_bench::transport::mqtt: MQTT subscription eventloop error; continuing poll loop client_id=sub-mqb-5bfe12c8e69e3d1c-b61fc5bed75c4beb962686eed28ca5b5 error=Mqtt state: Last pingreq isn't acked
2026-06-23T02:30:07.931923Z  WARN mq_bench::transport::mqtt: MQTT subscription eventloop error; continuing poll loop client_id=sub-mqb-5bfe12c8e69e3d1c-b61fc5bed75c4beb962686eed28ca5b5 error=Network timeout
2026-06-23T02:30:11.928635Z  WARN mq_bench::transport::mqtt: MQTT subscription eventloop error; continuing poll loop client_id=sub-mqb-5bfe12c8e69e3d1c-67ad695dfd7e4fbd893db0c4db30dc99 error=Mqtt state: Last pingreq isn't acked
2026-06-23T02:30:13.935047Z  WARN mq_bench::transport::mqtt: MQTT subscription eventloop error; continuing poll loop client_id=sub-mqb-5bfe12c8e69e3d1c-b61fc5bed75c4beb962686eed28ca5b5 error=Network timeout
2026-06-23T02:30:17.930385Z  WARN mq_bench::transport::mqtt: MQTT subscription eventloop error; continuing poll loop client_id=sub-mqb-5bfe12c8e69e3d1c-67ad695dfd7e4fbd893db0c4db30dc99 error=Network timeout
2026-06-23T02:30:18.600038Z  WARN mq_bench::transport::mqtt: MQTT subscription eventloop error; continuing poll loop client_id=sub-mqb-5bfe12c8e69e3d1c-d77dec79e4344fcfb2b565cffae0b5f7 error=Mqtt state: Last pingreq isn't acked
2026-06-23T02:30:19.936266Z  WARN mq_bench::transport::mqtt: MQTT subscription eventloop error; continuing poll loop client_id=sub-mqb-5bfe12c8e69e3d1c-b61fc5bed75c4beb962686eed28ca5b5 error=Network timeout
2026-06-23T02:30:21.934772Z  WARN mq_bench::transport::mqtt: MQTT subscription eventloop error; continuing poll loop client_id=sub-mqb-5bfe12c8e69e3d1c-971da00d451b40539a73694db9c20d88 error=Mqtt state: Last pingreq isn't acked
2026-06-23T02:30:23.933030Z  WARN mq_bench::transport::mqtt: MQTT subscription eventloop error; continuing poll loop client_id=sub-mqb-5bfe12c8e69e3d1c-67ad695dfd7e4fbd893db0c4db30dc99 error=Network timeout
2026-06-23T02:30:24.601624Z  WARN mq_bench::transport::mqtt: MQTT subscription eventloop error; continuing poll loop client_id=sub-mqb-5bfe12c8e69e3d1c-d77dec79e4344fcfb2b565cffae0b5f7 error=Network timeout
2026-06-23T02:30:25.939107Z  WARN mq_bench::transport::mqtt: MQTT subscription eventloop error; continuing poll loop client_id=sub-mqb-5bfe12c8e69e3d1c-b61fc5bed75c4beb962686eed28ca5b5 error=Network timeout
2026-06-23T02:30:27.936425Z  WARN mq_bench::transport::mqtt: MQTT subscription eventloop error; continuing poll loop client_id=sub-mqb-5bfe12c8e69e3d1c-971da00d451b40539a73694db9c20d88 error=Network timeout
2026-06-23T02:30:28.604989Z  WARN mq_bench::transport::mqtt: MQTT subscription eventloop error; continuing poll loop client_id=sub-mqb-5bfe12c8e69e3d1c-d417df34f3b44069a2e1a9f08113eaf9 error=Mqtt state: Last pingreq isn't acked
2026-06-23T02:30:29.425984Z  WARN mq_bench::transport::mqtt: MQTT subscription eventloop error; continuing poll loop client_id=sub-mqb-5bfe12c8e69e3d1c-4d6d17920853495bba7a0020e0d5dc6e error=Mqtt state: Last pingreq isn't acked
2026-06-23T02:30:29.934269Z  WARN mq_bench::transport::mqtt: MQTT subscription eventloop error; continuing poll loop client_id=sub-mqb-5bfe12c8e69e3d1c-67ad695dfd7e4fbd893db0c4db30dc99 error=Network timeout
2026-06-23T02:30:30.604950Z  WARN mq_bench::transport::mqtt: MQTT subscription eventloop error; continuing poll loop client_id=sub-mqb-5bfe12c8e69e3d1c-d77dec79e4344fcfb2b565cffae0b5f7 error=Network timeout
2026-06-23T02:30:31.942311Z  WARN mq_bench::transport::mqtt: MQTT subscription eventloop error; continuing poll loop client_id=sub-mqb-5bfe12c8e69e3d1c-b61fc5bed75c4beb962686eed28ca5b5 error=Network timeout
