mq-bench starting with run_id: auto
Writing CSV output to: artifacts/fanout_bursty_20260623_021728_mqtt_artemis_p64_s1000_u10_bursty/fanout_singlesite/sub_2_9.csv
2026-06-23T02:17:28.455744Z  INFO mq_bench::roles::subscriber: Starting subscriber engine=Mqtt key=topic_2 endpoint=None crash_enabled=false
2026-06-23T02:17:28.455802Z  INFO mq_bench::roles::subscriber: Connected via transport engine=Mqtt
2026-06-23T02:17:28.455840Z  INFO mq_bench::roles::subscriber: Subscribed to key expression key=topic_2
2026-06-23T02:17:35.123277Z  INFO mq_bench::roles::subscriber: Starting subscriber engine=Mqtt key=topic_2 endpoint=None crash_enabled=false
2026-06-23T02:17:35.123339Z  INFO mq_bench::roles::subscriber: Connected via transport engine=Mqtt
2026-06-23T02:17:35.123419Z  INFO mq_bench::roles::subscriber: Subscribed to key expression key=topic_2
2026-06-23T02:17:41.791579Z  INFO mq_bench::roles::subscriber: Starting subscriber engine=Mqtt key=topic_2 endpoint=None crash_enabled=false
2026-06-23T02:17:41.791691Z  INFO mq_bench::roles::subscriber: Connected via transport engine=Mqtt
2026-06-23T02:17:41.791762Z  INFO mq_bench::roles::subscriber: Subscribed to key expression key=topic_2
2026-06-23T02:17:48.459847Z  INFO mq_bench::roles::subscriber: Starting subscriber engine=Mqtt key=topic_2 endpoint=None crash_enabled=false
2026-06-23T02:17:48.459962Z  INFO mq_bench::roles::subscriber: Connected via transport engine=Mqtt
2026-06-23T02:17:48.460029Z  INFO mq_bench::roles::subscriber: Subscribed to key expression key=topic_2
2026-06-23T02:17:55.127750Z  INFO mq_bench::roles::subscriber: Starting subscriber engine=Mqtt key=topic_2 endpoint=None crash_enabled=false
2026-06-23T02:17:55.127803Z  INFO mq_bench::roles::subscriber: Connected via transport engine=Mqtt
2026-06-23T02:17:55.127883Z  INFO mq_bench::roles::subscriber: Subscribed to key expression key=topic_2
2026-06-23T02:18:01.795953Z  INFO mq_bench::roles::subscriber: Starting subscriber engine=Mqtt key=topic_2 endpoint=None crash_enabled=false
2026-06-23T02:18:01.796003Z  INFO mq_bench::roles::subscriber: Connected via transport engine=Mqtt
2026-06-23T02:18:01.796072Z  INFO mq_bench::roles::subscriber: Subscribed to key expression key=topic_2
2026-06-23T02:18:08.463468Z  INFO mq_bench::roles::subscriber: Starting subscriber engine=Mqtt key=topic_2 endpoint=None crash_enabled=false
2026-06-23T02:18:08.463547Z  INFO mq_bench::roles::subscriber: Connected via transport engine=Mqtt
2026-06-23T02:18:08.463628Z  INFO mq_bench::roles::subscriber: Subscribed to key expression key=topic_2
2026-06-23T02:18:15.131471Z  INFO mq_bench::roles::subscriber: Starting subscriber engine=Mqtt key=topic_2 endpoint=None crash_enabled=false
2026-06-23T02:18:15.131529Z  INFO mq_bench::roles::subscriber: Connected via transport engine=Mqtt
2026-06-23T02:18:15.131614Z  INFO mq_bench::roles::subscriber: Subscribed to key expression key=topic_2
2026-06-23T02:18:21.799449Z  INFO mq_bench::roles::subscriber: Starting subscriber engine=Mqtt key=topic_2 endpoint=None crash_enabled=false
2026-06-23T02:18:21.799503Z  INFO mq_bench::roles::subscriber: Connected via transport engine=Mqtt
2026-06-23T02:18:21.799591Z  INFO mq_bench::roles::subscriber: Subscribed to key expression key=topic_2
2026-06-23T02:18:28.467410Z  INFO mq_bench::roles::subscriber: Starting subscriber engine=Mqtt key=topic_2 endpoint=None crash_enabled=false
2026-06-23T02:18:28.467458Z  INFO mq_bench::roles::subscriber: Connected via transport engine=Mqtt
2026-06-23T02:18:28.467538Z  INFO mq_bench::roles::subscriber: Subscribed to key expression key=topic_2
2026-06-23T02:29:58.499484Z  WARN mq_bench::transport::mqtt: MQTT subscription eventloop error; continuing poll loop client_id=sub-mqb-5bfe11c8e69e3b69-6206cca0ae3f4397a9b15b24c73862e3 error=Mqtt state: Last pingreq isn't acked
2026-06-23T02:29:59.430305Z  WARN mq_bench::transport::mqtt: MQTT subscription eventloop error; continuing poll loop client_id=sub-mqb-5bfe11c8e69e3b69-023ef75f411f4356a625b4dc0c8c55db error=Mqtt state: Last pingreq isn't acked
2026-06-23T02:30:04.501836Z  WARN mq_bench::transport::mqtt: MQTT subscription eventloop error; continuing poll loop client_id=sub-mqb-5bfe11c8e69e3b69-6206cca0ae3f4397a9b15b24c73862e3 error=Network timeout
2026-06-23T02:30:05.432773Z  WARN mq_bench::transport::mqtt: MQTT subscription eventloop error; continuing poll loop client_id=sub-mqb-5bfe11c8e69e3b69-023ef75f411f4356a625b4dc0c8c55db error=Network timeout
2026-06-23T02:30:08.490825Z  WARN mq_bench::transport::mqtt: MQTT subscription eventloop error; continuing poll loop client_id=sub-mqb-5bfe11c8e69e3b69-9691bb180dfe4041a4b3a4a412491b73 error=Mqtt state: Last pingreq isn't acked
2026-06-23T02:30:10.504276Z  WARN mq_bench::transport::mqtt: MQTT subscription eventloop error; continuing poll loop client_id=sub-mqb-5bfe11c8e69e3b69-6206cca0ae3f4397a9b15b24c73862e3 error=Network timeout
2026-06-23T02:30:11.434028Z  WARN mq_bench::transport::mqtt: MQTT subscription eventloop error; continuing poll loop client_id=sub-mqb-5bfe11c8e69e3b69-023ef75f411f4356a625b4dc0c8c55db error=Network timeout
2026-06-23T02:30:14.492603Z  WARN mq_bench::transport::mqtt: MQTT subscription eventloop error; continuing poll loop client_id=sub-mqb-5bfe11c8e69e3b69-9691bb180dfe4041a4b3a4a412491b73 error=Network timeout
2026-06-23T02:30:15.159913Z  WARN mq_bench::transport::mqtt: MQTT subscription eventloop error; continuing poll loop client_id=sub-mqb-5bfe11c8e69e3b69-d7ddbd31c15743e7826e6c062c328819 error=Mqtt state: Last pingreq isn't acked
2026-06-23T02:30:16.506526Z  WARN mq_bench::transport::mqtt: MQTT subscription eventloop error; continuing poll loop client_id=sub-mqb-5bfe11c8e69e3b69-6206cca0ae3f4397a9b15b24c73862e3 error=Network timeout
2026-06-23T02:30:17.436264Z  WARN mq_bench::transport::mqtt: MQTT subscription eventloop error; continuing poll loop client_id=sub-mqb-5bfe11c8e69e3b69-023ef75f411f4356a625b4dc0c8c55db error=Network timeout
2026-06-23T02:30:18.495196Z  WARN mq_bench::transport::mqtt: MQTT subscription eventloop error; continuing poll loop client_id=sub-mqb-5bfe11c8e69e3b69-5b6a64f84833412b8847197c96b0f9e8 error=Mqtt state: Last pingreq isn't acked
2026-06-23T02:30:20.495494Z  WARN mq_bench::transport::mqtt: MQTT subscription eventloop error; continuing poll loop client_id=sub-mqb-5bfe11c8e69e3b69-9691bb180dfe4041a4b3a4a412491b73 error=Network timeout
2026-06-23T02:30:21.162658Z  WARN mq_bench::transport::mqtt: MQTT subscription eventloop error; continuing poll loop client_id=sub-mqb-5bfe11c8e69e3b69-d7ddbd31c15743e7826e6c062c328819 error=Network timeout
2026-06-23T02:30:22.508256Z  WARN mq_bench::transport::mqtt: MQTT subscription eventloop error; continuing poll loop client_id=sub-mqb-5bfe11c8e69e3b69-6206cca0ae3f4397a9b15b24c73862e3 error=Network timeout
2026-06-23T02:30:23.438058Z  WARN mq_bench::transport::mqtt: MQTT subscription eventloop error; continuing poll loop client_id=sub-mqb-5bfe11c8e69e3b69-023ef75f411f4356a625b4dc0c8c55db error=Network timeout
2026-06-23T02:30:24.497150Z  WARN mq_bench::transport::mqtt: MQTT subscription eventloop error; continuing poll loop client_id=sub-mqb-5bfe11c8e69e3b69-5b6a64f84833412b8847197c96b0f9e8 error=Network timeout
2026-06-23T02:30:25.169292Z  WARN mq_bench::transport::mqtt: MQTT subscription eventloop error; continuing poll loop client_id=sub-mqb-5bfe11c8e69e3b69-daf4cafbd0ba4276aa578fcf7b27fa9a error=Mqtt state: Last pingreq isn't acked
2026-06-23T02:30:26.496958Z  WARN mq_bench::transport::mqtt: MQTT subscription eventloop error; continuing poll loop client_id=sub-mqb-5bfe11c8e69e3b69-9691bb180dfe4041a4b3a4a412491b73 error=Network timeout
2026-06-23T02:30:27.164123Z  WARN mq_bench::transport::mqtt: MQTT subscription eventloop error; continuing poll loop client_id=sub-mqb-5bfe11c8e69e3b69-d7ddbd31c15743e7826e6c062c328819 error=Network timeout
2026-06-23T02:30:28.510544Z  WARN mq_bench::transport::mqtt: MQTT subscription eventloop error; continuing poll loop client_id=sub-mqb-5bfe11c8e69e3b69-6206cca0ae3f4397a9b15b24c73862e3 error=Network timeout
2026-06-23T02:30:29.440276Z  WARN mq_bench::transport::mqtt: MQTT subscription eventloop error; continuing poll loop client_id=sub-mqb-5bfe11c8e69e3b69-023ef75f411f4356a625b4dc0c8c55db error=Network timeout
2026-06-23T02:30:30.499145Z  WARN mq_bench::transport::mqtt: MQTT subscription eventloop error; continuing poll loop client_id=sub-mqb-5bfe11c8e69e3b69-5b6a64f84833412b8847197c96b0f9e8 error=Network timeout
2026-06-23T02:30:31.171404Z  WARN mq_bench::transport::mqtt: MQTT subscription eventloop error; continuing poll loop client_id=sub-mqb-5bfe11c8e69e3b69-daf4cafbd0ba4276aa578fcf7b27fa9a error=Network timeout
2026-06-23T02:30:31.826331Z  WARN mq_bench::transport::mqtt: MQTT subscription eventloop error; continuing poll loop client_id=sub-mqb-5bfe11c8e69e3b69-ad40701f6463494d8843e9a9bdae6809 error=Mqtt state: Last pingreq isn't acked
2026-06-23T02:30:32.500019Z  WARN mq_bench::transport::mqtt: MQTT subscription eventloop error; continuing poll loop client_id=sub-mqb-5bfe11c8e69e3b69-9691bb180dfe4041a4b3a4a412491b73 error=Network timeout
2026-06-23T02:30:33.166471Z  WARN mq_bench::transport::mqtt: MQTT subscription eventloop error; continuing poll loop client_id=sub-mqb-5bfe11c8e69e3b69-d7ddbd31c15743e7826e6c062c328819 error=Network timeout
