mq-bench starting with run_id: auto
Writing CSV output to: artifacts/fanout_bursty_20260623_021728_mqtt_artemis_p64_s1000_u10_bursty/fanout_singlesite/sub_3_8.csv
2026-06-23T02:17:28.489793Z  INFO mq_bench::roles::subscriber: Starting subscriber engine=Mqtt key=topic_3 endpoint=None crash_enabled=false
2026-06-23T02:17:28.489845Z  INFO mq_bench::roles::subscriber: Connected via transport engine=Mqtt
2026-06-23T02:17:28.489895Z  INFO mq_bench::roles::subscriber: Subscribed to key expression key=topic_3
2026-06-23T02:17:35.158533Z  INFO mq_bench::roles::subscriber: Starting subscriber engine=Mqtt key=topic_3 endpoint=None crash_enabled=false
2026-06-23T02:17:35.158658Z  INFO mq_bench::roles::subscriber: Connected via transport engine=Mqtt
2026-06-23T02:17:35.158719Z  INFO mq_bench::roles::subscriber: Subscribed to key expression key=topic_3
2026-06-23T02:17:41.825986Z  INFO mq_bench::roles::subscriber: Starting subscriber engine=Mqtt key=topic_3 endpoint=None crash_enabled=false
2026-06-23T02:17:41.826105Z  INFO mq_bench::roles::subscriber: Connected via transport engine=Mqtt
2026-06-23T02:17:41.826172Z  INFO mq_bench::roles::subscriber: Subscribed to key expression key=topic_3
2026-06-23T02:17:48.493641Z  INFO mq_bench::roles::subscriber: Starting subscriber engine=Mqtt key=topic_3 endpoint=None crash_enabled=false
2026-06-23T02:17:48.493784Z  INFO mq_bench::roles::subscriber: Connected via transport engine=Mqtt
2026-06-23T02:17:48.493859Z  INFO mq_bench::roles::subscriber: Subscribed to key expression key=topic_3
2026-06-23T02:17:55.161455Z  INFO mq_bench::roles::subscriber: Starting subscriber engine=Mqtt key=topic_3 endpoint=None crash_enabled=false
2026-06-23T02:17:55.161511Z  INFO mq_bench::roles::subscriber: Connected via transport engine=Mqtt
2026-06-23T02:17:55.161597Z  INFO mq_bench::roles::subscriber: Subscribed to key expression key=topic_3
2026-06-23T02:18:01.829516Z  INFO mq_bench::roles::subscriber: Starting subscriber engine=Mqtt key=topic_3 endpoint=None crash_enabled=false
2026-06-23T02:18:01.829579Z  INFO mq_bench::roles::subscriber: Connected via transport engine=Mqtt
2026-06-23T02:18:01.829669Z  INFO mq_bench::roles::subscriber: Subscribed to key expression key=topic_3
2026-06-23T02:18:08.497298Z  INFO mq_bench::roles::subscriber: Starting subscriber engine=Mqtt key=topic_3 endpoint=None crash_enabled=false
2026-06-23T02:18:08.497355Z  INFO mq_bench::roles::subscriber: Connected via transport engine=Mqtt
2026-06-23T02:18:08.497455Z  INFO mq_bench::roles::subscriber: Subscribed to key expression key=topic_3
2026-06-23T02:18:15.164824Z  INFO mq_bench::roles::subscriber: Starting subscriber engine=Mqtt key=topic_3 endpoint=None crash_enabled=false
2026-06-23T02:18:15.164909Z  INFO mq_bench::roles::subscriber: Connected via transport engine=Mqtt
2026-06-23T02:18:15.164990Z  INFO mq_bench::roles::subscriber: Subscribed to key expression key=topic_3
2026-06-23T02:18:21.833079Z  INFO mq_bench::roles::subscriber: Starting subscriber engine=Mqtt key=topic_3 endpoint=None crash_enabled=false
2026-06-23T02:18:21.833131Z  INFO mq_bench::roles::subscriber: Connected via transport engine=Mqtt
2026-06-23T02:18:21.833248Z  INFO mq_bench::roles::subscriber: Subscribed to key expression key=topic_3
2026-06-23T02:18:28.501412Z  INFO mq_bench::roles::subscriber: Starting subscriber engine=Mqtt key=topic_3 endpoint=None crash_enabled=false
2026-06-23T02:18:28.501481Z  INFO mq_bench::roles::subscriber: Connected via transport engine=Mqtt
2026-06-23T02:18:28.501579Z  INFO mq_bench::roles::subscriber: Subscribed to key expression key=topic_3
2026-06-23T02:30:18.526645Z  WARN mq_bench::transport::mqtt: MQTT subscription eventloop error; continuing poll loop client_id=sub-mqb-5bfe10c8e69e39b6-9169534711fb47b6a2966e5abed4561e error=Mqtt state: Last pingreq isn't acked
2026-06-23T02:30:21.863804Z  WARN mq_bench::transport::mqtt: MQTT subscription eventloop error; continuing poll loop client_id=sub-mqb-5bfe10c8e69e39b6-375d9ee3c0de4b29ad36bed3d0664775 error=Mqtt state: Last pingreq isn't acked
2026-06-23T02:30:24.528734Z  WARN mq_bench::transport::mqtt: MQTT subscription eventloop error; continuing poll loop client_id=sub-mqb-5bfe10c8e69e39b6-9169534711fb47b6a2966e5abed4561e error=Network timeout
2026-06-23T02:30:25.203966Z  WARN mq_bench::transport::mqtt: MQTT subscription eventloop error; continuing poll loop client_id=sub-mqb-5bfe10c8e69e39b6-d7a20159c48547e69a21e91ececeb56d error=Mqtt state: Last pingreq isn't acked
2026-06-23T02:30:27.865810Z  WARN mq_bench::transport::mqtt: MQTT subscription eventloop error; continuing poll loop client_id=sub-mqb-5bfe10c8e69e39b6-375d9ee3c0de4b29ad36bed3d0664775 error=Network timeout
2026-06-23T02:30:28.554423Z  WARN mq_bench::transport::mqtt: MQTT subscription eventloop error; continuing poll loop client_id=sub-mqb-5bfe10c8e69e39b6-f40f4dcc19904c9a9030d6eafcb569fe error=Mqtt state: Last pingreq isn't acked
2026-06-23T02:30:29.422151Z  WARN mq_bench::transport::mqtt: MQTT subscription eventloop error; continuing poll loop client_id=sub-mqb-5bfe10c8e69e39b6-7b1a080fdcba444e99f5b1afe9383d44 error=Mqtt state: Last pingreq isn't acked
2026-06-23T02:30:30.531463Z  WARN mq_bench::transport::mqtt: MQTT subscription eventloop error; continuing poll loop client_id=sub-mqb-5bfe10c8e69e39b6-9169534711fb47b6a2966e5abed4561e error=Network timeout
2026-06-23T02:30:31.205672Z  WARN mq_bench::transport::mqtt: MQTT subscription eventloop error; continuing poll loop client_id=sub-mqb-5bfe10c8e69e39b6-d7a20159c48547e69a21e91ececeb56d error=Network timeout
2026-06-23T02:30:31.860658Z  WARN mq_bench::transport::mqtt: MQTT subscription eventloop error; continuing poll loop client_id=sub-mqb-5bfe10c8e69e39b6-b269651a4f854acbb513a1148f550c53 error=Mqtt state: Last pingreq isn't acked
