mq-bench starting with run_id: auto
Writing CSV output to: artifacts/fanout_bursty_20260623_021728_mqtt_artemis_p64_s1000_u10_bursty/fanout_singlesite/sub_8_8.csv
2026-06-23T02:17:28.689933Z  INFO mq_bench::roles::subscriber: Starting subscriber engine=Mqtt key=topic_8 endpoint=None crash_enabled=false
2026-06-23T02:17:28.689980Z  INFO mq_bench::roles::subscriber: Connected via transport engine=Mqtt
2026-06-23T02:17:28.690015Z  INFO mq_bench::roles::subscriber: Subscribed to key expression key=topic_8
2026-06-23T02:17:35.357632Z  INFO mq_bench::roles::subscriber: Starting subscriber engine=Mqtt key=topic_8 endpoint=None crash_enabled=false
2026-06-23T02:17:35.357752Z  INFO mq_bench::roles::subscriber: Connected via transport engine=Mqtt
2026-06-23T02:17:35.357811Z  INFO mq_bench::roles::subscriber: Subscribed to key expression key=topic_8
2026-06-23T02:17:42.025117Z  INFO mq_bench::roles::subscriber: Starting subscriber engine=Mqtt key=topic_8 endpoint=None crash_enabled=false
2026-06-23T02:17:42.025266Z  INFO mq_bench::roles::subscriber: Connected via transport engine=Mqtt
2026-06-23T02:17:42.025331Z  INFO mq_bench::roles::subscriber: Subscribed to key expression key=topic_8
2026-06-23T02:17:48.693095Z  INFO mq_bench::roles::subscriber: Starting subscriber engine=Mqtt key=topic_8 endpoint=None crash_enabled=false
2026-06-23T02:17:48.693154Z  INFO mq_bench::roles::subscriber: Connected via transport engine=Mqtt
2026-06-23T02:17:48.693255Z  INFO mq_bench::roles::subscriber: Subscribed to key expression key=topic_8
2026-06-23T02:17:55.361466Z  INFO mq_bench::roles::subscriber: Starting subscriber engine=Mqtt key=topic_8 endpoint=None crash_enabled=false
2026-06-23T02:17:55.361571Z  INFO mq_bench::roles::subscriber: Connected via transport engine=Mqtt
2026-06-23T02:17:55.361713Z  INFO mq_bench::roles::subscriber: Subscribed to key expression key=topic_8
2026-06-23T02:18:02.029458Z  INFO mq_bench::roles::subscriber: Starting subscriber engine=Mqtt key=topic_8 endpoint=None crash_enabled=false
2026-06-23T02:18:02.029512Z  INFO mq_bench::roles::subscriber: Connected via transport engine=Mqtt
2026-06-23T02:18:02.029574Z  INFO mq_bench::roles::subscriber: Subscribed to key expression key=topic_8
2026-06-23T02:18:08.697127Z  INFO mq_bench::roles::subscriber: Starting subscriber engine=Mqtt key=topic_8 endpoint=None crash_enabled=false
2026-06-23T02:18:08.697179Z  INFO mq_bench::roles::subscriber: Connected via transport engine=Mqtt
2026-06-23T02:18:08.697340Z  INFO mq_bench::roles::subscriber: Subscribed to key expression key=topic_8
2026-06-23T02:18:15.364734Z  INFO mq_bench::roles::subscriber: Starting subscriber engine=Mqtt key=topic_8 endpoint=None crash_enabled=false
2026-06-23T02:18:15.364806Z  INFO mq_bench::roles::subscriber: Connected via transport engine=Mqtt
2026-06-23T02:18:15.364884Z  INFO mq_bench::roles::subscriber: Subscribed to key expression key=topic_8
2026-06-23T02:18:22.032577Z  INFO mq_bench::roles::subscriber: Starting subscriber engine=Mqtt key=topic_8 endpoint=None crash_enabled=false
2026-06-23T02:18:22.032631Z  INFO mq_bench::roles::subscriber: Connected via transport engine=Mqtt
2026-06-23T02:18:22.032772Z  INFO mq_bench::roles::subscriber: Subscribed to key expression key=topic_8
2026-06-23T02:18:28.699930Z  INFO mq_bench::roles::subscriber: Starting subscriber engine=Mqtt key=topic_8 endpoint=None crash_enabled=false
2026-06-23T02:18:28.699982Z  INFO mq_bench::roles::subscriber: Connected via transport engine=Mqtt
2026-06-23T02:18:28.700072Z  INFO mq_bench::roles::subscriber: Subscribed to key expression key=topic_8
2026-06-23T02:30:18.725457Z  WARN mq_bench::transport::mqtt: MQTT subscription eventloop error; continuing poll loop client_id=sub-mqb-5bfe17c8e69e459b-6f78843aa8e2402492f41b29cfac0d12 error=Mqtt state: Last pingreq isn't acked
2026-06-23T02:30:24.728120Z  WARN mq_bench::transport::mqtt: MQTT subscription eventloop error; continuing poll loop client_id=sub-mqb-5bfe17c8e69e459b-6f78843aa8e2402492f41b29cfac0d12 error=Network timeout
2026-06-23T02:30:28.731279Z  WARN mq_bench::transport::mqtt: MQTT subscription eventloop error; continuing poll loop client_id=sub-mqb-5bfe17c8e69e459b-9cd182d7db3b4002adb18ce00adfda2c error=Mqtt state: Last pingreq isn't acked
2026-06-23T02:30:29.457527Z  WARN mq_bench::transport::mqtt: MQTT subscription eventloop error; continuing poll loop client_id=sub-mqb-5bfe17c8e69e459b-4eaefd8fc4464f89bd6377f9659938a9 error=Mqtt state: Last pingreq isn't acked
2026-06-23T02:30:30.730026Z  WARN mq_bench::transport::mqtt: MQTT subscription eventloop error; continuing poll loop client_id=sub-mqb-5bfe17c8e69e459b-6f78843aa8e2402492f41b29cfac0d12 error=Network timeout
