mq-bench starting with run_id: auto
Writing CSV output to: artifacts/fanout_bursty_20260623_021728_mqtt_artemis_p64_s1000_u10_bursty/fanout_singlesite/sub_8_4.csv
2026-06-23T02:17:28.674092Z  INFO mq_bench::roles::subscriber: Starting subscriber engine=Mqtt key=topic_8 endpoint=None crash_enabled=false
2026-06-23T02:17:28.674143Z  INFO mq_bench::roles::subscriber: Connected via transport engine=Mqtt
2026-06-23T02:17:28.674185Z  INFO mq_bench::roles::subscriber: Subscribed to key expression key=topic_8
2026-06-23T02:17:35.342609Z  INFO mq_bench::roles::subscriber: Starting subscriber engine=Mqtt key=topic_8 endpoint=None crash_enabled=false
2026-06-23T02:17:35.342716Z  INFO mq_bench::roles::subscriber: Connected via transport engine=Mqtt
2026-06-23T02:17:35.342779Z  INFO mq_bench::roles::subscriber: Subscribed to key expression key=topic_8
2026-06-23T02:17:42.010004Z  INFO mq_bench::roles::subscriber: Starting subscriber engine=Mqtt key=topic_8 endpoint=None crash_enabled=false
2026-06-23T02:17:42.010116Z  INFO mq_bench::roles::subscriber: Connected via transport engine=Mqtt
2026-06-23T02:17:42.010180Z  INFO mq_bench::roles::subscriber: Subscribed to key expression key=topic_8
2026-06-23T02:17:48.677105Z  INFO mq_bench::roles::subscriber: Starting subscriber engine=Mqtt key=topic_8 endpoint=None crash_enabled=false
2026-06-23T02:17:48.677166Z  INFO mq_bench::roles::subscriber: Connected via transport engine=Mqtt
2026-06-23T02:17:48.677251Z  INFO mq_bench::roles::subscriber: Subscribed to key expression key=topic_8
2026-06-23T02:17:55.344880Z  INFO mq_bench::roles::subscriber: Starting subscriber engine=Mqtt key=topic_8 endpoint=None crash_enabled=false
2026-06-23T02:17:55.344996Z  INFO mq_bench::roles::subscriber: Connected via transport engine=Mqtt
2026-06-23T02:17:55.345081Z  INFO mq_bench::roles::subscriber: Subscribed to key expression key=topic_8
2026-06-23T02:18:02.012527Z  INFO mq_bench::roles::subscriber: Starting subscriber engine=Mqtt key=topic_8 endpoint=None crash_enabled=false
2026-06-23T02:18:02.012589Z  INFO mq_bench::roles::subscriber: Connected via transport engine=Mqtt
2026-06-23T02:18:02.012676Z  INFO mq_bench::roles::subscriber: Subscribed to key expression key=topic_8
2026-06-23T02:18:08.680243Z  INFO mq_bench::roles::subscriber: Starting subscriber engine=Mqtt key=topic_8 endpoint=None crash_enabled=false
2026-06-23T02:18:08.680302Z  INFO mq_bench::roles::subscriber: Connected via transport engine=Mqtt
2026-06-23T02:18:08.680413Z  INFO mq_bench::roles::subscriber: Subscribed to key expression key=topic_8
2026-06-23T02:18:15.348012Z  INFO mq_bench::roles::subscriber: Starting subscriber engine=Mqtt key=topic_8 endpoint=None crash_enabled=false
2026-06-23T02:18:15.348072Z  INFO mq_bench::roles::subscriber: Connected via transport engine=Mqtt
2026-06-23T02:18:15.348160Z  INFO mq_bench::roles::subscriber: Subscribed to key expression key=topic_8
2026-06-23T02:18:22.014883Z  INFO mq_bench::roles::subscriber: Starting subscriber engine=Mqtt key=topic_8 endpoint=None crash_enabled=false
2026-06-23T02:18:22.014950Z  INFO mq_bench::roles::subscriber: Connected via transport engine=Mqtt
2026-06-23T02:18:22.015047Z  INFO mq_bench::roles::subscriber: Subscribed to key expression key=topic_8
2026-06-23T02:18:28.681797Z  INFO mq_bench::roles::subscriber: Starting subscriber engine=Mqtt key=topic_8 endpoint=None crash_enabled=false
2026-06-23T02:18:28.681855Z  INFO mq_bench::roles::subscriber: Connected via transport engine=Mqtt
2026-06-23T02:18:28.681953Z  INFO mq_bench::roles::subscriber: Subscribed to key expression key=topic_8
2026-06-23T02:30:25.377689Z  WARN mq_bench::transport::mqtt: MQTT subscription eventloop error; continuing poll loop client_id=sub-mqb-5bfe17c8e69e459b-c85c0bfbc3c54b2387b73ec30d8c9f66 error=Mqtt state: Last pingreq isn't acked
2026-06-23T02:30:31.380365Z  WARN mq_bench::transport::mqtt: MQTT subscription eventloop error; continuing poll loop client_id=sub-mqb-5bfe17c8e69e459b-c85c0bfbc3c54b2387b73ec30d8c9f66 error=Network timeout
