mq-bench starting with run_id: auto
Writing CSV output to: artifacts/fanout_bursty_20260623_021728_mqtt_artemis_p64_s1000_u10_bursty/fanout_singlesite/sub_9_3.csv
2026-06-23T02:17:28.711082Z  INFO mq_bench::roles::subscriber: Starting subscriber engine=Mqtt key=topic_9 endpoint=None crash_enabled=false
2026-06-23T02:17:28.711131Z  INFO mq_bench::roles::subscriber: Connected via transport engine=Mqtt
2026-06-23T02:17:28.711177Z  INFO mq_bench::roles::subscriber: Subscribed to key expression key=topic_9
2026-06-23T02:17:35.378751Z  INFO mq_bench::roles::subscriber: Starting subscriber engine=Mqtt key=topic_9 endpoint=None crash_enabled=false
2026-06-23T02:17:35.378868Z  INFO mq_bench::roles::subscriber: Connected via transport engine=Mqtt
2026-06-23T02:17:35.378937Z  INFO mq_bench::roles::subscriber: Subscribed to key expression key=topic_9
2026-06-23T02:17:42.046552Z  INFO mq_bench::roles::subscriber: Starting subscriber engine=Mqtt key=topic_9 endpoint=None crash_enabled=false
2026-06-23T02:17:42.046675Z  INFO mq_bench::roles::subscriber: Connected via transport engine=Mqtt
2026-06-23T02:17:42.046741Z  INFO mq_bench::roles::subscriber: Subscribed to key expression key=topic_9
2026-06-23T02:17:48.714424Z  INFO mq_bench::roles::subscriber: Starting subscriber engine=Mqtt key=topic_9 endpoint=None crash_enabled=false
2026-06-23T02:17:48.714482Z  INFO mq_bench::roles::subscriber: Connected via transport engine=Mqtt
2026-06-23T02:17:48.714543Z  INFO mq_bench::roles::subscriber: Subscribed to key expression key=topic_9
2026-06-23T02:17:55.381291Z  INFO mq_bench::roles::subscriber: Starting subscriber engine=Mqtt key=topic_9 endpoint=None crash_enabled=false
2026-06-23T02:17:55.381346Z  INFO mq_bench::roles::subscriber: Connected via transport engine=Mqtt
2026-06-23T02:17:55.381454Z  INFO mq_bench::roles::subscriber: Subscribed to key expression key=topic_9
2026-06-23T02:18:02.048443Z  INFO mq_bench::roles::subscriber: Starting subscriber engine=Mqtt key=topic_9 endpoint=None crash_enabled=false
2026-06-23T02:18:02.048501Z  INFO mq_bench::roles::subscriber: Connected via transport engine=Mqtt
2026-06-23T02:18:02.048590Z  INFO mq_bench::roles::subscriber: Subscribed to key expression key=topic_9
2026-06-23T02:18:08.715474Z  INFO mq_bench::roles::subscriber: Starting subscriber engine=Mqtt key=topic_9 endpoint=None crash_enabled=false
2026-06-23T02:18:08.715525Z  INFO mq_bench::roles::subscriber: Connected via transport engine=Mqtt
2026-06-23T02:18:08.715617Z  INFO mq_bench::roles::subscriber: Subscribed to key expression key=topic_9
2026-06-23T02:18:15.384232Z  INFO mq_bench::roles::subscriber: Starting subscriber engine=Mqtt key=topic_9 endpoint=None crash_enabled=false
2026-06-23T02:18:15.384289Z  INFO mq_bench::roles::subscriber: Connected via transport engine=Mqtt
2026-06-23T02:18:15.384395Z  INFO mq_bench::roles::subscriber: Subscribed to key expression key=topic_9
2026-06-23T02:18:22.051874Z  INFO mq_bench::roles::subscriber: Starting subscriber engine=Mqtt key=topic_9 endpoint=None crash_enabled=false
2026-06-23T02:18:22.051932Z  INFO mq_bench::roles::subscriber: Connected via transport engine=Mqtt
2026-06-23T02:18:22.052015Z  INFO mq_bench::roles::subscriber: Subscribed to key expression key=topic_9
2026-06-23T02:18:28.719910Z  INFO mq_bench::roles::subscriber: Starting subscriber engine=Mqtt key=topic_9 endpoint=None crash_enabled=false
2026-06-23T02:18:28.719955Z  INFO mq_bench::roles::subscriber: Connected via transport engine=Mqtt
2026-06-23T02:18:28.720080Z  INFO mq_bench::roles::subscriber: Subscribed to key expression key=topic_9
2026-06-23T02:30:02.078148Z  WARN mq_bench::transport::mqtt: MQTT subscription eventloop error; continuing poll loop client_id=sub-mqb-5bfe16c8e69e43e8-30eb68f117d14068982c222c176f6410 error=Mqtt state: Last pingreq isn't acked
2026-06-23T02:30:08.080282Z  WARN mq_bench::transport::mqtt: MQTT subscription eventloop error; continuing poll loop client_id=sub-mqb-5bfe16c8e69e43e8-30eb68f117d14068982c222c176f6410 error=Network timeout
2026-06-23T02:30:08.753771Z  WARN mq_bench::transport::mqtt: MQTT subscription eventloop error; continuing poll loop client_id=sub-mqb-5bfe16c8e69e43e8-50d0f0a4055641cfbb8bce86a92d5009 error=Mqtt state: Last pingreq isn't acked
2026-06-23T02:30:12.078076Z  WARN mq_bench::transport::mqtt: MQTT subscription eventloop error; continuing poll loop client_id=sub-mqb-5bfe16c8e69e43e8-9d43130d756e4b09962018e14ba9194f error=Mqtt state: Last pingreq isn't acked
2026-06-23T02:30:14.082469Z  WARN mq_bench::transport::mqtt: MQTT subscription eventloop error; continuing poll loop client_id=sub-mqb-5bfe16c8e69e43e8-30eb68f117d14068982c222c176f6410 error=Network timeout
2026-06-23T02:30:14.756086Z  WARN mq_bench::transport::mqtt: MQTT subscription eventloop error; continuing poll loop client_id=sub-mqb-5bfe16c8e69e43e8-50d0f0a4055641cfbb8bce86a92d5009 error=Network timeout
2026-06-23T02:30:18.081400Z  WARN mq_bench::transport::mqtt: MQTT subscription eventloop error; continuing poll loop client_id=sub-mqb-5bfe16c8e69e43e8-9d43130d756e4b09962018e14ba9194f error=Network timeout
2026-06-23T02:30:18.748033Z  WARN mq_bench::transport::mqtt: MQTT subscription eventloop error; continuing poll loop client_id=sub-mqb-5bfe16c8e69e43e8-ce2e977a8c4b4796b1969a688c58b5c6 error=Mqtt state: Last pingreq isn't acked
2026-06-23T02:30:20.084301Z  WARN mq_bench::transport::mqtt: MQTT subscription eventloop error; continuing poll loop client_id=sub-mqb-5bfe16c8e69e43e8-30eb68f117d14068982c222c176f6410 error=Network timeout
2026-06-23T02:30:20.759013Z  WARN mq_bench::transport::mqtt: MQTT subscription eventloop error; continuing poll loop client_id=sub-mqb-5bfe16c8e69e43e8-50d0f0a4055641cfbb8bce86a92d5009 error=Network timeout
2026-06-23T02:30:22.081376Z  WARN mq_bench::transport::mqtt: MQTT subscription eventloop error; continuing poll loop client_id=sub-mqb-5bfe16c8e69e43e8-dbde09542dc94aa99512828349796504 error=Mqtt state: Last pingreq isn't acked
2026-06-23T02:30:24.083616Z  WARN mq_bench::transport::mqtt: MQTT subscription eventloop error; continuing poll loop client_id=sub-mqb-5bfe16c8e69e43e8-9d43130d756e4b09962018e14ba9194f error=Network timeout
2026-06-23T02:30:24.750092Z  WARN mq_bench::transport::mqtt: MQTT subscription eventloop error; continuing poll loop client_id=sub-mqb-5bfe16c8e69e43e8-ce2e977a8c4b4796b1969a688c58b5c6 error=Network timeout
2026-06-23T02:30:26.086630Z  WARN mq_bench::transport::mqtt: MQTT subscription eventloop error; continuing poll loop client_id=sub-mqb-5bfe16c8e69e43e8-30eb68f117d14068982c222c176f6410 error=Network timeout
2026-06-23T02:30:26.760278Z  WARN mq_bench::transport::mqtt: MQTT subscription eventloop error; continuing poll loop client_id=sub-mqb-5bfe16c8e69e43e8-50d0f0a4055641cfbb8bce86a92d5009 error=Network timeout
2026-06-23T02:30:28.083414Z  WARN mq_bench::transport::mqtt: MQTT subscription eventloop error; continuing poll loop client_id=sub-mqb-5bfe16c8e69e43e8-dbde09542dc94aa99512828349796504 error=Network timeout
2026-06-23T02:30:28.788999Z  WARN mq_bench::transport::mqtt: MQTT subscription eventloop error; continuing poll loop client_id=sub-mqb-5bfe16c8e69e43e8-06b044b8b4d44910b913eda5e678fec0 error=Mqtt state: Last pingreq isn't acked
2026-06-23T02:30:29.453610Z  WARN mq_bench::transport::mqtt: MQTT subscription eventloop error; continuing poll loop client_id=sub-mqb-5bfe16c8e69e43e8-6f9fb30d7c284409a08e736fcb4105fb error=Mqtt state: Last pingreq isn't acked
2026-06-23T02:30:30.085471Z  WARN mq_bench::transport::mqtt: MQTT subscription eventloop error; continuing poll loop client_id=sub-mqb-5bfe16c8e69e43e8-9d43130d756e4b09962018e14ba9194f error=Network timeout
2026-06-23T02:30:30.752290Z  WARN mq_bench::transport::mqtt: MQTT subscription eventloop error; continuing poll loop client_id=sub-mqb-5bfe16c8e69e43e8-ce2e977a8c4b4796b1969a688c58b5c6 error=Network timeout
2026-06-23T02:30:32.088641Z  WARN mq_bench::transport::mqtt: MQTT subscription eventloop error; continuing poll loop client_id=sub-mqb-5bfe16c8e69e43e8-30eb68f117d14068982c222c176f6410 error=Network timeout
2026-06-23T02:30:32.763119Z  WARN mq_bench::transport::mqtt: MQTT subscription eventloop error; continuing poll loop client_id=sub-mqb-5bfe16c8e69e43e8-50d0f0a4055641cfbb8bce86a92d5009 error=Network timeout
