mq-bench starting with run_id: auto
Writing CSV output to: artifacts/fanout_bursty_20260623_021728_mqtt_artemis_p64_s1000_u10_bursty/fanout_singlesite/sub_9_8.csv
2026-06-23T02:17:28.730470Z  INFO mq_bench::roles::subscriber: Starting subscriber engine=Mqtt key=topic_9 endpoint=None crash_enabled=false
2026-06-23T02:17:28.730521Z  INFO mq_bench::roles::subscriber: Connected via transport engine=Mqtt
2026-06-23T02:17:28.730562Z  INFO mq_bench::roles::subscriber: Subscribed to key expression key=topic_9
2026-06-23T02:17:35.398175Z  INFO mq_bench::roles::subscriber: Starting subscriber engine=Mqtt key=topic_9 endpoint=None crash_enabled=false
2026-06-23T02:17:35.398326Z  INFO mq_bench::roles::subscriber: Connected via transport engine=Mqtt
2026-06-23T02:17:35.398390Z  INFO mq_bench::roles::subscriber: Subscribed to key expression key=topic_9
2026-06-23T02:17:42.065994Z  INFO mq_bench::roles::subscriber: Starting subscriber engine=Mqtt key=topic_9 endpoint=None crash_enabled=false
2026-06-23T02:17:42.066106Z  INFO mq_bench::roles::subscriber: Connected via transport engine=Mqtt
2026-06-23T02:17:42.066170Z  INFO mq_bench::roles::subscriber: Subscribed to key expression key=topic_9
2026-06-23T02:17:48.733283Z  INFO mq_bench::roles::subscriber: Starting subscriber engine=Mqtt key=topic_9 endpoint=None crash_enabled=false
2026-06-23T02:17:48.733404Z  INFO mq_bench::roles::subscriber: Connected via transport engine=Mqtt
2026-06-23T02:17:48.733466Z  INFO mq_bench::roles::subscriber: Subscribed to key expression key=topic_9
2026-06-23T02:17:55.400364Z  INFO mq_bench::roles::subscriber: Starting subscriber engine=Mqtt key=topic_9 endpoint=None crash_enabled=false
2026-06-23T02:17:55.400429Z  INFO mq_bench::roles::subscriber: Connected via transport engine=Mqtt
2026-06-23T02:17:55.400517Z  INFO mq_bench::roles::subscriber: Subscribed to key expression key=topic_9
2026-06-23T02:18:02.068731Z  INFO mq_bench::roles::subscriber: Starting subscriber engine=Mqtt key=topic_9 endpoint=None crash_enabled=false
2026-06-23T02:18:02.068787Z  INFO mq_bench::roles::subscriber: Connected via transport engine=Mqtt
2026-06-23T02:18:02.068860Z  INFO mq_bench::roles::subscriber: Subscribed to key expression key=topic_9
2026-06-23T02:18:08.736281Z  INFO mq_bench::roles::subscriber: Starting subscriber engine=Mqtt key=topic_9 endpoint=None crash_enabled=false
2026-06-23T02:18:08.736330Z  INFO mq_bench::roles::subscriber: Connected via transport engine=Mqtt
2026-06-23T02:18:08.736412Z  INFO mq_bench::roles::subscriber: Subscribed to key expression key=topic_9
2026-06-23T02:18:15.404058Z  INFO mq_bench::roles::subscriber: Starting subscriber engine=Mqtt key=topic_9 endpoint=None crash_enabled=false
2026-06-23T02:18:15.404108Z  INFO mq_bench::roles::subscriber: Connected via transport engine=Mqtt
2026-06-23T02:18:15.404197Z  INFO mq_bench::roles::subscriber: Subscribed to key expression key=topic_9
2026-06-23T02:18:22.071779Z  INFO mq_bench::roles::subscriber: Starting subscriber engine=Mqtt key=topic_9 endpoint=None crash_enabled=false
2026-06-23T02:18:22.071846Z  INFO mq_bench::roles::subscriber: Connected via transport engine=Mqtt
2026-06-23T02:18:22.071916Z  INFO mq_bench::roles::subscriber: Subscribed to key expression key=topic_9
2026-06-23T02:18:28.739807Z  INFO mq_bench::roles::subscriber: Starting subscriber engine=Mqtt key=topic_9 endpoint=None crash_enabled=false
2026-06-23T02:18:28.739863Z  INFO mq_bench::roles::subscriber: Connected via transport engine=Mqtt
2026-06-23T02:18:28.739960Z  INFO mq_bench::roles::subscriber: Subscribed to key expression key=topic_9
2026-06-23T02:30:18.770140Z  WARN mq_bench::transport::mqtt: MQTT subscription eventloop error; continuing poll loop client_id=sub-mqb-5bfe16c8e69e43e8-d64925a850c24815a79e19ff5b9ab490 error=Mqtt state: Last pingreq isn't acked
2026-06-23T02:30:22.100709Z  WARN mq_bench::transport::mqtt: MQTT subscription eventloop error; continuing poll loop client_id=sub-mqb-5bfe16c8e69e43e8-92d40b42803549edbb1737c21669b441 error=Mqtt state: Last pingreq isn't acked
2026-06-23T02:30:24.772830Z  WARN mq_bench::transport::mqtt: MQTT subscription eventloop error; continuing poll loop client_id=sub-mqb-5bfe16c8e69e43e8-d64925a850c24815a79e19ff5b9ab490 error=Network timeout
2026-06-23T02:30:25.431259Z  WARN mq_bench::transport::mqtt: MQTT subscription eventloop error; continuing poll loop client_id=sub-mqb-5bfe16c8e69e43e8-b2bbcf7666a74fcea00d5f96729055eb error=Mqtt state: Last pingreq isn't acked
2026-06-23T02:30:28.102109Z  WARN mq_bench::transport::mqtt: MQTT subscription eventloop error; continuing poll loop client_id=sub-mqb-5bfe16c8e69e43e8-92d40b42803549edbb1737c21669b441 error=Network timeout
2026-06-23T02:30:28.786567Z  WARN mq_bench::transport::mqtt: MQTT subscription eventloop error; continuing poll loop client_id=sub-mqb-5bfe16c8e69e43e8-8f4aad8c02ee4edc8f62c90962cc8852 error=Mqtt state: Last pingreq isn't acked
2026-06-23T02:30:29.453159Z  WARN mq_bench::transport::mqtt: MQTT subscription eventloop error; continuing poll loop client_id=sub-mqb-5bfe16c8e69e43e8-97ac049031a4476e8d38367bd3cf8165 error=Mqtt state: Last pingreq isn't acked
2026-06-23T02:30:30.774668Z  WARN mq_bench::transport::mqtt: MQTT subscription eventloop error; continuing poll loop client_id=sub-mqb-5bfe16c8e69e43e8-d64925a850c24815a79e19ff5b9ab490 error=Network timeout
2026-06-23T02:30:31.433918Z  WARN mq_bench::transport::mqtt: MQTT subscription eventloop error; continuing poll loop client_id=sub-mqb-5bfe16c8e69e43e8-b2bbcf7666a74fcea00d5f96729055eb error=Network timeout
2026-06-23T02:30:32.098677Z  WARN mq_bench::transport::mqtt: MQTT subscription eventloop error; continuing poll loop client_id=sub-mqb-5bfe16c8e69e43e8-8b05728dd9c543609b5ff264e9a80712 error=Mqtt state: Last pingreq isn't acked
