mq-bench starting with run_id: auto
Writing CSV output to: artifacts/fanout_bursty_20260623_021728_mqtt_artemis_p64_s1000_u10_bursty/fanout_singlesite/sub_6_6.csv
2026-06-23T02:17:28.600954Z  INFO mq_bench::roles::subscriber: Starting subscriber engine=Mqtt key=topic_6 endpoint=None crash_enabled=false
2026-06-23T02:17:28.601007Z  INFO mq_bench::roles::subscriber: Connected via transport engine=Mqtt
2026-06-23T02:17:28.601056Z  INFO mq_bench::roles::subscriber: Subscribed to key expression key=topic_6
2026-06-23T02:17:35.268821Z  INFO mq_bench::roles::subscriber: Starting subscriber engine=Mqtt key=topic_6 endpoint=None crash_enabled=false
2026-06-23T02:17:35.268954Z  INFO mq_bench::roles::subscriber: Connected via transport engine=Mqtt
2026-06-23T02:17:35.269018Z  INFO mq_bench::roles::subscriber: Subscribed to key expression key=topic_6
2026-06-23T02:17:41.936840Z  INFO mq_bench::roles::subscriber: Starting subscriber engine=Mqtt key=topic_6 endpoint=None crash_enabled=false
2026-06-23T02:17:41.936966Z  INFO mq_bench::roles::subscriber: Connected via transport engine=Mqtt
2026-06-23T02:17:41.937032Z  INFO mq_bench::roles::subscriber: Subscribed to key expression key=topic_6
2026-06-23T02:17:48.604773Z  INFO mq_bench::roles::subscriber: Starting subscriber engine=Mqtt key=topic_6 endpoint=None crash_enabled=false
2026-06-23T02:17:48.604848Z  INFO mq_bench::roles::subscriber: Connected via transport engine=Mqtt
2026-06-23T02:17:48.604912Z  INFO mq_bench::roles::subscriber: Subscribed to key expression key=topic_6
2026-06-23T02:17:55.273530Z  INFO mq_bench::roles::subscriber: Starting subscriber engine=Mqtt key=topic_6 endpoint=None crash_enabled=false
2026-06-23T02:17:55.273674Z  INFO mq_bench::roles::subscriber: Connected via transport engine=Mqtt
2026-06-23T02:17:55.273756Z  INFO mq_bench::roles::subscriber: Subscribed to key expression key=topic_6
2026-06-23T02:18:01.941455Z  INFO mq_bench::roles::subscriber: Starting subscriber engine=Mqtt key=topic_6 endpoint=None crash_enabled=false
2026-06-23T02:18:01.941512Z  INFO mq_bench::roles::subscriber: Connected via transport engine=Mqtt
2026-06-23T02:18:01.941603Z  INFO mq_bench::roles::subscriber: Subscribed to key expression key=topic_6
2026-06-23T02:18:08.609042Z  INFO mq_bench::roles::subscriber: Starting subscriber engine=Mqtt key=topic_6 endpoint=None crash_enabled=false
2026-06-23T02:18:08.609101Z  INFO mq_bench::roles::subscriber: Connected via transport engine=Mqtt
2026-06-23T02:18:08.609190Z  INFO mq_bench::roles::subscriber: Subscribed to key expression key=topic_6
2026-06-23T02:18:15.277135Z  INFO mq_bench::roles::subscriber: Starting subscriber engine=Mqtt key=topic_6 endpoint=None crash_enabled=false
2026-06-23T02:18:15.277195Z  INFO mq_bench::roles::subscriber: Connected via transport engine=Mqtt
2026-06-23T02:18:15.277322Z  INFO mq_bench::roles::subscriber: Subscribed to key expression key=topic_6
2026-06-23T02:18:21.945518Z  INFO mq_bench::roles::subscriber: Starting subscriber engine=Mqtt key=topic_6 endpoint=None crash_enabled=false
2026-06-23T02:18:21.945590Z  INFO mq_bench::roles::subscriber: Connected via transport engine=Mqtt
2026-06-23T02:18:21.945662Z  INFO mq_bench::roles::subscriber: Subscribed to key expression key=topic_6
2026-06-23T02:18:28.613483Z  INFO mq_bench::roles::subscriber: Starting subscriber engine=Mqtt key=topic_6 endpoint=None crash_enabled=false
2026-06-23T02:18:28.613539Z  INFO mq_bench::roles::subscriber: Connected via transport engine=Mqtt
2026-06-23T02:18:28.613633Z  INFO mq_bench::roles::subscriber: Subscribed to key expression key=topic_6
2026-06-23T02:30:21.974463Z  WARN mq_bench::transport::mqtt: MQTT subscription eventloop error; continuing poll loop client_id=sub-mqb-5bfe15c8e69e4235-b0abb08922b54be2ae2de93476407356 error=Mqtt state: Last pingreq isn't acked
2026-06-23T02:30:25.315136Z  WARN mq_bench::transport::mqtt: MQTT subscription eventloop error; continuing poll loop client_id=sub-mqb-5bfe15c8e69e4235-e3c7c7fdc7ad45feacc5ade8b43a17d3 error=Mqtt state: Last pingreq isn't acked
2026-06-23T02:30:27.976856Z  WARN mq_bench::transport::mqtt: MQTT subscription eventloop error; continuing poll loop client_id=sub-mqb-5bfe15c8e69e4235-b0abb08922b54be2ae2de93476407356 error=Network timeout
2026-06-23T02:30:28.649481Z  WARN mq_bench::transport::mqtt: MQTT subscription eventloop error; continuing poll loop client_id=sub-mqb-5bfe15c8e69e4235-676041593670469886fe3c9f76af42ef error=Mqtt state: Last pingreq isn't acked
2026-06-23T02:30:29.455415Z  WARN mq_bench::transport::mqtt: MQTT subscription eventloop error; continuing poll loop client_id=sub-mqb-5bfe15c8e69e4235-1d2c57ee6438489ab732d6fa80c8cac0 error=Mqtt state: Last pingreq isn't acked
2026-06-23T02:30:31.316563Z  WARN mq_bench::transport::mqtt: MQTT subscription eventloop error; continuing poll loop client_id=sub-mqb-5bfe15c8e69e4235-e3c7c7fdc7ad45feacc5ade8b43a17d3 error=Network timeout
2026-06-23T02:30:31.971075Z  WARN mq_bench::transport::mqtt: MQTT subscription eventloop error; continuing poll loop client_id=sub-mqb-5bfe15c8e69e4235-bda790f8176d42d3843b290bb83c33c4 error=Mqtt state: Last pingreq isn't acked
