mq-bench starting with run_id: auto
Writing CSV output to: artifacts/fanout_bursty_20260623_021728_mqtt_artemis_p64_s1000_u10_bursty/fanout_singlesite/sub_5_1.csv
2026-06-23T02:17:28.541832Z  INFO mq_bench::roles::subscriber: Starting subscriber engine=Mqtt key=topic_5 endpoint=None crash_enabled=false
2026-06-23T02:17:28.541881Z  INFO mq_bench::roles::subscriber: Connected via transport engine=Mqtt
2026-06-23T02:17:28.541919Z  INFO mq_bench::roles::subscriber: Subscribed to key expression key=topic_5
2026-06-23T02:17:35.209568Z  INFO mq_bench::roles::subscriber: Starting subscriber engine=Mqtt key=topic_5 endpoint=None crash_enabled=false
2026-06-23T02:17:35.209635Z  INFO mq_bench::roles::subscriber: Connected via transport engine=Mqtt
2026-06-23T02:17:35.209713Z  INFO mq_bench::roles::subscriber: Subscribed to key expression key=topic_5
2026-06-23T02:17:41.877846Z  INFO mq_bench::roles::subscriber: Starting subscriber engine=Mqtt key=topic_5 endpoint=None crash_enabled=false
2026-06-23T02:17:41.877967Z  INFO mq_bench::roles::subscriber: Connected via transport engine=Mqtt
2026-06-23T02:17:41.878030Z  INFO mq_bench::roles::subscriber: Subscribed to key expression key=topic_5
2026-06-23T02:17:48.546095Z  INFO mq_bench::roles::subscriber: Starting subscriber engine=Mqtt key=topic_5 endpoint=None crash_enabled=false
2026-06-23T02:17:48.546237Z  INFO mq_bench::roles::subscriber: Connected via transport engine=Mqtt
2026-06-23T02:17:48.546301Z  INFO mq_bench::roles::subscriber: Subscribed to key expression key=topic_5
2026-06-23T02:17:55.214036Z  INFO mq_bench::roles::subscriber: Starting subscriber engine=Mqtt key=topic_5 endpoint=None crash_enabled=false
2026-06-23T02:17:55.214093Z  INFO mq_bench::roles::subscriber: Connected via transport engine=Mqtt
2026-06-23T02:17:55.214167Z  INFO mq_bench::roles::subscriber: Subscribed to key expression key=topic_5
2026-06-23T02:18:01.881433Z  INFO mq_bench::roles::subscriber: Starting subscriber engine=Mqtt key=topic_5 endpoint=None crash_enabled=false
2026-06-23T02:18:01.881492Z  INFO mq_bench::roles::subscriber: Connected via transport engine=Mqtt
2026-06-23T02:18:01.881581Z  INFO mq_bench::roles::subscriber: Subscribed to key expression key=topic_5
2026-06-23T02:18:08.549285Z  INFO mq_bench::roles::subscriber: Starting subscriber engine=Mqtt key=topic_5 endpoint=None crash_enabled=false
2026-06-23T02:18:08.549334Z  INFO mq_bench::roles::subscriber: Connected via transport engine=Mqtt
2026-06-23T02:18:08.549423Z  INFO mq_bench::roles::subscriber: Subscribed to key expression key=topic_5
2026-06-23T02:18:15.217125Z  INFO mq_bench::roles::subscriber: Starting subscriber engine=Mqtt key=topic_5 endpoint=None crash_enabled=false
2026-06-23T02:18:15.217178Z  INFO mq_bench::roles::subscriber: Connected via transport engine=Mqtt
2026-06-23T02:18:15.217296Z  INFO mq_bench::roles::subscriber: Subscribed to key expression key=topic_5
2026-06-23T02:18:21.884433Z  INFO mq_bench::roles::subscriber: Starting subscriber engine=Mqtt key=topic_5 endpoint=None crash_enabled=false
2026-06-23T02:18:21.884510Z  INFO mq_bench::roles::subscriber: Connected via transport engine=Mqtt
2026-06-23T02:18:21.884592Z  INFO mq_bench::roles::subscriber: Subscribed to key expression key=topic_5
2026-06-23T02:18:28.552225Z  INFO mq_bench::roles::subscriber: Starting subscriber engine=Mqtt key=topic_5 endpoint=None crash_enabled=false
2026-06-23T02:18:28.552273Z  INFO mq_bench::roles::subscriber: Connected via transport engine=Mqtt
2026-06-23T02:18:28.552367Z  INFO mq_bench::roles::subscriber: Subscribed to key expression key=topic_5
2026-06-23T02:29:55.248547Z  WARN mq_bench::transport::mqtt: MQTT subscription eventloop error; continuing poll loop client_id=sub-mqb-5bfe12c8e69e3d1c-86981750b7164977a170f905f940b5b4 error=Mqtt state: Last pingreq isn't acked
2026-06-23T02:30:01.250341Z  WARN mq_bench::transport::mqtt: MQTT subscription eventloop error; continuing poll loop client_id=sub-mqb-5bfe12c8e69e3d1c-86981750b7164977a170f905f940b5b4 error=Network timeout
2026-06-23T02:30:05.240892Z  WARN mq_bench::transport::mqtt: MQTT subscription eventloop error; continuing poll loop client_id=sub-mqb-5bfe12c8e69e3d1c-fc48d623182e4b099067a2cc1ec941b9 error=Mqtt state: Last pingreq isn't acked
2026-06-23T02:30:07.254103Z  WARN mq_bench::transport::mqtt: MQTT subscription eventloop error; continuing poll loop client_id=sub-mqb-5bfe12c8e69e3d1c-86981750b7164977a170f905f940b5b4 error=Network timeout
2026-06-23T02:30:11.242411Z  WARN mq_bench::transport::mqtt: MQTT subscription eventloop error; continuing poll loop client_id=sub-mqb-5bfe12c8e69e3d1c-fc48d623182e4b099067a2cc1ec941b9 error=Network timeout
2026-06-23T02:30:13.255542Z  WARN mq_bench::transport::mqtt: MQTT subscription eventloop error; continuing poll loop client_id=sub-mqb-5bfe12c8e69e3d1c-86981750b7164977a170f905f940b5b4 error=Network timeout
2026-06-23T02:30:15.248563Z  WARN mq_bench::transport::mqtt: MQTT subscription eventloop error; continuing poll loop client_id=sub-mqb-5bfe12c8e69e3d1c-51849472be674745a736edc7e4ce2728 error=Mqtt state: Last pingreq isn't acked
2026-06-23T02:30:17.244678Z  WARN mq_bench::transport::mqtt: MQTT subscription eventloop error; continuing poll loop client_id=sub-mqb-5bfe12c8e69e3d1c-fc48d623182e4b099067a2cc1ec941b9 error=Network timeout
2026-06-23T02:30:19.257868Z  WARN mq_bench::transport::mqtt: MQTT subscription eventloop error; continuing poll loop client_id=sub-mqb-5bfe12c8e69e3d1c-86981750b7164977a170f905f940b5b4 error=Network timeout
2026-06-23T02:30:21.250911Z  WARN mq_bench::transport::mqtt: MQTT subscription eventloop error; continuing poll loop client_id=sub-mqb-5bfe12c8e69e3d1c-51849472be674745a736edc7e4ce2728 error=Network timeout
2026-06-23T02:30:21.914389Z  WARN mq_bench::transport::mqtt: MQTT subscription eventloop error; continuing poll loop client_id=sub-mqb-5bfe12c8e69e3d1c-a445d0c67e964d5fa9eb966b45f38aa7 error=Mqtt state: Last pingreq isn't acked
2026-06-23T02:30:23.246343Z  WARN mq_bench::transport::mqtt: MQTT subscription eventloop error; continuing poll loop client_id=sub-mqb-5bfe12c8e69e3d1c-fc48d623182e4b099067a2cc1ec941b9 error=Network timeout
2026-06-23T02:30:25.260305Z  WARN mq_bench::transport::mqtt: MQTT subscription eventloop error; continuing poll loop client_id=sub-mqb-5bfe12c8e69e3d1c-86981750b7164977a170f905f940b5b4 error=Network timeout
2026-06-23T02:30:27.252339Z  WARN mq_bench::transport::mqtt: MQTT subscription eventloop error; continuing poll loop client_id=sub-mqb-5bfe12c8e69e3d1c-51849472be674745a736edc7e4ce2728 error=Network timeout
2026-06-23T02:30:27.916778Z  WARN mq_bench::transport::mqtt: MQTT subscription eventloop error; continuing poll loop client_id=sub-mqb-5bfe12c8e69e3d1c-a445d0c67e964d5fa9eb966b45f38aa7 error=Network timeout
2026-06-23T02:30:28.585544Z  WARN mq_bench::transport::mqtt: MQTT subscription eventloop error; continuing poll loop client_id=sub-mqb-5bfe12c8e69e3d1c-335c150bcc884da1958e94695494e099 error=Mqtt state: Last pingreq isn't acked
2026-06-23T02:30:29.248995Z  WARN mq_bench::transport::mqtt: MQTT subscription eventloop error; continuing poll loop client_id=sub-mqb-5bfe12c8e69e3d1c-fc48d623182e4b099067a2cc1ec941b9 error=Network timeout
2026-06-23T02:30:29.421584Z  WARN mq_bench::transport::mqtt: MQTT subscription eventloop error; continuing poll loop client_id=sub-mqb-5bfe12c8e69e3d1c-29a305a230454a009d93813ddb5f0151 error=Mqtt state: Last pingreq isn't acked
2026-06-23T02:30:31.263597Z  WARN mq_bench::transport::mqtt: MQTT subscription eventloop error; continuing poll loop client_id=sub-mqb-5bfe12c8e69e3d1c-86981750b7164977a170f905f940b5b4 error=Network timeout
2026-06-23T02:30:31.911091Z  WARN mq_bench::transport::mqtt: MQTT subscription eventloop error; continuing poll loop client_id=sub-mqb-5bfe12c8e69e3d1c-041878c0784d472f83e8de1953fbf10f error=Mqtt state: Last pingreq isn't acked
2026-06-23T02:30:33.255293Z  WARN mq_bench::transport::mqtt: MQTT subscription eventloop error; continuing poll loop client_id=sub-mqb-5bfe12c8e69e3d1c-51849472be674745a736edc7e4ce2728 error=Network timeout
