mq-bench starting with run_id: auto
Writing CSV output to: artifacts/fanout_bursty_20260623_021728_mqtt_artemis_p64_s1000_u10_bursty/fanout_singlesite/sub_7_3.csv
2026-06-23T02:17:28.629320Z  INFO mq_bench::roles::subscriber: Starting subscriber engine=Mqtt key=topic_7 endpoint=None crash_enabled=false
2026-06-23T02:17:28.629369Z  INFO mq_bench::roles::subscriber: Connected via transport engine=Mqtt
2026-06-23T02:17:28.629409Z  INFO mq_bench::roles::subscriber: Subscribed to key expression key=topic_7
2026-06-23T02:17:35.297476Z  INFO mq_bench::roles::subscriber: Starting subscriber engine=Mqtt key=topic_7 endpoint=None crash_enabled=false
2026-06-23T02:17:35.297607Z  INFO mq_bench::roles::subscriber: Connected via transport engine=Mqtt
2026-06-23T02:17:35.297670Z  INFO mq_bench::roles::subscriber: Subscribed to key expression key=topic_7
2026-06-23T02:17:41.964935Z  INFO mq_bench::roles::subscriber: Starting subscriber engine=Mqtt key=topic_7 endpoint=None crash_enabled=false
2026-06-23T02:17:41.965048Z  INFO mq_bench::roles::subscriber: Connected via transport engine=Mqtt
2026-06-23T02:17:41.965111Z  INFO mq_bench::roles::subscriber: Subscribed to key expression key=topic_7
2026-06-23T02:17:48.632746Z  INFO mq_bench::roles::subscriber: Starting subscriber engine=Mqtt key=topic_7 endpoint=None crash_enabled=false
2026-06-23T02:17:48.632807Z  INFO mq_bench::roles::subscriber: Connected via transport engine=Mqtt
2026-06-23T02:17:48.632872Z  INFO mq_bench::roles::subscriber: Subscribed to key expression key=topic_7
2026-06-23T02:17:55.300026Z  INFO mq_bench::roles::subscriber: Starting subscriber engine=Mqtt key=topic_7 endpoint=None crash_enabled=false
2026-06-23T02:17:55.300156Z  INFO mq_bench::roles::subscriber: Connected via transport engine=Mqtt
2026-06-23T02:17:55.300268Z  INFO mq_bench::roles::subscriber: Subscribed to key expression key=topic_7
2026-06-23T02:18:01.967233Z  INFO mq_bench::roles::subscriber: Starting subscriber engine=Mqtt key=topic_7 endpoint=None crash_enabled=false
2026-06-23T02:18:01.967291Z  INFO mq_bench::roles::subscriber: Connected via transport engine=Mqtt
2026-06-23T02:18:01.967360Z  INFO mq_bench::roles::subscriber: Subscribed to key expression key=topic_7
2026-06-23T02:18:08.635286Z  INFO mq_bench::roles::subscriber: Starting subscriber engine=Mqtt key=topic_7 endpoint=None crash_enabled=false
2026-06-23T02:18:08.635336Z  INFO mq_bench::roles::subscriber: Connected via transport engine=Mqtt
2026-06-23T02:18:08.635417Z  INFO mq_bench::roles::subscriber: Subscribed to key expression key=topic_7
2026-06-23T02:18:15.303857Z  INFO mq_bench::roles::subscriber: Starting subscriber engine=Mqtt key=topic_7 endpoint=None crash_enabled=false
2026-06-23T02:18:15.303916Z  INFO mq_bench::roles::subscriber: Connected via transport engine=Mqtt
2026-06-23T02:18:15.304016Z  INFO mq_bench::roles::subscriber: Subscribed to key expression key=topic_7
2026-06-23T02:18:21.971108Z  INFO mq_bench::roles::subscriber: Starting subscriber engine=Mqtt key=topic_7 endpoint=None crash_enabled=false
2026-06-23T02:18:21.971162Z  INFO mq_bench::roles::subscriber: Connected via transport engine=Mqtt
2026-06-23T02:18:21.971286Z  INFO mq_bench::roles::subscriber: Subscribed to key expression key=topic_7
2026-06-23T02:18:28.637947Z  INFO mq_bench::roles::subscriber: Starting subscriber engine=Mqtt key=topic_7 endpoint=None crash_enabled=false
2026-06-23T02:18:28.637998Z  INFO mq_bench::roles::subscriber: Connected via transport engine=Mqtt
2026-06-23T02:18:28.638082Z  INFO mq_bench::roles::subscriber: Subscribed to key expression key=topic_7
2026-06-23T02:29:55.328105Z  WARN mq_bench::transport::mqtt: MQTT subscription eventloop error; continuing poll loop client_id=sub-mqb-5bfe14c8e69e4082-8dbd5c4fb4874f97a10e09e9a1a4da2a error=Mqtt state: Last pingreq isn't acked
2026-06-23T02:30:01.330107Z  WARN mq_bench::transport::mqtt: MQTT subscription eventloop error; continuing poll loop client_id=sub-mqb-5bfe14c8e69e4082-8dbd5c4fb4874f97a10e09e9a1a4da2a error=Network timeout
2026-06-23T02:30:05.326905Z  WARN mq_bench::transport::mqtt: MQTT subscription eventloop error; continuing poll loop client_id=sub-mqb-5bfe14c8e69e4082-5b3d77954391431ca6bce0dc09ef9bc7 error=Mqtt state: Last pingreq isn't acked
2026-06-23T02:30:07.332407Z  WARN mq_bench::transport::mqtt: MQTT subscription eventloop error; continuing poll loop client_id=sub-mqb-5bfe14c8e69e4082-8dbd5c4fb4874f97a10e09e9a1a4da2a error=Network timeout
2026-06-23T02:30:11.329595Z  WARN mq_bench::transport::mqtt: MQTT subscription eventloop error; continuing poll loop client_id=sub-mqb-5bfe14c8e69e4082-5b3d77954391431ca6bce0dc09ef9bc7 error=Network timeout
2026-06-23T02:30:11.996092Z  WARN mq_bench::transport::mqtt: MQTT subscription eventloop error; continuing poll loop client_id=sub-mqb-5bfe14c8e69e4082-b1762c3d71774e148ea4ac8174261608 error=Mqtt state: Last pingreq isn't acked
2026-06-23T02:30:13.334269Z  WARN mq_bench::transport::mqtt: MQTT subscription eventloop error; continuing poll loop client_id=sub-mqb-5bfe14c8e69e4082-8dbd5c4fb4874f97a10e09e9a1a4da2a error=Network timeout
2026-06-23T02:30:15.335600Z  WARN mq_bench::transport::mqtt: MQTT subscription eventloop error; continuing poll loop client_id=sub-mqb-5bfe14c8e69e4082-071ec0e0d3e54217848f2b2fb9d532c9 error=Mqtt state: Last pingreq isn't acked
2026-06-23T02:30:17.331839Z  WARN mq_bench::transport::mqtt: MQTT subscription eventloop error; continuing poll loop client_id=sub-mqb-5bfe14c8e69e4082-5b3d77954391431ca6bce0dc09ef9bc7 error=Network timeout
2026-06-23T02:30:17.998371Z  WARN mq_bench::transport::mqtt: MQTT subscription eventloop error; continuing poll loop client_id=sub-mqb-5bfe14c8e69e4082-b1762c3d71774e148ea4ac8174261608 error=Network timeout
2026-06-23T02:30:19.336738Z  WARN mq_bench::transport::mqtt: MQTT subscription eventloop error; continuing poll loop client_id=sub-mqb-5bfe14c8e69e4082-8dbd5c4fb4874f97a10e09e9a1a4da2a error=Network timeout
2026-06-23T02:30:21.337042Z  WARN mq_bench::transport::mqtt: MQTT subscription eventloop error; continuing poll loop client_id=sub-mqb-5bfe14c8e69e4082-071ec0e0d3e54217848f2b2fb9d532c9 error=Network timeout
2026-06-23T02:30:22.007755Z  WARN mq_bench::transport::mqtt: MQTT subscription eventloop error; continuing poll loop client_id=sub-mqb-5bfe14c8e69e4082-3d78413b60284f65b35f9bee5017809b error=Mqtt state: Last pingreq isn't acked
2026-06-23T02:30:23.334855Z  WARN mq_bench::transport::mqtt: MQTT subscription eventloop error; continuing poll loop client_id=sub-mqb-5bfe14c8e69e4082-5b3d77954391431ca6bce0dc09ef9bc7 error=Network timeout
2026-06-23T02:30:24.000514Z  WARN mq_bench::transport::mqtt: MQTT subscription eventloop error; continuing poll loop client_id=sub-mqb-5bfe14c8e69e4082-b1762c3d71774e148ea4ac8174261608 error=Network timeout
2026-06-23T02:30:25.339760Z  WARN mq_bench::transport::mqtt: MQTT subscription eventloop error; continuing poll loop client_id=sub-mqb-5bfe14c8e69e4082-8dbd5c4fb4874f97a10e09e9a1a4da2a error=Network timeout
2026-06-23T02:30:27.339003Z  WARN mq_bench::transport::mqtt: MQTT subscription eventloop error; continuing poll loop client_id=sub-mqb-5bfe14c8e69e4082-071ec0e0d3e54217848f2b2fb9d532c9 error=Network timeout
2026-06-23T02:30:28.010607Z  WARN mq_bench::transport::mqtt: MQTT subscription eventloop error; continuing poll loop client_id=sub-mqb-5bfe14c8e69e4082-3d78413b60284f65b35f9bee5017809b error=Network timeout
2026-06-23T02:30:29.336892Z  WARN mq_bench::transport::mqtt: MQTT subscription eventloop error; continuing poll loop client_id=sub-mqb-5bfe14c8e69e4082-5b3d77954391431ca6bce0dc09ef9bc7 error=Network timeout
2026-06-23T02:30:30.002749Z  WARN mq_bench::transport::mqtt: MQTT subscription eventloop error; continuing poll loop client_id=sub-mqb-5bfe14c8e69e4082-b1762c3d71774e148ea4ac8174261608 error=Network timeout
2026-06-23T02:30:31.342961Z  WARN mq_bench::transport::mqtt: MQTT subscription eventloop error; continuing poll loop client_id=sub-mqb-5bfe14c8e69e4082-8dbd5c4fb4874f97a10e09e9a1a4da2a error=Network timeout
2026-06-23T02:30:31.996551Z  WARN mq_bench::transport::mqtt: MQTT subscription eventloop error; continuing poll loop client_id=sub-mqb-5bfe14c8e69e4082-a58c71cee205423089d7d5c4b1d99007 error=Mqtt state: Last pingreq isn't acked
2026-06-23T02:30:33.341716Z  WARN mq_bench::transport::mqtt: MQTT subscription eventloop error; continuing poll loop client_id=sub-mqb-5bfe14c8e69e4082-071ec0e0d3e54217848f2b2fb9d532c9 error=Network timeout
