mq-bench starting with run_id: auto
Writing CSV output to: artifacts/fanout_bursty_20260617_204724_nats_p64_s1000_u10_bursty/fanout_singlesite/sub_5.csv
2026-06-17T20:47:24.522896Z  INFO mq_bench::roles::subscriber: Starting subscriber engine=Nats key=topic_5 endpoint=None crash_enabled=false
2026-06-17T20:47:24.522945Z  INFO mq_bench::roles::subscriber: Connected via transport engine=Nats
2026-06-17T20:47:24.525150Z  INFO async_nats::connector: connected successfully server=4222 max_payload=10485760
2026-06-17T20:47:24.525206Z  INFO mq_bench::roles::subscriber: Subscribed to key expression key=topic_5
2026-06-17T20:47:24.525209Z  INFO async_nats: event: connected
2026-06-17T20:47:25.130024Z  INFO mq_bench::roles::subscriber: Starting subscriber engine=Nats key=topic_5 endpoint=None crash_enabled=false
2026-06-17T20:47:25.130104Z  INFO mq_bench::roles::subscriber: Connected via transport engine=Nats
2026-06-17T20:47:25.132396Z  INFO async_nats::connector: connected successfully server=4222 max_payload=10485760
2026-06-17T20:47:25.132479Z  INFO mq_bench::roles::subscriber: Subscribed to key expression key=topic_5
2026-06-17T20:47:25.132479Z  INFO async_nats: event: connected
2026-06-17T20:47:25.737215Z  INFO mq_bench::roles::subscriber: Starting subscriber engine=Nats key=topic_5 endpoint=None crash_enabled=false
2026-06-17T20:47:25.737243Z  INFO mq_bench::roles::subscriber: Connected via transport engine=Nats
2026-06-17T20:47:25.739500Z  INFO async_nats::connector: connected successfully server=4222 max_payload=10485760
2026-06-17T20:47:25.739598Z  INFO async_nats: event: connected
2026-06-17T20:47:25.739603Z  INFO mq_bench::roles::subscriber: Subscribed to key expression key=topic_5
2026-06-17T20:47:26.344490Z  INFO mq_bench::roles::subscriber: Starting subscriber engine=Nats key=topic_5 endpoint=None crash_enabled=false
2026-06-17T20:47:26.344547Z  INFO mq_bench::roles::subscriber: Connected via transport engine=Nats
2026-06-17T20:47:26.346774Z  INFO async_nats::connector: connected successfully server=4222 max_payload=10485760
2026-06-17T20:47:26.346881Z  INFO mq_bench::roles::subscriber: Subscribed to key expression key=topic_5
2026-06-17T20:47:26.346882Z  INFO async_nats: event: connected
2026-06-17T20:47:26.950977Z  INFO mq_bench::roles::subscriber: Starting subscriber engine=Nats key=topic_5 endpoint=None crash_enabled=false
2026-06-17T20:47:26.951034Z  INFO mq_bench::roles::subscriber: Connected via transport engine=Nats
2026-06-17T20:47:26.953643Z  INFO async_nats::connector: connected successfully server=4222 max_payload=10485760
2026-06-17T20:47:26.953719Z  INFO mq_bench::roles::subscriber: Subscribed to key expression key=topic_5
2026-06-17T20:47:26.953730Z  INFO async_nats: event: connected
2026-06-17T20:47:27.558366Z  INFO mq_bench::roles::subscriber: Starting subscriber engine=Nats key=topic_5 endpoint=None crash_enabled=false
2026-06-17T20:47:27.558408Z  INFO mq_bench::roles::subscriber: Connected via transport engine=Nats
2026-06-17T20:47:27.560791Z  INFO async_nats::connector: connected successfully server=4222 max_payload=10485760
2026-06-17T20:47:27.560886Z  INFO mq_bench::roles::subscriber: Subscribed to key expression key=topic_5
2026-06-17T20:47:27.560892Z  INFO async_nats: event: connected
2026-06-17T20:47:28.165562Z  INFO mq_bench::roles::subscriber: Starting subscriber engine=Nats key=topic_5 endpoint=None crash_enabled=false
2026-06-17T20:47:28.165601Z  INFO mq_bench::roles::subscriber: Connected via transport engine=Nats
2026-06-17T20:47:28.167747Z  INFO async_nats::connector: connected successfully server=4222 max_payload=10485760
2026-06-17T20:47:28.167825Z  INFO mq_bench::roles::subscriber: Subscribed to key expression key=topic_5
2026-06-17T20:47:28.167831Z  INFO async_nats: event: connected
2026-06-17T20:47:28.772781Z  INFO mq_bench::roles::subscriber: Starting subscriber engine=Nats key=topic_5 endpoint=None crash_enabled=false
2026-06-17T20:47:28.772839Z  INFO mq_bench::roles::subscriber: Connected via transport engine=Nats
2026-06-17T20:47:28.775038Z  INFO async_nats::connector: connected successfully server=4222 max_payload=10485760
2026-06-17T20:47:28.775148Z  INFO mq_bench::roles::subscriber: Subscribed to key expression key=topic_5
2026-06-17T20:47:28.775154Z  INFO async_nats: event: connected
2026-06-17T20:47:29.380698Z  INFO mq_bench::roles::subscriber: Starting subscriber engine=Nats key=topic_5 endpoint=None crash_enabled=false
2026-06-17T20:47:29.380735Z  INFO mq_bench::roles::subscriber: Connected via transport engine=Nats
2026-06-17T20:47:29.383021Z  INFO async_nats::connector: connected successfully server=4222 max_payload=10485760
2026-06-17T20:47:29.383115Z  INFO mq_bench::roles::subscriber: Subscribed to key expression key=topic_5
2026-06-17T20:47:29.383115Z  INFO async_nats: event: connected
2026-06-17T20:47:29.987238Z  INFO mq_bench::roles::subscriber: Starting subscriber engine=Nats key=topic_5 endpoint=None crash_enabled=false
2026-06-17T20:47:29.987283Z  INFO mq_bench::roles::subscriber: Connected via transport engine=Nats
2026-06-17T20:47:29.989537Z  INFO async_nats::connector: connected successfully server=4222 max_payload=10485760
2026-06-17T20:47:29.989629Z  INFO mq_bench::roles::subscriber: Subscribed to key expression key=topic_5
2026-06-17T20:47:29.989638Z  INFO async_nats: event: connected
2026-06-17T20:47:30.594316Z  INFO mq_bench::roles::subscriber: Starting subscriber engine=Nats key=topic_5 endpoint=None crash_enabled=false
2026-06-17T20:47:30.594353Z  INFO mq_bench::roles::subscriber: Connected via transport engine=Nats
2026-06-17T20:47:30.596633Z  INFO async_nats::connector: connected successfully server=4222 max_payload=10485760
2026-06-17T20:47:30.596713Z  INFO mq_bench::roles::subscriber: Subscribed to key expression key=topic_5
2026-06-17T20:47:30.596718Z  INFO async_nats: event: connected
2026-06-17T20:47:31.201185Z  INFO mq_bench::roles::subscriber: Starting subscriber engine=Nats key=topic_5 endpoint=None crash_enabled=false
2026-06-17T20:47:31.201234Z  INFO mq_bench::roles::subscriber: Connected via transport engine=Nats
2026-06-17T20:47:31.203469Z  INFO async_nats::connector: connected successfully server=4222 max_payload=10485760
2026-06-17T20:47:31.203555Z  INFO mq_bench::roles::subscriber: Subscribed to key expression key=topic_5
2026-06-17T20:47:31.203562Z  INFO async_nats: event: connected
2026-06-17T20:47:31.808148Z  INFO mq_bench::roles::subscriber: Starting subscriber engine=Nats key=topic_5 endpoint=None crash_enabled=false
2026-06-17T20:47:31.808234Z  INFO mq_bench::roles::subscriber: Connected via transport engine=Nats
2026-06-17T20:47:31.810339Z  INFO async_nats::connector: connected successfully server=4222 max_payload=10485760
2026-06-17T20:47:31.810437Z  INFO async_nats: event: connected
2026-06-17T20:47:31.810440Z  INFO mq_bench::roles::subscriber: Subscribed to key expression key=topic_5
2026-06-17T20:47:32.415824Z  INFO mq_bench::roles::subscriber: Starting subscriber engine=Nats key=topic_5 endpoint=None crash_enabled=false
2026-06-17T20:47:32.415870Z  INFO mq_bench::roles::subscriber: Connected via transport engine=Nats
2026-06-17T20:47:32.418078Z  INFO async_nats::connector: connected successfully server=4222 max_payload=10485760
2026-06-17T20:47:32.418162Z  INFO mq_bench::roles::subscriber: Subscribed to key expression key=topic_5
2026-06-17T20:47:32.418173Z  INFO async_nats: event: connected
2026-06-17T20:47:33.023897Z  INFO mq_bench::roles::subscriber: Starting subscriber engine=Nats key=topic_5 endpoint=None crash_enabled=false
2026-06-17T20:47:33.023947Z  INFO mq_bench::roles::subscriber: Connected via transport engine=Nats
2026-06-17T20:47:33.026110Z  INFO async_nats::connector: connected successfully server=4222 max_payload=10485760
2026-06-17T20:47:33.026225Z  INFO async_nats: event: connected
2026-06-17T20:47:33.026234Z  INFO mq_bench::roles::subscriber: Subscribed to key expression key=topic_5
2026-06-17T20:47:33.630942Z  INFO mq_bench::roles::subscriber: Starting subscriber engine=Nats key=topic_5 endpoint=None crash_enabled=false
2026-06-17T20:47:33.630978Z  INFO mq_bench::roles::subscriber: Connected via transport engine=Nats
2026-06-17T20:47:33.633119Z  INFO async_nats::connector: connected successfully server=4222 max_payload=10485760
2026-06-17T20:47:33.633215Z  INFO mq_bench::roles::subscriber: Subscribed to key expression key=topic_5
2026-06-17T20:47:33.633217Z  INFO async_nats: event: connected
2026-06-17T20:47:34.238182Z  INFO mq_bench::roles::subscriber: Starting subscriber engine=Nats key=topic_5 endpoint=None crash_enabled=false
2026-06-17T20:47:34.238229Z  INFO mq_bench::roles::subscriber: Connected via transport engine=Nats
2026-06-17T20:47:34.240567Z  INFO async_nats::connector: connected successfully server=4222 max_payload=10485760
2026-06-17T20:47:34.240653Z  INFO async_nats: event: connected
2026-06-17T20:47:34.240655Z  INFO mq_bench::roles::subscriber: Subscribed to key expression key=topic_5
2026-06-17T20:47:34.845725Z  INFO mq_bench::roles::subscriber: Starting subscriber engine=Nats key=topic_5 endpoint=None crash_enabled=false
2026-06-17T20:47:34.845757Z  INFO mq_bench::roles::subscriber: Connected via transport engine=Nats
2026-06-17T20:47:34.846964Z  INFO async_nats::connector: connected successfully server=4222 max_payload=10485760
2026-06-17T20:47:34.847041Z  INFO mq_bench::roles::subscriber: Subscribed to key expression key=topic_5
2026-06-17T20:47:34.847048Z  INFO async_nats: event: connected
2026-06-17T20:47:35.452187Z  INFO mq_bench::roles::subscriber: Starting subscriber engine=Nats key=topic_5 endpoint=None crash_enabled=false
2026-06-17T20:47:35.452250Z  INFO mq_bench::roles::subscriber: Connected via transport engine=Nats
2026-06-17T20:47:35.454533Z  INFO async_nats::connector: connected successfully server=4222 max_payload=10485760
2026-06-17T20:47:35.454628Z  INFO async_nats: event: connected
2026-06-17T20:47:35.454628Z  INFO mq_bench::roles::subscriber: Subscribed to key expression key=topic_5
2026-06-17T20:47:36.059176Z  INFO mq_bench::roles::subscriber: Starting subscriber engine=Nats key=topic_5 endpoint=None crash_enabled=false
2026-06-17T20:47:36.059266Z  INFO mq_bench::roles::subscriber: Connected via transport engine=Nats
2026-06-17T20:47:36.061501Z  INFO async_nats::connector: connected successfully server=4222 max_payload=10485760
2026-06-17T20:47:36.061589Z  INFO mq_bench::roles::subscriber: Subscribed to key expression key=topic_5
2026-06-17T20:47:36.061600Z  INFO async_nats: event: connected
2026-06-17T20:47:36.666487Z  INFO mq_bench::roles::subscriber: Starting subscriber engine=Nats key=topic_5 endpoint=None crash_enabled=false
2026-06-17T20:47:36.666521Z  INFO mq_bench::roles::subscriber: Connected via transport engine=Nats
2026-06-17T20:47:36.668795Z  INFO async_nats::connector: connected successfully server=4222 max_payload=10485760
2026-06-17T20:47:36.668885Z  INFO mq_bench::roles::subscriber: Subscribed to key expression key=topic_5
2026-06-17T20:47:36.668887Z  INFO async_nats: event: connected
2026-06-17T20:47:37.273055Z  INFO mq_bench::roles::subscriber: Starting subscriber engine=Nats key=topic_5 endpoint=None crash_enabled=false
2026-06-17T20:47:37.273097Z  INFO mq_bench::roles::subscriber: Connected via transport engine=Nats
2026-06-17T20:47:37.275257Z  INFO async_nats::connector: connected successfully server=4222 max_payload=10485760
2026-06-17T20:47:37.275337Z  INFO mq_bench::roles::subscriber: Subscribed to key expression key=topic_5
2026-06-17T20:47:37.275343Z  INFO async_nats: event: connected
2026-06-17T20:47:37.880082Z  INFO mq_bench::roles::subscriber: Starting subscriber engine=Nats key=topic_5 endpoint=None crash_enabled=false
2026-06-17T20:47:37.880122Z  INFO mq_bench::roles::subscriber: Connected via transport engine=Nats
2026-06-17T20:47:37.882322Z  INFO async_nats::connector: connected successfully server=4222 max_payload=10485760
2026-06-17T20:47:37.882413Z  INFO mq_bench::roles::subscriber: Subscribed to key expression key=topic_5
2026-06-17T20:47:37.882419Z  INFO async_nats: event: connected
2026-06-17T20:47:38.487007Z  INFO mq_bench::roles::subscriber: Starting subscriber engine=Nats key=topic_5 endpoint=None crash_enabled=false
2026-06-17T20:47:38.487054Z  INFO mq_bench::roles::subscriber: Connected via transport engine=Nats
2026-06-17T20:47:38.489405Z  INFO async_nats::connector: connected successfully server=4222 max_payload=10485760
2026-06-17T20:47:38.489494Z  INFO mq_bench::roles::subscriber: Subscribed to key expression key=topic_5
2026-06-17T20:47:38.489506Z  INFO async_nats: event: connected
2026-06-17T20:47:39.094822Z  INFO mq_bench::roles::subscriber: Starting subscriber engine=Nats key=topic_5 endpoint=None crash_enabled=false
2026-06-17T20:47:39.094860Z  INFO mq_bench::roles::subscriber: Connected via transport engine=Nats
2026-06-17T20:47:39.097030Z  INFO async_nats::connector: connected successfully server=4222 max_payload=10485760
2026-06-17T20:47:39.097151Z  INFO mq_bench::roles::subscriber: Subscribed to key expression key=topic_5
2026-06-17T20:47:39.097156Z  INFO async_nats: event: connected
2026-06-17T20:47:39.701999Z  INFO mq_bench::roles::subscriber: Starting subscriber engine=Nats key=topic_5 endpoint=None crash_enabled=false
2026-06-17T20:47:39.702047Z  INFO mq_bench::roles::subscriber: Connected via transport engine=Nats
2026-06-17T20:47:39.704391Z  INFO async_nats::connector: connected successfully server=4222 max_payload=10485760
2026-06-17T20:47:39.704471Z  INFO mq_bench::roles::subscriber: Subscribed to key expression key=topic_5
2026-06-17T20:47:39.704478Z  INFO async_nats: event: connected
2026-06-17T20:47:40.309878Z  INFO mq_bench::roles::subscriber: Starting subscriber engine=Nats key=topic_5 endpoint=None crash_enabled=false
2026-06-17T20:47:40.309908Z  INFO mq_bench::roles::subscriber: Connected via transport engine=Nats
2026-06-17T20:47:40.312058Z  INFO async_nats::connector: connected successfully server=4222 max_payload=10485760
2026-06-17T20:47:40.312152Z  INFO mq_bench::roles::subscriber: Subscribed to key expression key=topic_5
2026-06-17T20:47:40.312159Z  INFO async_nats: event: connected
2026-06-17T20:47:40.917763Z  INFO mq_bench::roles::subscriber: Starting subscriber engine=Nats key=topic_5 endpoint=None crash_enabled=false
2026-06-17T20:47:40.917802Z  INFO mq_bench::roles::subscriber: Connected via transport engine=Nats
2026-06-17T20:47:40.920051Z  INFO async_nats::connector: connected successfully server=4222 max_payload=10485760
2026-06-17T20:47:40.920141Z  INFO mq_bench::roles::subscriber: Subscribed to key expression key=topic_5
2026-06-17T20:47:40.920145Z  INFO async_nats: event: connected
2026-06-17T20:47:41.524912Z  INFO mq_bench::roles::subscriber: Starting subscriber engine=Nats key=topic_5 endpoint=None crash_enabled=false
2026-06-17T20:47:41.524958Z  INFO mq_bench::roles::subscriber: Connected via transport engine=Nats
2026-06-17T20:47:41.527077Z  INFO async_nats::connector: connected successfully server=4222 max_payload=10485760
2026-06-17T20:47:41.527155Z  INFO mq_bench::roles::subscriber: Subscribed to key expression key=topic_5
2026-06-17T20:47:41.527161Z  INFO async_nats: event: connected
2026-06-17T20:47:42.132087Z  INFO mq_bench::roles::subscriber: Starting subscriber engine=Nats key=topic_5 endpoint=None crash_enabled=false
2026-06-17T20:47:42.132123Z  INFO mq_bench::roles::subscriber: Connected via transport engine=Nats
2026-06-17T20:47:42.134237Z  INFO async_nats::connector: connected successfully server=4222 max_payload=10485760
2026-06-17T20:47:42.134317Z  INFO mq_bench::roles::subscriber: Subscribed to key expression key=topic_5
2026-06-17T20:47:42.134325Z  INFO async_nats: event: connected
2026-06-17T20:47:42.739880Z  INFO mq_bench::roles::subscriber: Starting subscriber engine=Nats key=topic_5 endpoint=None crash_enabled=false
2026-06-17T20:47:42.739916Z  INFO mq_bench::roles::subscriber: Connected via transport engine=Nats
2026-06-17T20:47:42.742103Z  INFO async_nats::connector: connected successfully server=4222 max_payload=10485760
2026-06-17T20:47:42.742221Z  INFO mq_bench::roles::subscriber: Subscribed to key expression key=topic_5
2026-06-17T20:47:42.742232Z  INFO async_nats: event: connected
2026-06-17T20:47:43.347286Z  INFO mq_bench::roles::subscriber: Starting subscriber engine=Nats key=topic_5 endpoint=None crash_enabled=false
2026-06-17T20:47:43.347320Z  INFO mq_bench::roles::subscriber: Connected via transport engine=Nats
2026-06-17T20:47:43.349476Z  INFO async_nats::connector: connected successfully server=4222 max_payload=10485760
2026-06-17T20:47:43.349559Z  INFO mq_bench::roles::subscriber: Subscribed to key expression key=topic_5
2026-06-17T20:47:43.349568Z  INFO async_nats: event: connected
2026-06-17T20:47:43.954821Z  INFO mq_bench::roles::subscriber: Starting subscriber engine=Nats key=topic_5 endpoint=None crash_enabled=false
2026-06-17T20:47:43.954869Z  INFO mq_bench::roles::subscriber: Connected via transport engine=Nats
2026-06-17T20:47:43.957231Z  INFO async_nats::connector: connected successfully server=4222 max_payload=10485760
2026-06-17T20:47:43.957333Z  INFO mq_bench::roles::subscriber: Subscribed to key expression key=topic_5
2026-06-17T20:47:43.957342Z  INFO async_nats: event: connected
2026-06-17T20:47:44.562481Z  INFO mq_bench::roles::subscriber: Starting subscriber engine=Nats key=topic_5 endpoint=None crash_enabled=false
2026-06-17T20:47:44.562519Z  INFO mq_bench::roles::subscriber: Connected via transport engine=Nats
2026-06-17T20:47:44.564978Z  INFO async_nats::connector: connected successfully server=4222 max_payload=10485760
2026-06-17T20:47:44.565064Z  INFO mq_bench::roles::subscriber: Subscribed to key expression key=topic_5
2026-06-17T20:47:44.565065Z  INFO async_nats: event: connected
2026-06-17T20:47:45.169372Z  INFO mq_bench::roles::subscriber: Starting subscriber engine=Nats key=topic_5 endpoint=None crash_enabled=false
2026-06-17T20:47:45.169405Z  INFO mq_bench::roles::subscriber: Connected via transport engine=Nats
2026-06-17T20:47:45.171575Z  INFO async_nats::connector: connected successfully server=4222 max_payload=10485760
2026-06-17T20:47:45.171679Z  INFO async_nats: event: connected
2026-06-17T20:47:45.171684Z  INFO mq_bench::roles::subscriber: Subscribed to key expression key=topic_5
2026-06-17T20:47:45.776094Z  INFO mq_bench::roles::subscriber: Starting subscriber engine=Nats key=topic_5 endpoint=None crash_enabled=false
2026-06-17T20:47:45.776127Z  INFO mq_bench::roles::subscriber: Connected via transport engine=Nats
2026-06-17T20:47:45.779073Z  INFO async_nats::connector: connected successfully server=4222 max_payload=10485760
2026-06-17T20:47:45.779166Z  INFO async_nats: event: connected
2026-06-17T20:47:45.779167Z  INFO mq_bench::roles::subscriber: Subscribed to key expression key=topic_5
2026-06-17T20:47:46.383530Z  INFO mq_bench::roles::subscriber: Starting subscriber engine=Nats key=topic_5 endpoint=None crash_enabled=false
2026-06-17T20:47:46.383564Z  INFO mq_bench::roles::subscriber: Connected via transport engine=Nats
2026-06-17T20:47:46.385695Z  INFO async_nats::connector: connected successfully server=4222 max_payload=10485760
2026-06-17T20:47:46.385774Z  INFO mq_bench::roles::subscriber: Subscribed to key expression key=topic_5
2026-06-17T20:47:46.385780Z  INFO async_nats: event: connected
2026-06-17T20:47:46.990620Z  INFO mq_bench::roles::subscriber: Starting subscriber engine=Nats key=topic_5 endpoint=None crash_enabled=false
2026-06-17T20:47:46.990655Z  INFO mq_bench::roles::subscriber: Connected via transport engine=Nats
2026-06-17T20:47:46.992826Z  INFO async_nats::connector: connected successfully server=4222 max_payload=10485760
2026-06-17T20:47:46.992922Z  INFO mq_bench::roles::subscriber: Subscribed to key expression key=topic_5
2026-06-17T20:47:46.992926Z  INFO async_nats: event: connected
2026-06-17T20:47:47.597738Z  INFO mq_bench::roles::subscriber: Starting subscriber engine=Nats key=topic_5 endpoint=None crash_enabled=false
2026-06-17T20:47:47.597779Z  INFO mq_bench::roles::subscriber: Connected via transport engine=Nats
2026-06-17T20:47:47.599935Z  INFO async_nats::connector: connected successfully server=4222 max_payload=10485760
2026-06-17T20:47:47.600010Z  INFO mq_bench::roles::subscriber: Subscribed to key expression key=topic_5
2026-06-17T20:47:47.600018Z  INFO async_nats: event: connected
2026-06-17T20:47:48.203962Z  INFO mq_bench::roles::subscriber: Starting subscriber engine=Nats key=topic_5 endpoint=None crash_enabled=false
2026-06-17T20:47:48.204018Z  INFO mq_bench::roles::subscriber: Connected via transport engine=Nats
2026-06-17T20:47:48.206191Z  INFO async_nats::connector: connected successfully server=4222 max_payload=10485760
2026-06-17T20:47:48.206299Z  INFO async_nats: event: connected
2026-06-17T20:47:48.206299Z  INFO mq_bench::roles::subscriber: Subscribed to key expression key=topic_5
2026-06-17T20:47:48.811888Z  INFO mq_bench::roles::subscriber: Starting subscriber engine=Nats key=topic_5 endpoint=None crash_enabled=false
2026-06-17T20:47:48.811918Z  INFO mq_bench::roles::subscriber: Connected via transport engine=Nats
2026-06-17T20:47:48.814108Z  INFO async_nats::connector: connected successfully server=4222 max_payload=10485760
2026-06-17T20:47:48.814194Z  INFO mq_bench::roles::subscriber: Subscribed to key expression key=topic_5
2026-06-17T20:47:48.814224Z  INFO async_nats: event: connected
2026-06-17T20:47:49.419557Z  INFO mq_bench::roles::subscriber: Starting subscriber engine=Nats key=topic_5 endpoint=None crash_enabled=false
2026-06-17T20:47:49.419595Z  INFO mq_bench::roles::subscriber: Connected via transport engine=Nats
2026-06-17T20:47:49.421829Z  INFO async_nats::connector: connected successfully server=4222 max_payload=10485760
2026-06-17T20:47:49.421903Z  INFO mq_bench::roles::subscriber: Subscribed to key expression key=topic_5
2026-06-17T20:47:49.421908Z  INFO async_nats: event: connected
2026-06-17T20:47:50.026409Z  INFO mq_bench::roles::subscriber: Starting subscriber engine=Nats key=topic_5 endpoint=None crash_enabled=false
2026-06-17T20:47:50.026448Z  INFO mq_bench::roles::subscriber: Connected via transport engine=Nats
2026-06-17T20:47:50.028664Z  INFO async_nats::connector: connected successfully server=4222 max_payload=10485760
2026-06-17T20:47:50.028753Z  INFO mq_bench::roles::subscriber: Subscribed to key expression key=topic_5
2026-06-17T20:47:50.028756Z  INFO async_nats: event: connected
2026-06-17T20:47:50.633174Z  INFO mq_bench::roles::subscriber: Starting subscriber engine=Nats key=topic_5 endpoint=None crash_enabled=false
2026-06-17T20:47:50.633236Z  INFO mq_bench::roles::subscriber: Connected via transport engine=Nats
2026-06-17T20:47:50.635380Z  INFO async_nats::connector: connected successfully server=4222 max_payload=10485760
2026-06-17T20:47:50.635464Z  INFO mq_bench::roles::subscriber: Subscribed to key expression key=topic_5
2026-06-17T20:47:50.635471Z  INFO async_nats: event: connected
2026-06-17T20:47:51.239950Z  INFO mq_bench::roles::subscriber: Starting subscriber engine=Nats key=topic_5 endpoint=None crash_enabled=false
2026-06-17T20:47:51.239991Z  INFO mq_bench::roles::subscriber: Connected via transport engine=Nats
2026-06-17T20:47:51.242117Z  INFO async_nats::connector: connected successfully server=4222 max_payload=10485760
2026-06-17T20:47:51.242215Z  INFO mq_bench::roles::subscriber: Subscribed to key expression key=topic_5
2026-06-17T20:47:51.242238Z  INFO async_nats: event: connected
2026-06-17T20:47:51.847121Z  INFO mq_bench::roles::subscriber: Starting subscriber engine=Nats key=topic_5 endpoint=None crash_enabled=false
2026-06-17T20:47:51.847162Z  INFO mq_bench::roles::subscriber: Connected via transport engine=Nats
2026-06-17T20:47:51.849294Z  INFO async_nats::connector: connected successfully server=4222 max_payload=10485760
2026-06-17T20:47:51.849391Z  INFO async_nats: event: connected
2026-06-17T20:47:51.849392Z  INFO mq_bench::roles::subscriber: Subscribed to key expression key=topic_5
2026-06-17T20:47:52.454095Z  INFO mq_bench::roles::subscriber: Starting subscriber engine=Nats key=topic_5 endpoint=None crash_enabled=false
2026-06-17T20:47:52.454139Z  INFO mq_bench::roles::subscriber: Connected via transport engine=Nats
2026-06-17T20:47:52.456341Z  INFO async_nats::connector: connected successfully server=4222 max_payload=10485760
2026-06-17T20:47:52.456422Z  INFO mq_bench::roles::subscriber: Subscribed to key expression key=topic_5
2026-06-17T20:47:52.456431Z  INFO async_nats: event: connected
2026-06-17T20:47:53.061330Z  INFO mq_bench::roles::subscriber: Starting subscriber engine=Nats key=topic_5 endpoint=None crash_enabled=false
2026-06-17T20:47:53.061363Z  INFO mq_bench::roles::subscriber: Connected via transport engine=Nats
2026-06-17T20:47:53.063602Z  INFO async_nats::connector: connected successfully server=4222 max_payload=10485760
2026-06-17T20:47:53.063680Z  INFO mq_bench::roles::subscriber: Subscribed to key expression key=topic_5
2026-06-17T20:47:53.063684Z  INFO async_nats: event: connected
2026-06-17T20:47:53.668265Z  INFO mq_bench::roles::subscriber: Starting subscriber engine=Nats key=topic_5 endpoint=None crash_enabled=false
2026-06-17T20:47:53.668300Z  INFO mq_bench::roles::subscriber: Connected via transport engine=Nats
2026-06-17T20:47:53.670417Z  INFO async_nats::connector: connected successfully server=4222 max_payload=10485760
2026-06-17T20:47:53.670494Z  INFO mq_bench::roles::subscriber: Subscribed to key expression key=topic_5
2026-06-17T20:47:53.670500Z  INFO async_nats: event: connected
2026-06-17T20:47:54.275473Z  INFO mq_bench::roles::subscriber: Starting subscriber engine=Nats key=topic_5 endpoint=None crash_enabled=false
2026-06-17T20:47:54.275513Z  INFO mq_bench::roles::subscriber: Connected via transport engine=Nats
2026-06-17T20:47:54.277729Z  INFO async_nats::connector: connected successfully server=4222 max_payload=10485760
2026-06-17T20:47:54.277825Z  INFO mq_bench::roles::subscriber: Subscribed to key expression key=topic_5
2026-06-17T20:47:54.277831Z  INFO async_nats: event: connected
2026-06-17T20:47:54.882729Z  INFO mq_bench::roles::subscriber: Starting subscriber engine=Nats key=topic_5 endpoint=None crash_enabled=false
2026-06-17T20:47:54.882782Z  INFO mq_bench::roles::subscriber: Connected via transport engine=Nats
2026-06-17T20:47:54.890832Z  INFO async_nats::connector: connected successfully server=4222 max_payload=10485760
2026-06-17T20:47:54.890915Z  INFO mq_bench::roles::subscriber: Subscribed to key expression key=topic_5
2026-06-17T20:47:54.890929Z  INFO async_nats: event: connected
2026-06-17T20:47:55.489891Z  INFO mq_bench::roles::subscriber: Starting subscriber engine=Nats key=topic_5 endpoint=None crash_enabled=false
2026-06-17T20:47:55.489925Z  INFO mq_bench::roles::subscriber: Connected via transport engine=Nats
2026-06-17T20:47:55.492151Z  INFO async_nats::connector: connected successfully server=4222 max_payload=10485760
2026-06-17T20:47:55.492267Z  INFO async_nats: event: connected
2026-06-17T20:47:55.492266Z  INFO mq_bench::roles::subscriber: Subscribed to key expression key=topic_5
2026-06-17T20:47:56.097285Z  INFO mq_bench::roles::subscriber: Starting subscriber engine=Nats key=topic_5 endpoint=None crash_enabled=false
2026-06-17T20:47:56.097321Z  INFO mq_bench::roles::subscriber: Connected via transport engine=Nats
2026-06-17T20:47:56.099559Z  INFO async_nats::connector: connected successfully server=4222 max_payload=10485760
2026-06-17T20:47:56.099648Z  INFO mq_bench::roles::subscriber: Subscribed to key expression key=topic_5
2026-06-17T20:47:56.099654Z  INFO async_nats: event: connected
2026-06-17T20:47:56.704720Z  INFO mq_bench::roles::subscriber: Starting subscriber engine=Nats key=topic_5 endpoint=None crash_enabled=false
2026-06-17T20:47:56.704761Z  INFO mq_bench::roles::subscriber: Connected via transport engine=Nats
2026-06-17T20:47:56.707013Z  INFO async_nats::connector: connected successfully server=4222 max_payload=10485760
2026-06-17T20:47:56.707082Z  INFO mq_bench::roles::subscriber: Subscribed to key expression key=topic_5
2026-06-17T20:47:56.707088Z  INFO async_nats: event: connected
2026-06-17T20:47:57.311266Z  INFO mq_bench::roles::subscriber: Starting subscriber engine=Nats key=topic_5 endpoint=None crash_enabled=false
2026-06-17T20:47:57.311297Z  INFO mq_bench::roles::subscriber: Connected via transport engine=Nats
2026-06-17T20:47:57.313585Z  INFO async_nats::connector: connected successfully server=4222 max_payload=10485760
2026-06-17T20:47:57.313663Z  INFO mq_bench::roles::subscriber: Subscribed to key expression key=topic_5
2026-06-17T20:47:57.313668Z  INFO async_nats: event: connected
2026-06-17T20:47:57.918679Z  INFO mq_bench::roles::subscriber: Starting subscriber engine=Nats key=topic_5 endpoint=None crash_enabled=false
2026-06-17T20:47:57.918716Z  INFO mq_bench::roles::subscriber: Connected via transport engine=Nats
2026-06-17T20:47:57.921043Z  INFO async_nats::connector: connected successfully server=4222 max_payload=10485760
2026-06-17T20:47:57.921139Z  INFO mq_bench::roles::subscriber: Subscribed to key expression key=topic_5
2026-06-17T20:47:57.921147Z  INFO async_nats: event: connected
2026-06-17T20:47:58.525705Z  INFO mq_bench::roles::subscriber: Starting subscriber engine=Nats key=topic_5 endpoint=None crash_enabled=false
2026-06-17T20:47:58.525734Z  INFO mq_bench::roles::subscriber: Connected via transport engine=Nats
2026-06-17T20:47:58.528076Z  INFO async_nats::connector: connected successfully server=4222 max_payload=10485760
2026-06-17T20:47:58.528147Z  INFO mq_bench::roles::subscriber: Subscribed to key expression key=topic_5
2026-06-17T20:47:58.528151Z  INFO async_nats: event: connected
2026-06-17T20:47:59.132270Z  INFO mq_bench::roles::subscriber: Starting subscriber engine=Nats key=topic_5 endpoint=None crash_enabled=false
2026-06-17T20:47:59.132304Z  INFO mq_bench::roles::subscriber: Connected via transport engine=Nats
2026-06-17T20:47:59.134517Z  INFO async_nats::connector: connected successfully server=4222 max_payload=10485760
2026-06-17T20:47:59.134614Z  INFO async_nats: event: connected
2026-06-17T20:47:59.134615Z  INFO mq_bench::roles::subscriber: Subscribed to key expression key=topic_5
2026-06-17T20:47:59.739391Z  INFO mq_bench::roles::subscriber: Starting subscriber engine=Nats key=topic_5 endpoint=None crash_enabled=false
2026-06-17T20:47:59.739431Z  INFO mq_bench::roles::subscriber: Connected via transport engine=Nats
2026-06-17T20:47:59.741664Z  INFO async_nats::connector: connected successfully server=4222 max_payload=10485760
2026-06-17T20:47:59.741754Z  INFO mq_bench::roles::subscriber: Subscribed to key expression key=topic_5
2026-06-17T20:47:59.741761Z  INFO async_nats: event: connected
2026-06-17T20:48:00.346830Z  INFO mq_bench::roles::subscriber: Starting subscriber engine=Nats key=topic_5 endpoint=None crash_enabled=false
2026-06-17T20:48:00.346889Z  INFO mq_bench::roles::subscriber: Connected via transport engine=Nats
2026-06-17T20:48:00.348967Z  INFO async_nats::connector: connected successfully server=4222 max_payload=10485760
2026-06-17T20:48:00.349048Z  INFO mq_bench::roles::subscriber: Subscribed to key expression key=topic_5
2026-06-17T20:48:00.349055Z  INFO async_nats: event: connected
2026-06-17T20:48:00.954446Z  INFO mq_bench::roles::subscriber: Starting subscriber engine=Nats key=topic_5 endpoint=None crash_enabled=false
2026-06-17T20:48:00.954486Z  INFO mq_bench::roles::subscriber: Connected via transport engine=Nats
2026-06-17T20:48:00.956767Z  INFO async_nats::connector: connected successfully server=4222 max_payload=10485760
2026-06-17T20:48:00.956845Z  INFO mq_bench::roles::subscriber: Subscribed to key expression key=topic_5
2026-06-17T20:48:00.956852Z  INFO async_nats: event: connected
2026-06-17T20:48:01.561660Z  INFO mq_bench::roles::subscriber: Starting subscriber engine=Nats key=topic_5 endpoint=None crash_enabled=false
2026-06-17T20:48:01.561699Z  INFO mq_bench::roles::subscriber: Connected via transport engine=Nats
2026-06-17T20:48:01.563807Z  INFO async_nats::connector: connected successfully server=4222 max_payload=10485760
2026-06-17T20:48:01.563887Z  INFO mq_bench::roles::subscriber: Subscribed to key expression key=topic_5
2026-06-17T20:48:01.563896Z  INFO async_nats: event: connected
2026-06-17T20:48:02.167970Z  INFO mq_bench::roles::subscriber: Starting subscriber engine=Nats key=topic_5 endpoint=None crash_enabled=false
2026-06-17T20:48:02.168020Z  INFO mq_bench::roles::subscriber: Connected via transport engine=Nats
2026-06-17T20:48:02.170225Z  INFO async_nats::connector: connected successfully server=4222 max_payload=10485760
2026-06-17T20:48:02.170316Z  INFO mq_bench::roles::subscriber: Subscribed to key expression key=topic_5
2026-06-17T20:48:02.170326Z  INFO async_nats: event: connected
2026-06-17T20:48:02.775176Z  INFO mq_bench::roles::subscriber: Starting subscriber engine=Nats key=topic_5 endpoint=None crash_enabled=false
2026-06-17T20:48:02.775260Z  INFO mq_bench::roles::subscriber: Connected via transport engine=Nats
2026-06-17T20:48:02.777475Z  INFO async_nats::connector: connected successfully server=4222 max_payload=10485760
2026-06-17T20:48:02.777523Z  INFO mq_bench::roles::subscriber: Subscribed to key expression key=topic_5
2026-06-17T20:48:02.777533Z  INFO async_nats: event: connected
2026-06-17T20:48:03.382410Z  INFO mq_bench::roles::subscriber: Starting subscriber engine=Nats key=topic_5 endpoint=None crash_enabled=false
2026-06-17T20:48:03.382475Z  INFO mq_bench::roles::subscriber: Connected via transport engine=Nats
2026-06-17T20:48:03.384632Z  INFO async_nats::connector: connected successfully server=4222 max_payload=10485760
2026-06-17T20:48:03.384724Z  INFO mq_bench::roles::subscriber: Subscribed to key expression key=topic_5
2026-06-17T20:48:03.384731Z  INFO async_nats: event: connected
2026-06-17T20:48:03.989463Z  INFO mq_bench::roles::subscriber: Starting subscriber engine=Nats key=topic_5 endpoint=None crash_enabled=false
2026-06-17T20:48:03.989503Z  INFO mq_bench::roles::subscriber: Connected via transport engine=Nats
2026-06-17T20:48:03.991943Z  INFO async_nats::connector: connected successfully server=4222 max_payload=10485760
2026-06-17T20:48:03.992038Z  INFO mq_bench::roles::subscriber: Subscribed to key expression key=topic_5
2026-06-17T20:48:03.992038Z  INFO async_nats: event: connected
2026-06-17T20:48:04.596326Z  INFO mq_bench::roles::subscriber: Starting subscriber engine=Nats key=topic_5 endpoint=None crash_enabled=false
2026-06-17T20:48:04.596374Z  INFO mq_bench::roles::subscriber: Connected via transport engine=Nats
2026-06-17T20:48:04.598673Z  INFO async_nats::connector: connected successfully server=4222 max_payload=10485760
2026-06-17T20:48:04.598781Z  INFO async_nats: event: connected
2026-06-17T20:48:04.598781Z  INFO mq_bench::roles::subscriber: Subscribed to key expression key=topic_5
2026-06-17T20:48:05.203831Z  INFO mq_bench::roles::subscriber: Starting subscriber engine=Nats key=topic_5 endpoint=None crash_enabled=false
2026-06-17T20:48:05.203872Z  INFO mq_bench::roles::subscriber: Connected via transport engine=Nats
2026-06-17T20:48:05.206122Z  INFO async_nats::connector: connected successfully server=4222 max_payload=10485760
2026-06-17T20:48:05.206233Z  INFO async_nats: event: connected
2026-06-17T20:48:05.206246Z  INFO mq_bench::roles::subscriber: Subscribed to key expression key=topic_5
2026-06-17T20:48:05.811097Z  INFO mq_bench::roles::subscriber: Starting subscriber engine=Nats key=topic_5 endpoint=None crash_enabled=false
2026-06-17T20:48:05.811123Z  INFO mq_bench::roles::subscriber: Connected via transport engine=Nats
2026-06-17T20:48:05.813305Z  INFO async_nats::connector: connected successfully server=4222 max_payload=10485760
2026-06-17T20:48:05.813406Z  INFO async_nats: event: connected
2026-06-17T20:48:05.813414Z  INFO mq_bench::roles::subscriber: Subscribed to key expression key=topic_5
2026-06-17T20:48:06.418155Z  INFO mq_bench::roles::subscriber: Starting subscriber engine=Nats key=topic_5 endpoint=None crash_enabled=false
2026-06-17T20:48:06.418281Z  INFO mq_bench::roles::subscriber: Connected via transport engine=Nats
2026-06-17T20:48:06.420525Z  INFO async_nats::connector: connected successfully server=4222 max_payload=10485760
2026-06-17T20:48:06.420635Z  INFO mq_bench::roles::subscriber: Subscribed to key expression key=topic_5
2026-06-17T20:48:06.420649Z  INFO async_nats: event: connected
2026-06-17T20:48:07.025507Z  INFO mq_bench::roles::subscriber: Starting subscriber engine=Nats key=topic_5 endpoint=None crash_enabled=false
2026-06-17T20:48:07.025563Z  INFO mq_bench::roles::subscriber: Connected via transport engine=Nats
2026-06-17T20:48:07.027779Z  INFO async_nats::connector: connected successfully server=4222 max_payload=10485760
2026-06-17T20:48:07.027897Z  INFO async_nats: event: connected
2026-06-17T20:48:07.027898Z  INFO mq_bench::roles::subscriber: Subscribed to key expression key=topic_5
2026-06-17T20:48:07.632616Z  INFO mq_bench::roles::subscriber: Starting subscriber engine=Nats key=topic_5 endpoint=None crash_enabled=false
2026-06-17T20:48:07.632654Z  INFO mq_bench::roles::subscriber: Connected via transport engine=Nats
2026-06-17T20:48:07.634844Z  INFO async_nats::connector: connected successfully server=4222 max_payload=10485760
2026-06-17T20:48:07.634944Z  INFO mq_bench::roles::subscriber: Subscribed to key expression key=topic_5
2026-06-17T20:48:07.634949Z  INFO async_nats: event: connected
2026-06-17T20:48:08.239106Z  INFO mq_bench::roles::subscriber: Starting subscriber engine=Nats key=topic_5 endpoint=None crash_enabled=false
2026-06-17T20:48:08.239139Z  INFO mq_bench::roles::subscriber: Connected via transport engine=Nats
2026-06-17T20:48:08.241346Z  INFO async_nats::connector: connected successfully server=4222 max_payload=10485760
2026-06-17T20:48:08.241442Z  INFO mq_bench::roles::subscriber: Subscribed to key expression key=topic_5
2026-06-17T20:48:08.241447Z  INFO async_nats: event: connected
2026-06-17T20:48:08.846550Z  INFO mq_bench::roles::subscriber: Starting subscriber engine=Nats key=topic_5 endpoint=None crash_enabled=false
2026-06-17T20:48:08.846586Z  INFO mq_bench::roles::subscriber: Connected via transport engine=Nats
2026-06-17T20:48:08.848779Z  INFO async_nats::connector: connected successfully server=4222 max_payload=10485760
2026-06-17T20:48:08.848856Z  INFO mq_bench::roles::subscriber: Subscribed to key expression key=topic_5
2026-06-17T20:48:08.848860Z  INFO async_nats: event: connected
2026-06-17T20:48:09.453484Z  INFO mq_bench::roles::subscriber: Starting subscriber engine=Nats key=topic_5 endpoint=None crash_enabled=false
2026-06-17T20:48:09.453539Z  INFO mq_bench::roles::subscriber: Connected via transport engine=Nats
2026-06-17T20:48:09.455770Z  INFO async_nats::connector: connected successfully server=4222 max_payload=10485760
2026-06-17T20:48:09.455871Z  INFO mq_bench::roles::subscriber: Subscribed to key expression key=topic_5
2026-06-17T20:48:09.455880Z  INFO async_nats: event: connected
2026-06-17T20:48:10.060713Z  INFO mq_bench::roles::subscriber: Starting subscriber engine=Nats key=topic_5 endpoint=None crash_enabled=false
2026-06-17T20:48:10.060752Z  INFO mq_bench::roles::subscriber: Connected via transport engine=Nats
2026-06-17T20:48:10.061826Z  INFO async_nats::connector: connected successfully server=4222 max_payload=10485760
2026-06-17T20:48:10.061904Z  INFO mq_bench::roles::subscriber: Subscribed to key expression key=topic_5
2026-06-17T20:48:10.061912Z  INFO async_nats: event: connected
2026-06-17T20:48:10.667402Z  INFO mq_bench::roles::subscriber: Starting subscriber engine=Nats key=topic_5 endpoint=None crash_enabled=false
2026-06-17T20:48:10.667433Z  INFO mq_bench::roles::subscriber: Connected via transport engine=Nats
2026-06-17T20:48:10.669504Z  INFO async_nats::connector: connected successfully server=4222 max_payload=10485760
2026-06-17T20:48:10.669590Z  INFO mq_bench::roles::subscriber: Subscribed to key expression key=topic_5
2026-06-17T20:48:10.669595Z  INFO async_nats: event: connected
2026-06-17T20:48:11.274620Z  INFO mq_bench::roles::subscriber: Starting subscriber engine=Nats key=topic_5 endpoint=None crash_enabled=false
2026-06-17T20:48:11.274680Z  INFO mq_bench::roles::subscriber: Connected via transport engine=Nats
2026-06-17T20:48:11.276913Z  INFO async_nats::connector: connected successfully server=4222 max_payload=10485760
2026-06-17T20:48:11.277009Z  INFO mq_bench::roles::subscriber: Subscribed to key expression key=topic_5
2026-06-17T20:48:11.277019Z  INFO async_nats: event: connected
2026-06-17T20:48:11.881026Z  INFO mq_bench::roles::subscriber: Starting subscriber engine=Nats key=topic_5 endpoint=None crash_enabled=false
2026-06-17T20:48:11.881071Z  INFO mq_bench::roles::subscriber: Connected via transport engine=Nats
2026-06-17T20:48:11.883408Z  INFO async_nats::connector: connected successfully server=4222 max_payload=10485760
2026-06-17T20:48:11.883531Z  INFO mq_bench::roles::subscriber: Subscribed to key expression key=topic_5
2026-06-17T20:48:11.883534Z  INFO async_nats: event: connected
2026-06-17T20:48:12.488853Z  INFO mq_bench::roles::subscriber: Starting subscriber engine=Nats key=topic_5 endpoint=None crash_enabled=false
2026-06-17T20:48:12.488905Z  INFO mq_bench::roles::subscriber: Connected via transport engine=Nats
2026-06-17T20:48:12.491103Z  INFO async_nats::connector: connected successfully server=4222 max_payload=10485760
2026-06-17T20:48:12.491189Z  INFO mq_bench::roles::subscriber: Subscribed to key expression key=topic_5
2026-06-17T20:48:12.491197Z  INFO async_nats: event: connected
2026-06-17T20:48:13.096910Z  INFO mq_bench::roles::subscriber: Starting subscriber engine=Nats key=topic_5 endpoint=None crash_enabled=false
2026-06-17T20:48:13.096966Z  INFO mq_bench::roles::subscriber: Connected via transport engine=Nats
2026-06-17T20:48:13.099225Z  INFO async_nats::connector: connected successfully server=4222 max_payload=10485760
2026-06-17T20:48:13.099311Z  INFO mq_bench::roles::subscriber: Subscribed to key expression key=topic_5
2026-06-17T20:48:13.099317Z  INFO async_nats: event: connected
2026-06-17T20:48:13.704519Z  INFO mq_bench::roles::subscriber: Starting subscriber engine=Nats key=topic_5 endpoint=None crash_enabled=false
2026-06-17T20:48:13.704560Z  INFO mq_bench::roles::subscriber: Connected via transport engine=Nats
2026-06-17T20:48:13.706800Z  INFO async_nats::connector: connected successfully server=4222 max_payload=10485760
2026-06-17T20:48:13.706891Z  INFO mq_bench::roles::subscriber: Subscribed to key expression key=topic_5
2026-06-17T20:48:13.706899Z  INFO async_nats: event: connected
2026-06-17T20:48:14.311544Z  INFO mq_bench::roles::subscriber: Starting subscriber engine=Nats key=topic_5 endpoint=None crash_enabled=false
2026-06-17T20:48:14.311580Z  INFO mq_bench::roles::subscriber: Connected via transport engine=Nats
2026-06-17T20:48:14.313798Z  INFO async_nats::connector: connected successfully server=4222 max_payload=10485760
2026-06-17T20:48:14.313895Z  INFO mq_bench::roles::subscriber: Subscribed to key expression key=topic_5
2026-06-17T20:48:14.313896Z  INFO async_nats: event: connected
2026-06-17T20:48:14.918876Z  INFO mq_bench::roles::subscriber: Starting subscriber engine=Nats key=topic_5 endpoint=None crash_enabled=false
2026-06-17T20:48:14.918915Z  INFO mq_bench::roles::subscriber: Connected via transport engine=Nats
2026-06-17T20:48:14.921119Z  INFO async_nats::connector: connected successfully server=4222 max_payload=10485760
2026-06-17T20:48:14.921240Z  INFO async_nats: event: connected
2026-06-17T20:48:14.921243Z  INFO mq_bench::roles::subscriber: Subscribed to key expression key=topic_5
2026-06-17T20:48:15.526281Z  INFO mq_bench::roles::subscriber: Starting subscriber engine=Nats key=topic_5 endpoint=None crash_enabled=false
2026-06-17T20:48:15.526309Z  INFO mq_bench::roles::subscriber: Connected via transport engine=Nats
2026-06-17T20:48:15.528402Z  INFO async_nats::connector: connected successfully server=4222 max_payload=10485760
2026-06-17T20:48:15.528474Z  INFO mq_bench::roles::subscriber: Subscribed to key expression key=topic_5
2026-06-17T20:48:15.528478Z  INFO async_nats: event: connected
2026-06-17T20:48:16.133312Z  INFO mq_bench::roles::subscriber: Starting subscriber engine=Nats key=topic_5 endpoint=None crash_enabled=false
2026-06-17T20:48:16.133361Z  INFO mq_bench::roles::subscriber: Connected via transport engine=Nats
2026-06-17T20:48:16.135712Z  INFO async_nats::connector: connected successfully server=4222 max_payload=10485760
2026-06-17T20:48:16.135795Z  INFO mq_bench::roles::subscriber: Subscribed to key expression key=topic_5
2026-06-17T20:48:16.135802Z  INFO async_nats: event: connected
2026-06-17T20:48:16.740130Z  INFO mq_bench::roles::subscriber: Starting subscriber engine=Nats key=topic_5 endpoint=None crash_enabled=false
2026-06-17T20:48:16.740170Z  INFO mq_bench::roles::subscriber: Connected via transport engine=Nats
2026-06-17T20:48:16.742555Z  INFO async_nats::connector: connected successfully server=4222 max_payload=10485760
2026-06-17T20:48:16.742645Z  INFO mq_bench::roles::subscriber: Subscribed to key expression key=topic_5
2026-06-17T20:48:16.742652Z  INFO async_nats: event: connected
2026-06-17T20:48:17.347345Z  INFO mq_bench::roles::subscriber: Starting subscriber engine=Nats key=topic_5 endpoint=None crash_enabled=false
2026-06-17T20:48:17.347378Z  INFO mq_bench::roles::subscriber: Connected via transport engine=Nats
2026-06-17T20:48:17.349706Z  INFO async_nats::connector: connected successfully server=4222 max_payload=10485760
2026-06-17T20:48:17.349801Z  INFO mq_bench::roles::subscriber: Subscribed to key expression key=topic_5
2026-06-17T20:48:17.349808Z  INFO async_nats: event: connected
2026-06-17T20:48:17.954647Z  INFO mq_bench::roles::subscriber: Starting subscriber engine=Nats key=topic_5 endpoint=None crash_enabled=false
2026-06-17T20:48:17.954681Z  INFO mq_bench::roles::subscriber: Connected via transport engine=Nats
2026-06-17T20:48:17.956782Z  INFO async_nats::connector: connected successfully server=4222 max_payload=10485760
2026-06-17T20:48:17.956871Z  INFO async_nats: event: connected
2026-06-17T20:48:17.956870Z  INFO mq_bench::roles::subscriber: Subscribed to key expression key=topic_5
2026-06-17T20:48:18.561239Z  INFO mq_bench::roles::subscriber: Starting subscriber engine=Nats key=topic_5 endpoint=None crash_enabled=false
2026-06-17T20:48:18.561287Z  INFO mq_bench::roles::subscriber: Connected via transport engine=Nats
2026-06-17T20:48:18.563493Z  INFO async_nats::connector: connected successfully server=4222 max_payload=10485760
2026-06-17T20:48:18.563578Z  INFO mq_bench::roles::subscriber: Subscribed to key expression key=topic_5
2026-06-17T20:48:18.563578Z  INFO async_nats: event: connected
2026-06-17T20:48:19.168246Z  INFO mq_bench::roles::subscriber: Starting subscriber engine=Nats key=topic_5 endpoint=None crash_enabled=false
2026-06-17T20:48:19.168298Z  INFO mq_bench::roles::subscriber: Connected via transport engine=Nats
2026-06-17T20:48:19.170557Z  INFO async_nats::connector: connected successfully server=4222 max_payload=10485760
2026-06-17T20:48:19.170632Z  INFO mq_bench::roles::subscriber: Subscribed to key expression key=topic_5
2026-06-17T20:48:19.170642Z  INFO async_nats: event: connected
2026-06-17T20:48:19.775465Z  INFO mq_bench::roles::subscriber: Starting subscriber engine=Nats key=topic_5 endpoint=None crash_enabled=false
2026-06-17T20:48:19.775494Z  INFO mq_bench::roles::subscriber: Connected via transport engine=Nats
2026-06-17T20:48:19.777722Z  INFO async_nats::connector: connected successfully server=4222 max_payload=10485760
2026-06-17T20:48:19.777777Z  INFO async_nats: event: connected
2026-06-17T20:48:19.777777Z  INFO mq_bench::roles::subscriber: Subscribed to key expression key=topic_5
2026-06-17T20:48:20.381930Z  INFO mq_bench::roles::subscriber: Starting subscriber engine=Nats key=topic_5 endpoint=None crash_enabled=false
2026-06-17T20:48:20.381989Z  INFO mq_bench::roles::subscriber: Connected via transport engine=Nats
2026-06-17T20:48:20.384331Z  INFO async_nats::connector: connected successfully server=4222 max_payload=10485760
2026-06-17T20:48:20.384440Z  INFO mq_bench::roles::subscriber: Subscribed to key expression key=topic_5
2026-06-17T20:48:20.384449Z  INFO async_nats: event: connected
2026-06-17T20:48:20.988979Z  INFO mq_bench::roles::subscriber: Starting subscriber engine=Nats key=topic_5 endpoint=None crash_enabled=false
2026-06-17T20:48:20.989025Z  INFO mq_bench::roles::subscriber: Connected via transport engine=Nats
2026-06-17T20:48:20.991371Z  INFO async_nats::connector: connected successfully server=4222 max_payload=10485760
2026-06-17T20:48:20.991477Z  INFO mq_bench::roles::subscriber: Subscribed to key expression key=topic_5
2026-06-17T20:48:20.991481Z  INFO async_nats: event: connected
2026-06-17T20:48:21.596168Z  INFO mq_bench::roles::subscriber: Starting subscriber engine=Nats key=topic_5 endpoint=None crash_enabled=false
2026-06-17T20:48:21.596229Z  INFO mq_bench::roles::subscriber: Connected via transport engine=Nats
2026-06-17T20:48:21.598575Z  INFO async_nats::connector: connected successfully server=4222 max_payload=10485760
2026-06-17T20:48:21.598673Z  INFO mq_bench::roles::subscriber: Subscribed to key expression key=topic_5
2026-06-17T20:48:21.598674Z  INFO async_nats: event: connected
2026-06-17T20:48:22.203865Z  INFO mq_bench::roles::subscriber: Starting subscriber engine=Nats key=topic_5 endpoint=None crash_enabled=false
2026-06-17T20:48:22.203913Z  INFO mq_bench::roles::subscriber: Connected via transport engine=Nats
2026-06-17T20:48:22.206251Z  INFO async_nats::connector: connected successfully server=4222 max_payload=10485760
2026-06-17T20:48:22.206348Z  INFO mq_bench::roles::subscriber: Subscribed to key expression key=topic_5
2026-06-17T20:48:22.206353Z  INFO async_nats: event: connected
2026-06-17T20:48:22.811184Z  INFO mq_bench::roles::subscriber: Starting subscriber engine=Nats key=topic_5 endpoint=None crash_enabled=false
2026-06-17T20:48:22.811261Z  INFO mq_bench::roles::subscriber: Connected via transport engine=Nats
2026-06-17T20:48:22.813610Z  INFO async_nats::connector: connected successfully server=4222 max_payload=10485760
2026-06-17T20:48:22.813718Z  INFO mq_bench::roles::subscriber: Subscribed to key expression key=topic_5
2026-06-17T20:48:22.813724Z  INFO async_nats: event: connected
2026-06-17T20:48:23.418778Z  INFO mq_bench::roles::subscriber: Starting subscriber engine=Nats key=topic_5 endpoint=None crash_enabled=false
2026-06-17T20:48:23.418819Z  INFO mq_bench::roles::subscriber: Connected via transport engine=Nats
2026-06-17T20:48:23.421112Z  INFO async_nats::connector: connected successfully server=4222 max_payload=10485760
2026-06-17T20:48:23.421212Z  INFO mq_bench::roles::subscriber: Subscribed to key expression key=topic_5
2026-06-17T20:48:23.421223Z  INFO async_nats: event: connected
2026-06-17T20:48:24.026417Z  INFO mq_bench::roles::subscriber: Starting subscriber engine=Nats key=topic_5 endpoint=None crash_enabled=false
2026-06-17T20:48:24.026451Z  INFO mq_bench::roles::subscriber: Connected via transport engine=Nats
2026-06-17T20:48:24.028854Z  INFO async_nats::connector: connected successfully server=4222 max_payload=10485760
2026-06-17T20:48:24.028970Z  INFO async_nats: event: connected
2026-06-17T20:48:24.028981Z  INFO mq_bench::roles::subscriber: Subscribed to key expression key=topic_5
2026-06-17T20:48:24.632972Z  INFO mq_bench::roles::subscriber: Starting subscriber engine=Nats key=topic_5 endpoint=None crash_enabled=false
2026-06-17T20:48:24.633007Z  INFO mq_bench::roles::subscriber: Connected via transport engine=Nats
2026-06-17T20:48:24.635148Z  INFO async_nats::connector: connected successfully server=4222 max_payload=10485760
2026-06-17T20:48:24.635262Z  INFO async_nats: event: connected
2026-06-17T20:48:24.635262Z  INFO mq_bench::roles::subscriber: Subscribed to key expression key=topic_5
