mq-bench starting with run_id: auto
Writing CSV output to: artifacts/fanout_bursty_20260617_204724_nats_p64_s1000_u10_bursty/fanout_singlesite/sub_7.csv
2026-06-17T20:47:24.531199Z  INFO mq_bench::roles::subscriber: Starting subscriber engine=Nats key=topic_7 endpoint=None crash_enabled=false
2026-06-17T20:47:24.531257Z  INFO mq_bench::roles::subscriber: Connected via transport engine=Nats
2026-06-17T20:47:24.533380Z  INFO async_nats::connector: connected successfully server=4222 max_payload=10485760
2026-06-17T20:47:24.533430Z  INFO mq_bench::roles::subscriber: Subscribed to key expression key=topic_7
2026-06-17T20:47:24.533435Z  INFO async_nats: event: connected
2026-06-17T20:47:25.138234Z  INFO mq_bench::roles::subscriber: Starting subscriber engine=Nats key=topic_7 endpoint=None crash_enabled=false
2026-06-17T20:47:25.138260Z  INFO mq_bench::roles::subscriber: Connected via transport engine=Nats
2026-06-17T20:47:25.140480Z  INFO async_nats::connector: connected successfully server=4222 max_payload=10485760
2026-06-17T20:47:25.140557Z  INFO mq_bench::roles::subscriber: Subscribed to key expression key=topic_7
2026-06-17T20:47:25.140563Z  INFO async_nats: event: connected
2026-06-17T20:47:25.745687Z  INFO mq_bench::roles::subscriber: Starting subscriber engine=Nats key=topic_7 endpoint=None crash_enabled=false
2026-06-17T20:47:25.745708Z  INFO mq_bench::roles::subscriber: Connected via transport engine=Nats
2026-06-17T20:47:25.748116Z  INFO async_nats::connector: connected successfully server=4222 max_payload=10485760
2026-06-17T20:47:25.748241Z  INFO async_nats: event: connected
2026-06-17T20:47:25.748251Z  INFO mq_bench::roles::subscriber: Subscribed to key expression key=topic_7
2026-06-17T20:47:26.353084Z  INFO mq_bench::roles::subscriber: Starting subscriber engine=Nats key=topic_7 endpoint=None crash_enabled=false
2026-06-17T20:47:26.353093Z  INFO mq_bench::roles::subscriber: Connected via transport engine=Nats
2026-06-17T20:47:26.355405Z  INFO async_nats::connector: connected successfully server=4222 max_payload=10485760
2026-06-17T20:47:26.355489Z  INFO async_nats: event: connected
2026-06-17T20:47:26.355503Z  INFO mq_bench::roles::subscriber: Subscribed to key expression key=topic_7
2026-06-17T20:47:26.960119Z  INFO mq_bench::roles::subscriber: Starting subscriber engine=Nats key=topic_7 endpoint=None crash_enabled=false
2026-06-17T20:47:26.960130Z  INFO mq_bench::roles::subscriber: Connected via transport engine=Nats
2026-06-17T20:47:26.962497Z  INFO async_nats::connector: connected successfully server=4222 max_payload=10485760
2026-06-17T20:47:26.962574Z  INFO mq_bench::roles::subscriber: Subscribed to key expression key=topic_7
2026-06-17T20:47:26.962581Z  INFO async_nats: event: connected
2026-06-17T20:47:27.566937Z  INFO mq_bench::roles::subscriber: Starting subscriber engine=Nats key=topic_7 endpoint=None crash_enabled=false
2026-06-17T20:47:27.567012Z  INFO mq_bench::roles::subscriber: Connected via transport engine=Nats
2026-06-17T20:47:27.574914Z  INFO async_nats::connector: connected successfully server=4222 max_payload=10485760
2026-06-17T20:47:27.575003Z  INFO mq_bench::roles::subscriber: Subscribed to key expression key=topic_7
2026-06-17T20:47:27.575014Z  INFO async_nats: event: connected
2026-06-17T20:47:28.174510Z  INFO mq_bench::roles::subscriber: Starting subscriber engine=Nats key=topic_7 endpoint=None crash_enabled=false
2026-06-17T20:47:28.174560Z  INFO mq_bench::roles::subscriber: Connected via transport engine=Nats
2026-06-17T20:47:28.175754Z  INFO async_nats::connector: connected successfully server=4222 max_payload=10485760
2026-06-17T20:47:28.175813Z  INFO async_nats: event: connected
2026-06-17T20:47:28.175818Z  INFO mq_bench::roles::subscriber: Subscribed to key expression key=topic_7
2026-06-17T20:47:28.781284Z  INFO mq_bench::roles::subscriber: Starting subscriber engine=Nats key=topic_7 endpoint=None crash_enabled=false
2026-06-17T20:47:28.781325Z  INFO mq_bench::roles::subscriber: Connected via transport engine=Nats
2026-06-17T20:47:28.783529Z  INFO async_nats::connector: connected successfully server=4222 max_payload=10485760
2026-06-17T20:47:28.783627Z  INFO mq_bench::roles::subscriber: Subscribed to key expression key=topic_7
2026-06-17T20:47:28.783634Z  INFO async_nats: event: connected
2026-06-17T20:47:29.388702Z  INFO mq_bench::roles::subscriber: Starting subscriber engine=Nats key=topic_7 endpoint=None crash_enabled=false
2026-06-17T20:47:29.388733Z  INFO mq_bench::roles::subscriber: Connected via transport engine=Nats
2026-06-17T20:47:29.391036Z  INFO async_nats::connector: connected successfully server=4222 max_payload=10485760
2026-06-17T20:47:29.391127Z  INFO mq_bench::roles::subscriber: Subscribed to key expression key=topic_7
2026-06-17T20:47:29.391129Z  INFO async_nats: event: connected
2026-06-17T20:47:29.996420Z  INFO mq_bench::roles::subscriber: Starting subscriber engine=Nats key=topic_7 endpoint=None crash_enabled=false
2026-06-17T20:47:29.996455Z  INFO mq_bench::roles::subscriber: Connected via transport engine=Nats
2026-06-17T20:47:29.998657Z  INFO async_nats::connector: connected successfully server=4222 max_payload=10485760
2026-06-17T20:47:29.998763Z  INFO mq_bench::roles::subscriber: Subscribed to key expression key=topic_7
2026-06-17T20:47:29.998766Z  INFO async_nats: event: connected
2026-06-17T20:47:30.603165Z  INFO mq_bench::roles::subscriber: Starting subscriber engine=Nats key=topic_7 endpoint=None crash_enabled=false
2026-06-17T20:47:30.603197Z  INFO mq_bench::roles::subscriber: Connected via transport engine=Nats
2026-06-17T20:47:30.605416Z  INFO async_nats::connector: connected successfully server=4222 max_payload=10485760
2026-06-17T20:47:30.605493Z  INFO mq_bench::roles::subscriber: Subscribed to key expression key=topic_7
2026-06-17T20:47:30.605497Z  INFO async_nats: event: connected
2026-06-17T20:47:31.210554Z  INFO mq_bench::roles::subscriber: Starting subscriber engine=Nats key=topic_7 endpoint=None crash_enabled=false
2026-06-17T20:47:31.210593Z  INFO mq_bench::roles::subscriber: Connected via transport engine=Nats
2026-06-17T20:47:31.212798Z  INFO async_nats::connector: connected successfully server=4222 max_payload=10485760
2026-06-17T20:47:31.212879Z  INFO async_nats: event: connected
2026-06-17T20:47:31.212884Z  INFO mq_bench::roles::subscriber: Subscribed to key expression key=topic_7
2026-06-17T20:47:31.817262Z  INFO mq_bench::roles::subscriber: Starting subscriber engine=Nats key=topic_7 endpoint=None crash_enabled=false
2026-06-17T20:47:31.817296Z  INFO mq_bench::roles::subscriber: Connected via transport engine=Nats
2026-06-17T20:47:31.819487Z  INFO async_nats::connector: connected successfully server=4222 max_payload=10485760
2026-06-17T20:47:31.819572Z  INFO mq_bench::roles::subscriber: Subscribed to key expression key=topic_7
2026-06-17T20:47:31.819577Z  INFO async_nats: event: connected
2026-06-17T20:47:32.424151Z  INFO mq_bench::roles::subscriber: Starting subscriber engine=Nats key=topic_7 endpoint=None crash_enabled=false
2026-06-17T20:47:32.424185Z  INFO mq_bench::roles::subscriber: Connected via transport engine=Nats
2026-06-17T20:47:32.426435Z  INFO async_nats::connector: connected successfully server=4222 max_payload=10485760
2026-06-17T20:47:32.426519Z  INFO mq_bench::roles::subscriber: Subscribed to key expression key=topic_7
2026-06-17T20:47:32.426520Z  INFO async_nats: event: connected
2026-06-17T20:47:33.031140Z  INFO mq_bench::roles::subscriber: Starting subscriber engine=Nats key=topic_7 endpoint=None crash_enabled=false
2026-06-17T20:47:33.031183Z  INFO mq_bench::roles::subscriber: Connected via transport engine=Nats
2026-06-17T20:47:33.033453Z  INFO async_nats::connector: connected successfully server=4222 max_payload=10485760
2026-06-17T20:47:33.033539Z  INFO mq_bench::roles::subscriber: Subscribed to key expression key=topic_7
2026-06-17T20:47:33.033542Z  INFO async_nats: event: connected
2026-06-17T20:47:33.637864Z  INFO mq_bench::roles::subscriber: Starting subscriber engine=Nats key=topic_7 endpoint=None crash_enabled=false
2026-06-17T20:47:33.637930Z  INFO mq_bench::roles::subscriber: Connected via transport engine=Nats
2026-06-17T20:47:33.640139Z  INFO async_nats::connector: connected successfully server=4222 max_payload=10485760
2026-06-17T20:47:33.640246Z  INFO mq_bench::roles::subscriber: Subscribed to key expression key=topic_7
2026-06-17T20:47:33.640254Z  INFO async_nats: event: connected
2026-06-17T20:47:34.245287Z  INFO mq_bench::roles::subscriber: Starting subscriber engine=Nats key=topic_7 endpoint=None crash_enabled=false
2026-06-17T20:47:34.245319Z  INFO mq_bench::roles::subscriber: Connected via transport engine=Nats
2026-06-17T20:47:34.247465Z  INFO async_nats::connector: connected successfully server=4222 max_payload=10485760
2026-06-17T20:47:34.247546Z  INFO mq_bench::roles::subscriber: Subscribed to key expression key=topic_7
2026-06-17T20:47:34.247551Z  INFO async_nats: event: connected
2026-06-17T20:47:34.852683Z  INFO mq_bench::roles::subscriber: Starting subscriber engine=Nats key=topic_7 endpoint=None crash_enabled=false
2026-06-17T20:47:34.852717Z  INFO mq_bench::roles::subscriber: Connected via transport engine=Nats
2026-06-17T20:47:34.854875Z  INFO async_nats::connector: connected successfully server=4222 max_payload=10485760
2026-06-17T20:47:34.854952Z  INFO mq_bench::roles::subscriber: Subscribed to key expression key=topic_7
2026-06-17T20:47:34.854957Z  INFO async_nats: event: connected
2026-06-17T20:47:35.460415Z  INFO mq_bench::roles::subscriber: Starting subscriber engine=Nats key=topic_7 endpoint=None crash_enabled=false
2026-06-17T20:47:35.460445Z  INFO mq_bench::roles::subscriber: Connected via transport engine=Nats
2026-06-17T20:47:35.462645Z  INFO async_nats::connector: connected successfully server=4222 max_payload=10485760
2026-06-17T20:47:35.462716Z  INFO mq_bench::roles::subscriber: Subscribed to key expression key=topic_7
2026-06-17T20:47:35.462722Z  INFO async_nats: event: connected
2026-06-17T20:47:36.067641Z  INFO mq_bench::roles::subscriber: Starting subscriber engine=Nats key=topic_7 endpoint=None crash_enabled=false
2026-06-17T20:47:36.067672Z  INFO mq_bench::roles::subscriber: Connected via transport engine=Nats
2026-06-17T20:47:36.069865Z  INFO async_nats::connector: connected successfully server=4222 max_payload=10485760
2026-06-17T20:47:36.069932Z  INFO mq_bench::roles::subscriber: Subscribed to key expression key=topic_7
2026-06-17T20:47:36.069936Z  INFO async_nats: event: connected
2026-06-17T20:47:36.675451Z  INFO mq_bench::roles::subscriber: Starting subscriber engine=Nats key=topic_7 endpoint=None crash_enabled=false
2026-06-17T20:47:36.675486Z  INFO mq_bench::roles::subscriber: Connected via transport engine=Nats
2026-06-17T20:47:36.677714Z  INFO async_nats::connector: connected successfully server=4222 max_payload=10485760
2026-06-17T20:47:36.677790Z  INFO mq_bench::roles::subscriber: Subscribed to key expression key=topic_7
2026-06-17T20:47:36.677794Z  INFO async_nats: event: connected
2026-06-17T20:47:37.282556Z  INFO mq_bench::roles::subscriber: Starting subscriber engine=Nats key=topic_7 endpoint=None crash_enabled=false
2026-06-17T20:47:37.282604Z  INFO mq_bench::roles::subscriber: Connected via transport engine=Nats
2026-06-17T20:47:37.284912Z  INFO async_nats::connector: connected successfully server=4222 max_payload=10485760
2026-06-17T20:47:37.284994Z  INFO async_nats: event: connected
2026-06-17T20:47:37.284995Z  INFO mq_bench::roles::subscriber: Subscribed to key expression key=topic_7
2026-06-17T20:47:37.888907Z  INFO mq_bench::roles::subscriber: Starting subscriber engine=Nats key=topic_7 endpoint=None crash_enabled=false
2026-06-17T20:47:37.888939Z  INFO mq_bench::roles::subscriber: Connected via transport engine=Nats
2026-06-17T20:47:37.891136Z  INFO async_nats::connector: connected successfully server=4222 max_payload=10485760
2026-06-17T20:47:37.891251Z  INFO mq_bench::roles::subscriber: Subscribed to key expression key=topic_7
2026-06-17T20:47:37.891256Z  INFO async_nats: event: connected
2026-06-17T20:47:38.496518Z  INFO mq_bench::roles::subscriber: Starting subscriber engine=Nats key=topic_7 endpoint=None crash_enabled=false
2026-06-17T20:47:38.496545Z  INFO mq_bench::roles::subscriber: Connected via transport engine=Nats
2026-06-17T20:47:38.498723Z  INFO async_nats::connector: connected successfully server=4222 max_payload=10485760
2026-06-17T20:47:38.498765Z  INFO mq_bench::roles::subscriber: Subscribed to key expression key=topic_7
2026-06-17T20:47:38.498774Z  INFO async_nats: event: connected
2026-06-17T20:47:39.103284Z  INFO mq_bench::roles::subscriber: Starting subscriber engine=Nats key=topic_7 endpoint=None crash_enabled=false
2026-06-17T20:47:39.103336Z  INFO mq_bench::roles::subscriber: Connected via transport engine=Nats
2026-06-17T20:47:39.105449Z  INFO async_nats::connector: connected successfully server=4222 max_payload=10485760
2026-06-17T20:47:39.105505Z  INFO mq_bench::roles::subscriber: Subscribed to key expression key=topic_7
2026-06-17T20:47:39.105517Z  INFO async_nats: event: connected
2026-06-17T20:47:39.709753Z  INFO mq_bench::roles::subscriber: Starting subscriber engine=Nats key=topic_7 endpoint=None crash_enabled=false
2026-06-17T20:47:39.709807Z  INFO mq_bench::roles::subscriber: Connected via transport engine=Nats
2026-06-17T20:47:39.712024Z  INFO async_nats::connector: connected successfully server=4222 max_payload=10485760
2026-06-17T20:47:39.712107Z  INFO mq_bench::roles::subscriber: Subscribed to key expression key=topic_7
2026-06-17T20:47:39.712112Z  INFO async_nats: event: connected
2026-06-17T20:47:40.317085Z  INFO mq_bench::roles::subscriber: Starting subscriber engine=Nats key=topic_7 endpoint=None crash_enabled=false
2026-06-17T20:47:40.317118Z  INFO mq_bench::roles::subscriber: Connected via transport engine=Nats
2026-06-17T20:47:40.319255Z  INFO async_nats::connector: connected successfully server=4222 max_payload=10485760
2026-06-17T20:47:40.319309Z  INFO mq_bench::roles::subscriber: Subscribed to key expression key=topic_7
2026-06-17T20:47:40.319317Z  INFO async_nats: event: connected
2026-06-17T20:47:40.923779Z  INFO mq_bench::roles::subscriber: Starting subscriber engine=Nats key=topic_7 endpoint=None crash_enabled=false
2026-06-17T20:47:40.923844Z  INFO mq_bench::roles::subscriber: Connected via transport engine=Nats
2026-06-17T20:47:40.926091Z  INFO async_nats::connector: connected successfully server=4222 max_payload=10485760
2026-06-17T20:47:40.926134Z  INFO mq_bench::roles::subscriber: Subscribed to key expression key=topic_7
2026-06-17T20:47:40.926143Z  INFO async_nats: event: connected
2026-06-17T20:47:41.531000Z  INFO mq_bench::roles::subscriber: Starting subscriber engine=Nats key=topic_7 endpoint=None crash_enabled=false
2026-06-17T20:47:41.531044Z  INFO mq_bench::roles::subscriber: Connected via transport engine=Nats
2026-06-17T20:47:41.533296Z  INFO async_nats::connector: connected successfully server=4222 max_payload=10485760
2026-06-17T20:47:41.533382Z  INFO mq_bench::roles::subscriber: Subscribed to key expression key=topic_7
2026-06-17T20:47:41.533383Z  INFO async_nats: event: connected
2026-06-17T20:47:42.137957Z  INFO mq_bench::roles::subscriber: Starting subscriber engine=Nats key=topic_7 endpoint=None crash_enabled=false
2026-06-17T20:47:42.138028Z  INFO mq_bench::roles::subscriber: Connected via transport engine=Nats
2026-06-17T20:47:42.140285Z  INFO async_nats::connector: connected successfully server=4222 max_payload=10485760
2026-06-17T20:47:42.140396Z  INFO mq_bench::roles::subscriber: Subscribed to key expression key=topic_7
2026-06-17T20:47:42.140410Z  INFO async_nats: event: connected
2026-06-17T20:47:42.744896Z  INFO mq_bench::roles::subscriber: Starting subscriber engine=Nats key=topic_7 endpoint=None crash_enabled=false
2026-06-17T20:47:42.744952Z  INFO mq_bench::roles::subscriber: Connected via transport engine=Nats
2026-06-17T20:47:42.747390Z  INFO async_nats::connector: connected successfully server=4222 max_payload=10485760
2026-06-17T20:47:42.747495Z  INFO mq_bench::roles::subscriber: Subscribed to key expression key=topic_7
2026-06-17T20:47:42.747501Z  INFO async_nats: event: connected
2026-06-17T20:47:43.352379Z  INFO mq_bench::roles::subscriber: Starting subscriber engine=Nats key=topic_7 endpoint=None crash_enabled=false
2026-06-17T20:47:43.352460Z  INFO mq_bench::roles::subscriber: Connected via transport engine=Nats
2026-06-17T20:47:43.354808Z  INFO async_nats::connector: connected successfully server=4222 max_payload=10485760
2026-06-17T20:47:43.354912Z  INFO mq_bench::roles::subscriber: Subscribed to key expression key=topic_7
2026-06-17T20:47:43.354918Z  INFO async_nats: event: connected
2026-06-17T20:47:43.958800Z  INFO mq_bench::roles::subscriber: Starting subscriber engine=Nats key=topic_7 endpoint=None crash_enabled=false
2026-06-17T20:47:43.958854Z  INFO mq_bench::roles::subscriber: Connected via transport engine=Nats
2026-06-17T20:47:43.961236Z  INFO async_nats::connector: connected successfully server=4222 max_payload=10485760
2026-06-17T20:47:43.961358Z  INFO async_nats: event: connected
2026-06-17T20:47:43.961361Z  INFO mq_bench::roles::subscriber: Subscribed to key expression key=topic_7
2026-06-17T20:47:44.565939Z  INFO mq_bench::roles::subscriber: Starting subscriber engine=Nats key=topic_7 endpoint=None crash_enabled=false
2026-06-17T20:47:44.565983Z  INFO mq_bench::roles::subscriber: Connected via transport engine=Nats
2026-06-17T20:47:44.568358Z  INFO async_nats::connector: connected successfully server=4222 max_payload=10485760
2026-06-17T20:47:44.568447Z  INFO mq_bench::roles::subscriber: Subscribed to key expression key=topic_7
2026-06-17T20:47:44.568452Z  INFO async_nats: event: connected
2026-06-17T20:47:45.173612Z  INFO mq_bench::roles::subscriber: Starting subscriber engine=Nats key=topic_7 endpoint=None crash_enabled=false
2026-06-17T20:47:45.173675Z  INFO mq_bench::roles::subscriber: Connected via transport engine=Nats
2026-06-17T20:47:45.175767Z  INFO async_nats::connector: connected successfully server=4222 max_payload=10485760
2026-06-17T20:47:45.175806Z  INFO mq_bench::roles::subscriber: Subscribed to key expression key=topic_7
2026-06-17T20:47:45.175813Z  INFO async_nats: event: connected
2026-06-17T20:47:45.781345Z  INFO mq_bench::roles::subscriber: Starting subscriber engine=Nats key=topic_7 endpoint=None crash_enabled=false
2026-06-17T20:47:45.781404Z  INFO mq_bench::roles::subscriber: Connected via transport engine=Nats
2026-06-17T20:47:45.783723Z  INFO async_nats::connector: connected successfully server=4222 max_payload=10485760
2026-06-17T20:47:45.783809Z  INFO mq_bench::roles::subscriber: Subscribed to key expression key=topic_7
2026-06-17T20:47:45.783826Z  INFO async_nats: event: connected
2026-06-17T20:47:46.388014Z  INFO mq_bench::roles::subscriber: Starting subscriber engine=Nats key=topic_7 endpoint=None crash_enabled=false
2026-06-17T20:47:46.388053Z  INFO mq_bench::roles::subscriber: Connected via transport engine=Nats
2026-06-17T20:47:46.390329Z  INFO async_nats::connector: connected successfully server=4222 max_payload=10485760
2026-06-17T20:47:46.390453Z  INFO async_nats: event: connected
2026-06-17T20:47:46.390458Z  INFO mq_bench::roles::subscriber: Subscribed to key expression key=topic_7
2026-06-17T20:47:46.995498Z  INFO mq_bench::roles::subscriber: Starting subscriber engine=Nats key=topic_7 endpoint=None crash_enabled=false
2026-06-17T20:47:46.995534Z  INFO mq_bench::roles::subscriber: Connected via transport engine=Nats
2026-06-17T20:47:46.997819Z  INFO async_nats::connector: connected successfully server=4222 max_payload=10485760
2026-06-17T20:47:46.997951Z  INFO async_nats: event: connected
2026-06-17T20:47:46.997956Z  INFO mq_bench::roles::subscriber: Subscribed to key expression key=topic_7
2026-06-17T20:47:47.602719Z  INFO mq_bench::roles::subscriber: Starting subscriber engine=Nats key=topic_7 endpoint=None crash_enabled=false
2026-06-17T20:47:47.602778Z  INFO mq_bench::roles::subscriber: Connected via transport engine=Nats
2026-06-17T20:47:47.604976Z  INFO async_nats::connector: connected successfully server=4222 max_payload=10485760
2026-06-17T20:47:47.605106Z  INFO async_nats: event: connected
2026-06-17T20:47:47.605120Z  INFO mq_bench::roles::subscriber: Subscribed to key expression key=topic_7
2026-06-17T20:47:48.209912Z  INFO mq_bench::roles::subscriber: Starting subscriber engine=Nats key=topic_7 endpoint=None crash_enabled=false
2026-06-17T20:47:48.209967Z  INFO mq_bench::roles::subscriber: Connected via transport engine=Nats
2026-06-17T20:47:48.212282Z  INFO async_nats::connector: connected successfully server=4222 max_payload=10485760
2026-06-17T20:47:48.212435Z  INFO async_nats: event: connected
2026-06-17T20:47:48.212452Z  INFO mq_bench::roles::subscriber: Subscribed to key expression key=topic_7
2026-06-17T20:47:48.817538Z  INFO mq_bench::roles::subscriber: Starting subscriber engine=Nats key=topic_7 endpoint=None crash_enabled=false
2026-06-17T20:47:48.817583Z  INFO mq_bench::roles::subscriber: Connected via transport engine=Nats
2026-06-17T20:47:48.819780Z  INFO async_nats::connector: connected successfully server=4222 max_payload=10485760
2026-06-17T20:47:48.819916Z  INFO async_nats: event: connected
2026-06-17T20:47:48.819932Z  INFO mq_bench::roles::subscriber: Subscribed to key expression key=topic_7
2026-06-17T20:47:49.424114Z  INFO mq_bench::roles::subscriber: Starting subscriber engine=Nats key=topic_7 endpoint=None crash_enabled=false
2026-06-17T20:47:49.424152Z  INFO mq_bench::roles::subscriber: Connected via transport engine=Nats
2026-06-17T20:47:49.426288Z  INFO async_nats::connector: connected successfully server=4222 max_payload=10485760
2026-06-17T20:47:49.426413Z  INFO async_nats: event: connected
2026-06-17T20:47:49.426425Z  INFO mq_bench::roles::subscriber: Subscribed to key expression key=topic_7
2026-06-17T20:47:50.031478Z  INFO mq_bench::roles::subscriber: Starting subscriber engine=Nats key=topic_7 endpoint=None crash_enabled=false
2026-06-17T20:47:50.031514Z  INFO mq_bench::roles::subscriber: Connected via transport engine=Nats
2026-06-17T20:47:50.033726Z  INFO async_nats::connector: connected successfully server=4222 max_payload=10485760
2026-06-17T20:47:50.033822Z  INFO mq_bench::roles::subscriber: Subscribed to key expression key=topic_7
2026-06-17T20:47:50.033826Z  INFO async_nats: event: connected
2026-06-17T20:47:50.637855Z  INFO mq_bench::roles::subscriber: Starting subscriber engine=Nats key=topic_7 endpoint=None crash_enabled=false
2026-06-17T20:47:50.637902Z  INFO mq_bench::roles::subscriber: Connected via transport engine=Nats
2026-06-17T20:47:50.640046Z  INFO async_nats::connector: connected successfully server=4222 max_payload=10485760
2026-06-17T20:47:50.640142Z  INFO async_nats: event: connected
2026-06-17T20:47:50.640144Z  INFO mq_bench::roles::subscriber: Subscribed to key expression key=topic_7
2026-06-17T20:47:51.245255Z  INFO mq_bench::roles::subscriber: Starting subscriber engine=Nats key=topic_7 endpoint=None crash_enabled=false
2026-06-17T20:47:51.245296Z  INFO mq_bench::roles::subscriber: Connected via transport engine=Nats
2026-06-17T20:47:51.247395Z  INFO async_nats::connector: connected successfully server=4222 max_payload=10485760
2026-06-17T20:47:51.247490Z  INFO mq_bench::roles::subscriber: Subscribed to key expression key=topic_7
2026-06-17T20:47:51.247492Z  INFO async_nats: event: connected
2026-06-17T20:47:51.851769Z  INFO mq_bench::roles::subscriber: Starting subscriber engine=Nats key=topic_7 endpoint=None crash_enabled=false
2026-06-17T20:47:51.851806Z  INFO mq_bench::roles::subscriber: Connected via transport engine=Nats
2026-06-17T20:47:51.854077Z  INFO async_nats::connector: connected successfully server=4222 max_payload=10485760
2026-06-17T20:47:51.854176Z  INFO mq_bench::roles::subscriber: Subscribed to key expression key=topic_7
2026-06-17T20:47:51.854180Z  INFO async_nats: event: connected
2026-06-17T20:47:52.459278Z  INFO mq_bench::roles::subscriber: Starting subscriber engine=Nats key=topic_7 endpoint=None crash_enabled=false
2026-06-17T20:47:52.459315Z  INFO mq_bench::roles::subscriber: Connected via transport engine=Nats
2026-06-17T20:47:52.461411Z  INFO async_nats::connector: connected successfully server=4222 max_payload=10485760
2026-06-17T20:47:52.461504Z  INFO mq_bench::roles::subscriber: Subscribed to key expression key=topic_7
2026-06-17T20:47:52.461505Z  INFO async_nats: event: connected
2026-06-17T20:47:53.066705Z  INFO mq_bench::roles::subscriber: Starting subscriber engine=Nats key=topic_7 endpoint=None crash_enabled=false
2026-06-17T20:47:53.066764Z  INFO mq_bench::roles::subscriber: Connected via transport engine=Nats
2026-06-17T20:47:53.068901Z  INFO async_nats::connector: connected successfully server=4222 max_payload=10485760
2026-06-17T20:47:53.068987Z  INFO mq_bench::roles::subscriber: Subscribed to key expression key=topic_7
2026-06-17T20:47:53.068994Z  INFO async_nats: event: connected
2026-06-17T20:47:53.673868Z  INFO mq_bench::roles::subscriber: Starting subscriber engine=Nats key=topic_7 endpoint=None crash_enabled=false
2026-06-17T20:47:53.673913Z  INFO mq_bench::roles::subscriber: Connected via transport engine=Nats
2026-06-17T20:47:53.676067Z  INFO async_nats::connector: connected successfully server=4222 max_payload=10485760
2026-06-17T20:47:53.676158Z  INFO mq_bench::roles::subscriber: Subscribed to key expression key=topic_7
2026-06-17T20:47:53.676164Z  INFO async_nats: event: connected
2026-06-17T20:47:54.281265Z  INFO mq_bench::roles::subscriber: Starting subscriber engine=Nats key=topic_7 endpoint=None crash_enabled=false
2026-06-17T20:47:54.281297Z  INFO mq_bench::roles::subscriber: Connected via transport engine=Nats
2026-06-17T20:47:54.283520Z  INFO async_nats::connector: connected successfully server=4222 max_payload=10485760
2026-06-17T20:47:54.283614Z  INFO async_nats: event: connected
2026-06-17T20:47:54.283617Z  INFO mq_bench::roles::subscriber: Subscribed to key expression key=topic_7
2026-06-17T20:47:54.888327Z  INFO mq_bench::roles::subscriber: Starting subscriber engine=Nats key=topic_7 endpoint=None crash_enabled=false
2026-06-17T20:47:54.888369Z  INFO mq_bench::roles::subscriber: Connected via transport engine=Nats
2026-06-17T20:47:54.890831Z  INFO async_nats::connector: connected successfully server=4222 max_payload=10485760
2026-06-17T20:47:54.890924Z  INFO async_nats: event: connected
2026-06-17T20:47:54.890936Z  INFO mq_bench::roles::subscriber: Subscribed to key expression key=topic_7
2026-06-17T20:47:55.495604Z  INFO mq_bench::roles::subscriber: Starting subscriber engine=Nats key=topic_7 endpoint=None crash_enabled=false
2026-06-17T20:47:55.495654Z  INFO mq_bench::roles::subscriber: Connected via transport engine=Nats
2026-06-17T20:47:55.497798Z  INFO async_nats::connector: connected successfully server=4222 max_payload=10485760
2026-06-17T20:47:55.497884Z  INFO mq_bench::roles::subscriber: Subscribed to key expression key=topic_7
2026-06-17T20:47:55.497890Z  INFO async_nats: event: connected
2026-06-17T20:47:56.103034Z  INFO mq_bench::roles::subscriber: Starting subscriber engine=Nats key=topic_7 endpoint=None crash_enabled=false
2026-06-17T20:47:56.103078Z  INFO mq_bench::roles::subscriber: Connected via transport engine=Nats
2026-06-17T20:47:56.105293Z  INFO async_nats::connector: connected successfully server=4222 max_payload=10485760
2026-06-17T20:47:56.105386Z  INFO async_nats: event: connected
2026-06-17T20:47:56.105387Z  INFO mq_bench::roles::subscriber: Subscribed to key expression key=topic_7
2026-06-17T20:47:56.710586Z  INFO mq_bench::roles::subscriber: Starting subscriber engine=Nats key=topic_7 endpoint=None crash_enabled=false
2026-06-17T20:47:56.710630Z  INFO mq_bench::roles::subscriber: Connected via transport engine=Nats
2026-06-17T20:47:56.712815Z  INFO async_nats::connector: connected successfully server=4222 max_payload=10485760
2026-06-17T20:47:56.712907Z  INFO async_nats: event: connected
2026-06-17T20:47:56.712907Z  INFO mq_bench::roles::subscriber: Subscribed to key expression key=topic_7
2026-06-17T20:47:57.318418Z  INFO mq_bench::roles::subscriber: Starting subscriber engine=Nats key=topic_7 endpoint=None crash_enabled=false
2026-06-17T20:47:57.318485Z  INFO mq_bench::roles::subscriber: Connected via transport engine=Nats
2026-06-17T20:47:57.320743Z  INFO async_nats::connector: connected successfully server=4222 max_payload=10485760
2026-06-17T20:47:57.320826Z  INFO mq_bench::roles::subscriber: Subscribed to key expression key=topic_7
2026-06-17T20:47:57.320833Z  INFO async_nats: event: connected
2026-06-17T20:47:57.925160Z  INFO mq_bench::roles::subscriber: Starting subscriber engine=Nats key=topic_7 endpoint=None crash_enabled=false
2026-06-17T20:47:57.925196Z  INFO mq_bench::roles::subscriber: Connected via transport engine=Nats
2026-06-17T20:47:57.927461Z  INFO async_nats::connector: connected successfully server=4222 max_payload=10485760
2026-06-17T20:47:57.927565Z  INFO mq_bench::roles::subscriber: Subscribed to key expression key=topic_7
2026-06-17T20:47:57.927567Z  INFO async_nats: event: connected
2026-06-17T20:47:58.532626Z  INFO mq_bench::roles::subscriber: Starting subscriber engine=Nats key=topic_7 endpoint=None crash_enabled=false
2026-06-17T20:47:58.532666Z  INFO mq_bench::roles::subscriber: Connected via transport engine=Nats
2026-06-17T20:47:58.534923Z  INFO async_nats::connector: connected successfully server=4222 max_payload=10485760
2026-06-17T20:47:58.535002Z  INFO mq_bench::roles::subscriber: Subscribed to key expression key=topic_7
2026-06-17T20:47:58.535006Z  INFO async_nats: event: connected
2026-06-17T20:47:59.139875Z  INFO mq_bench::roles::subscriber: Starting subscriber engine=Nats key=topic_7 endpoint=None crash_enabled=false
2026-06-17T20:47:59.139910Z  INFO mq_bench::roles::subscriber: Connected via transport engine=Nats
2026-06-17T20:47:59.142128Z  INFO async_nats::connector: connected successfully server=4222 max_payload=10485760
2026-06-17T20:47:59.142231Z  INFO async_nats: event: connected
2026-06-17T20:47:59.142244Z  INFO mq_bench::roles::subscriber: Subscribed to key expression key=topic_7
2026-06-17T20:47:59.746830Z  INFO mq_bench::roles::subscriber: Starting subscriber engine=Nats key=topic_7 endpoint=None crash_enabled=false
2026-06-17T20:47:59.746893Z  INFO mq_bench::roles::subscriber: Connected via transport engine=Nats
2026-06-17T20:47:59.749294Z  INFO async_nats::connector: connected successfully server=4222 max_payload=10485760
2026-06-17T20:47:59.749379Z  INFO mq_bench::roles::subscriber: Subscribed to key expression key=topic_7
2026-06-17T20:47:59.749401Z  INFO async_nats: event: connected
2026-06-17T20:48:00.354451Z  INFO mq_bench::roles::subscriber: Starting subscriber engine=Nats key=topic_7 endpoint=None crash_enabled=false
2026-06-17T20:48:00.354490Z  INFO mq_bench::roles::subscriber: Connected via transport engine=Nats
2026-06-17T20:48:00.356727Z  INFO async_nats::connector: connected successfully server=4222 max_payload=10485760
2026-06-17T20:48:00.356864Z  INFO async_nats: event: connected
2026-06-17T20:48:00.356869Z  INFO mq_bench::roles::subscriber: Subscribed to key expression key=topic_7
2026-06-17T20:48:00.961092Z  INFO mq_bench::roles::subscriber: Starting subscriber engine=Nats key=topic_7 endpoint=None crash_enabled=false
2026-06-17T20:48:00.961132Z  INFO mq_bench::roles::subscriber: Connected via transport engine=Nats
2026-06-17T20:48:00.963402Z  INFO async_nats::connector: connected successfully server=4222 max_payload=10485760
2026-06-17T20:48:00.963530Z  INFO async_nats: event: connected
2026-06-17T20:48:00.963534Z  INFO mq_bench::roles::subscriber: Subscribed to key expression key=topic_7
2026-06-17T20:48:01.567799Z  INFO mq_bench::roles::subscriber: Starting subscriber engine=Nats key=topic_7 endpoint=None crash_enabled=false
2026-06-17T20:48:01.567847Z  INFO mq_bench::roles::subscriber: Connected via transport engine=Nats
2026-06-17T20:48:01.570056Z  INFO async_nats::connector: connected successfully server=4222 max_payload=10485760
2026-06-17T20:48:01.570196Z  INFO async_nats: event: connected
2026-06-17T20:48:01.570212Z  INFO mq_bench::roles::subscriber: Subscribed to key expression key=topic_7
2026-06-17T20:48:02.175106Z  INFO mq_bench::roles::subscriber: Starting subscriber engine=Nats key=topic_7 endpoint=None crash_enabled=false
2026-06-17T20:48:02.175151Z  INFO mq_bench::roles::subscriber: Connected via transport engine=Nats
2026-06-17T20:48:02.177449Z  INFO async_nats::connector: connected successfully server=4222 max_payload=10485760
2026-06-17T20:48:02.177584Z  INFO async_nats: event: connected
2026-06-17T20:48:02.177583Z  INFO mq_bench::roles::subscriber: Subscribed to key expression key=topic_7
2026-06-17T20:48:02.782532Z  INFO mq_bench::roles::subscriber: Starting subscriber engine=Nats key=topic_7 endpoint=None crash_enabled=false
2026-06-17T20:48:02.782590Z  INFO mq_bench::roles::subscriber: Connected via transport engine=Nats
2026-06-17T20:48:02.784898Z  INFO async_nats::connector: connected successfully server=4222 max_payload=10485760
2026-06-17T20:48:02.785001Z  INFO mq_bench::roles::subscriber: Subscribed to key expression key=topic_7
2026-06-17T20:48:02.785008Z  INFO async_nats: event: connected
2026-06-17T20:48:03.389419Z  INFO mq_bench::roles::subscriber: Starting subscriber engine=Nats key=topic_7 endpoint=None crash_enabled=false
2026-06-17T20:48:03.389455Z  INFO mq_bench::roles::subscriber: Connected via transport engine=Nats
2026-06-17T20:48:03.391636Z  INFO async_nats::connector: connected successfully server=4222 max_payload=10485760
2026-06-17T20:48:03.391718Z  INFO async_nats: event: connected
2026-06-17T20:48:03.391719Z  INFO mq_bench::roles::subscriber: Subscribed to key expression key=topic_7
2026-06-17T20:48:03.996152Z  INFO mq_bench::roles::subscriber: Starting subscriber engine=Nats key=topic_7 endpoint=None crash_enabled=false
2026-06-17T20:48:03.996232Z  INFO mq_bench::roles::subscriber: Connected via transport engine=Nats
2026-06-17T20:48:03.998518Z  INFO async_nats::connector: connected successfully server=4222 max_payload=10485760
2026-06-17T20:48:03.998609Z  INFO mq_bench::roles::subscriber: Subscribed to key expression key=topic_7
2026-06-17T20:48:03.998616Z  INFO async_nats: event: connected
2026-06-17T20:48:04.603164Z  INFO mq_bench::roles::subscriber: Starting subscriber engine=Nats key=topic_7 endpoint=None crash_enabled=false
2026-06-17T20:48:04.603216Z  INFO mq_bench::roles::subscriber: Connected via transport engine=Nats
2026-06-17T20:48:04.605488Z  INFO async_nats::connector: connected successfully server=4222 max_payload=10485760
2026-06-17T20:48:04.605573Z  INFO mq_bench::roles::subscriber: Subscribed to key expression key=topic_7
2026-06-17T20:48:04.605575Z  INFO async_nats: event: connected
2026-06-17T20:48:05.209725Z  INFO mq_bench::roles::subscriber: Starting subscriber engine=Nats key=topic_7 endpoint=None crash_enabled=false
2026-06-17T20:48:05.209758Z  INFO mq_bench::roles::subscriber: Connected via transport engine=Nats
2026-06-17T20:48:05.211998Z  INFO async_nats::connector: connected successfully server=4222 max_payload=10485760
2026-06-17T20:48:05.212095Z  INFO async_nats: event: connected
2026-06-17T20:48:05.212100Z  INFO mq_bench::roles::subscriber: Subscribed to key expression key=topic_7
2026-06-17T20:48:05.817623Z  INFO mq_bench::roles::subscriber: Starting subscriber engine=Nats key=topic_7 endpoint=None crash_enabled=false
2026-06-17T20:48:05.817662Z  INFO mq_bench::roles::subscriber: Connected via transport engine=Nats
2026-06-17T20:48:05.819966Z  INFO async_nats::connector: connected successfully server=4222 max_payload=10485760
2026-06-17T20:48:05.820076Z  INFO mq_bench::roles::subscriber: Subscribed to key expression key=topic_7
2026-06-17T20:48:05.820079Z  INFO async_nats: event: connected
2026-06-17T20:48:06.425632Z  INFO mq_bench::roles::subscriber: Starting subscriber engine=Nats key=topic_7 endpoint=None crash_enabled=false
2026-06-17T20:48:06.425671Z  INFO mq_bench::roles::subscriber: Connected via transport engine=Nats
2026-06-17T20:48:06.427908Z  INFO async_nats::connector: connected successfully server=4222 max_payload=10485760
2026-06-17T20:48:06.428019Z  INFO mq_bench::roles::subscriber: Subscribed to key expression key=topic_7
2026-06-17T20:48:06.428023Z  INFO async_nats: event: connected
2026-06-17T20:48:07.033105Z  INFO mq_bench::roles::subscriber: Starting subscriber engine=Nats key=topic_7 endpoint=None crash_enabled=false
2026-06-17T20:48:07.033142Z  INFO mq_bench::roles::subscriber: Connected via transport engine=Nats
2026-06-17T20:48:07.035315Z  INFO async_nats::connector: connected successfully server=4222 max_payload=10485760
2026-06-17T20:48:07.035444Z  INFO async_nats: event: connected
2026-06-17T20:48:07.035450Z  INFO mq_bench::roles::subscriber: Subscribed to key expression key=topic_7
2026-06-17T20:48:07.639922Z  INFO mq_bench::roles::subscriber: Starting subscriber engine=Nats key=topic_7 endpoint=None crash_enabled=false
2026-06-17T20:48:07.639971Z  INFO mq_bench::roles::subscriber: Connected via transport engine=Nats
2026-06-17T20:48:07.642126Z  INFO async_nats::connector: connected successfully server=4222 max_payload=10485760
2026-06-17T20:48:07.642220Z  INFO async_nats: event: connected
2026-06-17T20:48:07.642247Z  INFO mq_bench::roles::subscriber: Subscribed to key expression key=topic_7
2026-06-17T20:48:08.246833Z  INFO mq_bench::roles::subscriber: Starting subscriber engine=Nats key=topic_7 endpoint=None crash_enabled=false
2026-06-17T20:48:08.246872Z  INFO mq_bench::roles::subscriber: Connected via transport engine=Nats
2026-06-17T20:48:08.249104Z  INFO async_nats::connector: connected successfully server=4222 max_payload=10485760
2026-06-17T20:48:08.249193Z  INFO mq_bench::roles::subscriber: Subscribed to key expression key=topic_7
2026-06-17T20:48:08.249236Z  INFO async_nats: event: connected
2026-06-17T20:48:08.854338Z  INFO mq_bench::roles::subscriber: Starting subscriber engine=Nats key=topic_7 endpoint=None crash_enabled=false
2026-06-17T20:48:08.854391Z  INFO mq_bench::roles::subscriber: Connected via transport engine=Nats
2026-06-17T20:48:08.856523Z  INFO async_nats::connector: connected successfully server=4222 max_payload=10485760
2026-06-17T20:48:08.856610Z  INFO mq_bench::roles::subscriber: Subscribed to key expression key=topic_7
2026-06-17T20:48:08.856614Z  INFO async_nats: event: connected
2026-06-17T20:48:09.460886Z  INFO mq_bench::roles::subscriber: Starting subscriber engine=Nats key=topic_7 endpoint=None crash_enabled=false
2026-06-17T20:48:09.460945Z  INFO mq_bench::roles::subscriber: Connected via transport engine=Nats
2026-06-17T20:48:09.463066Z  INFO async_nats::connector: connected successfully server=4222 max_payload=10485760
2026-06-17T20:48:09.463156Z  INFO mq_bench::roles::subscriber: Subscribed to key expression key=topic_7
2026-06-17T20:48:09.463160Z  INFO async_nats: event: connected
2026-06-17T20:48:10.068148Z  INFO mq_bench::roles::subscriber: Starting subscriber engine=Nats key=topic_7 endpoint=None crash_enabled=false
2026-06-17T20:48:10.068184Z  INFO mq_bench::roles::subscriber: Connected via transport engine=Nats
2026-06-17T20:48:10.070337Z  INFO async_nats::connector: connected successfully server=4222 max_payload=10485760
2026-06-17T20:48:10.070429Z  INFO mq_bench::roles::subscriber: Subscribed to key expression key=topic_7
2026-06-17T20:48:10.070433Z  INFO async_nats: event: connected
2026-06-17T20:48:10.675128Z  INFO mq_bench::roles::subscriber: Starting subscriber engine=Nats key=topic_7 endpoint=None crash_enabled=false
2026-06-17T20:48:10.675179Z  INFO mq_bench::roles::subscriber: Connected via transport engine=Nats
2026-06-17T20:48:10.677264Z  INFO async_nats::connector: connected successfully server=4222 max_payload=10485760
2026-06-17T20:48:10.677341Z  INFO mq_bench::roles::subscriber: Subscribed to key expression key=topic_7
2026-06-17T20:48:10.677344Z  INFO async_nats: event: connected
2026-06-17T20:48:11.282414Z  INFO mq_bench::roles::subscriber: Starting subscriber engine=Nats key=topic_7 endpoint=None crash_enabled=false
2026-06-17T20:48:11.282459Z  INFO mq_bench::roles::subscriber: Connected via transport engine=Nats
2026-06-17T20:48:11.284718Z  INFO async_nats::connector: connected successfully server=4222 max_payload=10485760
2026-06-17T20:48:11.284807Z  INFO mq_bench::roles::subscriber: Subscribed to key expression key=topic_7
2026-06-17T20:48:11.284812Z  INFO async_nats: event: connected
2026-06-17T20:48:11.889551Z  INFO mq_bench::roles::subscriber: Starting subscriber engine=Nats key=topic_7 endpoint=None crash_enabled=false
2026-06-17T20:48:11.889589Z  INFO mq_bench::roles::subscriber: Connected via transport engine=Nats
2026-06-17T20:48:11.891889Z  INFO async_nats::connector: connected successfully server=4222 max_payload=10485760
2026-06-17T20:48:11.892001Z  INFO mq_bench::roles::subscriber: Subscribed to key expression key=topic_7
2026-06-17T20:48:11.892004Z  INFO async_nats: event: connected
2026-06-17T20:48:12.496551Z  INFO mq_bench::roles::subscriber: Starting subscriber engine=Nats key=topic_7 endpoint=None crash_enabled=false
2026-06-17T20:48:12.496596Z  INFO mq_bench::roles::subscriber: Connected via transport engine=Nats
2026-06-17T20:48:12.498918Z  INFO async_nats::connector: connected successfully server=4222 max_payload=10485760
2026-06-17T20:48:12.498994Z  INFO mq_bench::roles::subscriber: Subscribed to key expression key=topic_7
2026-06-17T20:48:12.499000Z  INFO async_nats: event: connected
2026-06-17T20:48:13.103218Z  INFO mq_bench::roles::subscriber: Starting subscriber engine=Nats key=topic_7 endpoint=None crash_enabled=false
2026-06-17T20:48:13.103259Z  INFO mq_bench::roles::subscriber: Connected via transport engine=Nats
2026-06-17T20:48:13.105562Z  INFO async_nats::connector: connected successfully server=4222 max_payload=10485760
2026-06-17T20:48:13.105649Z  INFO mq_bench::roles::subscriber: Subscribed to key expression key=topic_7
2026-06-17T20:48:13.105654Z  INFO async_nats: event: connected
2026-06-17T20:48:13.710007Z  INFO mq_bench::roles::subscriber: Starting subscriber engine=Nats key=topic_7 endpoint=None crash_enabled=false
2026-06-17T20:48:13.710043Z  INFO mq_bench::roles::subscriber: Connected via transport engine=Nats
2026-06-17T20:48:13.712253Z  INFO async_nats::connector: connected successfully server=4222 max_payload=10485760
2026-06-17T20:48:13.712383Z  INFO async_nats: event: connected
2026-06-17T20:48:13.712387Z  INFO mq_bench::roles::subscriber: Subscribed to key expression key=topic_7
2026-06-17T20:48:14.316818Z  INFO mq_bench::roles::subscriber: Starting subscriber engine=Nats key=topic_7 endpoint=None crash_enabled=false
2026-06-17T20:48:14.316853Z  INFO mq_bench::roles::subscriber: Connected via transport engine=Nats
2026-06-17T20:48:14.319060Z  INFO async_nats::connector: connected successfully server=4222 max_payload=10485760
2026-06-17T20:48:14.319189Z  INFO async_nats: event: connected
2026-06-17T20:48:14.319192Z  INFO mq_bench::roles::subscriber: Subscribed to key expression key=topic_7
2026-06-17T20:48:14.923876Z  INFO mq_bench::roles::subscriber: Starting subscriber engine=Nats key=topic_7 endpoint=None crash_enabled=false
2026-06-17T20:48:14.923936Z  INFO mq_bench::roles::subscriber: Connected via transport engine=Nats
2026-06-17T20:48:14.926244Z  INFO async_nats::connector: connected successfully server=4222 max_payload=10485760
2026-06-17T20:48:14.926345Z  INFO mq_bench::roles::subscriber: Subscribed to key expression key=topic_7
2026-06-17T20:48:14.926365Z  INFO async_nats: event: connected
2026-06-17T20:48:15.531433Z  INFO mq_bench::roles::subscriber: Starting subscriber engine=Nats key=topic_7 endpoint=None crash_enabled=false
2026-06-17T20:48:15.531481Z  INFO mq_bench::roles::subscriber: Connected via transport engine=Nats
2026-06-17T20:48:15.533809Z  INFO async_nats::connector: connected successfully server=4222 max_payload=10485760
2026-06-17T20:48:15.533948Z  INFO mq_bench::roles::subscriber: Subscribed to key expression key=topic_7
2026-06-17T20:48:15.533949Z  INFO async_nats: event: connected
2026-06-17T20:48:16.138271Z  INFO mq_bench::roles::subscriber: Starting subscriber engine=Nats key=topic_7 endpoint=None crash_enabled=false
2026-06-17T20:48:16.138307Z  INFO mq_bench::roles::subscriber: Connected via transport engine=Nats
2026-06-17T20:48:16.140782Z  INFO async_nats::connector: connected successfully server=4222 max_payload=10485760
2026-06-17T20:48:16.140929Z  INFO async_nats: event: connected
2026-06-17T20:48:16.140936Z  INFO mq_bench::roles::subscriber: Subscribed to key expression key=topic_7
2026-06-17T20:48:16.745628Z  INFO mq_bench::roles::subscriber: Starting subscriber engine=Nats key=topic_7 endpoint=None crash_enabled=false
2026-06-17T20:48:16.745685Z  INFO mq_bench::roles::subscriber: Connected via transport engine=Nats
2026-06-17T20:48:16.748167Z  INFO async_nats::connector: connected successfully server=4222 max_payload=10485760
2026-06-17T20:48:16.748342Z  INFO async_nats: event: connected
2026-06-17T20:48:16.748343Z  INFO mq_bench::roles::subscriber: Subscribed to key expression key=topic_7
2026-06-17T20:48:17.352868Z  INFO mq_bench::roles::subscriber: Starting subscriber engine=Nats key=topic_7 endpoint=None crash_enabled=false
2026-06-17T20:48:17.352910Z  INFO mq_bench::roles::subscriber: Connected via transport engine=Nats
2026-06-17T20:48:17.355378Z  INFO async_nats::connector: connected successfully server=4222 max_payload=10485760
2026-06-17T20:48:17.355527Z  INFO async_nats: event: connected
2026-06-17T20:48:17.355531Z  INFO mq_bench::roles::subscriber: Subscribed to key expression key=topic_7
2026-06-17T20:48:17.960280Z  INFO mq_bench::roles::subscriber: Starting subscriber engine=Nats key=topic_7 endpoint=None crash_enabled=false
2026-06-17T20:48:17.960330Z  INFO mq_bench::roles::subscriber: Connected via transport engine=Nats
2026-06-17T20:48:17.962892Z  INFO async_nats::connector: connected successfully server=4222 max_payload=10485760
2026-06-17T20:48:17.963065Z  INFO async_nats: event: connected
2026-06-17T20:48:17.963064Z  INFO mq_bench::roles::subscriber: Subscribed to key expression key=topic_7
2026-06-17T20:48:18.567608Z  INFO mq_bench::roles::subscriber: Starting subscriber engine=Nats key=topic_7 endpoint=None crash_enabled=false
2026-06-17T20:48:18.567647Z  INFO mq_bench::roles::subscriber: Connected via transport engine=Nats
2026-06-17T20:48:18.570054Z  INFO async_nats::connector: connected successfully server=4222 max_payload=10485760
2026-06-17T20:48:18.570190Z  INFO async_nats: event: connected
2026-06-17T20:48:18.570189Z  INFO mq_bench::roles::subscriber: Subscribed to key expression key=topic_7
2026-06-17T20:48:19.175072Z  INFO mq_bench::roles::subscriber: Starting subscriber engine=Nats key=topic_7 endpoint=None crash_enabled=false
2026-06-17T20:48:19.175159Z  INFO mq_bench::roles::subscriber: Connected via transport engine=Nats
2026-06-17T20:48:19.177323Z  INFO async_nats::connector: connected successfully server=4222 max_payload=10485760
2026-06-17T20:48:19.177375Z  INFO mq_bench::roles::subscriber: Subscribed to key expression key=topic_7
2026-06-17T20:48:19.177389Z  INFO async_nats: event: connected
2026-06-17T20:48:19.782075Z  INFO mq_bench::roles::subscriber: Starting subscriber engine=Nats key=topic_7 endpoint=None crash_enabled=false
2026-06-17T20:48:19.782103Z  INFO mq_bench::roles::subscriber: Connected via transport engine=Nats
2026-06-17T20:48:19.784358Z  INFO async_nats::connector: connected successfully server=4222 max_payload=10485760
2026-06-17T20:48:19.784406Z  INFO mq_bench::roles::subscriber: Subscribed to key expression key=topic_7
2026-06-17T20:48:19.784410Z  INFO async_nats: event: connected
2026-06-17T20:48:20.389056Z  INFO mq_bench::roles::subscriber: Starting subscriber engine=Nats key=topic_7 endpoint=None crash_enabled=false
2026-06-17T20:48:20.389082Z  INFO mq_bench::roles::subscriber: Connected via transport engine=Nats
2026-06-17T20:48:20.391262Z  INFO async_nats::connector: connected successfully server=4222 max_payload=10485760
2026-06-17T20:48:20.391361Z  INFO async_nats: event: connected
2026-06-17T20:48:20.391362Z  INFO mq_bench::roles::subscriber: Subscribed to key expression key=topic_7
2026-06-17T20:48:20.996607Z  INFO mq_bench::roles::subscriber: Starting subscriber engine=Nats key=topic_7 endpoint=None crash_enabled=false
2026-06-17T20:48:20.996633Z  INFO mq_bench::roles::subscriber: Connected via transport engine=Nats
2026-06-17T20:48:20.998935Z  INFO async_nats::connector: connected successfully server=4222 max_payload=10485760
2026-06-17T20:48:20.999021Z  INFO async_nats: event: connected
2026-06-17T20:48:20.999025Z  INFO mq_bench::roles::subscriber: Subscribed to key expression key=topic_7
2026-06-17T20:48:21.604091Z  INFO mq_bench::roles::subscriber: Starting subscriber engine=Nats key=topic_7 endpoint=None crash_enabled=false
2026-06-17T20:48:21.604118Z  INFO mq_bench::roles::subscriber: Connected via transport engine=Nats
2026-06-17T20:48:21.606252Z  INFO async_nats::connector: connected successfully server=4222 max_payload=10485760
2026-06-17T20:48:21.606357Z  INFO async_nats: event: connected
2026-06-17T20:48:21.606363Z  INFO mq_bench::roles::subscriber: Subscribed to key expression key=topic_7
2026-06-17T20:48:22.211124Z  INFO mq_bench::roles::subscriber: Starting subscriber engine=Nats key=topic_7 endpoint=None crash_enabled=false
2026-06-17T20:48:22.211189Z  INFO mq_bench::roles::subscriber: Connected via transport engine=Nats
2026-06-17T20:48:22.213296Z  INFO async_nats::connector: connected successfully server=4222 max_payload=10485760
2026-06-17T20:48:22.213402Z  INFO async_nats: event: connected
2026-06-17T20:48:22.213406Z  INFO mq_bench::roles::subscriber: Subscribed to key expression key=topic_7
2026-06-17T20:48:22.817986Z  INFO mq_bench::roles::subscriber: Starting subscriber engine=Nats key=topic_7 endpoint=None crash_enabled=false
2026-06-17T20:48:22.818039Z  INFO mq_bench::roles::subscriber: Connected via transport engine=Nats
2026-06-17T20:48:22.820839Z  INFO async_nats::connector: connected successfully server=4222 max_payload=10485760
2026-06-17T20:48:22.820960Z  INFO async_nats: event: connected
2026-06-17T20:48:22.820959Z  INFO mq_bench::roles::subscriber: Subscribed to key expression key=topic_7
2026-06-17T20:48:23.425099Z  INFO mq_bench::roles::subscriber: Starting subscriber engine=Nats key=topic_7 endpoint=None crash_enabled=false
2026-06-17T20:48:23.425163Z  INFO mq_bench::roles::subscriber: Connected via transport engine=Nats
2026-06-17T20:48:23.427580Z  INFO async_nats::connector: connected successfully server=4222 max_payload=10485760
2026-06-17T20:48:23.427695Z  INFO mq_bench::roles::subscriber: Subscribed to key expression key=topic_7
2026-06-17T20:48:23.427706Z  INFO async_nats: event: connected
2026-06-17T20:48:24.031886Z  INFO mq_bench::roles::subscriber: Starting subscriber engine=Nats key=topic_7 endpoint=None crash_enabled=false
2026-06-17T20:48:24.031940Z  INFO mq_bench::roles::subscriber: Connected via transport engine=Nats
2026-06-17T20:48:24.034262Z  INFO async_nats::connector: connected successfully server=4222 max_payload=10485760
2026-06-17T20:48:24.034352Z  INFO mq_bench::roles::subscriber: Subscribed to key expression key=topic_7
2026-06-17T20:48:24.034362Z  INFO async_nats: event: connected
2026-06-17T20:48:24.639361Z  INFO mq_bench::roles::subscriber: Starting subscriber engine=Nats key=topic_7 endpoint=None crash_enabled=false
2026-06-17T20:48:24.639407Z  INFO mq_bench::roles::subscriber: Connected via transport engine=Nats
2026-06-17T20:48:24.641698Z  INFO async_nats::connector: connected successfully server=4222 max_payload=10485760
2026-06-17T20:48:24.641839Z  INFO async_nats: event: connected
2026-06-17T20:48:24.641840Z  INFO mq_bench::roles::subscriber: Subscribed to key expression key=topic_7
