mq-bench starting with run_id: auto
Writing CSV output to: artifacts/fanout_bursty_20260616_201156_nats_p64_s1000_u10_bursty/fanout_singlesite/pub_5.csv
2026-06-16T20:12:57.390004Z  INFO mq_bench::roles::publisher: Starting publisher engine=Nats key=topic_5 payload_size=64 rate=None rate_profile=Some(RateProfile { phases: [RatePhase { name: "warmup", duration: 60s, rate_per_sec: 20.0 }, RatePhase { name: "baseline", duration: 60s, rate_per_sec: 100.0 }, RatePhase { name: "burst", duration: 60s, rate_per_sec: 1000.0 }, RatePhase { name: "recovery", duration: 60s, rate_per_sec: 100.0 }, RatePhase { name: "burst", duration: 60s, rate_per_sec: 2000.0 }, RatePhase { name: "recovery", duration: 60s, rate_per_sec: 100.0 }, RatePhase { name: "burst", duration: 60s, rate_per_sec: 3000.0 }, RatePhase { name: "recovery", duration: 60s, rate_per_sec: 100.0 }, RatePhase { name: "burst", duration: 60s, rate_per_sec: 4000.0 }, RatePhase { name: "recovery", duration: 60s, rate_per_sec: 100.0 }, RatePhase { name: "burst", duration: 60s, rate_per_sec: 5000.0 }, RatePhase { name: "recovery", duration: 60s, rate_per_sec: 100.0 }, RatePhase { name: "burst", duration: 60s, rate_per_sec: 6000.0 }, RatePhase { name: "recovery", duration: 60s, rate_per_sec: 100.0 }, RatePhase { name: "burst", duration: 60s, rate_per_sec: 7000.0 }, RatePhase { name: "recovery", duration: 60s, rate_per_sec: 100.0 }], cumulative_ends: [60s, 120s, 180s, 240s, 300s, 360s, 420s, 480s, 540s, 600s, 660s, 720s, 780s, 840s, 900s, 960s] }) duration_secs=Some(960) endpoint=None crash_enabled=false sequence_start=0 sequence_step=1
2026-06-16T20:12:57.390071Z  INFO mq_bench::roles::publisher: Connected via transport engine=Nats
2026-06-16T20:12:57.392136Z  INFO async_nats::connector: connected successfully server=4222 max_payload=10485760
2026-06-16T20:12:57.392181Z  INFO mq_bench::roles::publisher: Publisher rate profile phase entered phase=warmup rate=20.0 elapsed_secs=0.002129043
2026-06-16T20:12:57.392183Z  INFO async_nats: event: connected
2026-06-16T20:13:57.392848Z  INFO mq_bench::roles::publisher: Publisher rate profile phase entered phase=baseline rate=100.0 elapsed_secs=60.002791884
2026-06-16T20:14:57.394014Z  INFO mq_bench::roles::publisher: Publisher rate profile phase entered phase=burst rate=1000.0 elapsed_secs=120.003959902
2026-06-16T20:15:57.394828Z  INFO mq_bench::roles::publisher: Publisher rate profile phase entered phase=recovery rate=100.0 elapsed_secs=180.004774501
2026-06-16T20:16:57.395849Z  INFO mq_bench::roles::publisher: Publisher rate profile phase entered phase=burst rate=2000.0 elapsed_secs=240.005767466
2026-06-16T20:17:57.397830Z  INFO mq_bench::roles::publisher: Publisher rate profile phase entered phase=recovery rate=100.0 elapsed_secs=300.007763995
2026-06-16T20:18:57.399157Z  INFO mq_bench::roles::publisher: Publisher rate profile phase entered phase=burst rate=3000.0 elapsed_secs=360.009103113
2026-06-16T20:19:57.390064Z  INFO mq_bench::roles::publisher: Publisher rate profile phase entered phase=recovery rate=100.0 elapsed_secs=420.00000134
2026-06-16T20:20:57.391417Z  INFO mq_bench::roles::publisher: Publisher rate profile phase entered phase=burst rate=4000.0 elapsed_secs=480.001362952
2026-06-16T20:21:57.391848Z  INFO mq_bench::roles::publisher: Publisher rate profile phase entered phase=recovery rate=100.0 elapsed_secs=540.001793933
2026-06-16T20:22:57.393123Z  INFO mq_bench::roles::publisher: Publisher rate profile phase entered phase=burst rate=5000.0 elapsed_secs=600.003069821
2026-06-16T20:23:57.394449Z  INFO mq_bench::roles::publisher: Publisher rate profile phase entered phase=recovery rate=100.0 elapsed_secs=660.004386781
2026-06-16T20:24:57.395791Z  INFO mq_bench::roles::publisher: Publisher rate profile phase entered phase=burst rate=6000.0 elapsed_secs=720.005737802
2026-06-16T20:25:57.396878Z  INFO mq_bench::roles::publisher: Publisher rate profile phase entered phase=recovery rate=100.0 elapsed_secs=780.006824124
2026-06-16T20:26:57.398348Z  INFO mq_bench::roles::publisher: Publisher rate profile phase entered phase=burst rate=7000.0 elapsed_secs=840.008294184
2026-06-16T20:27:57.398909Z  INFO mq_bench::roles::publisher: Publisher rate profile phase entered phase=recovery rate=100.0 elapsed_secs=900.008855297
2026-06-16T20:28:57.390242Z  INFO mq_bench::roles::publisher: Duration limit reached, stopping publisher
2026-06-16T20:28:57.390828Z  INFO mq_bench::roles::publisher: Final Publisher Statistics sent=1729213 errors=0 crashes=0 reconnects=0 avg_rate="1801.26" duration="960.00s"
