mq-bench starting with run_id: auto
Writing CSV output to: artifacts/fanout_bursty_20260616_201156_nats_p64_s1000_u10_bursty/fanout_singlesite/pub_0.csv
2026-06-16T20:12:57.364690Z  INFO mq_bench::roles::publisher: Starting publisher engine=Nats key=topic_0 payload_size=64 rate=None rate_profile=Some(RateProfile { phases: [RatePhase { name: "warmup", duration: 60s, rate_per_sec: 20.0 }, RatePhase { name: "baseline", duration: 60s, rate_per_sec: 100.0 }, RatePhase { name: "burst", duration: 60s, rate_per_sec: 1000.0 }, RatePhase { name: "recovery", duration: 60s, rate_per_sec: 100.0 }, RatePhase { name: "burst", duration: 60s, rate_per_sec: 2000.0 }, RatePhase { name: "recovery", duration: 60s, rate_per_sec: 100.0 }, RatePhase { name: "burst", duration: 60s, rate_per_sec: 3000.0 }, RatePhase { name: "recovery", duration: 60s, rate_per_sec: 100.0 }, RatePhase { name: "burst", duration: 60s, rate_per_sec: 4000.0 }, RatePhase { name: "recovery", duration: 60s, rate_per_sec: 100.0 }, RatePhase { name: "burst", duration: 60s, rate_per_sec: 5000.0 }, RatePhase { name: "recovery", duration: 60s, rate_per_sec: 100.0 }, RatePhase { name: "burst", duration: 60s, rate_per_sec: 6000.0 }, RatePhase { name: "recovery", duration: 60s, rate_per_sec: 100.0 }, RatePhase { name: "burst", duration: 60s, rate_per_sec: 7000.0 }, RatePhase { name: "recovery", duration: 60s, rate_per_sec: 100.0 }], cumulative_ends: [60s, 120s, 180s, 240s, 300s, 360s, 420s, 480s, 540s, 600s, 660s, 720s, 780s, 840s, 900s, 960s] }) duration_secs=Some(960) endpoint=None crash_enabled=false sequence_start=0 sequence_step=1
2026-06-16T20:12:57.364792Z  INFO mq_bench::roles::publisher: Connected via transport engine=Nats
2026-06-16T20:12:57.366904Z  INFO async_nats::connector: connected successfully server=4222 max_payload=10485760
2026-06-16T20:12:57.366948Z  INFO mq_bench::roles::publisher: Publisher rate profile phase entered phase=warmup rate=20.0 elapsed_secs=0.002176875
2026-06-16T20:12:57.366955Z  INFO async_nats: event: connected
2026-06-16T20:13:57.368468Z  INFO mq_bench::roles::publisher: Publisher rate profile phase entered phase=baseline rate=100.0 elapsed_secs=60.00369146
2026-06-16T20:14:57.370020Z  INFO mq_bench::roles::publisher: Publisher rate profile phase entered phase=burst rate=1000.0 elapsed_secs=120.005245957
2026-06-16T20:15:57.371227Z  INFO mq_bench::roles::publisher: Publisher rate profile phase entered phase=recovery rate=100.0 elapsed_secs=180.006443069
2026-06-16T20:16:57.372805Z  INFO mq_bench::roles::publisher: Publisher rate profile phase entered phase=burst rate=2000.0 elapsed_secs=240.008031584
2026-06-16T20:17:57.373081Z  INFO mq_bench::roles::publisher: Publisher rate profile phase entered phase=recovery rate=100.0 elapsed_secs=300.008307661
2026-06-16T20:18:57.374614Z  INFO mq_bench::roles::publisher: Publisher rate profile phase entered phase=burst rate=3000.0 elapsed_secs=360.009840077
2026-06-16T20:19:57.366031Z  INFO mq_bench::roles::publisher: Publisher rate profile phase entered phase=recovery rate=100.0 elapsed_secs=420.001246734
2026-06-16T20:20:57.367744Z  INFO mq_bench::roles::publisher: Publisher rate profile phase entered phase=burst rate=4000.0 elapsed_secs=480.002970489
2026-06-16T20:21:57.368963Z  INFO mq_bench::roles::publisher: Publisher rate profile phase entered phase=recovery rate=100.0 elapsed_secs=540.004179619
2026-06-16T20:22:57.370515Z  INFO mq_bench::roles::publisher: Publisher rate profile phase entered phase=burst rate=5000.0 elapsed_secs=600.005741592
2026-06-16T20:23:57.371761Z  INFO mq_bench::roles::publisher: Publisher rate profile phase entered phase=recovery rate=100.0 elapsed_secs=660.006987072
2026-06-16T20:24:57.372688Z  INFO mq_bench::roles::publisher: Publisher rate profile phase entered phase=burst rate=6000.0 elapsed_secs=720.007914547
2026-06-16T20:25:57.373809Z  INFO mq_bench::roles::publisher: Publisher rate profile phase entered phase=recovery rate=100.0 elapsed_secs=780.009034865
2026-06-16T20:26:57.365054Z  INFO mq_bench::roles::publisher: Publisher rate profile phase entered phase=burst rate=7000.0 elapsed_secs=840.000279834
2026-06-16T20:27:57.366507Z  INFO mq_bench::roles::publisher: Publisher rate profile phase entered phase=recovery rate=100.0 elapsed_secs=900.0017338
2026-06-16T20:28:57.367390Z  INFO mq_bench::roles::publisher: Duration limit reached, stopping publisher
2026-06-16T20:28:57.368167Z  INFO mq_bench::roles::publisher: Final Publisher Statistics sent=1729201 errors=0 crashes=0 reconnects=0 avg_rate="1801.24" duration="960.00s"
2026-06-16T20:28:57.368383Z  INFO async_nats: event: closed
