mq-bench starting with run_id: auto
Writing CSV output to: artifacts/fanout_bursty_20260616_201156_nats_p64_s1000_u10_bursty/fanout_singlesite/pub_9.csv
2026-06-16T20:12:57.407431Z  INFO mq_bench::roles::publisher: Starting publisher engine=Nats key=topic_9 payload_size=64 rate=None rate_profile=Some(RateProfile { phases: [RatePhase { name: "warmup", duration: 60s, rate_per_sec: 20.0 }, RatePhase { name: "baseline", duration: 60s, rate_per_sec: 100.0 }, RatePhase { name: "burst", duration: 60s, rate_per_sec: 1000.0 }, RatePhase { name: "recovery", duration: 60s, rate_per_sec: 100.0 }, RatePhase { name: "burst", duration: 60s, rate_per_sec: 2000.0 }, RatePhase { name: "recovery", duration: 60s, rate_per_sec: 100.0 }, RatePhase { name: "burst", duration: 60s, rate_per_sec: 3000.0 }, RatePhase { name: "recovery", duration: 60s, rate_per_sec: 100.0 }, RatePhase { name: "burst", duration: 60s, rate_per_sec: 4000.0 }, RatePhase { name: "recovery", duration: 60s, rate_per_sec: 100.0 }, RatePhase { name: "burst", duration: 60s, rate_per_sec: 5000.0 }, RatePhase { name: "recovery", duration: 60s, rate_per_sec: 100.0 }, RatePhase { name: "burst", duration: 60s, rate_per_sec: 6000.0 }, RatePhase { name: "recovery", duration: 60s, rate_per_sec: 100.0 }, RatePhase { name: "burst", duration: 60s, rate_per_sec: 7000.0 }, RatePhase { name: "recovery", duration: 60s, rate_per_sec: 100.0 }], cumulative_ends: [60s, 120s, 180s, 240s, 300s, 360s, 420s, 480s, 540s, 600s, 660s, 720s, 780s, 840s, 900s, 960s] }) duration_secs=Some(960) endpoint=None crash_enabled=false sequence_start=0 sequence_step=1
2026-06-16T20:12:57.407505Z  INFO mq_bench::roles::publisher: Connected via transport engine=Nats
2026-06-16T20:12:57.411489Z  INFO async_nats::connector: connected successfully server=4222 max_payload=10485760
2026-06-16T20:12:57.411536Z  INFO mq_bench::roles::publisher: Publisher rate profile phase entered phase=warmup rate=20.0 elapsed_secs=0.004054539
2026-06-16T20:12:57.411541Z  INFO async_nats: event: connected
2026-06-16T20:13:57.413010Z  INFO mq_bench::roles::publisher: Publisher rate profile phase entered phase=baseline rate=100.0 elapsed_secs=60.005526491
2026-06-16T20:14:57.414688Z  INFO mq_bench::roles::publisher: Publisher rate profile phase entered phase=burst rate=1000.0 elapsed_secs=120.007205041
2026-06-16T20:15:57.415549Z  INFO mq_bench::roles::publisher: Publisher rate profile phase entered phase=recovery rate=100.0 elapsed_secs=180.008055925
2026-06-16T20:16:57.416102Z  INFO mq_bench::roles::publisher: Publisher rate profile phase entered phase=burst rate=2000.0 elapsed_secs=240.008618154
2026-06-16T20:17:57.407486Z  INFO mq_bench::roles::publisher: Publisher rate profile phase entered phase=recovery rate=100.0 elapsed_secs=300.000002947
2026-06-16T20:18:57.408664Z  INFO mq_bench::roles::publisher: Publisher rate profile phase entered phase=burst rate=3000.0 elapsed_secs=360.001180982
2026-06-16T20:19:57.409359Z  INFO mq_bench::roles::publisher: Publisher rate profile phase entered phase=recovery rate=100.0 elapsed_secs=420.001876485
2026-06-16T20:20:57.410523Z  INFO mq_bench::roles::publisher: Publisher rate profile phase entered phase=burst rate=4000.0 elapsed_secs=480.003024749
2026-06-16T20:21:57.412050Z  INFO mq_bench::roles::publisher: Publisher rate profile phase entered phase=recovery rate=100.0 elapsed_secs=540.004556801
2026-06-16T20:22:57.413530Z  INFO mq_bench::roles::publisher: Publisher rate profile phase entered phase=burst rate=5000.0 elapsed_secs=600.006046445
2026-06-16T20:23:57.414865Z  INFO mq_bench::roles::publisher: Publisher rate profile phase entered phase=recovery rate=100.0 elapsed_secs=660.007381718
2026-06-16T20:24:57.415385Z  INFO mq_bench::roles::publisher: Publisher rate profile phase entered phase=burst rate=6000.0 elapsed_secs=720.007901379
2026-06-16T20:25:57.416771Z  INFO mq_bench::roles::publisher: Publisher rate profile phase entered phase=recovery rate=100.0 elapsed_secs=780.00928829
2026-06-16T20:26:57.407651Z  INFO mq_bench::roles::publisher: Publisher rate profile phase entered phase=burst rate=7000.0 elapsed_secs=840.000166572
2026-06-16T20:27:57.408450Z  INFO mq_bench::roles::publisher: Publisher rate profile phase entered phase=recovery rate=100.0 elapsed_secs=900.000966453
2026-06-16T20:28:57.409641Z  INFO mq_bench::roles::publisher: Duration limit reached, stopping publisher
2026-06-16T20:28:57.410101Z  INFO mq_bench::roles::publisher: Final Publisher Statistics sent=1729224 errors=0 crashes=0 reconnects=0 avg_rate="1801.27" duration="960.00s"
