mq-bench starting with run_id: auto
Writing CSV output to: artifacts/fanout_bursty_20260616_201156_nats_p64_s1000_u10_bursty/fanout_singlesite/pub_4.csv
2026-06-16T20:12:57.384701Z  INFO mq_bench::roles::publisher: Starting publisher engine=Nats key=topic_4 payload_size=64 rate=None rate_profile=Some(RateProfile { phases: [RatePhase { name: "warmup", duration: 60s, rate_per_sec: 20.0 }, RatePhase { name: "baseline", duration: 60s, rate_per_sec: 100.0 }, RatePhase { name: "burst", duration: 60s, rate_per_sec: 1000.0 }, RatePhase { name: "recovery", duration: 60s, rate_per_sec: 100.0 }, RatePhase { name: "burst", duration: 60s, rate_per_sec: 2000.0 }, RatePhase { name: "recovery", duration: 60s, rate_per_sec: 100.0 }, RatePhase { name: "burst", duration: 60s, rate_per_sec: 3000.0 }, RatePhase { name: "recovery", duration: 60s, rate_per_sec: 100.0 }, RatePhase { name: "burst", duration: 60s, rate_per_sec: 4000.0 }, RatePhase { name: "recovery", duration: 60s, rate_per_sec: 100.0 }, RatePhase { name: "burst", duration: 60s, rate_per_sec: 5000.0 }, RatePhase { name: "recovery", duration: 60s, rate_per_sec: 100.0 }, RatePhase { name: "burst", duration: 60s, rate_per_sec: 6000.0 }, RatePhase { name: "recovery", duration: 60s, rate_per_sec: 100.0 }, RatePhase { name: "burst", duration: 60s, rate_per_sec: 7000.0 }, RatePhase { name: "recovery", duration: 60s, rate_per_sec: 100.0 }], cumulative_ends: [60s, 120s, 180s, 240s, 300s, 360s, 420s, 480s, 540s, 600s, 660s, 720s, 780s, 840s, 900s, 960s] }) duration_secs=Some(960) endpoint=None crash_enabled=false sequence_start=0 sequence_step=1
2026-06-16T20:12:57.384769Z  INFO mq_bench::roles::publisher: Connected via transport engine=Nats
2026-06-16T20:12:57.386849Z  INFO async_nats::connector: connected successfully server=4222 max_payload=10485760
2026-06-16T20:12:57.386895Z  INFO mq_bench::roles::publisher: Publisher rate profile phase entered phase=warmup rate=20.0 elapsed_secs=0.002145851
2026-06-16T20:12:57.386902Z  INFO async_nats: event: connected
2026-06-16T20:13:57.387904Z  INFO mq_bench::roles::publisher: Publisher rate profile phase entered phase=baseline rate=100.0 elapsed_secs=60.003152393
2026-06-16T20:14:57.388595Z  INFO mq_bench::roles::publisher: Publisher rate profile phase entered phase=burst rate=1000.0 elapsed_secs=120.003843578
2026-06-16T20:15:57.389068Z  INFO mq_bench::roles::publisher: Publisher rate profile phase entered phase=recovery rate=100.0 elapsed_secs=180.004308841
2026-06-16T20:16:57.390646Z  INFO mq_bench::roles::publisher: Publisher rate profile phase entered phase=burst rate=2000.0 elapsed_secs=240.005894739
2026-06-16T20:17:57.391191Z  INFO mq_bench::roles::publisher: Publisher rate profile phase entered phase=recovery rate=100.0 elapsed_secs=300.006440125
2026-06-16T20:18:57.392984Z  INFO mq_bench::roles::publisher: Publisher rate profile phase entered phase=burst rate=3000.0 elapsed_secs=360.008232858
2026-06-16T20:19:57.394461Z  INFO mq_bench::roles::publisher: Publisher rate profile phase entered phase=recovery rate=100.0 elapsed_secs=420.009709294
2026-06-16T20:20:57.385942Z  INFO mq_bench::roles::publisher: Publisher rate profile phase entered phase=burst rate=4000.0 elapsed_secs=480.001171797
2026-06-16T20:21:57.387382Z  INFO mq_bench::roles::publisher: Publisher rate profile phase entered phase=recovery rate=100.0 elapsed_secs=540.002630787
2026-06-16T20:22:57.389029Z  INFO mq_bench::roles::publisher: Publisher rate profile phase entered phase=burst rate=5000.0 elapsed_secs=600.004278205
2026-06-16T20:23:57.390845Z  INFO mq_bench::roles::publisher: Publisher rate profile phase entered phase=recovery rate=100.0 elapsed_secs=660.00608584
2026-06-16T20:24:57.391540Z  INFO mq_bench::roles::publisher: Publisher rate profile phase entered phase=burst rate=6000.0 elapsed_secs=720.00678871
2026-06-16T20:25:57.392600Z  INFO mq_bench::roles::publisher: Publisher rate profile phase entered phase=recovery rate=100.0 elapsed_secs=780.007848737
2026-06-16T20:26:57.393342Z  INFO mq_bench::roles::publisher: Publisher rate profile phase entered phase=burst rate=7000.0 elapsed_secs=840.008590259
2026-06-16T20:27:57.384923Z  INFO mq_bench::roles::publisher: Publisher rate profile phase entered phase=recovery rate=100.0 elapsed_secs=900.000171345
2026-06-16T20:28:57.386279Z  INFO mq_bench::roles::publisher: Duration limit reached, stopping publisher
2026-06-16T20:28:57.387462Z  INFO mq_bench::roles::publisher: Final Publisher Statistics sent=1729161 errors=0 crashes=0 reconnects=0 avg_rate="1801.20" duration="960.00s"
