mq-bench starting with run_id: auto
Writing CSV output to: artifacts/fanout_bursty_20260616_201156_nats_p64_s1000_u10_bursty/fanout_singlesite/sub_2.csv
2026-06-16T20:11:56.314265Z  INFO mq_bench::roles::subscriber: Starting subscriber engine=Nats key=topic_2 endpoint=None crash_enabled=false
2026-06-16T20:11:56.314314Z  INFO mq_bench::roles::subscriber: Connected via transport engine=Nats
2026-06-16T20:11:56.316814Z  INFO async_nats::connector: connected successfully server=4222 max_payload=10485760
2026-06-16T20:11:56.316865Z  INFO mq_bench::roles::subscriber: Subscribed to key expression key=topic_2
2026-06-16T20:11:56.316869Z  INFO async_nats: event: connected
2026-06-16T20:11:56.921665Z  INFO mq_bench::roles::subscriber: Starting subscriber engine=Nats key=topic_2 endpoint=None crash_enabled=false
2026-06-16T20:11:56.921745Z  INFO mq_bench::roles::subscriber: Connected via transport engine=Nats
2026-06-16T20:11:56.924267Z  INFO async_nats::connector: connected successfully server=4222 max_payload=10485760
2026-06-16T20:11:56.924369Z  INFO mq_bench::roles::subscriber: Subscribed to key expression key=topic_2
2026-06-16T20:11:56.924387Z  INFO async_nats: event: connected
2026-06-16T20:11:57.528072Z  INFO mq_bench::roles::subscriber: Starting subscriber engine=Nats key=topic_2 endpoint=None crash_enabled=false
2026-06-16T20:11:57.528145Z  INFO mq_bench::roles::subscriber: Connected via transport engine=Nats
2026-06-16T20:11:57.530696Z  INFO async_nats::connector: connected successfully server=4222 max_payload=10485760
2026-06-16T20:11:57.530794Z  INFO mq_bench::roles::subscriber: Subscribed to key expression key=topic_2
2026-06-16T20:11:57.530802Z  INFO async_nats: event: connected
2026-06-16T20:11:58.135667Z  INFO mq_bench::roles::subscriber: Starting subscriber engine=Nats key=topic_2 endpoint=None crash_enabled=false
2026-06-16T20:11:58.135709Z  INFO mq_bench::roles::subscriber: Connected via transport engine=Nats
2026-06-16T20:11:58.138160Z  INFO async_nats::connector: connected successfully server=4222 max_payload=10485760
2026-06-16T20:11:58.138289Z  INFO mq_bench::roles::subscriber: Subscribed to key expression key=topic_2
2026-06-16T20:11:58.138293Z  INFO async_nats: event: connected
2026-06-16T20:11:58.742001Z  INFO mq_bench::roles::subscriber: Starting subscriber engine=Nats key=topic_2 endpoint=None crash_enabled=false
2026-06-16T20:11:58.742057Z  INFO mq_bench::roles::subscriber: Connected via transport engine=Nats
2026-06-16T20:11:58.744642Z  INFO async_nats::connector: connected successfully server=4222 max_payload=10485760
2026-06-16T20:11:58.744731Z  INFO mq_bench::roles::subscriber: Subscribed to key expression key=topic_2
2026-06-16T20:11:58.744738Z  INFO async_nats: event: connected
2026-06-16T20:11:59.348887Z  INFO mq_bench::roles::subscriber: Starting subscriber engine=Nats key=topic_2 endpoint=None crash_enabled=false
2026-06-16T20:11:59.348926Z  INFO mq_bench::roles::subscriber: Connected via transport engine=Nats
2026-06-16T20:11:59.351518Z  INFO async_nats::connector: connected successfully server=4222 max_payload=10485760
2026-06-16T20:11:59.351616Z  INFO async_nats: event: connected
2026-06-16T20:11:59.351618Z  INFO mq_bench::roles::subscriber: Subscribed to key expression key=topic_2
2026-06-16T20:11:59.956695Z  INFO mq_bench::roles::subscriber: Starting subscriber engine=Nats key=topic_2 endpoint=None crash_enabled=false
2026-06-16T20:11:59.956741Z  INFO mq_bench::roles::subscriber: Connected via transport engine=Nats
2026-06-16T20:11:59.959369Z  INFO async_nats::connector: connected successfully server=4222 max_payload=10485760
2026-06-16T20:11:59.959448Z  INFO mq_bench::roles::subscriber: Subscribed to key expression key=topic_2
2026-06-16T20:11:59.959456Z  INFO async_nats: event: connected
2026-06-16T20:12:00.564541Z  INFO mq_bench::roles::subscriber: Starting subscriber engine=Nats key=topic_2 endpoint=None crash_enabled=false
2026-06-16T20:12:00.564585Z  INFO mq_bench::roles::subscriber: Connected via transport engine=Nats
2026-06-16T20:12:00.567198Z  INFO async_nats::connector: connected successfully server=4222 max_payload=10485760
2026-06-16T20:12:00.567329Z  INFO mq_bench::roles::subscriber: Subscribed to key expression key=topic_2
2026-06-16T20:12:00.567336Z  INFO async_nats: event: connected
2026-06-16T20:12:01.170843Z  INFO mq_bench::roles::subscriber: Starting subscriber engine=Nats key=topic_2 endpoint=None crash_enabled=false
2026-06-16T20:12:01.170893Z  INFO mq_bench::roles::subscriber: Connected via transport engine=Nats
2026-06-16T20:12:01.173327Z  INFO async_nats::connector: connected successfully server=4222 max_payload=10485760
2026-06-16T20:12:01.173410Z  INFO mq_bench::roles::subscriber: Subscribed to key expression key=topic_2
2026-06-16T20:12:01.173421Z  INFO async_nats: event: connected
2026-06-16T20:12:01.778785Z  INFO mq_bench::roles::subscriber: Starting subscriber engine=Nats key=topic_2 endpoint=None crash_enabled=false
2026-06-16T20:12:01.778823Z  INFO mq_bench::roles::subscriber: Connected via transport engine=Nats
2026-06-16T20:12:01.781384Z  INFO async_nats::connector: connected successfully server=4222 max_payload=10485760
2026-06-16T20:12:01.781462Z  INFO mq_bench::roles::subscriber: Subscribed to key expression key=topic_2
2026-06-16T20:12:01.781466Z  INFO async_nats: event: connected
2026-06-16T20:12:02.386336Z  INFO mq_bench::roles::subscriber: Starting subscriber engine=Nats key=topic_2 endpoint=None crash_enabled=false
2026-06-16T20:12:02.386373Z  INFO mq_bench::roles::subscriber: Connected via transport engine=Nats
2026-06-16T20:12:02.388777Z  INFO async_nats::connector: connected successfully server=4222 max_payload=10485760
2026-06-16T20:12:02.388872Z  INFO mq_bench::roles::subscriber: Subscribed to key expression key=topic_2
2026-06-16T20:12:02.388878Z  INFO async_nats: event: connected
2026-06-16T20:12:02.993145Z  INFO mq_bench::roles::subscriber: Starting subscriber engine=Nats key=topic_2 endpoint=None crash_enabled=false
2026-06-16T20:12:02.993185Z  INFO mq_bench::roles::subscriber: Connected via transport engine=Nats
2026-06-16T20:12:02.995466Z  INFO async_nats::connector: connected successfully server=4222 max_payload=10485760
2026-06-16T20:12:02.995549Z  INFO mq_bench::roles::subscriber: Subscribed to key expression key=topic_2
2026-06-16T20:12:02.995555Z  INFO async_nats: event: connected
2026-06-16T20:12:03.600085Z  INFO mq_bench::roles::subscriber: Starting subscriber engine=Nats key=topic_2 endpoint=None crash_enabled=false
2026-06-16T20:12:03.600120Z  INFO mq_bench::roles::subscriber: Connected via transport engine=Nats
2026-06-16T20:12:03.602326Z  INFO async_nats::connector: connected successfully server=4222 max_payload=10485760
2026-06-16T20:12:03.602406Z  INFO mq_bench::roles::subscriber: Subscribed to key expression key=topic_2
2026-06-16T20:12:03.602414Z  INFO async_nats: event: connected
2026-06-16T20:12:04.207058Z  INFO mq_bench::roles::subscriber: Starting subscriber engine=Nats key=topic_2 endpoint=None crash_enabled=false
2026-06-16T20:12:04.207086Z  INFO mq_bench::roles::subscriber: Connected via transport engine=Nats
2026-06-16T20:12:04.209434Z  INFO async_nats::connector: connected successfully server=4222 max_payload=10485760
2026-06-16T20:12:04.209509Z  INFO mq_bench::roles::subscriber: Subscribed to key expression key=topic_2
2026-06-16T20:12:04.209515Z  INFO async_nats: event: connected
2026-06-16T20:12:04.813960Z  INFO mq_bench::roles::subscriber: Starting subscriber engine=Nats key=topic_2 endpoint=None crash_enabled=false
2026-06-16T20:12:04.813997Z  INFO mq_bench::roles::subscriber: Connected via transport engine=Nats
2026-06-16T20:12:04.816478Z  INFO async_nats::connector: connected successfully server=4222 max_payload=10485760
2026-06-16T20:12:04.816581Z  INFO async_nats: event: connected
2026-06-16T20:12:04.816581Z  INFO mq_bench::roles::subscriber: Subscribed to key expression key=topic_2
2026-06-16T20:12:05.421693Z  INFO mq_bench::roles::subscriber: Starting subscriber engine=Nats key=topic_2 endpoint=None crash_enabled=false
2026-06-16T20:12:05.421738Z  INFO mq_bench::roles::subscriber: Connected via transport engine=Nats
2026-06-16T20:12:05.424146Z  INFO async_nats::connector: connected successfully server=4222 max_payload=10485760
2026-06-16T20:12:05.424262Z  INFO mq_bench::roles::subscriber: Subscribed to key expression key=topic_2
2026-06-16T20:12:05.424268Z  INFO async_nats: event: connected
2026-06-16T20:12:06.029694Z  INFO mq_bench::roles::subscriber: Starting subscriber engine=Nats key=topic_2 endpoint=None crash_enabled=false
2026-06-16T20:12:06.029743Z  INFO mq_bench::roles::subscriber: Connected via transport engine=Nats
2026-06-16T20:12:06.032050Z  INFO async_nats::connector: connected successfully server=4222 max_payload=10485760
2026-06-16T20:12:06.032135Z  INFO mq_bench::roles::subscriber: Subscribed to key expression key=topic_2
2026-06-16T20:12:06.032142Z  INFO async_nats: event: connected
2026-06-16T20:12:06.637801Z  INFO mq_bench::roles::subscriber: Starting subscriber engine=Nats key=topic_2 endpoint=None crash_enabled=false
2026-06-16T20:12:06.637842Z  INFO mq_bench::roles::subscriber: Connected via transport engine=Nats
2026-06-16T20:12:06.640440Z  INFO async_nats::connector: connected successfully server=4222 max_payload=10485760
2026-06-16T20:12:06.640524Z  INFO mq_bench::roles::subscriber: Subscribed to key expression key=topic_2
2026-06-16T20:12:06.640528Z  INFO async_nats: event: connected
2026-06-16T20:12:07.245686Z  INFO mq_bench::roles::subscriber: Starting subscriber engine=Nats key=topic_2 endpoint=None crash_enabled=false
2026-06-16T20:12:07.245720Z  INFO mq_bench::roles::subscriber: Connected via transport engine=Nats
2026-06-16T20:12:07.248222Z  INFO async_nats::connector: connected successfully server=4222 max_payload=10485760
2026-06-16T20:12:07.248299Z  INFO mq_bench::roles::subscriber: Subscribed to key expression key=topic_2
2026-06-16T20:12:07.248308Z  INFO async_nats: event: connected
2026-06-16T20:12:07.853626Z  INFO mq_bench::roles::subscriber: Starting subscriber engine=Nats key=topic_2 endpoint=None crash_enabled=false
2026-06-16T20:12:07.853665Z  INFO mq_bench::roles::subscriber: Connected via transport engine=Nats
2026-06-16T20:12:07.854964Z  INFO async_nats::connector: connected successfully server=4222 max_payload=10485760
2026-06-16T20:12:07.855036Z  INFO mq_bench::roles::subscriber: Subscribed to key expression key=topic_2
2026-06-16T20:12:07.855045Z  INFO async_nats: event: connected
2026-06-16T20:12:08.460668Z  INFO mq_bench::roles::subscriber: Starting subscriber engine=Nats key=topic_2 endpoint=None crash_enabled=false
2026-06-16T20:12:08.460703Z  INFO mq_bench::roles::subscriber: Connected via transport engine=Nats
2026-06-16T20:12:08.463120Z  INFO async_nats::connector: connected successfully server=4222 max_payload=10485760
2026-06-16T20:12:08.463227Z  INFO async_nats: event: connected
2026-06-16T20:12:08.463235Z  INFO mq_bench::roles::subscriber: Subscribed to key expression key=topic_2
2026-06-16T20:12:09.067948Z  INFO mq_bench::roles::subscriber: Starting subscriber engine=Nats key=topic_2 endpoint=None crash_enabled=false
2026-06-16T20:12:09.068002Z  INFO mq_bench::roles::subscriber: Connected via transport engine=Nats
2026-06-16T20:12:09.070141Z  INFO async_nats::connector: connected successfully server=4222 max_payload=10485760
2026-06-16T20:12:09.070255Z  INFO async_nats: event: connected
2026-06-16T20:12:09.070261Z  INFO mq_bench::roles::subscriber: Subscribed to key expression key=topic_2
2026-06-16T20:12:09.675371Z  INFO mq_bench::roles::subscriber: Starting subscriber engine=Nats key=topic_2 endpoint=None crash_enabled=false
2026-06-16T20:12:09.675403Z  INFO mq_bench::roles::subscriber: Connected via transport engine=Nats
2026-06-16T20:12:09.677683Z  INFO async_nats::connector: connected successfully server=4222 max_payload=10485760
2026-06-16T20:12:09.677769Z  INFO async_nats: event: connected
2026-06-16T20:12:09.677769Z  INFO mq_bench::roles::subscriber: Subscribed to key expression key=topic_2
2026-06-16T20:12:10.281904Z  INFO mq_bench::roles::subscriber: Starting subscriber engine=Nats key=topic_2 endpoint=None crash_enabled=false
2026-06-16T20:12:10.281924Z  INFO mq_bench::roles::subscriber: Connected via transport engine=Nats
2026-06-16T20:12:10.284269Z  INFO async_nats::connector: connected successfully server=4222 max_payload=10485760
2026-06-16T20:12:10.284346Z  INFO async_nats: event: connected
2026-06-16T20:12:10.284348Z  INFO mq_bench::roles::subscriber: Subscribed to key expression key=topic_2
2026-06-16T20:12:10.889415Z  INFO mq_bench::roles::subscriber: Starting subscriber engine=Nats key=topic_2 endpoint=None crash_enabled=false
2026-06-16T20:12:10.889449Z  INFO mq_bench::roles::subscriber: Connected via transport engine=Nats
2026-06-16T20:12:10.891709Z  INFO async_nats::connector: connected successfully server=4222 max_payload=10485760
2026-06-16T20:12:10.891786Z  INFO mq_bench::roles::subscriber: Subscribed to key expression key=topic_2
2026-06-16T20:12:10.891789Z  INFO async_nats: event: connected
2026-06-16T20:12:11.496124Z  INFO mq_bench::roles::subscriber: Starting subscriber engine=Nats key=topic_2 endpoint=None crash_enabled=false
2026-06-16T20:12:11.496158Z  INFO mq_bench::roles::subscriber: Connected via transport engine=Nats
2026-06-16T20:12:11.498592Z  INFO async_nats::connector: connected successfully server=4222 max_payload=10485760
2026-06-16T20:12:11.498632Z  INFO mq_bench::roles::subscriber: Subscribed to key expression key=topic_2
2026-06-16T20:12:11.498639Z  INFO async_nats: event: connected
2026-06-16T20:12:12.103108Z  INFO mq_bench::roles::subscriber: Starting subscriber engine=Nats key=topic_2 endpoint=None crash_enabled=false
2026-06-16T20:12:12.103128Z  INFO mq_bench::roles::subscriber: Connected via transport engine=Nats
2026-06-16T20:12:12.105297Z  INFO async_nats::connector: connected successfully server=4222 max_payload=10485760
2026-06-16T20:12:12.105360Z  INFO async_nats: event: connected
2026-06-16T20:12:12.105366Z  INFO mq_bench::roles::subscriber: Subscribed to key expression key=topic_2
2026-06-16T20:12:12.710350Z  INFO mq_bench::roles::subscriber: Starting subscriber engine=Nats key=topic_2 endpoint=None crash_enabled=false
2026-06-16T20:12:12.710389Z  INFO mq_bench::roles::subscriber: Connected via transport engine=Nats
2026-06-16T20:12:12.712515Z  INFO async_nats::connector: connected successfully server=4222 max_payload=10485760
2026-06-16T20:12:12.712587Z  INFO mq_bench::roles::subscriber: Subscribed to key expression key=topic_2
2026-06-16T20:12:12.712595Z  INFO async_nats: event: connected
2026-06-16T20:12:13.316964Z  INFO mq_bench::roles::subscriber: Starting subscriber engine=Nats key=topic_2 endpoint=None crash_enabled=false
2026-06-16T20:12:13.316989Z  INFO mq_bench::roles::subscriber: Connected via transport engine=Nats
2026-06-16T20:12:13.319194Z  INFO async_nats::connector: connected successfully server=4222 max_payload=10485760
2026-06-16T20:12:13.319271Z  INFO mq_bench::roles::subscriber: Subscribed to key expression key=topic_2
2026-06-16T20:12:13.319280Z  INFO async_nats: event: connected
2026-06-16T20:12:13.924752Z  INFO mq_bench::roles::subscriber: Starting subscriber engine=Nats key=topic_2 endpoint=None crash_enabled=false
2026-06-16T20:12:13.924783Z  INFO mq_bench::roles::subscriber: Connected via transport engine=Nats
2026-06-16T20:12:13.926979Z  INFO async_nats::connector: connected successfully server=4222 max_payload=10485760
2026-06-16T20:12:13.927059Z  INFO mq_bench::roles::subscriber: Subscribed to key expression key=topic_2
2026-06-16T20:12:13.927066Z  INFO async_nats: event: connected
2026-06-16T20:12:14.531974Z  INFO mq_bench::roles::subscriber: Starting subscriber engine=Nats key=topic_2 endpoint=None crash_enabled=false
2026-06-16T20:12:14.531990Z  INFO mq_bench::roles::subscriber: Connected via transport engine=Nats
2026-06-16T20:12:14.534290Z  INFO async_nats::connector: connected successfully server=4222 max_payload=10485760
2026-06-16T20:12:14.534366Z  INFO async_nats: event: connected
2026-06-16T20:12:14.534369Z  INFO mq_bench::roles::subscriber: Subscribed to key expression key=topic_2
2026-06-16T20:12:15.139052Z  INFO mq_bench::roles::subscriber: Starting subscriber engine=Nats key=topic_2 endpoint=None crash_enabled=false
2026-06-16T20:12:15.139102Z  INFO mq_bench::roles::subscriber: Connected via transport engine=Nats
2026-06-16T20:12:15.141477Z  INFO async_nats::connector: connected successfully server=4222 max_payload=10485760
2026-06-16T20:12:15.141548Z  INFO mq_bench::roles::subscriber: Subscribed to key expression key=topic_2
2026-06-16T20:12:15.141556Z  INFO async_nats: event: connected
2026-06-16T20:12:15.745960Z  INFO mq_bench::roles::subscriber: Starting subscriber engine=Nats key=topic_2 endpoint=None crash_enabled=false
2026-06-16T20:12:15.745976Z  INFO mq_bench::roles::subscriber: Connected via transport engine=Nats
2026-06-16T20:12:15.748392Z  INFO async_nats::connector: connected successfully server=4222 max_payload=10485760
2026-06-16T20:12:15.748460Z  INFO async_nats: event: connected
2026-06-16T20:12:15.748464Z  INFO mq_bench::roles::subscriber: Subscribed to key expression key=topic_2
2026-06-16T20:12:16.353058Z  INFO mq_bench::roles::subscriber: Starting subscriber engine=Nats key=topic_2 endpoint=None crash_enabled=false
2026-06-16T20:12:16.353103Z  INFO mq_bench::roles::subscriber: Connected via transport engine=Nats
2026-06-16T20:12:16.355321Z  INFO async_nats::connector: connected successfully server=4222 max_payload=10485760
2026-06-16T20:12:16.355417Z  INFO async_nats: event: connected
2026-06-16T20:12:16.355418Z  INFO mq_bench::roles::subscriber: Subscribed to key expression key=topic_2
2026-06-16T20:12:16.960196Z  INFO mq_bench::roles::subscriber: Starting subscriber engine=Nats key=topic_2 endpoint=None crash_enabled=false
2026-06-16T20:12:16.960260Z  INFO mq_bench::roles::subscriber: Connected via transport engine=Nats
2026-06-16T20:12:16.962642Z  INFO async_nats::connector: connected successfully server=4222 max_payload=10485760
2026-06-16T20:12:16.962755Z  INFO async_nats: event: connected
2026-06-16T20:12:16.962759Z  INFO mq_bench::roles::subscriber: Subscribed to key expression key=topic_2
2026-06-16T20:12:17.567790Z  INFO mq_bench::roles::subscriber: Starting subscriber engine=Nats key=topic_2 endpoint=None crash_enabled=false
2026-06-16T20:12:17.567822Z  INFO mq_bench::roles::subscriber: Connected via transport engine=Nats
2026-06-16T20:12:17.570377Z  INFO async_nats::connector: connected successfully server=4222 max_payload=10485760
2026-06-16T20:12:17.570439Z  INFO mq_bench::roles::subscriber: Subscribed to key expression key=topic_2
2026-06-16T20:12:17.570449Z  INFO async_nats: event: connected
2026-06-16T20:12:18.175184Z  INFO mq_bench::roles::subscriber: Starting subscriber engine=Nats key=topic_2 endpoint=None crash_enabled=false
2026-06-16T20:12:18.175226Z  INFO mq_bench::roles::subscriber: Connected via transport engine=Nats
2026-06-16T20:12:18.177564Z  INFO async_nats::connector: connected successfully server=4222 max_payload=10485760
2026-06-16T20:12:18.177646Z  INFO mq_bench::roles::subscriber: Subscribed to key expression key=topic_2
2026-06-16T20:12:18.177647Z  INFO async_nats: event: connected
2026-06-16T20:12:18.782195Z  INFO mq_bench::roles::subscriber: Starting subscriber engine=Nats key=topic_2 endpoint=None crash_enabled=false
2026-06-16T20:12:18.782257Z  INFO mq_bench::roles::subscriber: Connected via transport engine=Nats
2026-06-16T20:12:18.784515Z  INFO async_nats::connector: connected successfully server=4222 max_payload=10485760
2026-06-16T20:12:18.784611Z  INFO async_nats: event: connected
2026-06-16T20:12:18.784612Z  INFO mq_bench::roles::subscriber: Subscribed to key expression key=topic_2
2026-06-16T20:12:19.389416Z  INFO mq_bench::roles::subscriber: Starting subscriber engine=Nats key=topic_2 endpoint=None crash_enabled=false
2026-06-16T20:12:19.389449Z  INFO mq_bench::roles::subscriber: Connected via transport engine=Nats
2026-06-16T20:12:19.391860Z  INFO async_nats::connector: connected successfully server=4222 max_payload=10485760
2026-06-16T20:12:19.391923Z  INFO mq_bench::roles::subscriber: Subscribed to key expression key=topic_2
2026-06-16T20:12:19.391936Z  INFO async_nats: event: connected
2026-06-16T20:12:19.996259Z  INFO mq_bench::roles::subscriber: Starting subscriber engine=Nats key=topic_2 endpoint=None crash_enabled=false
2026-06-16T20:12:19.996338Z  INFO mq_bench::roles::subscriber: Connected via transport engine=Nats
2026-06-16T20:12:19.998453Z  INFO async_nats::connector: connected successfully server=4222 max_payload=10485760
2026-06-16T20:12:19.998522Z  INFO mq_bench::roles::subscriber: Subscribed to key expression key=topic_2
2026-06-16T20:12:19.998528Z  INFO async_nats: event: connected
2026-06-16T20:12:20.603382Z  INFO mq_bench::roles::subscriber: Starting subscriber engine=Nats key=topic_2 endpoint=None crash_enabled=false
2026-06-16T20:12:20.603411Z  INFO mq_bench::roles::subscriber: Connected via transport engine=Nats
2026-06-16T20:12:20.605666Z  INFO async_nats::connector: connected successfully server=4222 max_payload=10485760
2026-06-16T20:12:20.605761Z  INFO mq_bench::roles::subscriber: Subscribed to key expression key=topic_2
2026-06-16T20:12:20.605765Z  INFO async_nats: event: connected
2026-06-16T20:12:21.210037Z  INFO mq_bench::roles::subscriber: Starting subscriber engine=Nats key=topic_2 endpoint=None crash_enabled=false
2026-06-16T20:12:21.210074Z  INFO mq_bench::roles::subscriber: Connected via transport engine=Nats
2026-06-16T20:12:21.212357Z  INFO async_nats::connector: connected successfully server=4222 max_payload=10485760
2026-06-16T20:12:21.212451Z  INFO mq_bench::roles::subscriber: Subscribed to key expression key=topic_2
2026-06-16T20:12:21.212458Z  INFO async_nats: event: connected
2026-06-16T20:12:21.817672Z  INFO mq_bench::roles::subscriber: Starting subscriber engine=Nats key=topic_2 endpoint=None crash_enabled=false
2026-06-16T20:12:21.817700Z  INFO mq_bench::roles::subscriber: Connected via transport engine=Nats
2026-06-16T20:12:21.821011Z  INFO async_nats::connector: connected successfully server=4222 max_payload=10485760
2026-06-16T20:12:21.821105Z  INFO mq_bench::roles::subscriber: Subscribed to key expression key=topic_2
2026-06-16T20:12:21.821112Z  INFO async_nats: event: connected
2026-06-16T20:12:22.425547Z  INFO mq_bench::roles::subscriber: Starting subscriber engine=Nats key=topic_2 endpoint=None crash_enabled=false
2026-06-16T20:12:22.425584Z  INFO mq_bench::roles::subscriber: Connected via transport engine=Nats
2026-06-16T20:12:22.427924Z  INFO async_nats::connector: connected successfully server=4222 max_payload=10485760
2026-06-16T20:12:22.428000Z  INFO mq_bench::roles::subscriber: Subscribed to key expression key=topic_2
2026-06-16T20:12:22.428007Z  INFO async_nats: event: connected
2026-06-16T20:12:23.032038Z  INFO mq_bench::roles::subscriber: Starting subscriber engine=Nats key=topic_2 endpoint=None crash_enabled=false
2026-06-16T20:12:23.032076Z  INFO mq_bench::roles::subscriber: Connected via transport engine=Nats
2026-06-16T20:12:23.034394Z  INFO async_nats::connector: connected successfully server=4222 max_payload=10485760
2026-06-16T20:12:23.034469Z  INFO mq_bench::roles::subscriber: Subscribed to key expression key=topic_2
2026-06-16T20:12:23.034474Z  INFO async_nats: event: connected
2026-06-16T20:12:23.638839Z  INFO mq_bench::roles::subscriber: Starting subscriber engine=Nats key=topic_2 endpoint=None crash_enabled=false
2026-06-16T20:12:23.638876Z  INFO mq_bench::roles::subscriber: Connected via transport engine=Nats
2026-06-16T20:12:23.641022Z  INFO async_nats::connector: connected successfully server=4222 max_payload=10485760
2026-06-16T20:12:23.641102Z  INFO mq_bench::roles::subscriber: Subscribed to key expression key=topic_2
2026-06-16T20:12:23.641104Z  INFO async_nats: event: connected
2026-06-16T20:12:24.246418Z  INFO mq_bench::roles::subscriber: Starting subscriber engine=Nats key=topic_2 endpoint=None crash_enabled=false
2026-06-16T20:12:24.246455Z  INFO mq_bench::roles::subscriber: Connected via transport engine=Nats
2026-06-16T20:12:24.248736Z  INFO async_nats::connector: connected successfully server=4222 max_payload=10485760
2026-06-16T20:12:24.248811Z  INFO mq_bench::roles::subscriber: Subscribed to key expression key=topic_2
2026-06-16T20:12:24.248818Z  INFO async_nats: event: connected
2026-06-16T20:12:24.853267Z  INFO mq_bench::roles::subscriber: Starting subscriber engine=Nats key=topic_2 endpoint=None crash_enabled=false
2026-06-16T20:12:24.853318Z  INFO mq_bench::roles::subscriber: Connected via transport engine=Nats
2026-06-16T20:12:24.855495Z  INFO async_nats::connector: connected successfully server=4222 max_payload=10485760
2026-06-16T20:12:24.855574Z  INFO mq_bench::roles::subscriber: Subscribed to key expression key=topic_2
2026-06-16T20:12:24.855581Z  INFO async_nats: event: connected
2026-06-16T20:12:25.460040Z  INFO mq_bench::roles::subscriber: Starting subscriber engine=Nats key=topic_2 endpoint=None crash_enabled=false
2026-06-16T20:12:25.460076Z  INFO mq_bench::roles::subscriber: Connected via transport engine=Nats
2026-06-16T20:12:25.462535Z  INFO async_nats::connector: connected successfully server=4222 max_payload=10485760
2026-06-16T20:12:25.462625Z  INFO mq_bench::roles::subscriber: Subscribed to key expression key=topic_2
2026-06-16T20:12:25.462632Z  INFO async_nats: event: connected
2026-06-16T20:12:26.067061Z  INFO mq_bench::roles::subscriber: Starting subscriber engine=Nats key=topic_2 endpoint=None crash_enabled=false
2026-06-16T20:12:26.067094Z  INFO mq_bench::roles::subscriber: Connected via transport engine=Nats
2026-06-16T20:12:26.069420Z  INFO async_nats::connector: connected successfully server=4222 max_payload=10485760
2026-06-16T20:12:26.069502Z  INFO mq_bench::roles::subscriber: Subscribed to key expression key=topic_2
2026-06-16T20:12:26.069509Z  INFO async_nats: event: connected
2026-06-16T20:12:26.674407Z  INFO mq_bench::roles::subscriber: Starting subscriber engine=Nats key=topic_2 endpoint=None crash_enabled=false
2026-06-16T20:12:26.674442Z  INFO mq_bench::roles::subscriber: Connected via transport engine=Nats
2026-06-16T20:12:26.676857Z  INFO async_nats::connector: connected successfully server=4222 max_payload=10485760
2026-06-16T20:12:26.676945Z  INFO mq_bench::roles::subscriber: Subscribed to key expression key=topic_2
2026-06-16T20:12:26.676951Z  INFO async_nats: event: connected
2026-06-16T20:12:27.280938Z  INFO mq_bench::roles::subscriber: Starting subscriber engine=Nats key=topic_2 endpoint=None crash_enabled=false
2026-06-16T20:12:27.280970Z  INFO mq_bench::roles::subscriber: Connected via transport engine=Nats
2026-06-16T20:12:27.283179Z  INFO async_nats::connector: connected successfully server=4222 max_payload=10485760
2026-06-16T20:12:27.283293Z  INFO async_nats: event: connected
2026-06-16T20:12:27.283294Z  INFO mq_bench::roles::subscriber: Subscribed to key expression key=topic_2
2026-06-16T20:12:27.888257Z  INFO mq_bench::roles::subscriber: Starting subscriber engine=Nats key=topic_2 endpoint=None crash_enabled=false
2026-06-16T20:12:27.888289Z  INFO mq_bench::roles::subscriber: Connected via transport engine=Nats
2026-06-16T20:12:27.890667Z  INFO async_nats::connector: connected successfully server=4222 max_payload=10485760
2026-06-16T20:12:27.890756Z  INFO async_nats: event: connected
2026-06-16T20:12:27.890757Z  INFO mq_bench::roles::subscriber: Subscribed to key expression key=topic_2
2026-06-16T20:12:28.494987Z  INFO mq_bench::roles::subscriber: Starting subscriber engine=Nats key=topic_2 endpoint=None crash_enabled=false
2026-06-16T20:12:28.495020Z  INFO mq_bench::roles::subscriber: Connected via transport engine=Nats
2026-06-16T20:12:28.497324Z  INFO async_nats::connector: connected successfully server=4222 max_payload=10485760
2026-06-16T20:12:28.497403Z  INFO mq_bench::roles::subscriber: Subscribed to key expression key=topic_2
2026-06-16T20:12:28.497409Z  INFO async_nats: event: connected
2026-06-16T20:12:29.102717Z  INFO mq_bench::roles::subscriber: Starting subscriber engine=Nats key=topic_2 endpoint=None crash_enabled=false
2026-06-16T20:12:29.102756Z  INFO mq_bench::roles::subscriber: Connected via transport engine=Nats
2026-06-16T20:12:29.105155Z  INFO async_nats::connector: connected successfully server=4222 max_payload=10485760
2026-06-16T20:12:29.105284Z  INFO async_nats: event: connected
2026-06-16T20:12:29.105288Z  INFO mq_bench::roles::subscriber: Subscribed to key expression key=topic_2
2026-06-16T20:12:29.710260Z  INFO mq_bench::roles::subscriber: Starting subscriber engine=Nats key=topic_2 endpoint=None crash_enabled=false
2026-06-16T20:12:29.710292Z  INFO mq_bench::roles::subscriber: Connected via transport engine=Nats
2026-06-16T20:12:29.712654Z  INFO async_nats::connector: connected successfully server=4222 max_payload=10485760
2026-06-16T20:12:29.712757Z  INFO async_nats: event: connected
2026-06-16T20:12:29.712760Z  INFO mq_bench::roles::subscriber: Subscribed to key expression key=topic_2
2026-06-16T20:12:30.317548Z  INFO mq_bench::roles::subscriber: Starting subscriber engine=Nats key=topic_2 endpoint=None crash_enabled=false
2026-06-16T20:12:30.317584Z  INFO mq_bench::roles::subscriber: Connected via transport engine=Nats
2026-06-16T20:12:30.319968Z  INFO async_nats::connector: connected successfully server=4222 max_payload=10485760
2026-06-16T20:12:30.320055Z  INFO mq_bench::roles::subscriber: Subscribed to key expression key=topic_2
2026-06-16T20:12:30.320064Z  INFO async_nats: event: connected
2026-06-16T20:12:30.924527Z  INFO mq_bench::roles::subscriber: Starting subscriber engine=Nats key=topic_2 endpoint=None crash_enabled=false
2026-06-16T20:12:30.924557Z  INFO mq_bench::roles::subscriber: Connected via transport engine=Nats
2026-06-16T20:12:30.926751Z  INFO async_nats::connector: connected successfully server=4222 max_payload=10485760
2026-06-16T20:12:30.926832Z  INFO mq_bench::roles::subscriber: Subscribed to key expression key=topic_2
2026-06-16T20:12:30.926837Z  INFO async_nats: event: connected
2026-06-16T20:12:31.531347Z  INFO mq_bench::roles::subscriber: Starting subscriber engine=Nats key=topic_2 endpoint=None crash_enabled=false
2026-06-16T20:12:31.531387Z  INFO mq_bench::roles::subscriber: Connected via transport engine=Nats
2026-06-16T20:12:31.533632Z  INFO async_nats::connector: connected successfully server=4222 max_payload=10485760
2026-06-16T20:12:31.533714Z  INFO mq_bench::roles::subscriber: Subscribed to key expression key=topic_2
2026-06-16T20:12:31.533716Z  INFO async_nats: event: connected
2026-06-16T20:12:32.138408Z  INFO mq_bench::roles::subscriber: Starting subscriber engine=Nats key=topic_2 endpoint=None crash_enabled=false
2026-06-16T20:12:32.138452Z  INFO mq_bench::roles::subscriber: Connected via transport engine=Nats
2026-06-16T20:12:32.140715Z  INFO async_nats::connector: connected successfully server=4222 max_payload=10485760
2026-06-16T20:12:32.140791Z  INFO mq_bench::roles::subscriber: Subscribed to key expression key=topic_2
2026-06-16T20:12:32.140798Z  INFO async_nats: event: connected
2026-06-16T20:12:32.745143Z  INFO mq_bench::roles::subscriber: Starting subscriber engine=Nats key=topic_2 endpoint=None crash_enabled=false
2026-06-16T20:12:32.745184Z  INFO mq_bench::roles::subscriber: Connected via transport engine=Nats
2026-06-16T20:12:32.747482Z  INFO async_nats::connector: connected successfully server=4222 max_payload=10485760
2026-06-16T20:12:32.747566Z  INFO mq_bench::roles::subscriber: Subscribed to key expression key=topic_2
2026-06-16T20:12:32.747568Z  INFO async_nats: event: connected
2026-06-16T20:12:33.352688Z  INFO mq_bench::roles::subscriber: Starting subscriber engine=Nats key=topic_2 endpoint=None crash_enabled=false
2026-06-16T20:12:33.352726Z  INFO mq_bench::roles::subscriber: Connected via transport engine=Nats
2026-06-16T20:12:33.354891Z  INFO async_nats::connector: connected successfully server=4222 max_payload=10485760
2026-06-16T20:12:33.354979Z  INFO mq_bench::roles::subscriber: Subscribed to key expression key=topic_2
2026-06-16T20:12:33.354987Z  INFO async_nats: event: connected
2026-06-16T20:12:33.960374Z  INFO mq_bench::roles::subscriber: Starting subscriber engine=Nats key=topic_2 endpoint=None crash_enabled=false
2026-06-16T20:12:33.960402Z  INFO mq_bench::roles::subscriber: Connected via transport engine=Nats
2026-06-16T20:12:33.962615Z  INFO async_nats::connector: connected successfully server=4222 max_payload=10485760
2026-06-16T20:12:33.962689Z  INFO mq_bench::roles::subscriber: Subscribed to key expression key=topic_2
2026-06-16T20:12:33.962695Z  INFO async_nats: event: connected
2026-06-16T20:12:34.567569Z  INFO mq_bench::roles::subscriber: Starting subscriber engine=Nats key=topic_2 endpoint=None crash_enabled=false
2026-06-16T20:12:34.567607Z  INFO mq_bench::roles::subscriber: Connected via transport engine=Nats
2026-06-16T20:12:34.569849Z  INFO async_nats::connector: connected successfully server=4222 max_payload=10485760
2026-06-16T20:12:34.569923Z  INFO mq_bench::roles::subscriber: Subscribed to key expression key=topic_2
2026-06-16T20:12:34.569927Z  INFO async_nats: event: connected
2026-06-16T20:12:35.174118Z  INFO mq_bench::roles::subscriber: Starting subscriber engine=Nats key=topic_2 endpoint=None crash_enabled=false
2026-06-16T20:12:35.174165Z  INFO mq_bench::roles::subscriber: Connected via transport engine=Nats
2026-06-16T20:12:35.176355Z  INFO async_nats::connector: connected successfully server=4222 max_payload=10485760
2026-06-16T20:12:35.176435Z  INFO mq_bench::roles::subscriber: Subscribed to key expression key=topic_2
2026-06-16T20:12:35.176443Z  INFO async_nats: event: connected
2026-06-16T20:12:35.781534Z  INFO mq_bench::roles::subscriber: Starting subscriber engine=Nats key=topic_2 endpoint=None crash_enabled=false
2026-06-16T20:12:35.781577Z  INFO mq_bench::roles::subscriber: Connected via transport engine=Nats
2026-06-16T20:12:35.783816Z  INFO async_nats::connector: connected successfully server=4222 max_payload=10485760
2026-06-16T20:12:35.783905Z  INFO mq_bench::roles::subscriber: Subscribed to key expression key=topic_2
2026-06-16T20:12:35.783906Z  INFO async_nats: event: connected
2026-06-16T20:12:36.388584Z  INFO mq_bench::roles::subscriber: Starting subscriber engine=Nats key=topic_2 endpoint=None crash_enabled=false
2026-06-16T20:12:36.388622Z  INFO mq_bench::roles::subscriber: Connected via transport engine=Nats
2026-06-16T20:12:36.390827Z  INFO async_nats::connector: connected successfully server=4222 max_payload=10485760
2026-06-16T20:12:36.390909Z  INFO async_nats: event: connected
2026-06-16T20:12:36.390916Z  INFO mq_bench::roles::subscriber: Subscribed to key expression key=topic_2
2026-06-16T20:12:36.995732Z  INFO mq_bench::roles::subscriber: Starting subscriber engine=Nats key=topic_2 endpoint=None crash_enabled=false
2026-06-16T20:12:36.995765Z  INFO mq_bench::roles::subscriber: Connected via transport engine=Nats
2026-06-16T20:12:36.997878Z  INFO async_nats::connector: connected successfully server=4222 max_payload=10485760
2026-06-16T20:12:36.997959Z  INFO mq_bench::roles::subscriber: Subscribed to key expression key=topic_2
2026-06-16T20:12:36.997966Z  INFO async_nats: event: connected
2026-06-16T20:12:37.603191Z  INFO mq_bench::roles::subscriber: Starting subscriber engine=Nats key=topic_2 endpoint=None crash_enabled=false
2026-06-16T20:12:37.603238Z  INFO mq_bench::roles::subscriber: Connected via transport engine=Nats
2026-06-16T20:12:37.605588Z  INFO async_nats::connector: connected successfully server=4222 max_payload=10485760
2026-06-16T20:12:37.605666Z  INFO mq_bench::roles::subscriber: Subscribed to key expression key=topic_2
2026-06-16T20:12:37.605672Z  INFO async_nats: event: connected
2026-06-16T20:12:38.209900Z  INFO mq_bench::roles::subscriber: Starting subscriber engine=Nats key=topic_2 endpoint=None crash_enabled=false
2026-06-16T20:12:38.209931Z  INFO mq_bench::roles::subscriber: Connected via transport engine=Nats
2026-06-16T20:12:38.212305Z  INFO async_nats::connector: connected successfully server=4222 max_payload=10485760
2026-06-16T20:12:38.212392Z  INFO mq_bench::roles::subscriber: Subscribed to key expression key=topic_2
2026-06-16T20:12:38.212399Z  INFO async_nats: event: connected
2026-06-16T20:12:38.817026Z  INFO mq_bench::roles::subscriber: Starting subscriber engine=Nats key=topic_2 endpoint=None crash_enabled=false
2026-06-16T20:12:38.817064Z  INFO mq_bench::roles::subscriber: Connected via transport engine=Nats
2026-06-16T20:12:38.819187Z  INFO async_nats::connector: connected successfully server=4222 max_payload=10485760
2026-06-16T20:12:38.819290Z  INFO mq_bench::roles::subscriber: Subscribed to key expression key=topic_2
2026-06-16T20:12:38.819297Z  INFO async_nats: event: connected
2026-06-16T20:12:39.424224Z  INFO mq_bench::roles::subscriber: Starting subscriber engine=Nats key=topic_2 endpoint=None crash_enabled=false
2026-06-16T20:12:39.424261Z  INFO mq_bench::roles::subscriber: Connected via transport engine=Nats
2026-06-16T20:12:39.426664Z  INFO async_nats::connector: connected successfully server=4222 max_payload=10485760
2026-06-16T20:12:39.426734Z  INFO mq_bench::roles::subscriber: Subscribed to key expression key=topic_2
2026-06-16T20:12:39.426740Z  INFO async_nats: event: connected
2026-06-16T20:12:40.030880Z  INFO mq_bench::roles::subscriber: Starting subscriber engine=Nats key=topic_2 endpoint=None crash_enabled=false
2026-06-16T20:12:40.030912Z  INFO mq_bench::roles::subscriber: Connected via transport engine=Nats
2026-06-16T20:12:40.033135Z  INFO async_nats::connector: connected successfully server=4222 max_payload=10485760
2026-06-16T20:12:40.033217Z  INFO mq_bench::roles::subscriber: Subscribed to key expression key=topic_2
2026-06-16T20:12:40.033218Z  INFO async_nats: event: connected
2026-06-16T20:12:40.638229Z  INFO mq_bench::roles::subscriber: Starting subscriber engine=Nats key=topic_2 endpoint=None crash_enabled=false
2026-06-16T20:12:40.638266Z  INFO mq_bench::roles::subscriber: Connected via transport engine=Nats
2026-06-16T20:12:40.640487Z  INFO async_nats::connector: connected successfully server=4222 max_payload=10485760
2026-06-16T20:12:40.640575Z  INFO mq_bench::roles::subscriber: Subscribed to key expression key=topic_2
2026-06-16T20:12:40.640580Z  INFO async_nats: event: connected
2026-06-16T20:12:41.245609Z  INFO mq_bench::roles::subscriber: Starting subscriber engine=Nats key=topic_2 endpoint=None crash_enabled=false
2026-06-16T20:12:41.245647Z  INFO mq_bench::roles::subscriber: Connected via transport engine=Nats
2026-06-16T20:12:41.248531Z  INFO async_nats::connector: connected successfully server=4222 max_payload=10485760
2026-06-16T20:12:41.248600Z  INFO mq_bench::roles::subscriber: Subscribed to key expression key=topic_2
2026-06-16T20:12:41.248604Z  INFO async_nats: event: connected
2026-06-16T20:12:41.851906Z  INFO mq_bench::roles::subscriber: Starting subscriber engine=Nats key=topic_2 endpoint=None crash_enabled=false
2026-06-16T20:12:41.851941Z  INFO mq_bench::roles::subscriber: Connected via transport engine=Nats
2026-06-16T20:12:41.854098Z  INFO async_nats::connector: connected successfully server=4222 max_payload=10485760
2026-06-16T20:12:41.854187Z  INFO mq_bench::roles::subscriber: Subscribed to key expression key=topic_2
2026-06-16T20:12:41.854190Z  INFO async_nats: event: connected
2026-06-16T20:12:42.459741Z  INFO mq_bench::roles::subscriber: Starting subscriber engine=Nats key=topic_2 endpoint=None crash_enabled=false
2026-06-16T20:12:42.459786Z  INFO mq_bench::roles::subscriber: Connected via transport engine=Nats
2026-06-16T20:12:42.461992Z  INFO async_nats::connector: connected successfully server=4222 max_payload=10485760
2026-06-16T20:12:42.462090Z  INFO async_nats: event: connected
2026-06-16T20:12:42.462093Z  INFO mq_bench::roles::subscriber: Subscribed to key expression key=topic_2
2026-06-16T20:12:43.067411Z  INFO mq_bench::roles::subscriber: Starting subscriber engine=Nats key=topic_2 endpoint=None crash_enabled=false
2026-06-16T20:12:43.067445Z  INFO mq_bench::roles::subscriber: Connected via transport engine=Nats
2026-06-16T20:12:43.069673Z  INFO async_nats::connector: connected successfully server=4222 max_payload=10485760
2026-06-16T20:12:43.069767Z  INFO async_nats: event: connected
2026-06-16T20:12:43.069769Z  INFO mq_bench::roles::subscriber: Subscribed to key expression key=topic_2
2026-06-16T20:12:43.674086Z  INFO mq_bench::roles::subscriber: Starting subscriber engine=Nats key=topic_2 endpoint=None crash_enabled=false
2026-06-16T20:12:43.674124Z  INFO mq_bench::roles::subscriber: Connected via transport engine=Nats
2026-06-16T20:12:43.676261Z  INFO async_nats::connector: connected successfully server=4222 max_payload=10485760
2026-06-16T20:12:43.676350Z  INFO mq_bench::roles::subscriber: Subscribed to key expression key=topic_2
2026-06-16T20:12:43.676359Z  INFO async_nats: event: connected
2026-06-16T20:12:44.281579Z  INFO mq_bench::roles::subscriber: Starting subscriber engine=Nats key=topic_2 endpoint=None crash_enabled=false
2026-06-16T20:12:44.281612Z  INFO mq_bench::roles::subscriber: Connected via transport engine=Nats
2026-06-16T20:12:44.283964Z  INFO async_nats::connector: connected successfully server=4222 max_payload=10485760
2026-06-16T20:12:44.284065Z  INFO async_nats: event: connected
2026-06-16T20:12:44.284067Z  INFO mq_bench::roles::subscriber: Subscribed to key expression key=topic_2
2026-06-16T20:12:44.888559Z  INFO mq_bench::roles::subscriber: Starting subscriber engine=Nats key=topic_2 endpoint=None crash_enabled=false
2026-06-16T20:12:44.888596Z  INFO mq_bench::roles::subscriber: Connected via transport engine=Nats
2026-06-16T20:12:44.891055Z  INFO async_nats::connector: connected successfully server=4222 max_payload=10485760
2026-06-16T20:12:44.891125Z  INFO mq_bench::roles::subscriber: Subscribed to key expression key=topic_2
2026-06-16T20:12:44.891134Z  INFO async_nats: event: connected
2026-06-16T20:12:45.494838Z  INFO mq_bench::roles::subscriber: Starting subscriber engine=Nats key=topic_2 endpoint=None crash_enabled=false
2026-06-16T20:12:45.494871Z  INFO mq_bench::roles::subscriber: Connected via transport engine=Nats
2026-06-16T20:12:45.497058Z  INFO async_nats::connector: connected successfully server=4222 max_payload=10485760
2026-06-16T20:12:45.497142Z  INFO mq_bench::roles::subscriber: Subscribed to key expression key=topic_2
2026-06-16T20:12:45.497149Z  INFO async_nats: event: connected
2026-06-16T20:12:46.102279Z  INFO mq_bench::roles::subscriber: Starting subscriber engine=Nats key=topic_2 endpoint=None crash_enabled=false
2026-06-16T20:12:46.102310Z  INFO mq_bench::roles::subscriber: Connected via transport engine=Nats
2026-06-16T20:12:46.104560Z  INFO async_nats::connector: connected successfully server=4222 max_payload=10485760
2026-06-16T20:12:46.104637Z  INFO mq_bench::roles::subscriber: Subscribed to key expression key=topic_2
2026-06-16T20:12:46.104643Z  INFO async_nats: event: connected
2026-06-16T20:12:46.709052Z  INFO mq_bench::roles::subscriber: Starting subscriber engine=Nats key=topic_2 endpoint=None crash_enabled=false
2026-06-16T20:12:46.709094Z  INFO mq_bench::roles::subscriber: Connected via transport engine=Nats
2026-06-16T20:12:46.711302Z  INFO async_nats::connector: connected successfully server=4222 max_payload=10485760
2026-06-16T20:12:46.711379Z  INFO mq_bench::roles::subscriber: Subscribed to key expression key=topic_2
2026-06-16T20:12:46.711385Z  INFO async_nats: event: connected
2026-06-16T20:12:47.316708Z  INFO mq_bench::roles::subscriber: Starting subscriber engine=Nats key=topic_2 endpoint=None crash_enabled=false
2026-06-16T20:12:47.316742Z  INFO mq_bench::roles::subscriber: Connected via transport engine=Nats
2026-06-16T20:12:47.318981Z  INFO async_nats::connector: connected successfully server=4222 max_payload=10485760
2026-06-16T20:12:47.319059Z  INFO mq_bench::roles::subscriber: Subscribed to key expression key=topic_2
2026-06-16T20:12:47.319067Z  INFO async_nats: event: connected
2026-06-16T20:12:47.923862Z  INFO mq_bench::roles::subscriber: Starting subscriber engine=Nats key=topic_2 endpoint=None crash_enabled=false
2026-06-16T20:12:47.923905Z  INFO mq_bench::roles::subscriber: Connected via transport engine=Nats
2026-06-16T20:12:47.926112Z  INFO async_nats::connector: connected successfully server=4222 max_payload=10485760
2026-06-16T20:12:47.926193Z  INFO mq_bench::roles::subscriber: Subscribed to key expression key=topic_2
2026-06-16T20:12:47.926227Z  INFO async_nats: event: connected
2026-06-16T20:12:48.531369Z  INFO mq_bench::roles::subscriber: Starting subscriber engine=Nats key=topic_2 endpoint=None crash_enabled=false
2026-06-16T20:12:48.531429Z  INFO mq_bench::roles::subscriber: Connected via transport engine=Nats
2026-06-16T20:12:48.533736Z  INFO async_nats::connector: connected successfully server=4222 max_payload=10485760
2026-06-16T20:12:48.533827Z  INFO mq_bench::roles::subscriber: Subscribed to key expression key=topic_2
2026-06-16T20:12:48.533828Z  INFO async_nats: event: connected
2026-06-16T20:12:49.138287Z  INFO mq_bench::roles::subscriber: Starting subscriber engine=Nats key=topic_2 endpoint=None crash_enabled=false
2026-06-16T20:12:49.138321Z  INFO mq_bench::roles::subscriber: Connected via transport engine=Nats
2026-06-16T20:12:49.140621Z  INFO async_nats::connector: connected successfully server=4222 max_payload=10485760
2026-06-16T20:12:49.140714Z  INFO async_nats: event: connected
2026-06-16T20:12:49.140715Z  INFO mq_bench::roles::subscriber: Subscribed to key expression key=topic_2
2026-06-16T20:12:49.745489Z  INFO mq_bench::roles::subscriber: Starting subscriber engine=Nats key=topic_2 endpoint=None crash_enabled=false
2026-06-16T20:12:49.745530Z  INFO mq_bench::roles::subscriber: Connected via transport engine=Nats
2026-06-16T20:12:49.747865Z  INFO async_nats::connector: connected successfully server=4222 max_payload=10485760
2026-06-16T20:12:49.747948Z  INFO mq_bench::roles::subscriber: Subscribed to key expression key=topic_2
2026-06-16T20:12:49.747954Z  INFO async_nats: event: connected
2026-06-16T20:12:50.351904Z  INFO mq_bench::roles::subscriber: Starting subscriber engine=Nats key=topic_2 endpoint=None crash_enabled=false
2026-06-16T20:12:50.351939Z  INFO mq_bench::roles::subscriber: Connected via transport engine=Nats
2026-06-16T20:12:50.354266Z  INFO async_nats::connector: connected successfully server=4222 max_payload=10485760
2026-06-16T20:12:50.354343Z  INFO mq_bench::roles::subscriber: Subscribed to key expression key=topic_2
2026-06-16T20:12:50.354347Z  INFO async_nats: event: connected
2026-06-16T20:12:50.959678Z  INFO mq_bench::roles::subscriber: Starting subscriber engine=Nats key=topic_2 endpoint=None crash_enabled=false
2026-06-16T20:12:50.959709Z  INFO mq_bench::roles::subscriber: Connected via transport engine=Nats
2026-06-16T20:12:50.961831Z  INFO async_nats::connector: connected successfully server=4222 max_payload=10485760
2026-06-16T20:12:50.961924Z  INFO mq_bench::roles::subscriber: Subscribed to key expression key=topic_2
2026-06-16T20:12:50.961929Z  INFO async_nats: event: connected
2026-06-16T20:12:51.567264Z  INFO mq_bench::roles::subscriber: Starting subscriber engine=Nats key=topic_2 endpoint=None crash_enabled=false
2026-06-16T20:12:51.567304Z  INFO mq_bench::roles::subscriber: Connected via transport engine=Nats
2026-06-16T20:12:51.569632Z  INFO async_nats::connector: connected successfully server=4222 max_payload=10485760
2026-06-16T20:12:51.569705Z  INFO mq_bench::roles::subscriber: Subscribed to key expression key=topic_2
2026-06-16T20:12:51.569710Z  INFO async_nats: event: connected
2026-06-16T20:12:52.174493Z  INFO mq_bench::roles::subscriber: Starting subscriber engine=Nats key=topic_2 endpoint=None crash_enabled=false
2026-06-16T20:12:52.174532Z  INFO mq_bench::roles::subscriber: Connected via transport engine=Nats
2026-06-16T20:12:52.177067Z  INFO async_nats::connector: connected successfully server=4222 max_payload=10485760
2026-06-16T20:12:52.177159Z  INFO async_nats: event: connected
2026-06-16T20:12:52.177173Z  INFO mq_bench::roles::subscriber: Subscribed to key expression key=topic_2
2026-06-16T20:12:52.781483Z  INFO mq_bench::roles::subscriber: Starting subscriber engine=Nats key=topic_2 endpoint=None crash_enabled=false
2026-06-16T20:12:52.781522Z  INFO mq_bench::roles::subscriber: Connected via transport engine=Nats
2026-06-16T20:12:52.783750Z  INFO async_nats::connector: connected successfully server=4222 max_payload=10485760
2026-06-16T20:12:52.783823Z  INFO mq_bench::roles::subscriber: Subscribed to key expression key=topic_2
2026-06-16T20:12:52.783829Z  INFO async_nats: event: connected
2026-06-16T20:12:53.387867Z  INFO mq_bench::roles::subscriber: Starting subscriber engine=Nats key=topic_2 endpoint=None crash_enabled=false
2026-06-16T20:12:53.387919Z  INFO mq_bench::roles::subscriber: Connected via transport engine=Nats
2026-06-16T20:12:53.390365Z  INFO async_nats::connector: connected successfully server=4222 max_payload=10485760
2026-06-16T20:12:53.390455Z  INFO async_nats: event: connected
2026-06-16T20:12:53.390463Z  INFO mq_bench::roles::subscriber: Subscribed to key expression key=topic_2
2026-06-16T20:12:53.995769Z  INFO mq_bench::roles::subscriber: Starting subscriber engine=Nats key=topic_2 endpoint=None crash_enabled=false
2026-06-16T20:12:53.995804Z  INFO mq_bench::roles::subscriber: Connected via transport engine=Nats
2026-06-16T20:12:53.997936Z  INFO async_nats::connector: connected successfully server=4222 max_payload=10485760
2026-06-16T20:12:53.998019Z  INFO async_nats: event: connected
2026-06-16T20:12:53.998021Z  INFO mq_bench::roles::subscriber: Subscribed to key expression key=topic_2
2026-06-16T20:12:54.603686Z  INFO mq_bench::roles::subscriber: Starting subscriber engine=Nats key=topic_2 endpoint=None crash_enabled=false
2026-06-16T20:12:54.603722Z  INFO mq_bench::roles::subscriber: Connected via transport engine=Nats
2026-06-16T20:12:54.605908Z  INFO async_nats::connector: connected successfully server=4222 max_payload=10485760
2026-06-16T20:12:54.605989Z  INFO mq_bench::roles::subscriber: Subscribed to key expression key=topic_2
2026-06-16T20:12:54.605994Z  INFO async_nats: event: connected
2026-06-16T20:12:55.211619Z  INFO mq_bench::roles::subscriber: Starting subscriber engine=Nats key=topic_2 endpoint=None crash_enabled=false
2026-06-16T20:12:55.211657Z  INFO mq_bench::roles::subscriber: Connected via transport engine=Nats
2026-06-16T20:12:55.213997Z  INFO async_nats::connector: connected successfully server=4222 max_payload=10485760
2026-06-16T20:12:55.214083Z  INFO mq_bench::roles::subscriber: Subscribed to key expression key=topic_2
2026-06-16T20:12:55.214088Z  INFO async_nats: event: connected
2026-06-16T20:12:55.817971Z  INFO mq_bench::roles::subscriber: Starting subscriber engine=Nats key=topic_2 endpoint=None crash_enabled=false
2026-06-16T20:12:55.818006Z  INFO mq_bench::roles::subscriber: Connected via transport engine=Nats
2026-06-16T20:12:55.820173Z  INFO async_nats::connector: connected successfully server=4222 max_payload=10485760
2026-06-16T20:12:55.820267Z  INFO mq_bench::roles::subscriber: Subscribed to key expression key=topic_2
2026-06-16T20:12:55.820274Z  INFO async_nats: event: connected
2026-06-16T20:12:56.425611Z  INFO mq_bench::roles::subscriber: Starting subscriber engine=Nats key=topic_2 endpoint=None crash_enabled=false
2026-06-16T20:12:56.425651Z  INFO mq_bench::roles::subscriber: Connected via transport engine=Nats
2026-06-16T20:12:56.428302Z  INFO async_nats::connector: connected successfully server=4222 max_payload=10485760
2026-06-16T20:12:56.428376Z  INFO mq_bench::roles::subscriber: Subscribed to key expression key=topic_2
2026-06-16T20:12:56.428381Z  INFO async_nats: event: connected
