mq-bench starting with run_id: auto
Writing CSV output to: artifacts/fanout_bursty_20260616_201156_nats_p64_s1000_u10_bursty/fanout_singlesite/sub_0.csv
2026-06-16T20:11:56.304837Z  INFO mq_bench::roles::subscriber: Starting subscriber engine=Nats key=topic_0 endpoint=None crash_enabled=false
2026-06-16T20:11:56.304902Z  INFO mq_bench::roles::subscriber: Connected via transport engine=Nats
2026-06-16T20:11:56.308320Z  INFO async_nats::connector: connected successfully server=4222 max_payload=10485760
2026-06-16T20:11:56.308376Z  INFO mq_bench::roles::subscriber: Subscribed to key expression key=topic_0
2026-06-16T20:11:56.308376Z  INFO async_nats: event: connected
2026-06-16T20:11:56.912179Z  INFO mq_bench::roles::subscriber: Starting subscriber engine=Nats key=topic_0 endpoint=None crash_enabled=false
2026-06-16T20:11:56.912409Z  INFO mq_bench::roles::subscriber: Connected via transport engine=Nats
2026-06-16T20:11:56.915481Z  INFO async_nats::connector: connected successfully server=4222 max_payload=10485760
2026-06-16T20:11:56.915578Z  INFO mq_bench::roles::subscriber: Subscribed to key expression key=topic_0
2026-06-16T20:11:56.915582Z  INFO async_nats: event: connected
2026-06-16T20:11:57.519282Z  INFO mq_bench::roles::subscriber: Starting subscriber engine=Nats key=topic_0 endpoint=None crash_enabled=false
2026-06-16T20:11:57.519333Z  INFO mq_bench::roles::subscriber: Connected via transport engine=Nats
2026-06-16T20:11:57.521987Z  INFO async_nats::connector: connected successfully server=4222 max_payload=10485760
2026-06-16T20:11:57.522102Z  INFO async_nats: event: connected
2026-06-16T20:11:57.522103Z  INFO mq_bench::roles::subscriber: Subscribed to key expression key=topic_0
2026-06-16T20:11:58.125982Z  INFO mq_bench::roles::subscriber: Starting subscriber engine=Nats key=topic_0 endpoint=None crash_enabled=false
2026-06-16T20:11:58.126046Z  INFO mq_bench::roles::subscriber: Connected via transport engine=Nats
2026-06-16T20:11:58.129049Z  INFO async_nats::connector: connected successfully server=4222 max_payload=10485760
2026-06-16T20:11:58.129161Z  INFO mq_bench::roles::subscriber: Subscribed to key expression key=topic_0
2026-06-16T20:11:58.129162Z  INFO async_nats: event: connected
2026-06-16T20:11:58.732956Z  INFO mq_bench::roles::subscriber: Starting subscriber engine=Nats key=topic_0 endpoint=None crash_enabled=false
2026-06-16T20:11:58.733001Z  INFO mq_bench::roles::subscriber: Connected via transport engine=Nats
2026-06-16T20:11:58.735776Z  INFO async_nats::connector: connected successfully server=4222 max_payload=10485760
2026-06-16T20:11:58.735869Z  INFO async_nats: event: connected
2026-06-16T20:11:58.735871Z  INFO mq_bench::roles::subscriber: Subscribed to key expression key=topic_0
2026-06-16T20:11:59.340725Z  INFO mq_bench::roles::subscriber: Starting subscriber engine=Nats key=topic_0 endpoint=None crash_enabled=false
2026-06-16T20:11:59.340781Z  INFO mq_bench::roles::subscriber: Connected via transport engine=Nats
2026-06-16T20:11:59.343378Z  INFO async_nats::connector: connected successfully server=4222 max_payload=10485760
2026-06-16T20:11:59.343466Z  INFO mq_bench::roles::subscriber: Subscribed to key expression key=topic_0
2026-06-16T20:11:59.343472Z  INFO async_nats: event: connected
2026-06-16T20:11:59.948354Z  INFO mq_bench::roles::subscriber: Starting subscriber engine=Nats key=topic_0 endpoint=None crash_enabled=false
2026-06-16T20:11:59.948404Z  INFO mq_bench::roles::subscriber: Connected via transport engine=Nats
2026-06-16T20:11:59.950996Z  INFO async_nats::connector: connected successfully server=4222 max_payload=10485760
2026-06-16T20:11:59.951097Z  INFO async_nats: event: connected
2026-06-16T20:11:59.951097Z  INFO mq_bench::roles::subscriber: Subscribed to key expression key=topic_0
2026-06-16T20:12:00.554975Z  INFO mq_bench::roles::subscriber: Starting subscriber engine=Nats key=topic_0 endpoint=None crash_enabled=false
2026-06-16T20:12:00.555019Z  INFO mq_bench::roles::subscriber: Connected via transport engine=Nats
2026-06-16T20:12:00.557502Z  INFO async_nats::connector: connected successfully server=4222 max_payload=10485760
2026-06-16T20:12:00.557626Z  INFO mq_bench::roles::subscriber: Subscribed to key expression key=topic_0
2026-06-16T20:12:00.557627Z  INFO async_nats: event: connected
2026-06-16T20:12:01.161958Z  INFO mq_bench::roles::subscriber: Starting subscriber engine=Nats key=topic_0 endpoint=None crash_enabled=false
2026-06-16T20:12:01.162002Z  INFO mq_bench::roles::subscriber: Connected via transport engine=Nats
2026-06-16T20:12:01.165028Z  INFO async_nats::connector: connected successfully server=4222 max_payload=10485760
2026-06-16T20:12:01.165113Z  INFO mq_bench::roles::subscriber: Subscribed to key expression key=topic_0
2026-06-16T20:12:01.165117Z  INFO async_nats: event: connected
2026-06-16T20:12:01.769034Z  INFO mq_bench::roles::subscriber: Starting subscriber engine=Nats key=topic_0 endpoint=None crash_enabled=false
2026-06-16T20:12:01.769078Z  INFO mq_bench::roles::subscriber: Connected via transport engine=Nats
2026-06-16T20:12:01.771419Z  INFO async_nats::connector: connected successfully server=4222 max_payload=10485760
2026-06-16T20:12:01.771506Z  INFO mq_bench::roles::subscriber: Subscribed to key expression key=topic_0
2026-06-16T20:12:01.771509Z  INFO async_nats: event: connected
2026-06-16T20:12:02.375846Z  INFO mq_bench::roles::subscriber: Starting subscriber engine=Nats key=topic_0 endpoint=None crash_enabled=false
2026-06-16T20:12:02.375884Z  INFO mq_bench::roles::subscriber: Connected via transport engine=Nats
2026-06-16T20:12:02.378384Z  INFO async_nats::connector: connected successfully server=4222 max_payload=10485760
2026-06-16T20:12:02.378480Z  INFO async_nats: event: connected
2026-06-16T20:12:02.378485Z  INFO mq_bench::roles::subscriber: Subscribed to key expression key=topic_0
2026-06-16T20:12:02.983021Z  INFO mq_bench::roles::subscriber: Starting subscriber engine=Nats key=topic_0 endpoint=None crash_enabled=false
2026-06-16T20:12:02.983058Z  INFO mq_bench::roles::subscriber: Connected via transport engine=Nats
2026-06-16T20:12:02.985574Z  INFO async_nats::connector: connected successfully server=4222 max_payload=10485760
2026-06-16T20:12:02.985678Z  INFO mq_bench::roles::subscriber: Subscribed to key expression key=topic_0
2026-06-16T20:12:02.985680Z  INFO async_nats: event: connected
2026-06-16T20:12:03.590054Z  INFO mq_bench::roles::subscriber: Starting subscriber engine=Nats key=topic_0 endpoint=None crash_enabled=false
2026-06-16T20:12:03.590099Z  INFO mq_bench::roles::subscriber: Connected via transport engine=Nats
2026-06-16T20:12:03.592711Z  INFO async_nats::connector: connected successfully server=4222 max_payload=10485760
2026-06-16T20:12:03.592791Z  INFO mq_bench::roles::subscriber: Subscribed to key expression key=topic_0
2026-06-16T20:12:03.592796Z  INFO async_nats: event: connected
2026-06-16T20:12:04.196865Z  INFO mq_bench::roles::subscriber: Starting subscriber engine=Nats key=topic_0 endpoint=None crash_enabled=false
2026-06-16T20:12:04.196902Z  INFO mq_bench::roles::subscriber: Connected via transport engine=Nats
2026-06-16T20:12:04.199380Z  INFO async_nats::connector: connected successfully server=4222 max_payload=10485760
2026-06-16T20:12:04.199477Z  INFO mq_bench::roles::subscriber: Subscribed to key expression key=topic_0
2026-06-16T20:12:04.199481Z  INFO async_nats: event: connected
2026-06-16T20:12:04.803972Z  INFO mq_bench::roles::subscriber: Starting subscriber engine=Nats key=topic_0 endpoint=None crash_enabled=false
2026-06-16T20:12:04.804013Z  INFO mq_bench::roles::subscriber: Connected via transport engine=Nats
2026-06-16T20:12:04.806394Z  INFO async_nats::connector: connected successfully server=4222 max_payload=10485760
2026-06-16T20:12:04.806492Z  INFO mq_bench::roles::subscriber: Subscribed to key expression key=topic_0
2026-06-16T20:12:04.806492Z  INFO async_nats: event: connected
2026-06-16T20:12:05.411242Z  INFO mq_bench::roles::subscriber: Starting subscriber engine=Nats key=topic_0 endpoint=None crash_enabled=false
2026-06-16T20:12:05.411287Z  INFO mq_bench::roles::subscriber: Connected via transport engine=Nats
2026-06-16T20:12:05.413781Z  INFO async_nats::connector: connected successfully server=4222 max_payload=10485760
2026-06-16T20:12:05.413866Z  INFO mq_bench::roles::subscriber: Subscribed to key expression key=topic_0
2026-06-16T20:12:05.413874Z  INFO async_nats: event: connected
2026-06-16T20:12:06.018717Z  INFO mq_bench::roles::subscriber: Starting subscriber engine=Nats key=topic_0 endpoint=None crash_enabled=false
2026-06-16T20:12:06.018755Z  INFO mq_bench::roles::subscriber: Connected via transport engine=Nats
2026-06-16T20:12:06.021295Z  INFO async_nats::connector: connected successfully server=4222 max_payload=10485760
2026-06-16T20:12:06.021404Z  INFO async_nats: event: connected
2026-06-16T20:12:06.021405Z  INFO mq_bench::roles::subscriber: Subscribed to key expression key=topic_0
2026-06-16T20:12:06.626400Z  INFO mq_bench::roles::subscriber: Starting subscriber engine=Nats key=topic_0 endpoint=None crash_enabled=false
2026-06-16T20:12:06.626440Z  INFO mq_bench::roles::subscriber: Connected via transport engine=Nats
2026-06-16T20:12:06.628795Z  INFO async_nats::connector: connected successfully server=4222 max_payload=10485760
2026-06-16T20:12:06.628907Z  INFO async_nats: event: connected
2026-06-16T20:12:06.628908Z  INFO mq_bench::roles::subscriber: Subscribed to key expression key=topic_0
2026-06-16T20:12:07.233622Z  INFO mq_bench::roles::subscriber: Starting subscriber engine=Nats key=topic_0 endpoint=None crash_enabled=false
2026-06-16T20:12:07.233659Z  INFO mq_bench::roles::subscriber: Connected via transport engine=Nats
2026-06-16T20:12:07.236195Z  INFO async_nats::connector: connected successfully server=4222 max_payload=10485760
2026-06-16T20:12:07.236324Z  INFO mq_bench::roles::subscriber: Subscribed to key expression key=topic_0
2026-06-16T20:12:07.236326Z  INFO async_nats: event: connected
2026-06-16T20:12:07.840271Z  INFO mq_bench::roles::subscriber: Starting subscriber engine=Nats key=topic_0 endpoint=None crash_enabled=false
2026-06-16T20:12:07.840309Z  INFO mq_bench::roles::subscriber: Connected via transport engine=Nats
2026-06-16T20:12:07.842916Z  INFO async_nats::connector: connected successfully server=4222 max_payload=10485760
2026-06-16T20:12:07.843010Z  INFO async_nats: event: connected
2026-06-16T20:12:07.843014Z  INFO mq_bench::roles::subscriber: Subscribed to key expression key=topic_0
2026-06-16T20:12:08.447021Z  INFO mq_bench::roles::subscriber: Starting subscriber engine=Nats key=topic_0 endpoint=None crash_enabled=false
2026-06-16T20:12:08.447057Z  INFO mq_bench::roles::subscriber: Connected via transport engine=Nats
2026-06-16T20:12:08.449474Z  INFO async_nats::connector: connected successfully server=4222 max_payload=10485760
2026-06-16T20:12:08.449564Z  INFO async_nats: event: connected
2026-06-16T20:12:08.449571Z  INFO mq_bench::roles::subscriber: Subscribed to key expression key=topic_0
2026-06-16T20:12:09.054188Z  INFO mq_bench::roles::subscriber: Starting subscriber engine=Nats key=topic_0 endpoint=None crash_enabled=false
2026-06-16T20:12:09.054237Z  INFO mq_bench::roles::subscriber: Connected via transport engine=Nats
2026-06-16T20:12:09.056646Z  INFO async_nats::connector: connected successfully server=4222 max_payload=10485760
2026-06-16T20:12:09.056731Z  INFO mq_bench::roles::subscriber: Subscribed to key expression key=topic_0
2026-06-16T20:12:09.056738Z  INFO async_nats: event: connected
2026-06-16T20:12:09.661070Z  INFO mq_bench::roles::subscriber: Starting subscriber engine=Nats key=topic_0 endpoint=None crash_enabled=false
2026-06-16T20:12:09.661103Z  INFO mq_bench::roles::subscriber: Connected via transport engine=Nats
2026-06-16T20:12:09.663383Z  INFO async_nats::connector: connected successfully server=4222 max_payload=10485760
2026-06-16T20:12:09.663474Z  INFO async_nats: event: connected
2026-06-16T20:12:09.663475Z  INFO mq_bench::roles::subscriber: Subscribed to key expression key=topic_0
2026-06-16T20:12:10.268272Z  INFO mq_bench::roles::subscriber: Starting subscriber engine=Nats key=topic_0 endpoint=None crash_enabled=false
2026-06-16T20:12:10.268316Z  INFO mq_bench::roles::subscriber: Connected via transport engine=Nats
2026-06-16T20:12:10.272419Z  INFO async_nats::connector: connected successfully server=4222 max_payload=10485760
2026-06-16T20:12:10.272514Z  INFO async_nats: event: connected
2026-06-16T20:12:10.272516Z  INFO mq_bench::roles::subscriber: Subscribed to key expression key=topic_0
2026-06-16T20:12:10.874998Z  INFO mq_bench::roles::subscriber: Starting subscriber engine=Nats key=topic_0 endpoint=None crash_enabled=false
2026-06-16T20:12:10.875037Z  INFO mq_bench::roles::subscriber: Connected via transport engine=Nats
2026-06-16T20:12:10.877403Z  INFO async_nats::connector: connected successfully server=4222 max_payload=10485760
2026-06-16T20:12:10.877493Z  INFO async_nats: event: connected
2026-06-16T20:12:10.877501Z  INFO mq_bench::roles::subscriber: Subscribed to key expression key=topic_0
2026-06-16T20:12:11.482608Z  INFO mq_bench::roles::subscriber: Starting subscriber engine=Nats key=topic_0 endpoint=None crash_enabled=false
2026-06-16T20:12:11.482655Z  INFO mq_bench::roles::subscriber: Connected via transport engine=Nats
2026-06-16T20:12:11.485051Z  INFO async_nats::connector: connected successfully server=4222 max_payload=10485760
2026-06-16T20:12:11.485130Z  INFO mq_bench::roles::subscriber: Subscribed to key expression key=topic_0
2026-06-16T20:12:11.485136Z  INFO async_nats: event: connected
2026-06-16T20:12:12.089516Z  INFO mq_bench::roles::subscriber: Starting subscriber engine=Nats key=topic_0 endpoint=None crash_enabled=false
2026-06-16T20:12:12.089550Z  INFO mq_bench::roles::subscriber: Connected via transport engine=Nats
2026-06-16T20:12:12.091830Z  INFO async_nats::connector: connected successfully server=4222 max_payload=10485760
2026-06-16T20:12:12.091910Z  INFO mq_bench::roles::subscriber: Subscribed to key expression key=topic_0
2026-06-16T20:12:12.091913Z  INFO async_nats: event: connected
2026-06-16T20:12:12.695961Z  INFO mq_bench::roles::subscriber: Starting subscriber engine=Nats key=topic_0 endpoint=None crash_enabled=false
2026-06-16T20:12:12.695998Z  INFO mq_bench::roles::subscriber: Connected via transport engine=Nats
2026-06-16T20:12:12.698525Z  INFO async_nats::connector: connected successfully server=4222 max_payload=10485760
2026-06-16T20:12:12.698615Z  INFO async_nats: event: connected
2026-06-16T20:12:12.698618Z  INFO mq_bench::roles::subscriber: Subscribed to key expression key=topic_0
2026-06-16T20:12:13.303246Z  INFO mq_bench::roles::subscriber: Starting subscriber engine=Nats key=topic_0 endpoint=None crash_enabled=false
2026-06-16T20:12:13.303285Z  INFO mq_bench::roles::subscriber: Connected via transport engine=Nats
2026-06-16T20:12:13.305512Z  INFO async_nats::connector: connected successfully server=4222 max_payload=10485760
2026-06-16T20:12:13.305603Z  INFO async_nats: event: connected
2026-06-16T20:12:13.305604Z  INFO mq_bench::roles::subscriber: Subscribed to key expression key=topic_0
2026-06-16T20:12:13.909972Z  INFO mq_bench::roles::subscriber: Starting subscriber engine=Nats key=topic_0 endpoint=None crash_enabled=false
2026-06-16T20:12:13.910009Z  INFO mq_bench::roles::subscriber: Connected via transport engine=Nats
2026-06-16T20:12:13.912564Z  INFO async_nats::connector: connected successfully server=4222 max_payload=10485760
2026-06-16T20:12:13.912656Z  INFO mq_bench::roles::subscriber: Subscribed to key expression key=topic_0
2026-06-16T20:12:13.912657Z  INFO async_nats: event: connected
2026-06-16T20:12:14.517705Z  INFO mq_bench::roles::subscriber: Starting subscriber engine=Nats key=topic_0 endpoint=None crash_enabled=false
2026-06-16T20:12:14.517731Z  INFO mq_bench::roles::subscriber: Connected via transport engine=Nats
2026-06-16T20:12:14.520184Z  INFO async_nats::connector: connected successfully server=4222 max_payload=10485760
2026-06-16T20:12:14.520307Z  INFO mq_bench::roles::subscriber: Subscribed to key expression key=topic_0
2026-06-16T20:12:14.520310Z  INFO async_nats: event: connected
2026-06-16T20:12:15.124899Z  INFO mq_bench::roles::subscriber: Starting subscriber engine=Nats key=topic_0 endpoint=None crash_enabled=false
2026-06-16T20:12:15.124968Z  INFO mq_bench::roles::subscriber: Connected via transport engine=Nats
2026-06-16T20:12:15.127464Z  INFO async_nats::connector: connected successfully server=4222 max_payload=10485760
2026-06-16T20:12:15.127563Z  INFO mq_bench::roles::subscriber: Subscribed to key expression key=topic_0
2026-06-16T20:12:15.127564Z  INFO async_nats: event: connected
2026-06-16T20:12:15.732348Z  INFO mq_bench::roles::subscriber: Starting subscriber engine=Nats key=topic_0 endpoint=None crash_enabled=false
2026-06-16T20:12:15.732390Z  INFO mq_bench::roles::subscriber: Connected via transport engine=Nats
2026-06-16T20:12:15.735041Z  INFO async_nats::connector: connected successfully server=4222 max_payload=10485760
2026-06-16T20:12:15.735152Z  INFO async_nats: event: connected
2026-06-16T20:12:15.735163Z  INFO mq_bench::roles::subscriber: Subscribed to key expression key=topic_0
2026-06-16T20:12:16.339218Z  INFO mq_bench::roles::subscriber: Starting subscriber engine=Nats key=topic_0 endpoint=None crash_enabled=false
2026-06-16T20:12:16.339261Z  INFO mq_bench::roles::subscriber: Connected via transport engine=Nats
2026-06-16T20:12:16.341611Z  INFO async_nats::connector: connected successfully server=4222 max_payload=10485760
2026-06-16T20:12:16.341725Z  INFO async_nats: event: connected
2026-06-16T20:12:16.341737Z  INFO mq_bench::roles::subscriber: Subscribed to key expression key=topic_0
2026-06-16T20:12:16.946543Z  INFO mq_bench::roles::subscriber: Starting subscriber engine=Nats key=topic_0 endpoint=None crash_enabled=false
2026-06-16T20:12:16.946581Z  INFO mq_bench::roles::subscriber: Connected via transport engine=Nats
2026-06-16T20:12:16.949030Z  INFO async_nats::connector: connected successfully server=4222 max_payload=10485760
2026-06-16T20:12:16.949138Z  INFO mq_bench::roles::subscriber: Subscribed to key expression key=topic_0
2026-06-16T20:12:16.949139Z  INFO async_nats: event: connected
2026-06-16T20:12:17.553404Z  INFO mq_bench::roles::subscriber: Starting subscriber engine=Nats key=topic_0 endpoint=None crash_enabled=false
2026-06-16T20:12:17.553444Z  INFO mq_bench::roles::subscriber: Connected via transport engine=Nats
2026-06-16T20:12:17.556080Z  INFO async_nats::connector: connected successfully server=4222 max_payload=10485760
2026-06-16T20:12:17.556168Z  INFO mq_bench::roles::subscriber: Subscribed to key expression key=topic_0
2026-06-16T20:12:17.556173Z  INFO async_nats: event: connected
2026-06-16T20:12:18.160289Z  INFO mq_bench::roles::subscriber: Starting subscriber engine=Nats key=topic_0 endpoint=None crash_enabled=false
2026-06-16T20:12:18.160330Z  INFO mq_bench::roles::subscriber: Connected via transport engine=Nats
2026-06-16T20:12:18.162616Z  INFO async_nats::connector: connected successfully server=4222 max_payload=10485760
2026-06-16T20:12:18.162718Z  INFO async_nats: event: connected
2026-06-16T20:12:18.162724Z  INFO mq_bench::roles::subscriber: Subscribed to key expression key=topic_0
2026-06-16T20:12:18.767223Z  INFO mq_bench::roles::subscriber: Starting subscriber engine=Nats key=topic_0 endpoint=None crash_enabled=false
2026-06-16T20:12:18.767260Z  INFO mq_bench::roles::subscriber: Connected via transport engine=Nats
2026-06-16T20:12:18.769750Z  INFO async_nats::connector: connected successfully server=4222 max_payload=10485760
2026-06-16T20:12:18.769848Z  INFO mq_bench::roles::subscriber: Subscribed to key expression key=topic_0
2026-06-16T20:12:18.769854Z  INFO async_nats: event: connected
2026-06-16T20:12:19.373890Z  INFO mq_bench::roles::subscriber: Starting subscriber engine=Nats key=topic_0 endpoint=None crash_enabled=false
2026-06-16T20:12:19.373934Z  INFO mq_bench::roles::subscriber: Connected via transport engine=Nats
2026-06-16T20:12:19.376362Z  INFO async_nats::connector: connected successfully server=4222 max_payload=10485760
2026-06-16T20:12:19.376447Z  INFO async_nats: event: connected
2026-06-16T20:12:19.376448Z  INFO mq_bench::roles::subscriber: Subscribed to key expression key=topic_0
2026-06-16T20:12:19.981543Z  INFO mq_bench::roles::subscriber: Starting subscriber engine=Nats key=topic_0 endpoint=None crash_enabled=false
2026-06-16T20:12:19.981600Z  INFO mq_bench::roles::subscriber: Connected via transport engine=Nats
2026-06-16T20:12:19.983929Z  INFO async_nats::connector: connected successfully server=4222 max_payload=10485760
2026-06-16T20:12:19.984014Z  INFO async_nats: event: connected
2026-06-16T20:12:19.984020Z  INFO mq_bench::roles::subscriber: Subscribed to key expression key=topic_0
2026-06-16T20:12:20.587937Z  INFO mq_bench::roles::subscriber: Starting subscriber engine=Nats key=topic_0 endpoint=None crash_enabled=false
2026-06-16T20:12:20.587975Z  INFO mq_bench::roles::subscriber: Connected via transport engine=Nats
2026-06-16T20:12:20.590444Z  INFO async_nats::connector: connected successfully server=4222 max_payload=10485760
2026-06-16T20:12:20.590523Z  INFO mq_bench::roles::subscriber: Subscribed to key expression key=topic_0
2026-06-16T20:12:20.590528Z  INFO async_nats: event: connected
2026-06-16T20:12:21.195293Z  INFO mq_bench::roles::subscriber: Starting subscriber engine=Nats key=topic_0 endpoint=None crash_enabled=false
2026-06-16T20:12:21.195334Z  INFO mq_bench::roles::subscriber: Connected via transport engine=Nats
2026-06-16T20:12:21.197643Z  INFO async_nats::connector: connected successfully server=4222 max_payload=10485760
2026-06-16T20:12:21.197730Z  INFO mq_bench::roles::subscriber: Subscribed to key expression key=topic_0
2026-06-16T20:12:21.197730Z  INFO async_nats: event: connected
2026-06-16T20:12:21.802705Z  INFO mq_bench::roles::subscriber: Starting subscriber engine=Nats key=topic_0 endpoint=None crash_enabled=false
2026-06-16T20:12:21.802742Z  INFO mq_bench::roles::subscriber: Connected via transport engine=Nats
2026-06-16T20:12:21.805255Z  INFO async_nats::connector: connected successfully server=4222 max_payload=10485760
2026-06-16T20:12:21.805333Z  INFO mq_bench::roles::subscriber: Subscribed to key expression key=topic_0
2026-06-16T20:12:21.805338Z  INFO async_nats: event: connected
2026-06-16T20:12:22.410168Z  INFO mq_bench::roles::subscriber: Starting subscriber engine=Nats key=topic_0 endpoint=None crash_enabled=false
2026-06-16T20:12:22.410266Z  INFO mq_bench::roles::subscriber: Connected via transport engine=Nats
2026-06-16T20:12:22.412607Z  INFO async_nats::connector: connected successfully server=4222 max_payload=10485760
2026-06-16T20:12:22.412686Z  INFO mq_bench::roles::subscriber: Subscribed to key expression key=topic_0
2026-06-16T20:12:22.412690Z  INFO async_nats: event: connected
2026-06-16T20:12:23.017785Z  INFO mq_bench::roles::subscriber: Starting subscriber engine=Nats key=topic_0 endpoint=None crash_enabled=false
2026-06-16T20:12:23.017825Z  INFO mq_bench::roles::subscriber: Connected via transport engine=Nats
2026-06-16T20:12:23.020117Z  INFO async_nats::connector: connected successfully server=4222 max_payload=10485760
2026-06-16T20:12:23.020222Z  INFO async_nats: event: connected
2026-06-16T20:12:23.020250Z  INFO mq_bench::roles::subscriber: Subscribed to key expression key=topic_0
2026-06-16T20:12:23.625155Z  INFO mq_bench::roles::subscriber: Starting subscriber engine=Nats key=topic_0 endpoint=None crash_enabled=false
2026-06-16T20:12:23.625189Z  INFO mq_bench::roles::subscriber: Connected via transport engine=Nats
2026-06-16T20:12:23.627422Z  INFO async_nats::connector: connected successfully server=4222 max_payload=10485760
2026-06-16T20:12:23.627505Z  INFO mq_bench::roles::subscriber: Subscribed to key expression key=topic_0
2026-06-16T20:12:23.627512Z  INFO async_nats: event: connected
2026-06-16T20:12:24.232612Z  INFO mq_bench::roles::subscriber: Starting subscriber engine=Nats key=topic_0 endpoint=None crash_enabled=false
2026-06-16T20:12:24.232644Z  INFO mq_bench::roles::subscriber: Connected via transport engine=Nats
2026-06-16T20:12:24.234983Z  INFO async_nats::connector: connected successfully server=4222 max_payload=10485760
2026-06-16T20:12:24.235070Z  INFO mq_bench::roles::subscriber: Subscribed to key expression key=topic_0
2026-06-16T20:12:24.235075Z  INFO async_nats: event: connected
2026-06-16T20:12:24.839498Z  INFO mq_bench::roles::subscriber: Starting subscriber engine=Nats key=topic_0 endpoint=None crash_enabled=false
2026-06-16T20:12:24.839534Z  INFO mq_bench::roles::subscriber: Connected via transport engine=Nats
2026-06-16T20:12:24.841889Z  INFO async_nats::connector: connected successfully server=4222 max_payload=10485760
2026-06-16T20:12:24.841996Z  INFO async_nats: event: connected
2026-06-16T20:12:24.841997Z  INFO mq_bench::roles::subscriber: Subscribed to key expression key=topic_0
2026-06-16T20:12:25.445965Z  INFO mq_bench::roles::subscriber: Starting subscriber engine=Nats key=topic_0 endpoint=None crash_enabled=false
2026-06-16T20:12:25.445999Z  INFO mq_bench::roles::subscriber: Connected via transport engine=Nats
2026-06-16T20:12:25.448521Z  INFO async_nats::connector: connected successfully server=4222 max_payload=10485760
2026-06-16T20:12:25.448599Z  INFO async_nats: event: connected
2026-06-16T20:12:25.448607Z  INFO mq_bench::roles::subscriber: Subscribed to key expression key=topic_0
2026-06-16T20:12:26.053716Z  INFO mq_bench::roles::subscriber: Starting subscriber engine=Nats key=topic_0 endpoint=None crash_enabled=false
2026-06-16T20:12:26.053753Z  INFO mq_bench::roles::subscriber: Connected via transport engine=Nats
2026-06-16T20:12:26.057046Z  INFO async_nats::connector: connected successfully server=4222 max_payload=10485760
2026-06-16T20:12:26.057122Z  INFO mq_bench::roles::subscriber: Subscribed to key expression key=topic_0
2026-06-16T20:12:26.057130Z  INFO async_nats: event: connected
2026-06-16T20:12:26.661334Z  INFO mq_bench::roles::subscriber: Starting subscriber engine=Nats key=topic_0 endpoint=None crash_enabled=false
2026-06-16T20:12:26.661368Z  INFO mq_bench::roles::subscriber: Connected via transport engine=Nats
2026-06-16T20:12:26.663780Z  INFO async_nats::connector: connected successfully server=4222 max_payload=10485760
2026-06-16T20:12:26.663856Z  INFO mq_bench::roles::subscriber: Subscribed to key expression key=topic_0
2026-06-16T20:12:26.663860Z  INFO async_nats: event: connected
2026-06-16T20:12:27.268035Z  INFO mq_bench::roles::subscriber: Starting subscriber engine=Nats key=topic_0 endpoint=None crash_enabled=false
2026-06-16T20:12:27.268066Z  INFO mq_bench::roles::subscriber: Connected via transport engine=Nats
2026-06-16T20:12:27.270543Z  INFO async_nats::connector: connected successfully server=4222 max_payload=10485760
2026-06-16T20:12:27.270623Z  INFO async_nats: event: connected
2026-06-16T20:12:27.270626Z  INFO mq_bench::roles::subscriber: Subscribed to key expression key=topic_0
2026-06-16T20:12:27.875746Z  INFO mq_bench::roles::subscriber: Starting subscriber engine=Nats key=topic_0 endpoint=None crash_enabled=false
2026-06-16T20:12:27.875782Z  INFO mq_bench::roles::subscriber: Connected via transport engine=Nats
2026-06-16T20:12:27.878360Z  INFO async_nats::connector: connected successfully server=4222 max_payload=10485760
2026-06-16T20:12:27.878448Z  INFO async_nats: event: connected
2026-06-16T20:12:27.878448Z  INFO mq_bench::roles::subscriber: Subscribed to key expression key=topic_0
2026-06-16T20:12:28.483495Z  INFO mq_bench::roles::subscriber: Starting subscriber engine=Nats key=topic_0 endpoint=None crash_enabled=false
2026-06-16T20:12:28.483528Z  INFO mq_bench::roles::subscriber: Connected via transport engine=Nats
2026-06-16T20:12:28.486007Z  INFO async_nats::connector: connected successfully server=4222 max_payload=10485760
2026-06-16T20:12:28.486081Z  INFO mq_bench::roles::subscriber: Subscribed to key expression key=topic_0
2026-06-16T20:12:28.486089Z  INFO async_nats: event: connected
2026-06-16T20:12:29.090001Z  INFO mq_bench::roles::subscriber: Starting subscriber engine=Nats key=topic_0 endpoint=None crash_enabled=false
2026-06-16T20:12:29.090034Z  INFO mq_bench::roles::subscriber: Connected via transport engine=Nats
2026-06-16T20:12:29.092470Z  INFO async_nats::connector: connected successfully server=4222 max_payload=10485760
2026-06-16T20:12:29.092579Z  INFO async_nats: event: connected
2026-06-16T20:12:29.092582Z  INFO mq_bench::roles::subscriber: Subscribed to key expression key=topic_0
2026-06-16T20:12:29.697255Z  INFO mq_bench::roles::subscriber: Starting subscriber engine=Nats key=topic_0 endpoint=None crash_enabled=false
2026-06-16T20:12:29.697292Z  INFO mq_bench::roles::subscriber: Connected via transport engine=Nats
2026-06-16T20:12:29.699870Z  INFO async_nats::connector: connected successfully server=4222 max_payload=10485760
2026-06-16T20:12:29.699966Z  INFO async_nats: event: connected
2026-06-16T20:12:29.699967Z  INFO mq_bench::roles::subscriber: Subscribed to key expression key=topic_0
2026-06-16T20:12:30.304267Z  INFO mq_bench::roles::subscriber: Starting subscriber engine=Nats key=topic_0 endpoint=None crash_enabled=false
2026-06-16T20:12:30.304298Z  INFO mq_bench::roles::subscriber: Connected via transport engine=Nats
2026-06-16T20:12:30.306737Z  INFO async_nats::connector: connected successfully server=4222 max_payload=10485760
2026-06-16T20:12:30.306807Z  INFO async_nats: event: connected
2026-06-16T20:12:30.306809Z  INFO mq_bench::roles::subscriber: Subscribed to key expression key=topic_0
2026-06-16T20:12:30.911481Z  INFO mq_bench::roles::subscriber: Starting subscriber engine=Nats key=topic_0 endpoint=None crash_enabled=false
2026-06-16T20:12:30.911518Z  INFO mq_bench::roles::subscriber: Connected via transport engine=Nats
2026-06-16T20:12:30.913797Z  INFO async_nats::connector: connected successfully server=4222 max_payload=10485760
2026-06-16T20:12:30.913907Z  INFO async_nats: event: connected
2026-06-16T20:12:30.913918Z  INFO mq_bench::roles::subscriber: Subscribed to key expression key=topic_0
2026-06-16T20:12:31.518031Z  INFO mq_bench::roles::subscriber: Starting subscriber engine=Nats key=topic_0 endpoint=None crash_enabled=false
2026-06-16T20:12:31.518064Z  INFO mq_bench::roles::subscriber: Connected via transport engine=Nats
2026-06-16T20:12:31.520459Z  INFO async_nats::connector: connected successfully server=4222 max_payload=10485760
2026-06-16T20:12:31.520567Z  INFO async_nats: event: connected
2026-06-16T20:12:31.520579Z  INFO mq_bench::roles::subscriber: Subscribed to key expression key=topic_0
2026-06-16T20:12:32.125110Z  INFO mq_bench::roles::subscriber: Starting subscriber engine=Nats key=topic_0 endpoint=None crash_enabled=false
2026-06-16T20:12:32.125149Z  INFO mq_bench::roles::subscriber: Connected via transport engine=Nats
2026-06-16T20:12:32.127467Z  INFO async_nats::connector: connected successfully server=4222 max_payload=10485760
2026-06-16T20:12:32.127580Z  INFO async_nats: event: connected
2026-06-16T20:12:32.127594Z  INFO mq_bench::roles::subscriber: Subscribed to key expression key=topic_0
2026-06-16T20:12:32.732587Z  INFO mq_bench::roles::subscriber: Starting subscriber engine=Nats key=topic_0 endpoint=None crash_enabled=false
2026-06-16T20:12:32.732625Z  INFO mq_bench::roles::subscriber: Connected via transport engine=Nats
2026-06-16T20:12:32.734920Z  INFO async_nats::connector: connected successfully server=4222 max_payload=10485760
2026-06-16T20:12:32.735004Z  INFO mq_bench::roles::subscriber: Subscribed to key expression key=topic_0
2026-06-16T20:12:32.735010Z  INFO async_nats: event: connected
2026-06-16T20:12:33.339060Z  INFO mq_bench::roles::subscriber: Starting subscriber engine=Nats key=topic_0 endpoint=None crash_enabled=false
2026-06-16T20:12:33.339101Z  INFO mq_bench::roles::subscriber: Connected via transport engine=Nats
2026-06-16T20:12:33.341495Z  INFO async_nats::connector: connected successfully server=4222 max_payload=10485760
2026-06-16T20:12:33.341572Z  INFO async_nats: event: connected
2026-06-16T20:12:33.341573Z  INFO mq_bench::roles::subscriber: Subscribed to key expression key=topic_0
2026-06-16T20:12:33.946373Z  INFO mq_bench::roles::subscriber: Starting subscriber engine=Nats key=topic_0 endpoint=None crash_enabled=false
2026-06-16T20:12:33.946409Z  INFO mq_bench::roles::subscriber: Connected via transport engine=Nats
2026-06-16T20:12:33.948798Z  INFO async_nats::connector: connected successfully server=4222 max_payload=10485760
2026-06-16T20:12:33.948875Z  INFO mq_bench::roles::subscriber: Subscribed to key expression key=topic_0
2026-06-16T20:12:33.948880Z  INFO async_nats: event: connected
2026-06-16T20:12:34.553373Z  INFO mq_bench::roles::subscriber: Starting subscriber engine=Nats key=topic_0 endpoint=None crash_enabled=false
2026-06-16T20:12:34.553409Z  INFO mq_bench::roles::subscriber: Connected via transport engine=Nats
2026-06-16T20:12:34.555772Z  INFO async_nats::connector: connected successfully server=4222 max_payload=10485760
2026-06-16T20:12:34.555854Z  INFO async_nats: event: connected
2026-06-16T20:12:34.555857Z  INFO mq_bench::roles::subscriber: Subscribed to key expression key=topic_0
2026-06-16T20:12:35.160732Z  INFO mq_bench::roles::subscriber: Starting subscriber engine=Nats key=topic_0 endpoint=None crash_enabled=false
2026-06-16T20:12:35.160763Z  INFO mq_bench::roles::subscriber: Connected via transport engine=Nats
2026-06-16T20:12:35.163030Z  INFO async_nats::connector: connected successfully server=4222 max_payload=10485760
2026-06-16T20:12:35.163132Z  INFO async_nats: event: connected
2026-06-16T20:12:35.163153Z  INFO mq_bench::roles::subscriber: Subscribed to key expression key=topic_0
2026-06-16T20:12:35.768570Z  INFO mq_bench::roles::subscriber: Starting subscriber engine=Nats key=topic_0 endpoint=None crash_enabled=false
2026-06-16T20:12:35.768605Z  INFO mq_bench::roles::subscriber: Connected via transport engine=Nats
2026-06-16T20:12:35.771002Z  INFO async_nats::connector: connected successfully server=4222 max_payload=10485760
2026-06-16T20:12:35.771107Z  INFO async_nats: event: connected
2026-06-16T20:12:35.771120Z  INFO mq_bench::roles::subscriber: Subscribed to key expression key=topic_0
2026-06-16T20:12:36.374995Z  INFO mq_bench::roles::subscriber: Starting subscriber engine=Nats key=topic_0 endpoint=None crash_enabled=false
2026-06-16T20:12:36.375024Z  INFO mq_bench::roles::subscriber: Connected via transport engine=Nats
2026-06-16T20:12:36.377196Z  INFO async_nats::connector: connected successfully server=4222 max_payload=10485760
2026-06-16T20:12:36.377313Z  INFO async_nats: event: connected
2026-06-16T20:12:36.377327Z  INFO mq_bench::roles::subscriber: Subscribed to key expression key=topic_0
2026-06-16T20:12:36.982655Z  INFO mq_bench::roles::subscriber: Starting subscriber engine=Nats key=topic_0 endpoint=None crash_enabled=false
2026-06-16T20:12:36.982690Z  INFO mq_bench::roles::subscriber: Connected via transport engine=Nats
2026-06-16T20:12:36.983989Z  INFO async_nats::connector: connected successfully server=4222 max_payload=10485760
2026-06-16T20:12:36.984068Z  INFO mq_bench::roles::subscriber: Subscribed to key expression key=topic_0
2026-06-16T20:12:36.984074Z  INFO async_nats: event: connected
2026-06-16T20:12:37.588920Z  INFO mq_bench::roles::subscriber: Starting subscriber engine=Nats key=topic_0 endpoint=None crash_enabled=false
2026-06-16T20:12:37.588976Z  INFO mq_bench::roles::subscriber: Connected via transport engine=Nats
2026-06-16T20:12:37.591389Z  INFO async_nats::connector: connected successfully server=4222 max_payload=10485760
2026-06-16T20:12:37.591472Z  INFO mq_bench::roles::subscriber: Subscribed to key expression key=topic_0
2026-06-16T20:12:37.591474Z  INFO async_nats: event: connected
2026-06-16T20:12:38.196345Z  INFO mq_bench::roles::subscriber: Starting subscriber engine=Nats key=topic_0 endpoint=None crash_enabled=false
2026-06-16T20:12:38.196378Z  INFO mq_bench::roles::subscriber: Connected via transport engine=Nats
2026-06-16T20:12:38.198623Z  INFO async_nats::connector: connected successfully server=4222 max_payload=10485760
2026-06-16T20:12:38.198708Z  INFO mq_bench::roles::subscriber: Subscribed to key expression key=topic_0
2026-06-16T20:12:38.198713Z  INFO async_nats: event: connected
2026-06-16T20:12:38.803547Z  INFO mq_bench::roles::subscriber: Starting subscriber engine=Nats key=topic_0 endpoint=None crash_enabled=false
2026-06-16T20:12:38.803587Z  INFO mq_bench::roles::subscriber: Connected via transport engine=Nats
2026-06-16T20:12:38.806030Z  INFO async_nats::connector: connected successfully server=4222 max_payload=10485760
2026-06-16T20:12:38.806135Z  INFO mq_bench::roles::subscriber: Subscribed to key expression key=topic_0
2026-06-16T20:12:38.806138Z  INFO async_nats: event: connected
2026-06-16T20:12:39.410586Z  INFO mq_bench::roles::subscriber: Starting subscriber engine=Nats key=topic_0 endpoint=None crash_enabled=false
2026-06-16T20:12:39.410625Z  INFO mq_bench::roles::subscriber: Connected via transport engine=Nats
2026-06-16T20:12:39.412978Z  INFO async_nats::connector: connected successfully server=4222 max_payload=10485760
2026-06-16T20:12:39.413079Z  INFO async_nats: event: connected
2026-06-16T20:12:39.413092Z  INFO mq_bench::roles::subscriber: Subscribed to key expression key=topic_0
2026-06-16T20:12:40.017673Z  INFO mq_bench::roles::subscriber: Starting subscriber engine=Nats key=topic_0 endpoint=None crash_enabled=false
2026-06-16T20:12:40.017705Z  INFO mq_bench::roles::subscriber: Connected via transport engine=Nats
2026-06-16T20:12:40.020086Z  INFO async_nats::connector: connected successfully server=4222 max_payload=10485760
2026-06-16T20:12:40.020172Z  INFO mq_bench::roles::subscriber: Subscribed to key expression key=topic_0
2026-06-16T20:12:40.020175Z  INFO async_nats: event: connected
2026-06-16T20:12:40.624721Z  INFO mq_bench::roles::subscriber: Starting subscriber engine=Nats key=topic_0 endpoint=None crash_enabled=false
2026-06-16T20:12:40.624763Z  INFO mq_bench::roles::subscriber: Connected via transport engine=Nats
2026-06-16T20:12:40.627291Z  INFO async_nats::connector: connected successfully server=4222 max_payload=10485760
2026-06-16T20:12:40.627386Z  INFO async_nats: event: connected
2026-06-16T20:12:40.627386Z  INFO mq_bench::roles::subscriber: Subscribed to key expression key=topic_0
2026-06-16T20:12:41.232743Z  INFO mq_bench::roles::subscriber: Starting subscriber engine=Nats key=topic_0 endpoint=None crash_enabled=false
2026-06-16T20:12:41.232783Z  INFO mq_bench::roles::subscriber: Connected via transport engine=Nats
2026-06-16T20:12:41.235139Z  INFO async_nats::connector: connected successfully server=4222 max_payload=10485760
2026-06-16T20:12:41.235275Z  INFO async_nats: event: connected
2026-06-16T20:12:41.235290Z  INFO mq_bench::roles::subscriber: Subscribed to key expression key=topic_0
2026-06-16T20:12:41.840745Z  INFO mq_bench::roles::subscriber: Starting subscriber engine=Nats key=topic_0 endpoint=None crash_enabled=false
2026-06-16T20:12:41.840784Z  INFO mq_bench::roles::subscriber: Connected via transport engine=Nats
2026-06-16T20:12:41.843172Z  INFO async_nats::connector: connected successfully server=4222 max_payload=10485760
2026-06-16T20:12:41.843274Z  INFO mq_bench::roles::subscriber: Subscribed to key expression key=topic_0
2026-06-16T20:12:41.843278Z  INFO async_nats: event: connected
2026-06-16T20:12:42.447988Z  INFO mq_bench::roles::subscriber: Starting subscriber engine=Nats key=topic_0 endpoint=None crash_enabled=false
2026-06-16T20:12:42.448033Z  INFO mq_bench::roles::subscriber: Connected via transport engine=Nats
2026-06-16T20:12:42.450361Z  INFO async_nats::connector: connected successfully server=4222 max_payload=10485760
2026-06-16T20:12:42.450460Z  INFO async_nats: event: connected
2026-06-16T20:12:42.450460Z  INFO mq_bench::roles::subscriber: Subscribed to key expression key=topic_0
2026-06-16T20:12:43.055792Z  INFO mq_bench::roles::subscriber: Starting subscriber engine=Nats key=topic_0 endpoint=None crash_enabled=false
2026-06-16T20:12:43.055824Z  INFO mq_bench::roles::subscriber: Connected via transport engine=Nats
2026-06-16T20:12:43.058226Z  INFO async_nats::connector: connected successfully server=4222 max_payload=10485760
2026-06-16T20:12:43.058309Z  INFO mq_bench::roles::subscriber: Subscribed to key expression key=topic_0
2026-06-16T20:12:43.058313Z  INFO async_nats: event: connected
2026-06-16T20:12:43.663297Z  INFO mq_bench::roles::subscriber: Starting subscriber engine=Nats key=topic_0 endpoint=None crash_enabled=false
2026-06-16T20:12:43.663333Z  INFO mq_bench::roles::subscriber: Connected via transport engine=Nats
2026-06-16T20:12:43.665632Z  INFO async_nats::connector: connected successfully server=4222 max_payload=10485760
2026-06-16T20:12:43.665742Z  INFO mq_bench::roles::subscriber: Subscribed to key expression key=topic_0
2026-06-16T20:12:43.665747Z  INFO async_nats: event: connected
2026-06-16T20:12:44.270264Z  INFO mq_bench::roles::subscriber: Starting subscriber engine=Nats key=topic_0 endpoint=None crash_enabled=false
2026-06-16T20:12:44.270288Z  INFO mq_bench::roles::subscriber: Connected via transport engine=Nats
2026-06-16T20:12:44.272634Z  INFO async_nats::connector: connected successfully server=4222 max_payload=10485760
2026-06-16T20:12:44.272733Z  INFO async_nats: event: connected
2026-06-16T20:12:44.272736Z  INFO mq_bench::roles::subscriber: Subscribed to key expression key=topic_0
2026-06-16T20:12:44.876955Z  INFO mq_bench::roles::subscriber: Starting subscriber engine=Nats key=topic_0 endpoint=None crash_enabled=false
2026-06-16T20:12:44.876996Z  INFO mq_bench::roles::subscriber: Connected via transport engine=Nats
2026-06-16T20:12:44.879520Z  INFO async_nats::connector: connected successfully server=4222 max_payload=10485760
2026-06-16T20:12:44.879601Z  INFO mq_bench::roles::subscriber: Subscribed to key expression key=topic_0
2026-06-16T20:12:44.879606Z  INFO async_nats: event: connected
2026-06-16T20:12:45.484533Z  INFO mq_bench::roles::subscriber: Starting subscriber engine=Nats key=topic_0 endpoint=None crash_enabled=false
2026-06-16T20:12:45.484573Z  INFO mq_bench::roles::subscriber: Connected via transport engine=Nats
2026-06-16T20:12:45.487190Z  INFO async_nats::connector: connected successfully server=4222 max_payload=10485760
2026-06-16T20:12:45.487319Z  INFO async_nats: event: connected
2026-06-16T20:12:45.487319Z  INFO mq_bench::roles::subscriber: Subscribed to key expression key=topic_0
2026-06-16T20:12:46.091794Z  INFO mq_bench::roles::subscriber: Starting subscriber engine=Nats key=topic_0 endpoint=None crash_enabled=false
2026-06-16T20:12:46.091831Z  INFO mq_bench::roles::subscriber: Connected via transport engine=Nats
2026-06-16T20:12:46.094188Z  INFO async_nats::connector: connected successfully server=4222 max_payload=10485760
2026-06-16T20:12:46.094297Z  INFO async_nats: event: connected
2026-06-16T20:12:46.094313Z  INFO mq_bench::roles::subscriber: Subscribed to key expression key=topic_0
2026-06-16T20:12:46.699798Z  INFO mq_bench::roles::subscriber: Starting subscriber engine=Nats key=topic_0 endpoint=None crash_enabled=false
2026-06-16T20:12:46.699838Z  INFO mq_bench::roles::subscriber: Connected via transport engine=Nats
2026-06-16T20:12:46.702091Z  INFO async_nats::connector: connected successfully server=4222 max_payload=10485760
2026-06-16T20:12:46.702195Z  INFO async_nats: event: connected
2026-06-16T20:12:46.702223Z  INFO mq_bench::roles::subscriber: Subscribed to key expression key=topic_0
2026-06-16T20:12:47.306960Z  INFO mq_bench::roles::subscriber: Starting subscriber engine=Nats key=topic_0 endpoint=None crash_enabled=false
2026-06-16T20:12:47.306996Z  INFO mq_bench::roles::subscriber: Connected via transport engine=Nats
2026-06-16T20:12:47.309701Z  INFO async_nats::connector: connected successfully server=4222 max_payload=10485760
2026-06-16T20:12:47.309825Z  INFO async_nats: event: connected
2026-06-16T20:12:47.309836Z  INFO mq_bench::roles::subscriber: Subscribed to key expression key=topic_0
2026-06-16T20:12:47.914712Z  INFO mq_bench::roles::subscriber: Starting subscriber engine=Nats key=topic_0 endpoint=None crash_enabled=false
2026-06-16T20:12:47.914751Z  INFO mq_bench::roles::subscriber: Connected via transport engine=Nats
2026-06-16T20:12:47.917000Z  INFO async_nats::connector: connected successfully server=4222 max_payload=10485760
2026-06-16T20:12:47.917083Z  INFO mq_bench::roles::subscriber: Subscribed to key expression key=topic_0
2026-06-16T20:12:47.917087Z  INFO async_nats: event: connected
2026-06-16T20:12:48.522639Z  INFO mq_bench::roles::subscriber: Starting subscriber engine=Nats key=topic_0 endpoint=None crash_enabled=false
2026-06-16T20:12:48.522681Z  INFO mq_bench::roles::subscriber: Connected via transport engine=Nats
2026-06-16T20:12:48.526035Z  INFO async_nats::connector: connected successfully server=4222 max_payload=10485760
2026-06-16T20:12:48.526123Z  INFO async_nats: event: connected
2026-06-16T20:12:48.526125Z  INFO mq_bench::roles::subscriber: Subscribed to key expression key=topic_0
2026-06-16T20:12:49.129771Z  INFO mq_bench::roles::subscriber: Starting subscriber engine=Nats key=topic_0 endpoint=None crash_enabled=false
2026-06-16T20:12:49.129806Z  INFO mq_bench::roles::subscriber: Connected via transport engine=Nats
2026-06-16T20:12:49.132153Z  INFO async_nats::connector: connected successfully server=4222 max_payload=10485760
2026-06-16T20:12:49.132232Z  INFO mq_bench::roles::subscriber: Subscribed to key expression key=topic_0
2026-06-16T20:12:49.132237Z  INFO async_nats: event: connected
2026-06-16T20:12:49.737540Z  INFO mq_bench::roles::subscriber: Starting subscriber engine=Nats key=topic_0 endpoint=None crash_enabled=false
2026-06-16T20:12:49.737578Z  INFO mq_bench::roles::subscriber: Connected via transport engine=Nats
2026-06-16T20:12:49.739990Z  INFO async_nats::connector: connected successfully server=4222 max_payload=10485760
2026-06-16T20:12:49.740088Z  INFO async_nats: event: connected
2026-06-16T20:12:49.740089Z  INFO mq_bench::roles::subscriber: Subscribed to key expression key=topic_0
2026-06-16T20:12:50.344537Z  INFO mq_bench::roles::subscriber: Starting subscriber engine=Nats key=topic_0 endpoint=None crash_enabled=false
2026-06-16T20:12:50.344569Z  INFO mq_bench::roles::subscriber: Connected via transport engine=Nats
2026-06-16T20:12:50.346992Z  INFO async_nats::connector: connected successfully server=4222 max_payload=10485760
2026-06-16T20:12:50.347083Z  INFO mq_bench::roles::subscriber: Subscribed to key expression key=topic_0
2026-06-16T20:12:50.347084Z  INFO async_nats: event: connected
2026-06-16T20:12:50.951756Z  INFO mq_bench::roles::subscriber: Starting subscriber engine=Nats key=topic_0 endpoint=None crash_enabled=false
2026-06-16T20:12:50.951792Z  INFO mq_bench::roles::subscriber: Connected via transport engine=Nats
2026-06-16T20:12:50.954047Z  INFO async_nats::connector: connected successfully server=4222 max_payload=10485760
2026-06-16T20:12:50.954123Z  INFO mq_bench::roles::subscriber: Subscribed to key expression key=topic_0
2026-06-16T20:12:50.954129Z  INFO async_nats: event: connected
2026-06-16T20:12:51.559417Z  INFO mq_bench::roles::subscriber: Starting subscriber engine=Nats key=topic_0 endpoint=None crash_enabled=false
2026-06-16T20:12:51.559448Z  INFO mq_bench::roles::subscriber: Connected via transport engine=Nats
2026-06-16T20:12:51.562064Z  INFO async_nats::connector: connected successfully server=4222 max_payload=10485760
2026-06-16T20:12:51.562170Z  INFO async_nats: event: connected
2026-06-16T20:12:51.562184Z  INFO mq_bench::roles::subscriber: Subscribed to key expression key=topic_0
2026-06-16T20:12:52.166064Z  INFO mq_bench::roles::subscriber: Starting subscriber engine=Nats key=topic_0 endpoint=None crash_enabled=false
2026-06-16T20:12:52.166095Z  INFO mq_bench::roles::subscriber: Connected via transport engine=Nats
2026-06-16T20:12:52.168576Z  INFO async_nats::connector: connected successfully server=4222 max_payload=10485760
2026-06-16T20:12:52.168643Z  INFO mq_bench::roles::subscriber: Subscribed to key expression key=topic_0
2026-06-16T20:12:52.168646Z  INFO async_nats: event: connected
2026-06-16T20:12:52.773415Z  INFO mq_bench::roles::subscriber: Starting subscriber engine=Nats key=topic_0 endpoint=None crash_enabled=false
2026-06-16T20:12:52.773458Z  INFO mq_bench::roles::subscriber: Connected via transport engine=Nats
2026-06-16T20:12:52.775848Z  INFO async_nats::connector: connected successfully server=4222 max_payload=10485760
2026-06-16T20:12:52.775957Z  INFO async_nats: event: connected
2026-06-16T20:12:52.775957Z  INFO mq_bench::roles::subscriber: Subscribed to key expression key=topic_0
2026-06-16T20:12:53.380514Z  INFO mq_bench::roles::subscriber: Starting subscriber engine=Nats key=topic_0 endpoint=None crash_enabled=false
2026-06-16T20:12:53.380568Z  INFO mq_bench::roles::subscriber: Connected via transport engine=Nats
2026-06-16T20:12:53.383143Z  INFO async_nats::connector: connected successfully server=4222 max_payload=10485760
2026-06-16T20:12:53.383245Z  INFO async_nats: event: connected
2026-06-16T20:12:53.383247Z  INFO mq_bench::roles::subscriber: Subscribed to key expression key=topic_0
2026-06-16T20:12:53.987855Z  INFO mq_bench::roles::subscriber: Starting subscriber engine=Nats key=topic_0 endpoint=None crash_enabled=false
2026-06-16T20:12:53.987885Z  INFO mq_bench::roles::subscriber: Connected via transport engine=Nats
2026-06-16T20:12:53.990275Z  INFO async_nats::connector: connected successfully server=4222 max_payload=10485760
2026-06-16T20:12:53.990387Z  INFO async_nats: event: connected
2026-06-16T20:12:53.990389Z  INFO mq_bench::roles::subscriber: Subscribed to key expression key=topic_0
2026-06-16T20:12:54.595269Z  INFO mq_bench::roles::subscriber: Starting subscriber engine=Nats key=topic_0 endpoint=None crash_enabled=false
2026-06-16T20:12:54.595309Z  INFO mq_bench::roles::subscriber: Connected via transport engine=Nats
2026-06-16T20:12:54.597885Z  INFO async_nats::connector: connected successfully server=4222 max_payload=10485760
2026-06-16T20:12:54.597987Z  INFO mq_bench::roles::subscriber: Subscribed to key expression key=topic_0
2026-06-16T20:12:54.597987Z  INFO async_nats: event: connected
2026-06-16T20:12:55.202753Z  INFO mq_bench::roles::subscriber: Starting subscriber engine=Nats key=topic_0 endpoint=None crash_enabled=false
2026-06-16T20:12:55.202789Z  INFO mq_bench::roles::subscriber: Connected via transport engine=Nats
2026-06-16T20:12:55.205860Z  INFO async_nats::connector: connected successfully server=4222 max_payload=10485760
2026-06-16T20:12:55.205955Z  INFO mq_bench::roles::subscriber: Subscribed to key expression key=topic_0
2026-06-16T20:12:55.205959Z  INFO async_nats: event: connected
2026-06-16T20:12:55.810465Z  INFO mq_bench::roles::subscriber: Starting subscriber engine=Nats key=topic_0 endpoint=None crash_enabled=false
2026-06-16T20:12:55.810499Z  INFO mq_bench::roles::subscriber: Connected via transport engine=Nats
2026-06-16T20:12:55.813089Z  INFO async_nats::connector: connected successfully server=4222 max_payload=10485760
2026-06-16T20:12:55.813187Z  INFO async_nats: event: connected
2026-06-16T20:12:55.813189Z  INFO mq_bench::roles::subscriber: Subscribed to key expression key=topic_0
2026-06-16T20:12:56.416973Z  INFO mq_bench::roles::subscriber: Starting subscriber engine=Nats key=topic_0 endpoint=None crash_enabled=false
2026-06-16T20:12:56.417014Z  INFO mq_bench::roles::subscriber: Connected via transport engine=Nats
2026-06-16T20:12:56.419389Z  INFO async_nats::connector: connected successfully server=4222 max_payload=10485760
2026-06-16T20:12:56.419482Z  INFO async_nats: event: connected
2026-06-16T20:12:56.419483Z  INFO mq_bench::roles::subscriber: Subscribed to key expression key=topic_0
