mq-bench starting with run_id: auto
Writing CSV output to: artifacts/fanout_bursty_20260617_191512_nats_p64_s1000_u10_bursty/fanout_singlesite/sub_8.csv
2026-06-17T19:15:12.520062Z  INFO mq_bench::roles::subscriber: Starting subscriber engine=Nats key=topic_8 endpoint=None crash_enabled=false
2026-06-17T19:15:12.520114Z  INFO mq_bench::roles::subscriber: Connected via transport engine=Nats
2026-06-17T19:15:12.522386Z  INFO async_nats::connector: connected successfully server=4222 max_payload=10485760
2026-06-17T19:15:12.522437Z  INFO mq_bench::roles::subscriber: Subscribed to key expression key=topic_8
2026-06-17T19:15:12.522444Z  INFO async_nats: event: connected
2026-06-17T19:15:13.127231Z  INFO mq_bench::roles::subscriber: Starting subscriber engine=Nats key=topic_8 endpoint=None crash_enabled=false
2026-06-17T19:15:13.127309Z  INFO mq_bench::roles::subscriber: Connected via transport engine=Nats
2026-06-17T19:15:13.129771Z  INFO async_nats::connector: connected successfully server=4222 max_payload=10485760
2026-06-17T19:15:13.129863Z  INFO mq_bench::roles::subscriber: Subscribed to key expression key=topic_8
2026-06-17T19:15:13.129868Z  INFO async_nats: event: connected
2026-06-17T19:15:13.734645Z  INFO mq_bench::roles::subscriber: Starting subscriber engine=Nats key=topic_8 endpoint=None crash_enabled=false
2026-06-17T19:15:13.734779Z  INFO mq_bench::roles::subscriber: Connected via transport engine=Nats
2026-06-17T19:15:13.737063Z  INFO async_nats::connector: connected successfully server=4222 max_payload=10485760
2026-06-17T19:15:13.737153Z  INFO async_nats: event: connected
2026-06-17T19:15:13.737154Z  INFO mq_bench::roles::subscriber: Subscribed to key expression key=topic_8
2026-06-17T19:15:14.341998Z  INFO mq_bench::roles::subscriber: Starting subscriber engine=Nats key=topic_8 endpoint=None crash_enabled=false
2026-06-17T19:15:14.342041Z  INFO mq_bench::roles::subscriber: Connected via transport engine=Nats
2026-06-17T19:15:14.344240Z  INFO async_nats::connector: connected successfully server=4222 max_payload=10485760
2026-06-17T19:15:14.344338Z  INFO mq_bench::roles::subscriber: Subscribed to key expression key=topic_8
2026-06-17T19:15:14.344345Z  INFO async_nats: event: connected
2026-06-17T19:15:14.948584Z  INFO mq_bench::roles::subscriber: Starting subscriber engine=Nats key=topic_8 endpoint=None crash_enabled=false
2026-06-17T19:15:14.948624Z  INFO mq_bench::roles::subscriber: Connected via transport engine=Nats
2026-06-17T19:15:14.951028Z  INFO async_nats::connector: connected successfully server=4222 max_payload=10485760
2026-06-17T19:15:14.951113Z  INFO mq_bench::roles::subscriber: Subscribed to key expression key=topic_8
2026-06-17T19:15:14.951121Z  INFO async_nats: event: connected
2026-06-17T19:15:15.556048Z  INFO mq_bench::roles::subscriber: Starting subscriber engine=Nats key=topic_8 endpoint=None crash_enabled=false
2026-06-17T19:15:15.556110Z  INFO mq_bench::roles::subscriber: Connected via transport engine=Nats
2026-06-17T19:15:15.558365Z  INFO async_nats::connector: connected successfully server=4222 max_payload=10485760
2026-06-17T19:15:15.558440Z  INFO mq_bench::roles::subscriber: Subscribed to key expression key=topic_8
2026-06-17T19:15:15.558450Z  INFO async_nats: event: connected
2026-06-17T19:15:16.162917Z  INFO mq_bench::roles::subscriber: Starting subscriber engine=Nats key=topic_8 endpoint=None crash_enabled=false
2026-06-17T19:15:16.162959Z  INFO mq_bench::roles::subscriber: Connected via transport engine=Nats
2026-06-17T19:15:16.165327Z  INFO async_nats::connector: connected successfully server=4222 max_payload=10485760
2026-06-17T19:15:16.165426Z  INFO mq_bench::roles::subscriber: Subscribed to key expression key=topic_8
2026-06-17T19:15:16.165433Z  INFO async_nats: event: connected
2026-06-17T19:15:16.769970Z  INFO mq_bench::roles::subscriber: Starting subscriber engine=Nats key=topic_8 endpoint=None crash_enabled=false
2026-06-17T19:15:16.770015Z  INFO mq_bench::roles::subscriber: Connected via transport engine=Nats
2026-06-17T19:15:16.772353Z  INFO async_nats::connector: connected successfully server=4222 max_payload=10485760
2026-06-17T19:15:16.772448Z  INFO mq_bench::roles::subscriber: Subscribed to key expression key=topic_8
2026-06-17T19:15:16.772453Z  INFO async_nats: event: connected
2026-06-17T19:15:17.377118Z  INFO mq_bench::roles::subscriber: Starting subscriber engine=Nats key=topic_8 endpoint=None crash_enabled=false
2026-06-17T19:15:17.377163Z  INFO mq_bench::roles::subscriber: Connected via transport engine=Nats
2026-06-17T19:15:17.379462Z  INFO async_nats::connector: connected successfully server=4222 max_payload=10485760
2026-06-17T19:15:17.379552Z  INFO mq_bench::roles::subscriber: Subscribed to key expression key=topic_8
2026-06-17T19:15:17.379560Z  INFO async_nats: event: connected
2026-06-17T19:15:17.984279Z  INFO mq_bench::roles::subscriber: Starting subscriber engine=Nats key=topic_8 endpoint=None crash_enabled=false
2026-06-17T19:15:17.984319Z  INFO mq_bench::roles::subscriber: Connected via transport engine=Nats
2026-06-17T19:15:17.986514Z  INFO async_nats::connector: connected successfully server=4222 max_payload=10485760
2026-06-17T19:15:17.986613Z  INFO async_nats: event: connected
2026-06-17T19:15:17.986613Z  INFO mq_bench::roles::subscriber: Subscribed to key expression key=topic_8
2026-06-17T19:15:18.591688Z  INFO mq_bench::roles::subscriber: Starting subscriber engine=Nats key=topic_8 endpoint=None crash_enabled=false
2026-06-17T19:15:18.591727Z  INFO mq_bench::roles::subscriber: Connected via transport engine=Nats
2026-06-17T19:15:18.593890Z  INFO async_nats::connector: connected successfully server=4222 max_payload=10485760
2026-06-17T19:15:18.593979Z  INFO mq_bench::roles::subscriber: Subscribed to key expression key=topic_8
2026-06-17T19:15:18.593979Z  INFO async_nats: event: connected
2026-06-17T19:15:19.199134Z  INFO mq_bench::roles::subscriber: Starting subscriber engine=Nats key=topic_8 endpoint=None crash_enabled=false
2026-06-17T19:15:19.199175Z  INFO mq_bench::roles::subscriber: Connected via transport engine=Nats
2026-06-17T19:15:19.201311Z  INFO async_nats::connector: connected successfully server=4222 max_payload=10485760
2026-06-17T19:15:19.201387Z  INFO mq_bench::roles::subscriber: Subscribed to key expression key=topic_8
2026-06-17T19:15:19.201395Z  INFO async_nats: event: connected
2026-06-17T19:15:19.807038Z  INFO mq_bench::roles::subscriber: Starting subscriber engine=Nats key=topic_8 endpoint=None crash_enabled=false
2026-06-17T19:15:19.807078Z  INFO mq_bench::roles::subscriber: Connected via transport engine=Nats
2026-06-17T19:15:19.808044Z  INFO async_nats::connector: connected successfully server=4222 max_payload=10485760
2026-06-17T19:15:19.808117Z  INFO mq_bench::roles::subscriber: Subscribed to key expression key=topic_8
2026-06-17T19:15:19.808124Z  INFO async_nats: event: connected
2026-06-17T19:15:20.413842Z  INFO mq_bench::roles::subscriber: Starting subscriber engine=Nats key=topic_8 endpoint=None crash_enabled=false
2026-06-17T19:15:20.413881Z  INFO mq_bench::roles::subscriber: Connected via transport engine=Nats
2026-06-17T19:15:20.415950Z  INFO async_nats::connector: connected successfully server=4222 max_payload=10485760
2026-06-17T19:15:20.416043Z  INFO async_nats: event: connected
2026-06-17T19:15:20.416044Z  INFO mq_bench::roles::subscriber: Subscribed to key expression key=topic_8
2026-06-17T19:15:21.020782Z  INFO mq_bench::roles::subscriber: Starting subscriber engine=Nats key=topic_8 endpoint=None crash_enabled=false
2026-06-17T19:15:21.020821Z  INFO mq_bench::roles::subscriber: Connected via transport engine=Nats
2026-06-17T19:15:21.022987Z  INFO async_nats::connector: connected successfully server=4222 max_payload=10485760
2026-06-17T19:15:21.023069Z  INFO mq_bench::roles::subscriber: Subscribed to key expression key=topic_8
2026-06-17T19:15:21.023078Z  INFO async_nats: event: connected
2026-06-17T19:15:21.627328Z  INFO mq_bench::roles::subscriber: Starting subscriber engine=Nats key=topic_8 endpoint=None crash_enabled=false
2026-06-17T19:15:21.627375Z  INFO mq_bench::roles::subscriber: Connected via transport engine=Nats
2026-06-17T19:15:21.629472Z  INFO async_nats::connector: connected successfully server=4222 max_payload=10485760
2026-06-17T19:15:21.629550Z  INFO mq_bench::roles::subscriber: Subscribed to key expression key=topic_8
2026-06-17T19:15:21.629557Z  INFO async_nats: event: connected
2026-06-17T19:15:22.235228Z  INFO mq_bench::roles::subscriber: Starting subscriber engine=Nats key=topic_8 endpoint=None crash_enabled=false
2026-06-17T19:15:22.235266Z  INFO mq_bench::roles::subscriber: Connected via transport engine=Nats
2026-06-17T19:15:22.237375Z  INFO async_nats::connector: connected successfully server=4222 max_payload=10485760
2026-06-17T19:15:22.237465Z  INFO async_nats: event: connected
2026-06-17T19:15:22.237465Z  INFO mq_bench::roles::subscriber: Subscribed to key expression key=topic_8
2026-06-17T19:15:22.842429Z  INFO mq_bench::roles::subscriber: Starting subscriber engine=Nats key=topic_8 endpoint=None crash_enabled=false
2026-06-17T19:15:22.842470Z  INFO mq_bench::roles::subscriber: Connected via transport engine=Nats
2026-06-17T19:15:22.844655Z  INFO async_nats::connector: connected successfully server=4222 max_payload=10485760
2026-06-17T19:15:22.844751Z  INFO mq_bench::roles::subscriber: Subscribed to key expression key=topic_8
2026-06-17T19:15:22.844755Z  INFO async_nats: event: connected
2026-06-17T19:15:23.449516Z  INFO mq_bench::roles::subscriber: Starting subscriber engine=Nats key=topic_8 endpoint=None crash_enabled=false
2026-06-17T19:15:23.449551Z  INFO mq_bench::roles::subscriber: Connected via transport engine=Nats
2026-06-17T19:15:23.451970Z  INFO async_nats::connector: connected successfully server=4222 max_payload=10485760
2026-06-17T19:15:23.452056Z  INFO mq_bench::roles::subscriber: Subscribed to key expression key=topic_8
2026-06-17T19:15:23.452063Z  INFO async_nats: event: connected
2026-06-17T19:15:24.057025Z  INFO mq_bench::roles::subscriber: Starting subscriber engine=Nats key=topic_8 endpoint=None crash_enabled=false
2026-06-17T19:15:24.057060Z  INFO mq_bench::roles::subscriber: Connected via transport engine=Nats
2026-06-17T19:15:24.059337Z  INFO async_nats::connector: connected successfully server=4222 max_payload=10485760
2026-06-17T19:15:24.059421Z  INFO mq_bench::roles::subscriber: Subscribed to key expression key=topic_8
2026-06-17T19:15:24.059428Z  INFO async_nats: event: connected
2026-06-17T19:15:24.663804Z  INFO mq_bench::roles::subscriber: Starting subscriber engine=Nats key=topic_8 endpoint=None crash_enabled=false
2026-06-17T19:15:24.663836Z  INFO mq_bench::roles::subscriber: Connected via transport engine=Nats
2026-06-17T19:15:24.666144Z  INFO async_nats::connector: connected successfully server=4222 max_payload=10485760
2026-06-17T19:15:24.666259Z  INFO mq_bench::roles::subscriber: Subscribed to key expression key=topic_8
2026-06-17T19:15:24.666263Z  INFO async_nats: event: connected
2026-06-17T19:15:25.270570Z  INFO mq_bench::roles::subscriber: Starting subscriber engine=Nats key=topic_8 endpoint=None crash_enabled=false
2026-06-17T19:15:25.270592Z  INFO mq_bench::roles::subscriber: Connected via transport engine=Nats
2026-06-17T19:15:25.272832Z  INFO async_nats::connector: connected successfully server=4222 max_payload=10485760
2026-06-17T19:15:25.272916Z  INFO mq_bench::roles::subscriber: Subscribed to key expression key=topic_8
2026-06-17T19:15:25.272921Z  INFO async_nats: event: connected
2026-06-17T19:15:25.877257Z  INFO mq_bench::roles::subscriber: Starting subscriber engine=Nats key=topic_8 endpoint=None crash_enabled=false
2026-06-17T19:15:25.877288Z  INFO mq_bench::roles::subscriber: Connected via transport engine=Nats
2026-06-17T19:15:25.879401Z  INFO async_nats::connector: connected successfully server=4222 max_payload=10485760
2026-06-17T19:15:25.879481Z  INFO mq_bench::roles::subscriber: Subscribed to key expression key=topic_8
2026-06-17T19:15:25.879488Z  INFO async_nats: event: connected
2026-06-17T19:15:26.484749Z  INFO mq_bench::roles::subscriber: Starting subscriber engine=Nats key=topic_8 endpoint=None crash_enabled=false
2026-06-17T19:15:26.484783Z  INFO mq_bench::roles::subscriber: Connected via transport engine=Nats
2026-06-17T19:15:26.487966Z  INFO async_nats::connector: connected successfully server=4222 max_payload=10485760
2026-06-17T19:15:26.488044Z  INFO mq_bench::roles::subscriber: Subscribed to key expression key=topic_8
2026-06-17T19:15:26.488051Z  INFO async_nats: event: connected
2026-06-17T19:15:27.091408Z  INFO mq_bench::roles::subscriber: Starting subscriber engine=Nats key=topic_8 endpoint=None crash_enabled=false
2026-06-17T19:15:27.091445Z  INFO mq_bench::roles::subscriber: Connected via transport engine=Nats
2026-06-17T19:15:27.093574Z  INFO async_nats::connector: connected successfully server=4222 max_payload=10485760
2026-06-17T19:15:27.093656Z  INFO mq_bench::roles::subscriber: Subscribed to key expression key=topic_8
2026-06-17T19:15:27.093663Z  INFO async_nats: event: connected
2026-06-17T19:15:27.698828Z  INFO mq_bench::roles::subscriber: Starting subscriber engine=Nats key=topic_8 endpoint=None crash_enabled=false
2026-06-17T19:15:27.698868Z  INFO mq_bench::roles::subscriber: Connected via transport engine=Nats
2026-06-17T19:15:27.701077Z  INFO async_nats::connector: connected successfully server=4222 max_payload=10485760
2026-06-17T19:15:27.701166Z  INFO mq_bench::roles::subscriber: Subscribed to key expression key=topic_8
2026-06-17T19:15:27.701171Z  INFO async_nats: event: connected
2026-06-17T19:15:28.306140Z  INFO mq_bench::roles::subscriber: Starting subscriber engine=Nats key=topic_8 endpoint=None crash_enabled=false
2026-06-17T19:15:28.306181Z  INFO mq_bench::roles::subscriber: Connected via transport engine=Nats
2026-06-17T19:15:28.308374Z  INFO async_nats::connector: connected successfully server=4222 max_payload=10485760
2026-06-17T19:15:28.308451Z  INFO mq_bench::roles::subscriber: Subscribed to key expression key=topic_8
2026-06-17T19:15:28.308459Z  INFO async_nats: event: connected
2026-06-17T19:15:28.913851Z  INFO mq_bench::roles::subscriber: Starting subscriber engine=Nats key=topic_8 endpoint=None crash_enabled=false
2026-06-17T19:15:28.913886Z  INFO mq_bench::roles::subscriber: Connected via transport engine=Nats
2026-06-17T19:15:28.916173Z  INFO async_nats::connector: connected successfully server=4222 max_payload=10485760
2026-06-17T19:15:28.916289Z  INFO mq_bench::roles::subscriber: Subscribed to key expression key=topic_8
2026-06-17T19:15:28.916298Z  INFO async_nats: event: connected
2026-06-17T19:15:29.520631Z  INFO mq_bench::roles::subscriber: Starting subscriber engine=Nats key=topic_8 endpoint=None crash_enabled=false
2026-06-17T19:15:29.520661Z  INFO mq_bench::roles::subscriber: Connected via transport engine=Nats
2026-06-17T19:15:29.522941Z  INFO async_nats::connector: connected successfully server=4222 max_payload=10485760
2026-06-17T19:15:29.523040Z  INFO mq_bench::roles::subscriber: Subscribed to key expression key=topic_8
2026-06-17T19:15:29.523043Z  INFO async_nats: event: connected
2026-06-17T19:15:30.127762Z  INFO mq_bench::roles::subscriber: Starting subscriber engine=Nats key=topic_8 endpoint=None crash_enabled=false
2026-06-17T19:15:30.127802Z  INFO mq_bench::roles::subscriber: Connected via transport engine=Nats
2026-06-17T19:15:30.130173Z  INFO async_nats::connector: connected successfully server=4222 max_payload=10485760
2026-06-17T19:15:30.130314Z  INFO async_nats: event: connected
2026-06-17T19:15:30.130322Z  INFO mq_bench::roles::subscriber: Subscribed to key expression key=topic_8
2026-06-17T19:15:30.734508Z  INFO mq_bench::roles::subscriber: Starting subscriber engine=Nats key=topic_8 endpoint=None crash_enabled=false
2026-06-17T19:15:30.734546Z  INFO mq_bench::roles::subscriber: Connected via transport engine=Nats
2026-06-17T19:15:30.736715Z  INFO async_nats::connector: connected successfully server=4222 max_payload=10485760
2026-06-17T19:15:30.736814Z  INFO async_nats: event: connected
2026-06-17T19:15:30.736815Z  INFO mq_bench::roles::subscriber: Subscribed to key expression key=topic_8
2026-06-17T19:15:31.341477Z  INFO mq_bench::roles::subscriber: Starting subscriber engine=Nats key=topic_8 endpoint=None crash_enabled=false
2026-06-17T19:15:31.341533Z  INFO mq_bench::roles::subscriber: Connected via transport engine=Nats
2026-06-17T19:15:31.343809Z  INFO async_nats::connector: connected successfully server=4222 max_payload=10485760
2026-06-17T19:15:31.343902Z  INFO mq_bench::roles::subscriber: Subscribed to key expression key=topic_8
2026-06-17T19:15:31.343905Z  INFO async_nats: event: connected
2026-06-17T19:15:31.948900Z  INFO mq_bench::roles::subscriber: Starting subscriber engine=Nats key=topic_8 endpoint=None crash_enabled=false
2026-06-17T19:15:31.948939Z  INFO mq_bench::roles::subscriber: Connected via transport engine=Nats
2026-06-17T19:15:31.951420Z  INFO async_nats::connector: connected successfully server=4222 max_payload=10485760
2026-06-17T19:15:31.951509Z  INFO mq_bench::roles::subscriber: Subscribed to key expression key=topic_8
2026-06-17T19:15:31.951516Z  INFO async_nats: event: connected
2026-06-17T19:15:32.556291Z  INFO mq_bench::roles::subscriber: Starting subscriber engine=Nats key=topic_8 endpoint=None crash_enabled=false
2026-06-17T19:15:32.556334Z  INFO mq_bench::roles::subscriber: Connected via transport engine=Nats
2026-06-17T19:15:32.558685Z  INFO async_nats::connector: connected successfully server=4222 max_payload=10485760
2026-06-17T19:15:32.558767Z  INFO mq_bench::roles::subscriber: Subscribed to key expression key=topic_8
2026-06-17T19:15:32.558774Z  INFO async_nats: event: connected
2026-06-17T19:15:33.163965Z  INFO mq_bench::roles::subscriber: Starting subscriber engine=Nats key=topic_8 endpoint=None crash_enabled=false
2026-06-17T19:15:33.163999Z  INFO mq_bench::roles::subscriber: Connected via transport engine=Nats
2026-06-17T19:15:33.166405Z  INFO async_nats::connector: connected successfully server=4222 max_payload=10485760
2026-06-17T19:15:33.166508Z  INFO async_nats: event: connected
2026-06-17T19:15:33.166509Z  INFO mq_bench::roles::subscriber: Subscribed to key expression key=topic_8
2026-06-17T19:15:33.770573Z  INFO mq_bench::roles::subscriber: Starting subscriber engine=Nats key=topic_8 endpoint=None crash_enabled=false
2026-06-17T19:15:33.770610Z  INFO mq_bench::roles::subscriber: Connected via transport engine=Nats
2026-06-17T19:15:33.772698Z  INFO async_nats::connector: connected successfully server=4222 max_payload=10485760
2026-06-17T19:15:33.772787Z  INFO mq_bench::roles::subscriber: Subscribed to key expression key=topic_8
2026-06-17T19:15:33.772795Z  INFO async_nats: event: connected
2026-06-17T19:15:34.377968Z  INFO mq_bench::roles::subscriber: Starting subscriber engine=Nats key=topic_8 endpoint=None crash_enabled=false
2026-06-17T19:15:34.378004Z  INFO mq_bench::roles::subscriber: Connected via transport engine=Nats
2026-06-17T19:15:34.380164Z  INFO async_nats::connector: connected successfully server=4222 max_payload=10485760
2026-06-17T19:15:34.380268Z  INFO mq_bench::roles::subscriber: Subscribed to key expression key=topic_8
2026-06-17T19:15:34.380275Z  INFO async_nats: event: connected
2026-06-17T19:15:34.985137Z  INFO mq_bench::roles::subscriber: Starting subscriber engine=Nats key=topic_8 endpoint=None crash_enabled=false
2026-06-17T19:15:34.985197Z  INFO mq_bench::roles::subscriber: Connected via transport engine=Nats
2026-06-17T19:15:34.987280Z  INFO async_nats::connector: connected successfully server=4222 max_payload=10485760
2026-06-17T19:15:34.987356Z  INFO mq_bench::roles::subscriber: Subscribed to key expression key=topic_8
2026-06-17T19:15:34.987363Z  INFO async_nats: event: connected
2026-06-17T19:15:35.592298Z  INFO mq_bench::roles::subscriber: Starting subscriber engine=Nats key=topic_8 endpoint=None crash_enabled=false
2026-06-17T19:15:35.592340Z  INFO mq_bench::roles::subscriber: Connected via transport engine=Nats
2026-06-17T19:15:35.594680Z  INFO async_nats::connector: connected successfully server=4222 max_payload=10485760
2026-06-17T19:15:35.594765Z  INFO mq_bench::roles::subscriber: Subscribed to key expression key=topic_8
2026-06-17T19:15:35.594773Z  INFO async_nats: event: connected
2026-06-17T19:15:36.200136Z  INFO mq_bench::roles::subscriber: Starting subscriber engine=Nats key=topic_8 endpoint=None crash_enabled=false
2026-06-17T19:15:36.200192Z  INFO mq_bench::roles::subscriber: Connected via transport engine=Nats
2026-06-17T19:15:36.202347Z  INFO async_nats::connector: connected successfully server=4222 max_payload=10485760
2026-06-17T19:15:36.202433Z  INFO mq_bench::roles::subscriber: Subscribed to key expression key=topic_8
2026-06-17T19:15:36.202440Z  INFO async_nats: event: connected
2026-06-17T19:15:36.807965Z  INFO mq_bench::roles::subscriber: Starting subscriber engine=Nats key=topic_8 endpoint=None crash_enabled=false
2026-06-17T19:15:36.808003Z  INFO mq_bench::roles::subscriber: Connected via transport engine=Nats
2026-06-17T19:15:36.810079Z  INFO async_nats::connector: connected successfully server=4222 max_payload=10485760
2026-06-17T19:15:36.810176Z  INFO async_nats: event: connected
2026-06-17T19:15:36.810177Z  INFO mq_bench::roles::subscriber: Subscribed to key expression key=topic_8
2026-06-17T19:15:37.414477Z  INFO mq_bench::roles::subscriber: Starting subscriber engine=Nats key=topic_8 endpoint=None crash_enabled=false
2026-06-17T19:15:37.414510Z  INFO mq_bench::roles::subscriber: Connected via transport engine=Nats
2026-06-17T19:15:37.416584Z  INFO async_nats::connector: connected successfully server=4222 max_payload=10485760
2026-06-17T19:15:37.416683Z  INFO mq_bench::roles::subscriber: Subscribed to key expression key=topic_8
2026-06-17T19:15:37.416690Z  INFO async_nats: event: connected
2026-06-17T19:15:38.022102Z  INFO mq_bench::roles::subscriber: Starting subscriber engine=Nats key=topic_8 endpoint=None crash_enabled=false
2026-06-17T19:15:38.022141Z  INFO mq_bench::roles::subscriber: Connected via transport engine=Nats
2026-06-17T19:15:38.024467Z  INFO async_nats::connector: connected successfully server=4222 max_payload=10485760
2026-06-17T19:15:38.024549Z  INFO mq_bench::roles::subscriber: Subscribed to key expression key=topic_8
2026-06-17T19:15:38.024555Z  INFO async_nats: event: connected
2026-06-17T19:15:38.630219Z  INFO mq_bench::roles::subscriber: Starting subscriber engine=Nats key=topic_8 endpoint=None crash_enabled=false
2026-06-17T19:15:38.630266Z  INFO mq_bench::roles::subscriber: Connected via transport engine=Nats
2026-06-17T19:15:38.632407Z  INFO async_nats::connector: connected successfully server=4222 max_payload=10485760
2026-06-17T19:15:38.632497Z  INFO mq_bench::roles::subscriber: Subscribed to key expression key=topic_8
2026-06-17T19:15:38.632504Z  INFO async_nats: event: connected
2026-06-17T19:15:39.237437Z  INFO mq_bench::roles::subscriber: Starting subscriber engine=Nats key=topic_8 endpoint=None crash_enabled=false
2026-06-17T19:15:39.237475Z  INFO mq_bench::roles::subscriber: Connected via transport engine=Nats
2026-06-17T19:15:39.239662Z  INFO async_nats::connector: connected successfully server=4222 max_payload=10485760
2026-06-17T19:15:39.239746Z  INFO mq_bench::roles::subscriber: Subscribed to key expression key=topic_8
2026-06-17T19:15:39.239751Z  INFO async_nats: event: connected
2026-06-17T19:15:39.845034Z  INFO mq_bench::roles::subscriber: Starting subscriber engine=Nats key=topic_8 endpoint=None crash_enabled=false
2026-06-17T19:15:39.845080Z  INFO mq_bench::roles::subscriber: Connected via transport engine=Nats
2026-06-17T19:15:39.847238Z  INFO async_nats::connector: connected successfully server=4222 max_payload=10485760
2026-06-17T19:15:39.847321Z  INFO mq_bench::roles::subscriber: Subscribed to key expression key=topic_8
2026-06-17T19:15:39.847329Z  INFO async_nats: event: connected
2026-06-17T19:15:40.451357Z  INFO mq_bench::roles::subscriber: Starting subscriber engine=Nats key=topic_8 endpoint=None crash_enabled=false
2026-06-17T19:15:40.451394Z  INFO mq_bench::roles::subscriber: Connected via transport engine=Nats
2026-06-17T19:15:40.453632Z  INFO async_nats::connector: connected successfully server=4222 max_payload=10485760
2026-06-17T19:15:40.453726Z  INFO mq_bench::roles::subscriber: Subscribed to key expression key=topic_8
2026-06-17T19:15:40.453734Z  INFO async_nats: event: connected
2026-06-17T19:15:41.059039Z  INFO mq_bench::roles::subscriber: Starting subscriber engine=Nats key=topic_8 endpoint=None crash_enabled=false
2026-06-17T19:15:41.059077Z  INFO mq_bench::roles::subscriber: Connected via transport engine=Nats
2026-06-17T19:15:41.060248Z  INFO async_nats::connector: connected successfully server=4222 max_payload=10485760
2026-06-17T19:15:41.060332Z  INFO async_nats: event: connected
2026-06-17T19:15:41.060338Z  INFO mq_bench::roles::subscriber: Subscribed to key expression key=topic_8
2026-06-17T19:15:41.665469Z  INFO mq_bench::roles::subscriber: Starting subscriber engine=Nats key=topic_8 endpoint=None crash_enabled=false
2026-06-17T19:15:41.665507Z  INFO mq_bench::roles::subscriber: Connected via transport engine=Nats
2026-06-17T19:15:41.667843Z  INFO async_nats::connector: connected successfully server=4222 max_payload=10485760
2026-06-17T19:15:41.667916Z  INFO mq_bench::roles::subscriber: Subscribed to key expression key=topic_8
2026-06-17T19:15:41.667923Z  INFO async_nats: event: connected
2026-06-17T19:15:42.272752Z  INFO mq_bench::roles::subscriber: Starting subscriber engine=Nats key=topic_8 endpoint=None crash_enabled=false
2026-06-17T19:15:42.272789Z  INFO mq_bench::roles::subscriber: Connected via transport engine=Nats
2026-06-17T19:15:42.275134Z  INFO async_nats::connector: connected successfully server=4222 max_payload=10485760
2026-06-17T19:15:42.275252Z  INFO mq_bench::roles::subscriber: Subscribed to key expression key=topic_8
2026-06-17T19:15:42.275259Z  INFO async_nats: event: connected
2026-06-17T19:15:42.880146Z  INFO mq_bench::roles::subscriber: Starting subscriber engine=Nats key=topic_8 endpoint=None crash_enabled=false
2026-06-17T19:15:42.880182Z  INFO mq_bench::roles::subscriber: Connected via transport engine=Nats
2026-06-17T19:15:42.882776Z  INFO async_nats::connector: connected successfully server=4222 max_payload=10485760
2026-06-17T19:15:42.882859Z  INFO mq_bench::roles::subscriber: Subscribed to key expression key=topic_8
2026-06-17T19:15:42.882862Z  INFO async_nats: event: connected
2026-06-17T19:15:43.488230Z  INFO mq_bench::roles::subscriber: Starting subscriber engine=Nats key=topic_8 endpoint=None crash_enabled=false
2026-06-17T19:15:43.488271Z  INFO mq_bench::roles::subscriber: Connected via transport engine=Nats
2026-06-17T19:15:43.490632Z  INFO async_nats::connector: connected successfully server=4222 max_payload=10485760
2026-06-17T19:15:43.490713Z  INFO mq_bench::roles::subscriber: Subscribed to key expression key=topic_8
2026-06-17T19:15:43.490720Z  INFO async_nats: event: connected
2026-06-17T19:15:44.095695Z  INFO mq_bench::roles::subscriber: Starting subscriber engine=Nats key=topic_8 endpoint=None crash_enabled=false
2026-06-17T19:15:44.095733Z  INFO mq_bench::roles::subscriber: Connected via transport engine=Nats
2026-06-17T19:15:44.098002Z  INFO async_nats::connector: connected successfully server=4222 max_payload=10485760
2026-06-17T19:15:44.098093Z  INFO mq_bench::roles::subscriber: Subscribed to key expression key=topic_8
2026-06-17T19:15:44.098098Z  INFO async_nats: event: connected
2026-06-17T19:15:44.703049Z  INFO mq_bench::roles::subscriber: Starting subscriber engine=Nats key=topic_8 endpoint=None crash_enabled=false
2026-06-17T19:15:44.703091Z  INFO mq_bench::roles::subscriber: Connected via transport engine=Nats
2026-06-17T19:15:44.706221Z  INFO async_nats::connector: connected successfully server=4222 max_payload=10485760
2026-06-17T19:15:44.706306Z  INFO mq_bench::roles::subscriber: Subscribed to key expression key=topic_8
2026-06-17T19:15:44.706313Z  INFO async_nats: event: connected
2026-06-17T19:15:45.310231Z  INFO mq_bench::roles::subscriber: Starting subscriber engine=Nats key=topic_8 endpoint=None crash_enabled=false
2026-06-17T19:15:45.310267Z  INFO mq_bench::roles::subscriber: Connected via transport engine=Nats
2026-06-17T19:15:45.312467Z  INFO async_nats::connector: connected successfully server=4222 max_payload=10485760
2026-06-17T19:15:45.312567Z  INFO mq_bench::roles::subscriber: Subscribed to key expression key=topic_8
2026-06-17T19:15:45.312572Z  INFO async_nats: event: connected
2026-06-17T19:15:45.918053Z  INFO mq_bench::roles::subscriber: Starting subscriber engine=Nats key=topic_8 endpoint=None crash_enabled=false
2026-06-17T19:15:45.918096Z  INFO mq_bench::roles::subscriber: Connected via transport engine=Nats
2026-06-17T19:15:45.920397Z  INFO async_nats::connector: connected successfully server=4222 max_payload=10485760
2026-06-17T19:15:45.920473Z  INFO async_nats: event: connected
2026-06-17T19:15:45.920475Z  INFO mq_bench::roles::subscriber: Subscribed to key expression key=topic_8
2026-06-17T19:15:46.524573Z  INFO mq_bench::roles::subscriber: Starting subscriber engine=Nats key=topic_8 endpoint=None crash_enabled=false
2026-06-17T19:15:46.524599Z  INFO mq_bench::roles::subscriber: Connected via transport engine=Nats
2026-06-17T19:15:46.526886Z  INFO async_nats::connector: connected successfully server=4222 max_payload=10485760
2026-06-17T19:15:46.526970Z  INFO mq_bench::roles::subscriber: Subscribed to key expression key=topic_8
2026-06-17T19:15:46.526977Z  INFO async_nats: event: connected
2026-06-17T19:15:47.131943Z  INFO mq_bench::roles::subscriber: Starting subscriber engine=Nats key=topic_8 endpoint=None crash_enabled=false
2026-06-17T19:15:47.131973Z  INFO mq_bench::roles::subscriber: Connected via transport engine=Nats
2026-06-17T19:15:47.134252Z  INFO async_nats::connector: connected successfully server=4222 max_payload=10485760
2026-06-17T19:15:47.134351Z  INFO mq_bench::roles::subscriber: Subscribed to key expression key=topic_8
2026-06-17T19:15:47.134354Z  INFO async_nats: event: connected
2026-06-17T19:15:47.738914Z  INFO mq_bench::roles::subscriber: Starting subscriber engine=Nats key=topic_8 endpoint=None crash_enabled=false
2026-06-17T19:15:47.738957Z  INFO mq_bench::roles::subscriber: Connected via transport engine=Nats
2026-06-17T19:15:47.741942Z  INFO async_nats::connector: connected successfully server=4222 max_payload=10485760
2026-06-17T19:15:47.742038Z  INFO async_nats: event: connected
2026-06-17T19:15:47.742038Z  INFO mq_bench::roles::subscriber: Subscribed to key expression key=topic_8
2026-06-17T19:15:48.345727Z  INFO mq_bench::roles::subscriber: Starting subscriber engine=Nats key=topic_8 endpoint=None crash_enabled=false
2026-06-17T19:15:48.345769Z  INFO mq_bench::roles::subscriber: Connected via transport engine=Nats
2026-06-17T19:15:48.347870Z  INFO async_nats::connector: connected successfully server=4222 max_payload=10485760
2026-06-17T19:15:48.347970Z  INFO async_nats: event: connected
2026-06-17T19:15:48.347973Z  INFO mq_bench::roles::subscriber: Subscribed to key expression key=topic_8
2026-06-17T19:15:48.952836Z  INFO mq_bench::roles::subscriber: Starting subscriber engine=Nats key=topic_8 endpoint=None crash_enabled=false
2026-06-17T19:15:48.952886Z  INFO mq_bench::roles::subscriber: Connected via transport engine=Nats
2026-06-17T19:15:48.955123Z  INFO async_nats::connector: connected successfully server=4222 max_payload=10485760
2026-06-17T19:15:48.955229Z  INFO async_nats: event: connected
2026-06-17T19:15:48.955249Z  INFO mq_bench::roles::subscriber: Subscribed to key expression key=topic_8
2026-06-17T19:15:49.559515Z  INFO mq_bench::roles::subscriber: Starting subscriber engine=Nats key=topic_8 endpoint=None crash_enabled=false
2026-06-17T19:15:49.559559Z  INFO mq_bench::roles::subscriber: Connected via transport engine=Nats
2026-06-17T19:15:49.561681Z  INFO async_nats::connector: connected successfully server=4222 max_payload=10485760
2026-06-17T19:15:49.561768Z  INFO mq_bench::roles::subscriber: Subscribed to key expression key=topic_8
2026-06-17T19:15:49.561776Z  INFO async_nats: event: connected
2026-06-17T19:15:50.166764Z  INFO mq_bench::roles::subscriber: Starting subscriber engine=Nats key=topic_8 endpoint=None crash_enabled=false
2026-06-17T19:15:50.166804Z  INFO mq_bench::roles::subscriber: Connected via transport engine=Nats
2026-06-17T19:15:50.168961Z  INFO async_nats::connector: connected successfully server=4222 max_payload=10485760
2026-06-17T19:15:50.169042Z  INFO mq_bench::roles::subscriber: Subscribed to key expression key=topic_8
2026-06-17T19:15:50.169047Z  INFO async_nats: event: connected
2026-06-17T19:15:50.773965Z  INFO mq_bench::roles::subscriber: Starting subscriber engine=Nats key=topic_8 endpoint=None crash_enabled=false
2026-06-17T19:15:50.774004Z  INFO mq_bench::roles::subscriber: Connected via transport engine=Nats
2026-06-17T19:15:50.776290Z  INFO async_nats::connector: connected successfully server=4222 max_payload=10485760
2026-06-17T19:15:50.776359Z  INFO mq_bench::roles::subscriber: Subscribed to key expression key=topic_8
2026-06-17T19:15:50.776361Z  INFO async_nats: event: connected
2026-06-17T19:15:51.380769Z  INFO mq_bench::roles::subscriber: Starting subscriber engine=Nats key=topic_8 endpoint=None crash_enabled=false
2026-06-17T19:15:51.380806Z  INFO mq_bench::roles::subscriber: Connected via transport engine=Nats
2026-06-17T19:15:51.382943Z  INFO async_nats::connector: connected successfully server=4222 max_payload=10485760
2026-06-17T19:15:51.383038Z  INFO async_nats: event: connected
2026-06-17T19:15:51.383039Z  INFO mq_bench::roles::subscriber: Subscribed to key expression key=topic_8
2026-06-17T19:15:51.987975Z  INFO mq_bench::roles::subscriber: Starting subscriber engine=Nats key=topic_8 endpoint=None crash_enabled=false
2026-06-17T19:15:51.988013Z  INFO mq_bench::roles::subscriber: Connected via transport engine=Nats
2026-06-17T19:15:51.990076Z  INFO async_nats::connector: connected successfully server=4222 max_payload=10485760
2026-06-17T19:15:51.990160Z  INFO async_nats: event: connected
2026-06-17T19:15:51.990160Z  INFO mq_bench::roles::subscriber: Subscribed to key expression key=topic_8
2026-06-17T19:15:52.595213Z  INFO mq_bench::roles::subscriber: Starting subscriber engine=Nats key=topic_8 endpoint=None crash_enabled=false
2026-06-17T19:15:52.595249Z  INFO mq_bench::roles::subscriber: Connected via transport engine=Nats
2026-06-17T19:15:52.597317Z  INFO async_nats::connector: connected successfully server=4222 max_payload=10485760
2026-06-17T19:15:52.597399Z  INFO mq_bench::roles::subscriber: Subscribed to key expression key=topic_8
2026-06-17T19:15:52.597405Z  INFO async_nats: event: connected
2026-06-17T19:15:53.203150Z  INFO mq_bench::roles::subscriber: Starting subscriber engine=Nats key=topic_8 endpoint=None crash_enabled=false
2026-06-17T19:15:53.203184Z  INFO mq_bench::roles::subscriber: Connected via transport engine=Nats
2026-06-17T19:15:53.205596Z  INFO async_nats::connector: connected successfully server=4222 max_payload=10485760
2026-06-17T19:15:53.205678Z  INFO mq_bench::roles::subscriber: Subscribed to key expression key=topic_8
2026-06-17T19:15:53.205685Z  INFO async_nats: event: connected
2026-06-17T19:15:53.811058Z  INFO mq_bench::roles::subscriber: Starting subscriber engine=Nats key=topic_8 endpoint=None crash_enabled=false
2026-06-17T19:15:53.811095Z  INFO mq_bench::roles::subscriber: Connected via transport engine=Nats
2026-06-17T19:15:53.814611Z  INFO async_nats::connector: connected successfully server=4222 max_payload=10485760
2026-06-17T19:15:53.814690Z  INFO mq_bench::roles::subscriber: Subscribed to key expression key=topic_8
2026-06-17T19:15:53.814694Z  INFO async_nats: event: connected
2026-06-17T19:15:54.417924Z  INFO mq_bench::roles::subscriber: Starting subscriber engine=Nats key=topic_8 endpoint=None crash_enabled=false
2026-06-17T19:15:54.417967Z  INFO mq_bench::roles::subscriber: Connected via transport engine=Nats
2026-06-17T19:15:54.420191Z  INFO async_nats::connector: connected successfully server=4222 max_payload=10485760
2026-06-17T19:15:54.420291Z  INFO mq_bench::roles::subscriber: Subscribed to key expression key=topic_8
2026-06-17T19:15:54.420296Z  INFO async_nats: event: connected
2026-06-17T19:15:55.024313Z  INFO mq_bench::roles::subscriber: Starting subscriber engine=Nats key=topic_8 endpoint=None crash_enabled=false
2026-06-17T19:15:55.024350Z  INFO mq_bench::roles::subscriber: Connected via transport engine=Nats
2026-06-17T19:15:55.026637Z  INFO async_nats::connector: connected successfully server=4222 max_payload=10485760
2026-06-17T19:15:55.026758Z  INFO async_nats: event: connected
2026-06-17T19:15:55.026822Z  INFO mq_bench::roles::subscriber: Subscribed to key expression key=topic_8
2026-06-17T19:15:55.631840Z  INFO mq_bench::roles::subscriber: Starting subscriber engine=Nats key=topic_8 endpoint=None crash_enabled=false
2026-06-17T19:15:55.631871Z  INFO mq_bench::roles::subscriber: Connected via transport engine=Nats
2026-06-17T19:15:55.633901Z  INFO async_nats::connector: connected successfully server=4222 max_payload=10485760
2026-06-17T19:15:55.633986Z  INFO mq_bench::roles::subscriber: Subscribed to key expression key=topic_8
2026-06-17T19:15:55.633986Z  INFO async_nats: event: connected
2026-06-17T19:15:56.238989Z  INFO mq_bench::roles::subscriber: Starting subscriber engine=Nats key=topic_8 endpoint=None crash_enabled=false
2026-06-17T19:15:56.239019Z  INFO mq_bench::roles::subscriber: Connected via transport engine=Nats
2026-06-17T19:15:56.241071Z  INFO async_nats::connector: connected successfully server=4222 max_payload=10485760
2026-06-17T19:15:56.241162Z  INFO async_nats: event: connected
2026-06-17T19:15:56.241163Z  INFO mq_bench::roles::subscriber: Subscribed to key expression key=topic_8
2026-06-17T19:15:56.845829Z  INFO mq_bench::roles::subscriber: Starting subscriber engine=Nats key=topic_8 endpoint=None crash_enabled=false
2026-06-17T19:15:56.845874Z  INFO mq_bench::roles::subscriber: Connected via transport engine=Nats
2026-06-17T19:15:56.848145Z  INFO async_nats::connector: connected successfully server=4222 max_payload=10485760
2026-06-17T19:15:56.848239Z  INFO mq_bench::roles::subscriber: Subscribed to key expression key=topic_8
2026-06-17T19:15:56.848246Z  INFO async_nats: event: connected
2026-06-17T19:15:57.452794Z  INFO mq_bench::roles::subscriber: Starting subscriber engine=Nats key=topic_8 endpoint=None crash_enabled=false
2026-06-17T19:15:57.452827Z  INFO mq_bench::roles::subscriber: Connected via transport engine=Nats
2026-06-17T19:15:57.455003Z  INFO async_nats::connector: connected successfully server=4222 max_payload=10485760
2026-06-17T19:15:57.455082Z  INFO mq_bench::roles::subscriber: Subscribed to key expression key=topic_8
2026-06-17T19:15:57.455091Z  INFO async_nats: event: connected
2026-06-17T19:15:58.059380Z  INFO mq_bench::roles::subscriber: Starting subscriber engine=Nats key=topic_8 endpoint=None crash_enabled=false
2026-06-17T19:15:58.059419Z  INFO mq_bench::roles::subscriber: Connected via transport engine=Nats
2026-06-17T19:15:58.061636Z  INFO async_nats::connector: connected successfully server=4222 max_payload=10485760
2026-06-17T19:15:58.061731Z  INFO mq_bench::roles::subscriber: Subscribed to key expression key=topic_8
2026-06-17T19:15:58.061737Z  INFO async_nats: event: connected
2026-06-17T19:15:58.666959Z  INFO mq_bench::roles::subscriber: Starting subscriber engine=Nats key=topic_8 endpoint=None crash_enabled=false
2026-06-17T19:15:58.667006Z  INFO mq_bench::roles::subscriber: Connected via transport engine=Nats
2026-06-17T19:15:58.669176Z  INFO async_nats::connector: connected successfully server=4222 max_payload=10485760
2026-06-17T19:15:58.669267Z  INFO mq_bench::roles::subscriber: Subscribed to key expression key=topic_8
2026-06-17T19:15:58.669273Z  INFO async_nats: event: connected
2026-06-17T19:15:59.274073Z  INFO mq_bench::roles::subscriber: Starting subscriber engine=Nats key=topic_8 endpoint=None crash_enabled=false
2026-06-17T19:15:59.274112Z  INFO mq_bench::roles::subscriber: Connected via transport engine=Nats
2026-06-17T19:15:59.276229Z  INFO async_nats::connector: connected successfully server=4222 max_payload=10485760
2026-06-17T19:15:59.276321Z  INFO mq_bench::roles::subscriber: Subscribed to key expression key=topic_8
2026-06-17T19:15:59.276327Z  INFO async_nats: event: connected
2026-06-17T19:15:59.880673Z  INFO mq_bench::roles::subscriber: Starting subscriber engine=Nats key=topic_8 endpoint=None crash_enabled=false
2026-06-17T19:15:59.880710Z  INFO mq_bench::roles::subscriber: Connected via transport engine=Nats
2026-06-17T19:15:59.882852Z  INFO async_nats::connector: connected successfully server=4222 max_payload=10485760
2026-06-17T19:15:59.882940Z  INFO mq_bench::roles::subscriber: Subscribed to key expression key=topic_8
2026-06-17T19:15:59.882945Z  INFO async_nats: event: connected
2026-06-17T19:16:00.487282Z  INFO mq_bench::roles::subscriber: Starting subscriber engine=Nats key=topic_8 endpoint=None crash_enabled=false
2026-06-17T19:16:00.487324Z  INFO mq_bench::roles::subscriber: Connected via transport engine=Nats
2026-06-17T19:16:00.489478Z  INFO async_nats::connector: connected successfully server=4222 max_payload=10485760
2026-06-17T19:16:00.489562Z  INFO mq_bench::roles::subscriber: Subscribed to key expression key=topic_8
2026-06-17T19:16:00.489570Z  INFO async_nats: event: connected
2026-06-17T19:16:01.094420Z  INFO mq_bench::roles::subscriber: Starting subscriber engine=Nats key=topic_8 endpoint=None crash_enabled=false
2026-06-17T19:16:01.094461Z  INFO mq_bench::roles::subscriber: Connected via transport engine=Nats
2026-06-17T19:16:01.096684Z  INFO async_nats::connector: connected successfully server=4222 max_payload=10485760
2026-06-17T19:16:01.096751Z  INFO mq_bench::roles::subscriber: Subscribed to key expression key=topic_8
2026-06-17T19:16:01.096757Z  INFO async_nats: event: connected
2026-06-17T19:16:01.701602Z  INFO mq_bench::roles::subscriber: Starting subscriber engine=Nats key=topic_8 endpoint=None crash_enabled=false
2026-06-17T19:16:01.701635Z  INFO mq_bench::roles::subscriber: Connected via transport engine=Nats
2026-06-17T19:16:01.705800Z  INFO async_nats::connector: connected successfully server=4222 max_payload=10485760
2026-06-17T19:16:01.705883Z  INFO mq_bench::roles::subscriber: Subscribed to key expression key=topic_8
2026-06-17T19:16:01.705889Z  INFO async_nats: event: connected
2026-06-17T19:16:02.308806Z  INFO mq_bench::roles::subscriber: Starting subscriber engine=Nats key=topic_8 endpoint=None crash_enabled=false
2026-06-17T19:16:02.308836Z  INFO mq_bench::roles::subscriber: Connected via transport engine=Nats
2026-06-17T19:16:02.311039Z  INFO async_nats::connector: connected successfully server=4222 max_payload=10485760
2026-06-17T19:16:02.311129Z  INFO mq_bench::roles::subscriber: Subscribed to key expression key=topic_8
2026-06-17T19:16:02.311135Z  INFO async_nats: event: connected
2026-06-17T19:16:02.915846Z  INFO mq_bench::roles::subscriber: Starting subscriber engine=Nats key=topic_8 endpoint=None crash_enabled=false
2026-06-17T19:16:02.915880Z  INFO mq_bench::roles::subscriber: Connected via transport engine=Nats
2026-06-17T19:16:02.918343Z  INFO async_nats::connector: connected successfully server=4222 max_payload=10485760
2026-06-17T19:16:02.918430Z  INFO async_nats: event: connected
2026-06-17T19:16:02.918434Z  INFO mq_bench::roles::subscriber: Subscribed to key expression key=topic_8
2026-06-17T19:16:03.522528Z  INFO mq_bench::roles::subscriber: Starting subscriber engine=Nats key=topic_8 endpoint=None crash_enabled=false
2026-06-17T19:16:03.522555Z  INFO mq_bench::roles::subscriber: Connected via transport engine=Nats
2026-06-17T19:16:03.524760Z  INFO async_nats::connector: connected successfully server=4222 max_payload=10485760
2026-06-17T19:16:03.524859Z  INFO async_nats: event: connected
2026-06-17T19:16:03.524860Z  INFO mq_bench::roles::subscriber: Subscribed to key expression key=topic_8
2026-06-17T19:16:04.130024Z  INFO mq_bench::roles::subscriber: Starting subscriber engine=Nats key=topic_8 endpoint=None crash_enabled=false
2026-06-17T19:16:04.130060Z  INFO mq_bench::roles::subscriber: Connected via transport engine=Nats
2026-06-17T19:16:04.132317Z  INFO async_nats::connector: connected successfully server=4222 max_payload=10485760
2026-06-17T19:16:04.132417Z  INFO async_nats: event: connected
2026-06-17T19:16:04.132419Z  INFO mq_bench::roles::subscriber: Subscribed to key expression key=topic_8
2026-06-17T19:16:04.736709Z  INFO mq_bench::roles::subscriber: Starting subscriber engine=Nats key=topic_8 endpoint=None crash_enabled=false
2026-06-17T19:16:04.736740Z  INFO mq_bench::roles::subscriber: Connected via transport engine=Nats
2026-06-17T19:16:04.739085Z  INFO async_nats::connector: connected successfully server=4222 max_payload=10485760
2026-06-17T19:16:04.739168Z  INFO mq_bench::roles::subscriber: Subscribed to key expression key=topic_8
2026-06-17T19:16:04.739175Z  INFO async_nats: event: connected
2026-06-17T19:16:05.343548Z  INFO mq_bench::roles::subscriber: Starting subscriber engine=Nats key=topic_8 endpoint=None crash_enabled=false
2026-06-17T19:16:05.343584Z  INFO mq_bench::roles::subscriber: Connected via transport engine=Nats
2026-06-17T19:16:05.345826Z  INFO async_nats::connector: connected successfully server=4222 max_payload=10485760
2026-06-17T19:16:05.345923Z  INFO async_nats: event: connected
2026-06-17T19:16:05.345924Z  INFO mq_bench::roles::subscriber: Subscribed to key expression key=topic_8
2026-06-17T19:16:05.951261Z  INFO mq_bench::roles::subscriber: Starting subscriber engine=Nats key=topic_8 endpoint=None crash_enabled=false
2026-06-17T19:16:05.951312Z  INFO mq_bench::roles::subscriber: Connected via transport engine=Nats
2026-06-17T19:16:05.953357Z  INFO async_nats::connector: connected successfully server=4222 max_payload=10485760
2026-06-17T19:16:05.953438Z  INFO mq_bench::roles::subscriber: Subscribed to key expression key=topic_8
2026-06-17T19:16:05.953447Z  INFO async_nats: event: connected
2026-06-17T19:16:06.559136Z  INFO mq_bench::roles::subscriber: Starting subscriber engine=Nats key=topic_8 endpoint=None crash_enabled=false
2026-06-17T19:16:06.559173Z  INFO mq_bench::roles::subscriber: Connected via transport engine=Nats
2026-06-17T19:16:06.561528Z  INFO async_nats::connector: connected successfully server=4222 max_payload=10485760
2026-06-17T19:16:06.561614Z  INFO mq_bench::roles::subscriber: Subscribed to key expression key=topic_8
2026-06-17T19:16:06.561622Z  INFO async_nats: event: connected
2026-06-17T19:16:07.167182Z  INFO mq_bench::roles::subscriber: Starting subscriber engine=Nats key=topic_8 endpoint=None crash_enabled=false
2026-06-17T19:16:07.167243Z  INFO mq_bench::roles::subscriber: Connected via transport engine=Nats
2026-06-17T19:16:07.169451Z  INFO async_nats::connector: connected successfully server=4222 max_payload=10485760
2026-06-17T19:16:07.169548Z  INFO async_nats: event: connected
2026-06-17T19:16:07.169551Z  INFO mq_bench::roles::subscriber: Subscribed to key expression key=topic_8
2026-06-17T19:16:07.774290Z  INFO mq_bench::roles::subscriber: Starting subscriber engine=Nats key=topic_8 endpoint=None crash_enabled=false
2026-06-17T19:16:07.774334Z  INFO mq_bench::roles::subscriber: Connected via transport engine=Nats
2026-06-17T19:16:07.776647Z  INFO async_nats::connector: connected successfully server=4222 max_payload=10485760
2026-06-17T19:16:07.776716Z  INFO mq_bench::roles::subscriber: Subscribed to key expression key=topic_8
2026-06-17T19:16:07.776723Z  INFO async_nats: event: connected
2026-06-17T19:16:08.381850Z  INFO mq_bench::roles::subscriber: Starting subscriber engine=Nats key=topic_8 endpoint=None crash_enabled=false
2026-06-17T19:16:08.381894Z  INFO mq_bench::roles::subscriber: Connected via transport engine=Nats
2026-06-17T19:16:08.383993Z  INFO async_nats::connector: connected successfully server=4222 max_payload=10485760
2026-06-17T19:16:08.384069Z  INFO mq_bench::roles::subscriber: Subscribed to key expression key=topic_8
2026-06-17T19:16:08.384075Z  INFO async_nats: event: connected
2026-06-17T19:16:08.988429Z  INFO mq_bench::roles::subscriber: Starting subscriber engine=Nats key=topic_8 endpoint=None crash_enabled=false
2026-06-17T19:16:08.988466Z  INFO mq_bench::roles::subscriber: Connected via transport engine=Nats
2026-06-17T19:16:08.990837Z  INFO async_nats::connector: connected successfully server=4222 max_payload=10485760
2026-06-17T19:16:08.990924Z  INFO mq_bench::roles::subscriber: Subscribed to key expression key=topic_8
2026-06-17T19:16:08.990929Z  INFO async_nats: event: connected
2026-06-17T19:16:09.595947Z  INFO mq_bench::roles::subscriber: Starting subscriber engine=Nats key=topic_8 endpoint=None crash_enabled=false
2026-06-17T19:16:09.596006Z  INFO mq_bench::roles::subscriber: Connected via transport engine=Nats
2026-06-17T19:16:09.598420Z  INFO async_nats::connector: connected successfully server=4222 max_payload=10485760
2026-06-17T19:16:09.598505Z  INFO async_nats: event: connected
2026-06-17T19:16:09.598505Z  INFO mq_bench::roles::subscriber: Subscribed to key expression key=topic_8
2026-06-17T19:16:10.202594Z  INFO mq_bench::roles::subscriber: Starting subscriber engine=Nats key=topic_8 endpoint=None crash_enabled=false
2026-06-17T19:16:10.202635Z  INFO mq_bench::roles::subscriber: Connected via transport engine=Nats
2026-06-17T19:16:10.204945Z  INFO async_nats::connector: connected successfully server=4222 max_payload=10485760
2026-06-17T19:16:10.205037Z  INFO mq_bench::roles::subscriber: Subscribed to key expression key=topic_8
2026-06-17T19:16:10.205043Z  INFO async_nats: event: connected
2026-06-17T19:16:10.810191Z  INFO mq_bench::roles::subscriber: Starting subscriber engine=Nats key=topic_8 endpoint=None crash_enabled=false
2026-06-17T19:16:10.810257Z  INFO mq_bench::roles::subscriber: Connected via transport engine=Nats
2026-06-17T19:16:10.812535Z  INFO async_nats::connector: connected successfully server=4222 max_payload=10485760
2026-06-17T19:16:10.812626Z  INFO mq_bench::roles::subscriber: Subscribed to key expression key=topic_8
2026-06-17T19:16:10.812628Z  INFO async_nats: event: connected
2026-06-17T19:16:11.417709Z  INFO mq_bench::roles::subscriber: Starting subscriber engine=Nats key=topic_8 endpoint=None crash_enabled=false
2026-06-17T19:16:11.417753Z  INFO mq_bench::roles::subscriber: Connected via transport engine=Nats
2026-06-17T19:16:11.420083Z  INFO async_nats::connector: connected successfully server=4222 max_payload=10485760
2026-06-17T19:16:11.420160Z  INFO async_nats: event: connected
2026-06-17T19:16:11.420163Z  INFO mq_bench::roles::subscriber: Subscribed to key expression key=topic_8
2026-06-17T19:16:12.024583Z  INFO mq_bench::roles::subscriber: Starting subscriber engine=Nats key=topic_8 endpoint=None crash_enabled=false
2026-06-17T19:16:12.024621Z  INFO mq_bench::roles::subscriber: Connected via transport engine=Nats
2026-06-17T19:16:12.026919Z  INFO async_nats::connector: connected successfully server=4222 max_payload=10485760
2026-06-17T19:16:12.027012Z  INFO async_nats: event: connected
2026-06-17T19:16:12.027013Z  INFO mq_bench::roles::subscriber: Subscribed to key expression key=topic_8
2026-06-17T19:16:12.632046Z  INFO mq_bench::roles::subscriber: Starting subscriber engine=Nats key=topic_8 endpoint=None crash_enabled=false
2026-06-17T19:16:12.632090Z  INFO mq_bench::roles::subscriber: Connected via transport engine=Nats
2026-06-17T19:16:12.634417Z  INFO async_nats::connector: connected successfully server=4222 max_payload=10485760
2026-06-17T19:16:12.634511Z  INFO async_nats: event: connected
2026-06-17T19:16:12.634512Z  INFO mq_bench::roles::subscriber: Subscribed to key expression key=topic_8
