mq-bench starting with run_id: auto
Writing CSV output to: artifacts/fanout_bursty_20260617_191512_nats_p64_s1000_u10_bursty/fanout_singlesite/sub_1.csv
2026-06-17T19:15:12.490702Z  INFO mq_bench::roles::subscriber: Starting subscriber engine=Nats key=topic_1 endpoint=None crash_enabled=false
2026-06-17T19:15:12.490897Z  INFO mq_bench::roles::subscriber: Connected via transport engine=Nats
2026-06-17T19:15:12.493330Z  INFO async_nats::connector: connected successfully server=4222 max_payload=10485760
2026-06-17T19:15:12.493376Z  INFO mq_bench::roles::subscriber: Subscribed to key expression key=topic_1
2026-06-17T19:15:12.493380Z  INFO async_nats: event: connected
2026-06-17T19:15:13.098180Z  INFO mq_bench::roles::subscriber: Starting subscriber engine=Nats key=topic_1 endpoint=None crash_enabled=false
2026-06-17T19:15:13.098310Z  INFO mq_bench::roles::subscriber: Connected via transport engine=Nats
2026-06-17T19:15:13.100791Z  INFO async_nats::connector: connected successfully server=4222 max_payload=10485760
2026-06-17T19:15:13.100888Z  INFO mq_bench::roles::subscriber: Subscribed to key expression key=topic_1
2026-06-17T19:15:13.100896Z  INFO async_nats: event: connected
2026-06-17T19:15:13.705571Z  INFO mq_bench::roles::subscriber: Starting subscriber engine=Nats key=topic_1 endpoint=None crash_enabled=false
2026-06-17T19:15:13.705608Z  INFO mq_bench::roles::subscriber: Connected via transport engine=Nats
2026-06-17T19:15:13.708020Z  INFO async_nats::connector: connected successfully server=4222 max_payload=10485760
2026-06-17T19:15:13.708100Z  INFO mq_bench::roles::subscriber: Subscribed to key expression key=topic_1
2026-06-17T19:15:13.708109Z  INFO async_nats: event: connected
2026-06-17T19:15:14.312967Z  INFO mq_bench::roles::subscriber: Starting subscriber engine=Nats key=topic_1 endpoint=None crash_enabled=false
2026-06-17T19:15:14.312996Z  INFO mq_bench::roles::subscriber: Connected via transport engine=Nats
2026-06-17T19:15:14.315566Z  INFO async_nats::connector: connected successfully server=4222 max_payload=10485760
2026-06-17T19:15:14.315657Z  INFO async_nats: event: connected
2026-06-17T19:15:14.315657Z  INFO mq_bench::roles::subscriber: Subscribed to key expression key=topic_1
2026-06-17T19:15:14.920165Z  INFO mq_bench::roles::subscriber: Starting subscriber engine=Nats key=topic_1 endpoint=None crash_enabled=false
2026-06-17T19:15:14.920239Z  INFO mq_bench::roles::subscriber: Connected via transport engine=Nats
2026-06-17T19:15:14.922508Z  INFO async_nats::connector: connected successfully server=4222 max_payload=10485760
2026-06-17T19:15:14.922586Z  INFO mq_bench::roles::subscriber: Subscribed to key expression key=topic_1
2026-06-17T19:15:14.922596Z  INFO async_nats: event: connected
2026-06-17T19:15:15.527254Z  INFO mq_bench::roles::subscriber: Starting subscriber engine=Nats key=topic_1 endpoint=None crash_enabled=false
2026-06-17T19:15:15.527290Z  INFO mq_bench::roles::subscriber: Connected via transport engine=Nats
2026-06-17T19:15:15.529642Z  INFO async_nats::connector: connected successfully server=4222 max_payload=10485760
2026-06-17T19:15:15.529732Z  INFO mq_bench::roles::subscriber: Subscribed to key expression key=topic_1
2026-06-17T19:15:15.529736Z  INFO async_nats: event: connected
2026-06-17T19:15:16.133718Z  INFO mq_bench::roles::subscriber: Starting subscriber engine=Nats key=topic_1 endpoint=None crash_enabled=false
2026-06-17T19:15:16.133779Z  INFO mq_bench::roles::subscriber: Connected via transport engine=Nats
2026-06-17T19:15:16.136093Z  INFO async_nats::connector: connected successfully server=4222 max_payload=10485760
2026-06-17T19:15:16.136173Z  INFO mq_bench::roles::subscriber: Subscribed to key expression key=topic_1
2026-06-17T19:15:16.136178Z  INFO async_nats: event: connected
2026-06-17T19:15:16.741439Z  INFO mq_bench::roles::subscriber: Starting subscriber engine=Nats key=topic_1 endpoint=None crash_enabled=false
2026-06-17T19:15:16.741479Z  INFO mq_bench::roles::subscriber: Connected via transport engine=Nats
2026-06-17T19:15:16.744131Z  INFO async_nats::connector: connected successfully server=4222 max_payload=10485760
2026-06-17T19:15:16.744269Z  INFO mq_bench::roles::subscriber: Subscribed to key expression key=topic_1
2026-06-17T19:15:16.744277Z  INFO async_nats: event: connected
2026-06-17T19:15:17.347702Z  INFO mq_bench::roles::subscriber: Starting subscriber engine=Nats key=topic_1 endpoint=None crash_enabled=false
2026-06-17T19:15:17.347738Z  INFO mq_bench::roles::subscriber: Connected via transport engine=Nats
2026-06-17T19:15:17.350149Z  INFO async_nats::connector: connected successfully server=4222 max_payload=10485760
2026-06-17T19:15:17.350263Z  INFO mq_bench::roles::subscriber: Subscribed to key expression key=topic_1
2026-06-17T19:15:17.350269Z  INFO async_nats: event: connected
2026-06-17T19:15:17.954844Z  INFO mq_bench::roles::subscriber: Starting subscriber engine=Nats key=topic_1 endpoint=None crash_enabled=false
2026-06-17T19:15:17.954887Z  INFO mq_bench::roles::subscriber: Connected via transport engine=Nats
2026-06-17T19:15:17.957221Z  INFO async_nats::connector: connected successfully server=4222 max_payload=10485760
2026-06-17T19:15:17.957300Z  INFO mq_bench::roles::subscriber: Subscribed to key expression key=topic_1
2026-06-17T19:15:17.957306Z  INFO async_nats: event: connected
2026-06-17T19:15:18.562190Z  INFO mq_bench::roles::subscriber: Starting subscriber engine=Nats key=topic_1 endpoint=None crash_enabled=false
2026-06-17T19:15:18.562240Z  INFO mq_bench::roles::subscriber: Connected via transport engine=Nats
2026-06-17T19:15:18.564463Z  INFO async_nats::connector: connected successfully server=4222 max_payload=10485760
2026-06-17T19:15:18.564569Z  INFO async_nats: event: connected
2026-06-17T19:15:18.564571Z  INFO mq_bench::roles::subscriber: Subscribed to key expression key=topic_1
2026-06-17T19:15:19.168648Z  INFO mq_bench::roles::subscriber: Starting subscriber engine=Nats key=topic_1 endpoint=None crash_enabled=false
2026-06-17T19:15:19.168684Z  INFO mq_bench::roles::subscriber: Connected via transport engine=Nats
2026-06-17T19:15:19.171151Z  INFO async_nats::connector: connected successfully server=4222 max_payload=10485760
2026-06-17T19:15:19.171263Z  INFO mq_bench::roles::subscriber: Subscribed to key expression key=topic_1
2026-06-17T19:15:19.171271Z  INFO async_nats: event: connected
2026-06-17T19:15:19.775953Z  INFO mq_bench::roles::subscriber: Starting subscriber engine=Nats key=topic_1 endpoint=None crash_enabled=false
2026-06-17T19:15:19.775989Z  INFO mq_bench::roles::subscriber: Connected via transport engine=Nats
2026-06-17T19:15:19.780499Z  INFO async_nats::connector: connected successfully server=4222 max_payload=10485760
2026-06-17T19:15:19.780589Z  INFO mq_bench::roles::subscriber: Subscribed to key expression key=topic_1
2026-06-17T19:15:19.780595Z  INFO async_nats: event: connected
2026-06-17T19:15:20.383134Z  INFO mq_bench::roles::subscriber: Starting subscriber engine=Nats key=topic_1 endpoint=None crash_enabled=false
2026-06-17T19:15:20.383166Z  INFO mq_bench::roles::subscriber: Connected via transport engine=Nats
2026-06-17T19:15:20.385466Z  INFO async_nats::connector: connected successfully server=4222 max_payload=10485760
2026-06-17T19:15:20.385548Z  INFO mq_bench::roles::subscriber: Subscribed to key expression key=topic_1
2026-06-17T19:15:20.385556Z  INFO async_nats: event: connected
2026-06-17T19:15:20.990398Z  INFO mq_bench::roles::subscriber: Starting subscriber engine=Nats key=topic_1 endpoint=None crash_enabled=false
2026-06-17T19:15:20.990432Z  INFO mq_bench::roles::subscriber: Connected via transport engine=Nats
2026-06-17T19:15:20.991693Z  INFO async_nats::connector: connected successfully server=4222 max_payload=10485760
2026-06-17T19:15:20.991801Z  INFO mq_bench::roles::subscriber: Subscribed to key expression key=topic_1
2026-06-17T19:15:20.991806Z  INFO async_nats: event: connected
2026-06-17T19:15:21.597572Z  INFO mq_bench::roles::subscriber: Starting subscriber engine=Nats key=topic_1 endpoint=None crash_enabled=false
2026-06-17T19:15:21.597617Z  INFO mq_bench::roles::subscriber: Connected via transport engine=Nats
2026-06-17T19:15:21.599915Z  INFO async_nats::connector: connected successfully server=4222 max_payload=10485760
2026-06-17T19:15:21.599991Z  INFO mq_bench::roles::subscriber: Subscribed to key expression key=topic_1
2026-06-17T19:15:21.599997Z  INFO async_nats: event: connected
2026-06-17T19:15:22.205246Z  INFO mq_bench::roles::subscriber: Starting subscriber engine=Nats key=topic_1 endpoint=None crash_enabled=false
2026-06-17T19:15:22.205278Z  INFO mq_bench::roles::subscriber: Connected via transport engine=Nats
2026-06-17T19:15:22.207407Z  INFO async_nats::connector: connected successfully server=4222 max_payload=10485760
2026-06-17T19:15:22.207492Z  INFO mq_bench::roles::subscriber: Subscribed to key expression key=topic_1
2026-06-17T19:15:22.207495Z  INFO async_nats: event: connected
2026-06-17T19:15:22.811634Z  INFO mq_bench::roles::subscriber: Starting subscriber engine=Nats key=topic_1 endpoint=None crash_enabled=false
2026-06-17T19:15:22.811669Z  INFO mq_bench::roles::subscriber: Connected via transport engine=Nats
2026-06-17T19:15:22.813905Z  INFO async_nats::connector: connected successfully server=4222 max_payload=10485760
2026-06-17T19:15:22.813983Z  INFO mq_bench::roles::subscriber: Subscribed to key expression key=topic_1
2026-06-17T19:15:22.813989Z  INFO async_nats: event: connected
2026-06-17T19:15:23.419039Z  INFO mq_bench::roles::subscriber: Starting subscriber engine=Nats key=topic_1 endpoint=None crash_enabled=false
2026-06-17T19:15:23.419075Z  INFO mq_bench::roles::subscriber: Connected via transport engine=Nats
2026-06-17T19:15:23.421405Z  INFO async_nats::connector: connected successfully server=4222 max_payload=10485760
2026-06-17T19:15:23.421500Z  INFO mq_bench::roles::subscriber: Subscribed to key expression key=topic_1
2026-06-17T19:15:23.421507Z  INFO async_nats: event: connected
2026-06-17T19:15:24.026304Z  INFO mq_bench::roles::subscriber: Starting subscriber engine=Nats key=topic_1 endpoint=None crash_enabled=false
2026-06-17T19:15:24.026337Z  INFO mq_bench::roles::subscriber: Connected via transport engine=Nats
2026-06-17T19:15:24.028766Z  INFO async_nats::connector: connected successfully server=4222 max_payload=10485760
2026-06-17T19:15:24.028854Z  INFO mq_bench::roles::subscriber: Subscribed to key expression key=topic_1
2026-06-17T19:15:24.028861Z  INFO async_nats: event: connected
2026-06-17T19:15:24.632778Z  INFO mq_bench::roles::subscriber: Starting subscriber engine=Nats key=topic_1 endpoint=None crash_enabled=false
2026-06-17T19:15:24.632820Z  INFO mq_bench::roles::subscriber: Connected via transport engine=Nats
2026-06-17T19:15:24.635117Z  INFO async_nats::connector: connected successfully server=4222 max_payload=10485760
2026-06-17T19:15:24.635226Z  INFO async_nats: event: connected
2026-06-17T19:15:24.635234Z  INFO mq_bench::roles::subscriber: Subscribed to key expression key=topic_1
2026-06-17T19:15:25.240472Z  INFO mq_bench::roles::subscriber: Starting subscriber engine=Nats key=topic_1 endpoint=None crash_enabled=false
2026-06-17T19:15:25.240509Z  INFO mq_bench::roles::subscriber: Connected via transport engine=Nats
2026-06-17T19:15:25.242841Z  INFO async_nats::connector: connected successfully server=4222 max_payload=10485760
2026-06-17T19:15:25.242951Z  INFO mq_bench::roles::subscriber: Subscribed to key expression key=topic_1
2026-06-17T19:15:25.242954Z  INFO async_nats: event: connected
2026-06-17T19:15:25.847785Z  INFO mq_bench::roles::subscriber: Starting subscriber engine=Nats key=topic_1 endpoint=None crash_enabled=false
2026-06-17T19:15:25.847824Z  INFO mq_bench::roles::subscriber: Connected via transport engine=Nats
2026-06-17T19:15:25.850078Z  INFO async_nats::connector: connected successfully server=4222 max_payload=10485760
2026-06-17T19:15:25.850158Z  INFO mq_bench::roles::subscriber: Subscribed to key expression key=topic_1
2026-06-17T19:15:25.850165Z  INFO async_nats: event: connected
2026-06-17T19:15:26.455188Z  INFO mq_bench::roles::subscriber: Starting subscriber engine=Nats key=topic_1 endpoint=None crash_enabled=false
2026-06-17T19:15:26.455229Z  INFO mq_bench::roles::subscriber: Connected via transport engine=Nats
2026-06-17T19:15:26.457438Z  INFO async_nats::connector: connected successfully server=4222 max_payload=10485760
2026-06-17T19:15:26.457533Z  INFO mq_bench::roles::subscriber: Subscribed to key expression key=topic_1
2026-06-17T19:15:26.457534Z  INFO async_nats: event: connected
2026-06-17T19:15:27.061674Z  INFO mq_bench::roles::subscriber: Starting subscriber engine=Nats key=topic_1 endpoint=None crash_enabled=false
2026-06-17T19:15:27.061719Z  INFO mq_bench::roles::subscriber: Connected via transport engine=Nats
2026-06-17T19:15:27.063923Z  INFO async_nats::connector: connected successfully server=4222 max_payload=10485760
2026-06-17T19:15:27.064005Z  INFO mq_bench::roles::subscriber: Subscribed to key expression key=topic_1
2026-06-17T19:15:27.064010Z  INFO async_nats: event: connected
2026-06-17T19:15:27.669552Z  INFO mq_bench::roles::subscriber: Starting subscriber engine=Nats key=topic_1 endpoint=None crash_enabled=false
2026-06-17T19:15:27.669611Z  INFO mq_bench::roles::subscriber: Connected via transport engine=Nats
2026-06-17T19:15:27.671923Z  INFO async_nats::connector: connected successfully server=4222 max_payload=10485760
2026-06-17T19:15:27.672009Z  INFO mq_bench::roles::subscriber: Subscribed to key expression key=topic_1
2026-06-17T19:15:27.672016Z  INFO async_nats: event: connected
2026-06-17T19:15:28.276893Z  INFO mq_bench::roles::subscriber: Starting subscriber engine=Nats key=topic_1 endpoint=None crash_enabled=false
2026-06-17T19:15:28.276926Z  INFO mq_bench::roles::subscriber: Connected via transport engine=Nats
2026-06-17T19:15:28.279113Z  INFO async_nats::connector: connected successfully server=4222 max_payload=10485760
2026-06-17T19:15:28.279222Z  INFO async_nats: event: connected
2026-06-17T19:15:28.279229Z  INFO mq_bench::roles::subscriber: Subscribed to key expression key=topic_1
2026-06-17T19:15:28.883932Z  INFO mq_bench::roles::subscriber: Starting subscriber engine=Nats key=topic_1 endpoint=None crash_enabled=false
2026-06-17T19:15:28.883970Z  INFO mq_bench::roles::subscriber: Connected via transport engine=Nats
2026-06-17T19:15:28.886305Z  INFO async_nats::connector: connected successfully server=4222 max_payload=10485760
2026-06-17T19:15:28.886389Z  INFO mq_bench::roles::subscriber: Subscribed to key expression key=topic_1
2026-06-17T19:15:28.886398Z  INFO async_nats: event: connected
2026-06-17T19:15:29.491334Z  INFO mq_bench::roles::subscriber: Starting subscriber engine=Nats key=topic_1 endpoint=None crash_enabled=false
2026-06-17T19:15:29.491370Z  INFO mq_bench::roles::subscriber: Connected via transport engine=Nats
2026-06-17T19:15:29.493514Z  INFO async_nats::connector: connected successfully server=4222 max_payload=10485760
2026-06-17T19:15:29.493593Z  INFO async_nats: event: connected
2026-06-17T19:15:29.493596Z  INFO mq_bench::roles::subscriber: Subscribed to key expression key=topic_1
2026-06-17T19:15:30.097755Z  INFO mq_bench::roles::subscriber: Starting subscriber engine=Nats key=topic_1 endpoint=None crash_enabled=false
2026-06-17T19:15:30.097789Z  INFO mq_bench::roles::subscriber: Connected via transport engine=Nats
2026-06-17T19:15:30.099930Z  INFO async_nats::connector: connected successfully server=4222 max_payload=10485760
2026-06-17T19:15:30.100023Z  INFO mq_bench::roles::subscriber: Subscribed to key expression key=topic_1
2026-06-17T19:15:30.100027Z  INFO async_nats: event: connected
2026-06-17T19:15:30.705568Z  INFO mq_bench::roles::subscriber: Starting subscriber engine=Nats key=topic_1 endpoint=None crash_enabled=false
2026-06-17T19:15:30.705631Z  INFO mq_bench::roles::subscriber: Connected via transport engine=Nats
2026-06-17T19:15:30.707860Z  INFO async_nats::connector: connected successfully server=4222 max_payload=10485760
2026-06-17T19:15:30.707948Z  INFO mq_bench::roles::subscriber: Subscribed to key expression key=topic_1
2026-06-17T19:15:30.707954Z  INFO async_nats: event: connected
2026-06-17T19:15:31.312975Z  INFO mq_bench::roles::subscriber: Starting subscriber engine=Nats key=topic_1 endpoint=None crash_enabled=false
2026-06-17T19:15:31.313039Z  INFO mq_bench::roles::subscriber: Connected via transport engine=Nats
2026-06-17T19:15:31.315314Z  INFO async_nats::connector: connected successfully server=4222 max_payload=10485760
2026-06-17T19:15:31.315395Z  INFO mq_bench::roles::subscriber: Subscribed to key expression key=topic_1
2026-06-17T19:15:31.315402Z  INFO async_nats: event: connected
2026-06-17T19:15:31.920357Z  INFO mq_bench::roles::subscriber: Starting subscriber engine=Nats key=topic_1 endpoint=None crash_enabled=false
2026-06-17T19:15:31.920401Z  INFO mq_bench::roles::subscriber: Connected via transport engine=Nats
2026-06-17T19:15:31.922799Z  INFO async_nats::connector: connected successfully server=4222 max_payload=10485760
2026-06-17T19:15:31.922901Z  INFO async_nats: event: connected
2026-06-17T19:15:31.922903Z  INFO mq_bench::roles::subscriber: Subscribed to key expression key=topic_1
2026-06-17T19:15:32.527084Z  INFO mq_bench::roles::subscriber: Starting subscriber engine=Nats key=topic_1 endpoint=None crash_enabled=false
2026-06-17T19:15:32.527125Z  INFO mq_bench::roles::subscriber: Connected via transport engine=Nats
2026-06-17T19:15:32.529450Z  INFO async_nats::connector: connected successfully server=4222 max_payload=10485760
2026-06-17T19:15:32.529539Z  INFO mq_bench::roles::subscriber: Subscribed to key expression key=topic_1
2026-06-17T19:15:32.529547Z  INFO async_nats: event: connected
2026-06-17T19:15:33.134180Z  INFO mq_bench::roles::subscriber: Starting subscriber engine=Nats key=topic_1 endpoint=None crash_enabled=false
2026-06-17T19:15:33.134230Z  INFO mq_bench::roles::subscriber: Connected via transport engine=Nats
2026-06-17T19:15:33.136506Z  INFO async_nats::connector: connected successfully server=4222 max_payload=10485760
2026-06-17T19:15:33.136647Z  INFO async_nats: event: connected
2026-06-17T19:15:33.136654Z  INFO mq_bench::roles::subscriber: Subscribed to key expression key=topic_1
2026-06-17T19:15:33.741268Z  INFO mq_bench::roles::subscriber: Starting subscriber engine=Nats key=topic_1 endpoint=None crash_enabled=false
2026-06-17T19:15:33.741314Z  INFO mq_bench::roles::subscriber: Connected via transport engine=Nats
2026-06-17T19:15:33.744046Z  INFO async_nats::connector: connected successfully server=4222 max_payload=10485760
2026-06-17T19:15:33.744142Z  INFO async_nats: event: connected
2026-06-17T19:15:33.744143Z  INFO mq_bench::roles::subscriber: Subscribed to key expression key=topic_1
2026-06-17T19:15:34.348171Z  INFO mq_bench::roles::subscriber: Starting subscriber engine=Nats key=topic_1 endpoint=None crash_enabled=false
2026-06-17T19:15:34.348245Z  INFO mq_bench::roles::subscriber: Connected via transport engine=Nats
2026-06-17T19:15:34.350552Z  INFO async_nats::connector: connected successfully server=4222 max_payload=10485760
2026-06-17T19:15:34.350642Z  INFO mq_bench::roles::subscriber: Subscribed to key expression key=topic_1
2026-06-17T19:15:34.350648Z  INFO async_nats: event: connected
2026-06-17T19:15:34.955537Z  INFO mq_bench::roles::subscriber: Starting subscriber engine=Nats key=topic_1 endpoint=None crash_enabled=false
2026-06-17T19:15:34.955582Z  INFO mq_bench::roles::subscriber: Connected via transport engine=Nats
2026-06-17T19:15:34.957935Z  INFO async_nats::connector: connected successfully server=4222 max_payload=10485760
2026-06-17T19:15:34.958027Z  INFO mq_bench::roles::subscriber: Subscribed to key expression key=topic_1
2026-06-17T19:15:34.958033Z  INFO async_nats: event: connected
2026-06-17T19:15:35.563549Z  INFO mq_bench::roles::subscriber: Starting subscriber engine=Nats key=topic_1 endpoint=None crash_enabled=false
2026-06-17T19:15:35.563607Z  INFO mq_bench::roles::subscriber: Connected via transport engine=Nats
2026-06-17T19:15:35.565780Z  INFO async_nats::connector: connected successfully server=4222 max_payload=10485760
2026-06-17T19:15:35.565865Z  INFO mq_bench::roles::subscriber: Subscribed to key expression key=topic_1
2026-06-17T19:15:35.565872Z  INFO async_nats: event: connected
2026-06-17T19:15:36.170659Z  INFO mq_bench::roles::subscriber: Starting subscriber engine=Nats key=topic_1 endpoint=None crash_enabled=false
2026-06-17T19:15:36.170720Z  INFO mq_bench::roles::subscriber: Connected via transport engine=Nats
2026-06-17T19:15:36.173115Z  INFO async_nats::connector: connected successfully server=4222 max_payload=10485760
2026-06-17T19:15:36.173221Z  INFO async_nats: event: connected
2026-06-17T19:15:36.173231Z  INFO mq_bench::roles::subscriber: Subscribed to key expression key=topic_1
2026-06-17T19:15:36.777951Z  INFO mq_bench::roles::subscriber: Starting subscriber engine=Nats key=topic_1 endpoint=None crash_enabled=false
2026-06-17T19:15:36.777992Z  INFO mq_bench::roles::subscriber: Connected via transport engine=Nats
2026-06-17T19:15:36.780136Z  INFO async_nats::connector: connected successfully server=4222 max_payload=10485760
2026-06-17T19:15:36.780245Z  INFO mq_bench::roles::subscriber: Subscribed to key expression key=topic_1
2026-06-17T19:15:36.780251Z  INFO async_nats: event: connected
2026-06-17T19:15:37.385543Z  INFO mq_bench::roles::subscriber: Starting subscriber engine=Nats key=topic_1 endpoint=None crash_enabled=false
2026-06-17T19:15:37.385583Z  INFO mq_bench::roles::subscriber: Connected via transport engine=Nats
2026-06-17T19:15:37.387869Z  INFO async_nats::connector: connected successfully server=4222 max_payload=10485760
2026-06-17T19:15:37.387942Z  INFO mq_bench::roles::subscriber: Subscribed to key expression key=topic_1
2026-06-17T19:15:37.387952Z  INFO async_nats: event: connected
2026-06-17T19:15:37.992626Z  INFO mq_bench::roles::subscriber: Starting subscriber engine=Nats key=topic_1 endpoint=None crash_enabled=false
2026-06-17T19:15:37.992673Z  INFO mq_bench::roles::subscriber: Connected via transport engine=Nats
2026-06-17T19:15:37.994835Z  INFO async_nats::connector: connected successfully server=4222 max_payload=10485760
2026-06-17T19:15:37.994933Z  INFO mq_bench::roles::subscriber: Subscribed to key expression key=topic_1
2026-06-17T19:15:37.994940Z  INFO async_nats: event: connected
2026-06-17T19:15:38.600478Z  INFO mq_bench::roles::subscriber: Starting subscriber engine=Nats key=topic_1 endpoint=None crash_enabled=false
2026-06-17T19:15:38.600521Z  INFO mq_bench::roles::subscriber: Connected via transport engine=Nats
2026-06-17T19:15:38.602961Z  INFO async_nats::connector: connected successfully server=4222 max_payload=10485760
2026-06-17T19:15:38.603044Z  INFO async_nats: event: connected
2026-06-17T19:15:38.603047Z  INFO mq_bench::roles::subscriber: Subscribed to key expression key=topic_1
2026-06-17T19:15:39.207710Z  INFO mq_bench::roles::subscriber: Starting subscriber engine=Nats key=topic_1 endpoint=None crash_enabled=false
2026-06-17T19:15:39.207744Z  INFO mq_bench::roles::subscriber: Connected via transport engine=Nats
2026-06-17T19:15:39.210148Z  INFO async_nats::connector: connected successfully server=4222 max_payload=10485760
2026-06-17T19:15:39.210259Z  INFO mq_bench::roles::subscriber: Subscribed to key expression key=topic_1
2026-06-17T19:15:39.210263Z  INFO async_nats: event: connected
2026-06-17T19:15:39.815502Z  INFO mq_bench::roles::subscriber: Starting subscriber engine=Nats key=topic_1 endpoint=None crash_enabled=false
2026-06-17T19:15:39.815554Z  INFO mq_bench::roles::subscriber: Connected via transport engine=Nats
2026-06-17T19:15:39.817806Z  INFO async_nats::connector: connected successfully server=4222 max_payload=10485760
2026-06-17T19:15:39.817886Z  INFO mq_bench::roles::subscriber: Subscribed to key expression key=topic_1
2026-06-17T19:15:39.817890Z  INFO async_nats: event: connected
2026-06-17T19:15:40.422833Z  INFO mq_bench::roles::subscriber: Starting subscriber engine=Nats key=topic_1 endpoint=None crash_enabled=false
2026-06-17T19:15:40.422874Z  INFO mq_bench::roles::subscriber: Connected via transport engine=Nats
2026-06-17T19:15:40.425126Z  INFO async_nats::connector: connected successfully server=4222 max_payload=10485760
2026-06-17T19:15:40.425233Z  INFO async_nats: event: connected
2026-06-17T19:15:40.425246Z  INFO mq_bench::roles::subscriber: Subscribed to key expression key=topic_1
2026-06-17T19:15:41.030550Z  INFO mq_bench::roles::subscriber: Starting subscriber engine=Nats key=topic_1 endpoint=None crash_enabled=false
2026-06-17T19:15:41.030587Z  INFO mq_bench::roles::subscriber: Connected via transport engine=Nats
2026-06-17T19:15:41.032842Z  INFO async_nats::connector: connected successfully server=4222 max_payload=10485760
2026-06-17T19:15:41.032941Z  INFO mq_bench::roles::subscriber: Subscribed to key expression key=topic_1
2026-06-17T19:15:41.032947Z  INFO async_nats: event: connected
2026-06-17T19:15:41.638049Z  INFO mq_bench::roles::subscriber: Starting subscriber engine=Nats key=topic_1 endpoint=None crash_enabled=false
2026-06-17T19:15:41.638086Z  INFO mq_bench::roles::subscriber: Connected via transport engine=Nats
2026-06-17T19:15:41.640420Z  INFO async_nats::connector: connected successfully server=4222 max_payload=10485760
2026-06-17T19:15:41.640501Z  INFO mq_bench::roles::subscriber: Subscribed to key expression key=topic_1
2026-06-17T19:15:41.640510Z  INFO async_nats: event: connected
2026-06-17T19:15:42.245137Z  INFO mq_bench::roles::subscriber: Starting subscriber engine=Nats key=topic_1 endpoint=None crash_enabled=false
2026-06-17T19:15:42.245174Z  INFO mq_bench::roles::subscriber: Connected via transport engine=Nats
2026-06-17T19:15:42.247734Z  INFO async_nats::connector: connected successfully server=4222 max_payload=10485760
2026-06-17T19:15:42.247831Z  INFO async_nats: event: connected
2026-06-17T19:15:42.247831Z  INFO mq_bench::roles::subscriber: Subscribed to key expression key=topic_1
2026-06-17T19:15:42.851926Z  INFO mq_bench::roles::subscriber: Starting subscriber engine=Nats key=topic_1 endpoint=None crash_enabled=false
2026-06-17T19:15:42.851969Z  INFO mq_bench::roles::subscriber: Connected via transport engine=Nats
2026-06-17T19:15:42.854401Z  INFO async_nats::connector: connected successfully server=4222 max_payload=10485760
2026-06-17T19:15:42.854494Z  INFO async_nats: event: connected
2026-06-17T19:15:42.854497Z  INFO mq_bench::roles::subscriber: Subscribed to key expression key=topic_1
2026-06-17T19:15:43.458753Z  INFO mq_bench::roles::subscriber: Starting subscriber engine=Nats key=topic_1 endpoint=None crash_enabled=false
2026-06-17T19:15:43.458795Z  INFO mq_bench::roles::subscriber: Connected via transport engine=Nats
2026-06-17T19:15:43.461235Z  INFO async_nats::connector: connected successfully server=4222 max_payload=10485760
2026-06-17T19:15:43.461328Z  INFO async_nats: event: connected
2026-06-17T19:15:43.461329Z  INFO mq_bench::roles::subscriber: Subscribed to key expression key=topic_1
2026-06-17T19:15:44.066545Z  INFO mq_bench::roles::subscriber: Starting subscriber engine=Nats key=topic_1 endpoint=None crash_enabled=false
2026-06-17T19:15:44.066590Z  INFO mq_bench::roles::subscriber: Connected via transport engine=Nats
2026-06-17T19:15:44.068794Z  INFO async_nats::connector: connected successfully server=4222 max_payload=10485760
2026-06-17T19:15:44.068883Z  INFO async_nats: event: connected
2026-06-17T19:15:44.068890Z  INFO mq_bench::roles::subscriber: Subscribed to key expression key=topic_1
2026-06-17T19:15:44.674049Z  INFO mq_bench::roles::subscriber: Starting subscriber engine=Nats key=topic_1 endpoint=None crash_enabled=false
2026-06-17T19:15:44.674096Z  INFO mq_bench::roles::subscriber: Connected via transport engine=Nats
2026-06-17T19:15:44.676330Z  INFO async_nats::connector: connected successfully server=4222 max_payload=10485760
2026-06-17T19:15:44.676421Z  INFO async_nats: event: connected
2026-06-17T19:15:44.676421Z  INFO mq_bench::roles::subscriber: Subscribed to key expression key=topic_1
2026-06-17T19:15:45.281285Z  INFO mq_bench::roles::subscriber: Starting subscriber engine=Nats key=topic_1 endpoint=None crash_enabled=false
2026-06-17T19:15:45.281323Z  INFO mq_bench::roles::subscriber: Connected via transport engine=Nats
2026-06-17T19:15:45.283480Z  INFO async_nats::connector: connected successfully server=4222 max_payload=10485760
2026-06-17T19:15:45.283566Z  INFO mq_bench::roles::subscriber: Subscribed to key expression key=topic_1
2026-06-17T19:15:45.283569Z  INFO async_nats: event: connected
2026-06-17T19:15:45.887721Z  INFO mq_bench::roles::subscriber: Starting subscriber engine=Nats key=topic_1 endpoint=None crash_enabled=false
2026-06-17T19:15:45.887760Z  INFO mq_bench::roles::subscriber: Connected via transport engine=Nats
2026-06-17T19:15:45.890274Z  INFO async_nats::connector: connected successfully server=4222 max_payload=10485760
2026-06-17T19:15:45.890359Z  INFO mq_bench::roles::subscriber: Subscribed to key expression key=topic_1
2026-06-17T19:15:45.890364Z  INFO async_nats: event: connected
2026-06-17T19:15:46.495167Z  INFO mq_bench::roles::subscriber: Starting subscriber engine=Nats key=topic_1 endpoint=None crash_enabled=false
2026-06-17T19:15:46.495198Z  INFO mq_bench::roles::subscriber: Connected via transport engine=Nats
2026-06-17T19:15:46.497988Z  INFO async_nats::connector: connected successfully server=4222 max_payload=10485760
2026-06-17T19:15:46.498089Z  INFO async_nats: event: connected
2026-06-17T19:15:46.498090Z  INFO mq_bench::roles::subscriber: Subscribed to key expression key=topic_1
2026-06-17T19:15:47.102523Z  INFO mq_bench::roles::subscriber: Starting subscriber engine=Nats key=topic_1 endpoint=None crash_enabled=false
2026-06-17T19:15:47.102562Z  INFO mq_bench::roles::subscriber: Connected via transport engine=Nats
2026-06-17T19:15:47.104838Z  INFO async_nats::connector: connected successfully server=4222 max_payload=10485760
2026-06-17T19:15:47.104936Z  INFO async_nats: event: connected
2026-06-17T19:15:47.104937Z  INFO mq_bench::roles::subscriber: Subscribed to key expression key=topic_1
2026-06-17T19:15:47.710337Z  INFO mq_bench::roles::subscriber: Starting subscriber engine=Nats key=topic_1 endpoint=None crash_enabled=false
2026-06-17T19:15:47.710374Z  INFO mq_bench::roles::subscriber: Connected via transport engine=Nats
2026-06-17T19:15:47.712585Z  INFO async_nats::connector: connected successfully server=4222 max_payload=10485760
2026-06-17T19:15:47.712677Z  INFO mq_bench::roles::subscriber: Subscribed to key expression key=topic_1
2026-06-17T19:15:47.712683Z  INFO async_nats: event: connected
2026-06-17T19:15:48.316796Z  INFO mq_bench::roles::subscriber: Starting subscriber engine=Nats key=topic_1 endpoint=None crash_enabled=false
2026-06-17T19:15:48.316830Z  INFO mq_bench::roles::subscriber: Connected via transport engine=Nats
2026-06-17T19:15:48.319150Z  INFO async_nats::connector: connected successfully server=4222 max_payload=10485760
2026-06-17T19:15:48.319264Z  INFO async_nats: event: connected
2026-06-17T19:15:48.319266Z  INFO mq_bench::roles::subscriber: Subscribed to key expression key=topic_1
2026-06-17T19:15:48.924575Z  INFO mq_bench::roles::subscriber: Starting subscriber engine=Nats key=topic_1 endpoint=None crash_enabled=false
2026-06-17T19:15:48.924615Z  INFO mq_bench::roles::subscriber: Connected via transport engine=Nats
2026-06-17T19:15:48.926840Z  INFO async_nats::connector: connected successfully server=4222 max_payload=10485760
2026-06-17T19:15:48.926925Z  INFO mq_bench::roles::subscriber: Subscribed to key expression key=topic_1
2026-06-17T19:15:48.926930Z  INFO async_nats: event: connected
2026-06-17T19:15:49.532249Z  INFO mq_bench::roles::subscriber: Starting subscriber engine=Nats key=topic_1 endpoint=None crash_enabled=false
2026-06-17T19:15:49.532283Z  INFO mq_bench::roles::subscriber: Connected via transport engine=Nats
2026-06-17T19:15:49.534680Z  INFO async_nats::connector: connected successfully server=4222 max_payload=10485760
2026-06-17T19:15:49.534761Z  INFO mq_bench::roles::subscriber: Subscribed to key expression key=topic_1
2026-06-17T19:15:49.534767Z  INFO async_nats: event: connected
2026-06-17T19:15:50.138822Z  INFO mq_bench::roles::subscriber: Starting subscriber engine=Nats key=topic_1 endpoint=None crash_enabled=false
2026-06-17T19:15:50.138867Z  INFO mq_bench::roles::subscriber: Connected via transport engine=Nats
2026-06-17T19:15:50.141035Z  INFO async_nats::connector: connected successfully server=4222 max_payload=10485760
2026-06-17T19:15:50.141163Z  INFO async_nats: event: connected
2026-06-17T19:15:50.141179Z  INFO mq_bench::roles::subscriber: Subscribed to key expression key=topic_1
2026-06-17T19:15:50.746425Z  INFO mq_bench::roles::subscriber: Starting subscriber engine=Nats key=topic_1 endpoint=None crash_enabled=false
2026-06-17T19:15:50.746466Z  INFO mq_bench::roles::subscriber: Connected via transport engine=Nats
2026-06-17T19:15:50.748816Z  INFO async_nats::connector: connected successfully server=4222 max_payload=10485760
2026-06-17T19:15:50.748893Z  INFO mq_bench::roles::subscriber: Subscribed to key expression key=topic_1
2026-06-17T19:15:50.748900Z  INFO async_nats: event: connected
2026-06-17T19:15:51.352630Z  INFO mq_bench::roles::subscriber: Starting subscriber engine=Nats key=topic_1 endpoint=None crash_enabled=false
2026-06-17T19:15:51.352668Z  INFO mq_bench::roles::subscriber: Connected via transport engine=Nats
2026-06-17T19:15:51.354793Z  INFO async_nats::connector: connected successfully server=4222 max_payload=10485760
2026-06-17T19:15:51.354877Z  INFO mq_bench::roles::subscriber: Subscribed to key expression key=topic_1
2026-06-17T19:15:51.354884Z  INFO async_nats: event: connected
2026-06-17T19:15:51.960049Z  INFO mq_bench::roles::subscriber: Starting subscriber engine=Nats key=topic_1 endpoint=None crash_enabled=false
2026-06-17T19:15:51.960088Z  INFO mq_bench::roles::subscriber: Connected via transport engine=Nats
2026-06-17T19:15:51.962227Z  INFO async_nats::connector: connected successfully server=4222 max_payload=10485760
2026-06-17T19:15:51.962307Z  INFO mq_bench::roles::subscriber: Subscribed to key expression key=topic_1
2026-06-17T19:15:51.962310Z  INFO async_nats: event: connected
2026-06-17T19:15:52.566888Z  INFO mq_bench::roles::subscriber: Starting subscriber engine=Nats key=topic_1 endpoint=None crash_enabled=false
2026-06-17T19:15:52.566961Z  INFO mq_bench::roles::subscriber: Connected via transport engine=Nats
2026-06-17T19:15:52.569063Z  INFO async_nats::connector: connected successfully server=4222 max_payload=10485760
2026-06-17T19:15:52.569135Z  INFO mq_bench::roles::subscriber: Subscribed to key expression key=topic_1
2026-06-17T19:15:52.569141Z  INFO async_nats: event: connected
2026-06-17T19:15:53.173864Z  INFO mq_bench::roles::subscriber: Starting subscriber engine=Nats key=topic_1 endpoint=None crash_enabled=false
2026-06-17T19:15:53.173904Z  INFO mq_bench::roles::subscriber: Connected via transport engine=Nats
2026-06-17T19:15:53.176360Z  INFO async_nats::connector: connected successfully server=4222 max_payload=10485760
2026-06-17T19:15:53.176461Z  INFO async_nats: event: connected
2026-06-17T19:15:53.176462Z  INFO mq_bench::roles::subscriber: Subscribed to key expression key=topic_1
2026-06-17T19:15:53.780741Z  INFO mq_bench::roles::subscriber: Starting subscriber engine=Nats key=topic_1 endpoint=None crash_enabled=false
2026-06-17T19:15:53.780789Z  INFO mq_bench::roles::subscriber: Connected via transport engine=Nats
2026-06-17T19:15:53.782951Z  INFO async_nats::connector: connected successfully server=4222 max_payload=10485760
2026-06-17T19:15:53.783039Z  INFO mq_bench::roles::subscriber: Subscribed to key expression key=topic_1
2026-06-17T19:15:53.783046Z  INFO async_nats: event: connected
2026-06-17T19:15:54.388335Z  INFO mq_bench::roles::subscriber: Starting subscriber engine=Nats key=topic_1 endpoint=None crash_enabled=false
2026-06-17T19:15:54.388374Z  INFO mq_bench::roles::subscriber: Connected via transport engine=Nats
2026-06-17T19:15:54.390648Z  INFO async_nats::connector: connected successfully server=4222 max_payload=10485760
2026-06-17T19:15:54.390722Z  INFO mq_bench::roles::subscriber: Subscribed to key expression key=topic_1
2026-06-17T19:15:54.390730Z  INFO async_nats: event: connected
2026-06-17T19:15:54.994778Z  INFO mq_bench::roles::subscriber: Starting subscriber engine=Nats key=topic_1 endpoint=None crash_enabled=false
2026-06-17T19:15:54.994825Z  INFO mq_bench::roles::subscriber: Connected via transport engine=Nats
2026-06-17T19:15:54.997142Z  INFO async_nats::connector: connected successfully server=4222 max_payload=10485760
2026-06-17T19:15:54.997287Z  INFO async_nats: event: connected
2026-06-17T19:15:54.997288Z  INFO mq_bench::roles::subscriber: Subscribed to key expression key=topic_1
2026-06-17T19:15:55.602145Z  INFO mq_bench::roles::subscriber: Starting subscriber engine=Nats key=topic_1 endpoint=None crash_enabled=false
2026-06-17T19:15:55.602187Z  INFO mq_bench::roles::subscriber: Connected via transport engine=Nats
2026-06-17T19:15:55.604431Z  INFO async_nats::connector: connected successfully server=4222 max_payload=10485760
2026-06-17T19:15:55.604507Z  INFO mq_bench::roles::subscriber: Subscribed to key expression key=topic_1
2026-06-17T19:15:55.604510Z  INFO async_nats: event: connected
2026-06-17T19:15:56.208655Z  INFO mq_bench::roles::subscriber: Starting subscriber engine=Nats key=topic_1 endpoint=None crash_enabled=false
2026-06-17T19:15:56.208695Z  INFO mq_bench::roles::subscriber: Connected via transport engine=Nats
2026-06-17T19:15:56.210836Z  INFO async_nats::connector: connected successfully server=4222 max_payload=10485760
2026-06-17T19:15:56.210920Z  INFO async_nats: event: connected
2026-06-17T19:15:56.210922Z  INFO mq_bench::roles::subscriber: Subscribed to key expression key=topic_1
2026-06-17T19:15:56.816094Z  INFO mq_bench::roles::subscriber: Starting subscriber engine=Nats key=topic_1 endpoint=None crash_enabled=false
2026-06-17T19:15:56.816130Z  INFO mq_bench::roles::subscriber: Connected via transport engine=Nats
2026-06-17T19:15:56.818263Z  INFO async_nats::connector: connected successfully server=4222 max_payload=10485760
2026-06-17T19:15:56.818351Z  INFO mq_bench::roles::subscriber: Subscribed to key expression key=topic_1
2026-06-17T19:15:56.818356Z  INFO async_nats: event: connected
2026-06-17T19:15:57.423095Z  INFO mq_bench::roles::subscriber: Starting subscriber engine=Nats key=topic_1 endpoint=None crash_enabled=false
2026-06-17T19:15:57.423141Z  INFO mq_bench::roles::subscriber: Connected via transport engine=Nats
2026-06-17T19:15:57.425330Z  INFO async_nats::connector: connected successfully server=4222 max_payload=10485760
2026-06-17T19:15:57.425401Z  INFO mq_bench::roles::subscriber: Subscribed to key expression key=topic_1
2026-06-17T19:15:57.425408Z  INFO async_nats: event: connected
2026-06-17T19:15:58.030023Z  INFO mq_bench::roles::subscriber: Starting subscriber engine=Nats key=topic_1 endpoint=None crash_enabled=false
2026-06-17T19:15:58.030062Z  INFO mq_bench::roles::subscriber: Connected via transport engine=Nats
2026-06-17T19:15:58.032448Z  INFO async_nats::connector: connected successfully server=4222 max_payload=10485760
2026-06-17T19:15:58.032542Z  INFO async_nats: event: connected
2026-06-17T19:15:58.032543Z  INFO mq_bench::roles::subscriber: Subscribed to key expression key=topic_1
2026-06-17T19:15:58.636805Z  INFO mq_bench::roles::subscriber: Starting subscriber engine=Nats key=topic_1 endpoint=None crash_enabled=false
2026-06-17T19:15:58.636857Z  INFO mq_bench::roles::subscriber: Connected via transport engine=Nats
2026-06-17T19:15:58.638966Z  INFO async_nats::connector: connected successfully server=4222 max_payload=10485760
2026-06-17T19:15:58.639048Z  INFO async_nats: event: connected
2026-06-17T19:15:58.639052Z  INFO mq_bench::roles::subscriber: Subscribed to key expression key=topic_1
2026-06-17T19:15:59.244488Z  INFO mq_bench::roles::subscriber: Starting subscriber engine=Nats key=topic_1 endpoint=None crash_enabled=false
2026-06-17T19:15:59.244524Z  INFO mq_bench::roles::subscriber: Connected via transport engine=Nats
2026-06-17T19:15:59.246801Z  INFO async_nats::connector: connected successfully server=4222 max_payload=10485760
2026-06-17T19:15:59.246882Z  INFO mq_bench::roles::subscriber: Subscribed to key expression key=topic_1
2026-06-17T19:15:59.246889Z  INFO async_nats: event: connected
2026-06-17T19:15:59.852329Z  INFO mq_bench::roles::subscriber: Starting subscriber engine=Nats key=topic_1 endpoint=None crash_enabled=false
2026-06-17T19:15:59.852367Z  INFO mq_bench::roles::subscriber: Connected via transport engine=Nats
2026-06-17T19:15:59.854573Z  INFO async_nats::connector: connected successfully server=4222 max_payload=10485760
2026-06-17T19:15:59.854692Z  INFO mq_bench::roles::subscriber: Subscribed to key expression key=topic_1
2026-06-17T19:15:59.854697Z  INFO async_nats: event: connected
2026-06-17T19:16:00.459413Z  INFO mq_bench::roles::subscriber: Starting subscriber engine=Nats key=topic_1 endpoint=None crash_enabled=false
2026-06-17T19:16:00.459449Z  INFO mq_bench::roles::subscriber: Connected via transport engine=Nats
2026-06-17T19:16:00.461728Z  INFO async_nats::connector: connected successfully server=4222 max_payload=10485760
2026-06-17T19:16:00.461820Z  INFO mq_bench::roles::subscriber: Subscribed to key expression key=topic_1
2026-06-17T19:16:00.461825Z  INFO async_nats: event: connected
2026-06-17T19:16:01.065763Z  INFO mq_bench::roles::subscriber: Starting subscriber engine=Nats key=topic_1 endpoint=None crash_enabled=false
2026-06-17T19:16:01.065799Z  INFO mq_bench::roles::subscriber: Connected via transport engine=Nats
2026-06-17T19:16:01.068138Z  INFO async_nats::connector: connected successfully server=4222 max_payload=10485760
2026-06-17T19:16:01.068220Z  INFO mq_bench::roles::subscriber: Subscribed to key expression key=topic_1
2026-06-17T19:16:01.068233Z  INFO async_nats: event: connected
2026-06-17T19:16:01.672597Z  INFO mq_bench::roles::subscriber: Starting subscriber engine=Nats key=topic_1 endpoint=None crash_enabled=false
2026-06-17T19:16:01.672639Z  INFO mq_bench::roles::subscriber: Connected via transport engine=Nats
2026-06-17T19:16:01.674827Z  INFO async_nats::connector: connected successfully server=4222 max_payload=10485760
2026-06-17T19:16:01.674916Z  INFO mq_bench::roles::subscriber: Subscribed to key expression key=topic_1
2026-06-17T19:16:01.674923Z  INFO async_nats: event: connected
2026-06-17T19:16:02.280011Z  INFO mq_bench::roles::subscriber: Starting subscriber engine=Nats key=topic_1 endpoint=None crash_enabled=false
2026-06-17T19:16:02.280047Z  INFO mq_bench::roles::subscriber: Connected via transport engine=Nats
2026-06-17T19:16:02.282315Z  INFO async_nats::connector: connected successfully server=4222 max_payload=10485760
2026-06-17T19:16:02.282387Z  INFO mq_bench::roles::subscriber: Subscribed to key expression key=topic_1
2026-06-17T19:16:02.282392Z  INFO async_nats: event: connected
2026-06-17T19:16:02.886621Z  INFO mq_bench::roles::subscriber: Starting subscriber engine=Nats key=topic_1 endpoint=None crash_enabled=false
2026-06-17T19:16:02.886661Z  INFO mq_bench::roles::subscriber: Connected via transport engine=Nats
2026-06-17T19:16:02.889135Z  INFO async_nats::connector: connected successfully server=4222 max_payload=10485760
2026-06-17T19:16:02.889223Z  INFO async_nats: event: connected
2026-06-17T19:16:02.889228Z  INFO mq_bench::roles::subscriber: Subscribed to key expression key=topic_1
2026-06-17T19:16:03.494069Z  INFO mq_bench::roles::subscriber: Starting subscriber engine=Nats key=topic_1 endpoint=None crash_enabled=false
2026-06-17T19:16:03.494097Z  INFO mq_bench::roles::subscriber: Connected via transport engine=Nats
2026-06-17T19:16:03.496380Z  INFO async_nats::connector: connected successfully server=4222 max_payload=10485760
2026-06-17T19:16:03.496469Z  INFO mq_bench::roles::subscriber: Subscribed to key expression key=topic_1
2026-06-17T19:16:03.496480Z  INFO async_nats: event: connected
2026-06-17T19:16:04.101302Z  INFO mq_bench::roles::subscriber: Starting subscriber engine=Nats key=topic_1 endpoint=None crash_enabled=false
2026-06-17T19:16:04.101346Z  INFO mq_bench::roles::subscriber: Connected via transport engine=Nats
2026-06-17T19:16:04.103586Z  INFO async_nats::connector: connected successfully server=4222 max_payload=10485760
2026-06-17T19:16:04.103684Z  INFO async_nats: event: connected
2026-06-17T19:16:04.103686Z  INFO mq_bench::roles::subscriber: Subscribed to key expression key=topic_1
2026-06-17T19:16:04.707998Z  INFO mq_bench::roles::subscriber: Starting subscriber engine=Nats key=topic_1 endpoint=None crash_enabled=false
2026-06-17T19:16:04.708052Z  INFO mq_bench::roles::subscriber: Connected via transport engine=Nats
2026-06-17T19:16:04.710350Z  INFO async_nats::connector: connected successfully server=4222 max_payload=10485760
2026-06-17T19:16:04.710445Z  INFO mq_bench::roles::subscriber: Subscribed to key expression key=topic_1
2026-06-17T19:16:04.710447Z  INFO async_nats: event: connected
2026-06-17T19:16:05.315473Z  INFO mq_bench::roles::subscriber: Starting subscriber engine=Nats key=topic_1 endpoint=None crash_enabled=false
2026-06-17T19:16:05.315511Z  INFO mq_bench::roles::subscriber: Connected via transport engine=Nats
2026-06-17T19:16:05.317704Z  INFO async_nats::connector: connected successfully server=4222 max_payload=10485760
2026-06-17T19:16:05.317784Z  INFO mq_bench::roles::subscriber: Subscribed to key expression key=topic_1
2026-06-17T19:16:05.317790Z  INFO async_nats: event: connected
2026-06-17T19:16:05.923339Z  INFO mq_bench::roles::subscriber: Starting subscriber engine=Nats key=topic_1 endpoint=None crash_enabled=false
2026-06-17T19:16:05.923389Z  INFO mq_bench::roles::subscriber: Connected via transport engine=Nats
2026-06-17T19:16:05.925737Z  INFO async_nats::connector: connected successfully server=4222 max_payload=10485760
2026-06-17T19:16:05.925831Z  INFO async_nats: event: connected
2026-06-17T19:16:05.925831Z  INFO mq_bench::roles::subscriber: Subscribed to key expression key=topic_1
2026-06-17T19:16:06.530476Z  INFO mq_bench::roles::subscriber: Starting subscriber engine=Nats key=topic_1 endpoint=None crash_enabled=false
2026-06-17T19:16:06.530514Z  INFO mq_bench::roles::subscriber: Connected via transport engine=Nats
2026-06-17T19:16:06.532969Z  INFO async_nats::connector: connected successfully server=4222 max_payload=10485760
2026-06-17T19:16:06.533060Z  INFO async_nats: event: connected
2026-06-17T19:16:06.533061Z  INFO mq_bench::roles::subscriber: Subscribed to key expression key=topic_1
2026-06-17T19:16:07.138564Z  INFO mq_bench::roles::subscriber: Starting subscriber engine=Nats key=topic_1 endpoint=None crash_enabled=false
2026-06-17T19:16:07.138601Z  INFO mq_bench::roles::subscriber: Connected via transport engine=Nats
2026-06-17T19:16:07.140888Z  INFO async_nats::connector: connected successfully server=4222 max_payload=10485760
2026-06-17T19:16:07.140978Z  INFO mq_bench::roles::subscriber: Subscribed to key expression key=topic_1
2026-06-17T19:16:07.140985Z  INFO async_nats: event: connected
2026-06-17T19:16:07.745697Z  INFO mq_bench::roles::subscriber: Starting subscriber engine=Nats key=topic_1 endpoint=None crash_enabled=false
2026-06-17T19:16:07.745735Z  INFO mq_bench::roles::subscriber: Connected via transport engine=Nats
2026-06-17T19:16:07.748059Z  INFO async_nats::connector: connected successfully server=4222 max_payload=10485760
2026-06-17T19:16:07.748140Z  INFO mq_bench::roles::subscriber: Subscribed to key expression key=topic_1
2026-06-17T19:16:07.748138Z  INFO async_nats: event: connected
2026-06-17T19:16:08.353050Z  INFO mq_bench::roles::subscriber: Starting subscriber engine=Nats key=topic_1 endpoint=None crash_enabled=false
2026-06-17T19:16:08.353089Z  INFO mq_bench::roles::subscriber: Connected via transport engine=Nats
2026-06-17T19:16:08.355405Z  INFO async_nats::connector: connected successfully server=4222 max_payload=10485760
2026-06-17T19:16:08.355501Z  INFO mq_bench::roles::subscriber: Subscribed to key expression key=topic_1
2026-06-17T19:16:08.355504Z  INFO async_nats: event: connected
2026-06-17T19:16:08.959656Z  INFO mq_bench::roles::subscriber: Starting subscriber engine=Nats key=topic_1 endpoint=None crash_enabled=false
2026-06-17T19:16:08.959720Z  INFO mq_bench::roles::subscriber: Connected via transport engine=Nats
2026-06-17T19:16:08.962046Z  INFO async_nats::connector: connected successfully server=4222 max_payload=10485760
2026-06-17T19:16:08.962118Z  INFO mq_bench::roles::subscriber: Subscribed to key expression key=topic_1
2026-06-17T19:16:08.962126Z  INFO async_nats: event: connected
2026-06-17T19:16:09.567399Z  INFO mq_bench::roles::subscriber: Starting subscriber engine=Nats key=topic_1 endpoint=None crash_enabled=false
2026-06-17T19:16:09.567470Z  INFO mq_bench::roles::subscriber: Connected via transport engine=Nats
2026-06-17T19:16:09.570892Z  INFO async_nats::connector: connected successfully server=4222 max_payload=10485760
2026-06-17T19:16:09.570975Z  INFO async_nats: event: connected
2026-06-17T19:16:09.570981Z  INFO mq_bench::roles::subscriber: Subscribed to key expression key=topic_1
2026-06-17T19:16:10.174512Z  INFO mq_bench::roles::subscriber: Starting subscriber engine=Nats key=topic_1 endpoint=None crash_enabled=false
2026-06-17T19:16:10.174550Z  INFO mq_bench::roles::subscriber: Connected via transport engine=Nats
2026-06-17T19:16:10.176951Z  INFO async_nats::connector: connected successfully server=4222 max_payload=10485760
2026-06-17T19:16:10.177025Z  INFO mq_bench::roles::subscriber: Subscribed to key expression key=topic_1
2026-06-17T19:16:10.177025Z  INFO async_nats: event: connected
2026-06-17T19:16:10.782031Z  INFO mq_bench::roles::subscriber: Starting subscriber engine=Nats key=topic_1 endpoint=None crash_enabled=false
2026-06-17T19:16:10.782092Z  INFO mq_bench::roles::subscriber: Connected via transport engine=Nats
2026-06-17T19:16:10.784348Z  INFO async_nats::connector: connected successfully server=4222 max_payload=10485760
2026-06-17T19:16:10.784437Z  INFO mq_bench::roles::subscriber: Subscribed to key expression key=topic_1
2026-06-17T19:16:10.784446Z  INFO async_nats: event: connected
2026-06-17T19:16:11.389556Z  INFO mq_bench::roles::subscriber: Starting subscriber engine=Nats key=topic_1 endpoint=None crash_enabled=false
2026-06-17T19:16:11.389592Z  INFO mq_bench::roles::subscriber: Connected via transport engine=Nats
2026-06-17T19:16:11.391878Z  INFO async_nats::connector: connected successfully server=4222 max_payload=10485760
2026-06-17T19:16:11.391973Z  INFO async_nats: event: connected
2026-06-17T19:16:11.391976Z  INFO mq_bench::roles::subscriber: Subscribed to key expression key=topic_1
2026-06-17T19:16:11.996639Z  INFO mq_bench::roles::subscriber: Starting subscriber engine=Nats key=topic_1 endpoint=None crash_enabled=false
2026-06-17T19:16:11.996682Z  INFO mq_bench::roles::subscriber: Connected via transport engine=Nats
2026-06-17T19:16:11.998862Z  INFO async_nats::connector: connected successfully server=4222 max_payload=10485760
2026-06-17T19:16:11.998944Z  INFO async_nats: event: connected
2026-06-17T19:16:11.998950Z  INFO mq_bench::roles::subscriber: Subscribed to key expression key=topic_1
2026-06-17T19:16:12.604243Z  INFO mq_bench::roles::subscriber: Starting subscriber engine=Nats key=topic_1 endpoint=None crash_enabled=false
2026-06-17T19:16:12.604285Z  INFO mq_bench::roles::subscriber: Connected via transport engine=Nats
2026-06-17T19:16:12.606583Z  INFO async_nats::connector: connected successfully server=4222 max_payload=10485760
2026-06-17T19:16:12.606673Z  INFO mq_bench::roles::subscriber: Subscribed to key expression key=topic_1
2026-06-17T19:16:12.606680Z  INFO async_nats: event: connected
