mq-bench starting with run_id: auto
Writing CSV output to: artifacts/fanout_bursty_20260617_191512_nats_p64_s1000_u10_bursty/fanout_singlesite/sub_4.csv
2026-06-17T19:15:12.503545Z  INFO mq_bench::roles::subscriber: Starting subscriber engine=Nats key=topic_4 endpoint=None crash_enabled=false
2026-06-17T19:15:12.503599Z  INFO mq_bench::roles::subscriber: Connected via transport engine=Nats
2026-06-17T19:15:12.505753Z  INFO async_nats::connector: connected successfully server=4222 max_payload=10485760
2026-06-17T19:15:12.505806Z  INFO mq_bench::roles::subscriber: Subscribed to key expression key=topic_4
2026-06-17T19:15:12.505808Z  INFO async_nats: event: connected
2026-06-17T19:15:13.111600Z  INFO mq_bench::roles::subscriber: Starting subscriber engine=Nats key=topic_4 endpoint=None crash_enabled=false
2026-06-17T19:15:13.111670Z  INFO mq_bench::roles::subscriber: Connected via transport engine=Nats
2026-06-17T19:15:13.113962Z  INFO async_nats::connector: connected successfully server=4222 max_payload=10485760
2026-06-17T19:15:13.113995Z  INFO mq_bench::roles::subscriber: Subscribed to key expression key=topic_4
2026-06-17T19:15:13.113999Z  INFO async_nats: event: connected
2026-06-17T19:15:13.719559Z  INFO mq_bench::roles::subscriber: Starting subscriber engine=Nats key=topic_4 endpoint=None crash_enabled=false
2026-06-17T19:15:13.719631Z  INFO mq_bench::roles::subscriber: Connected via transport engine=Nats
2026-06-17T19:15:13.721796Z  INFO async_nats::connector: connected successfully server=4222 max_payload=10485760
2026-06-17T19:15:13.721887Z  INFO mq_bench::roles::subscriber: Subscribed to key expression key=topic_4
2026-06-17T19:15:13.721890Z  INFO async_nats: event: connected
2026-06-17T19:15:14.326782Z  INFO mq_bench::roles::subscriber: Starting subscriber engine=Nats key=topic_4 endpoint=None crash_enabled=false
2026-06-17T19:15:14.326886Z  INFO mq_bench::roles::subscriber: Connected via transport engine=Nats
2026-06-17T19:15:14.329244Z  INFO async_nats::connector: connected successfully server=4222 max_payload=10485760
2026-06-17T19:15:14.329329Z  INFO mq_bench::roles::subscriber: Subscribed to key expression key=topic_4
2026-06-17T19:15:14.329337Z  INFO async_nats: event: connected
2026-06-17T19:15:14.933750Z  INFO mq_bench::roles::subscriber: Starting subscriber engine=Nats key=topic_4 endpoint=None crash_enabled=false
2026-06-17T19:15:14.933792Z  INFO mq_bench::roles::subscriber: Connected via transport engine=Nats
2026-06-17T19:15:14.936064Z  INFO async_nats::connector: connected successfully server=4222 max_payload=10485760
2026-06-17T19:15:14.936159Z  INFO mq_bench::roles::subscriber: Subscribed to key expression key=topic_4
2026-06-17T19:15:14.936161Z  INFO async_nats: event: connected
2026-06-17T19:15:15.540781Z  INFO mq_bench::roles::subscriber: Starting subscriber engine=Nats key=topic_4 endpoint=None crash_enabled=false
2026-06-17T19:15:15.540846Z  INFO mq_bench::roles::subscriber: Connected via transport engine=Nats
2026-06-17T19:15:15.543168Z  INFO async_nats::connector: connected successfully server=4222 max_payload=10485760
2026-06-17T19:15:15.543284Z  INFO async_nats: event: connected
2026-06-17T19:15:15.543285Z  INFO mq_bench::roles::subscriber: Subscribed to key expression key=topic_4
2026-06-17T19:15:16.148386Z  INFO mq_bench::roles::subscriber: Starting subscriber engine=Nats key=topic_4 endpoint=None crash_enabled=false
2026-06-17T19:15:16.148428Z  INFO mq_bench::roles::subscriber: Connected via transport engine=Nats
2026-06-17T19:15:16.150613Z  INFO async_nats::connector: connected successfully server=4222 max_payload=10485760
2026-06-17T19:15:16.150702Z  INFO mq_bench::roles::subscriber: Subscribed to key expression key=topic_4
2026-06-17T19:15:16.150704Z  INFO async_nats: event: connected
2026-06-17T19:15:16.754962Z  INFO mq_bench::roles::subscriber: Starting subscriber engine=Nats key=topic_4 endpoint=None crash_enabled=false
2026-06-17T19:15:16.755012Z  INFO mq_bench::roles::subscriber: Connected via transport engine=Nats
2026-06-17T19:15:16.757403Z  INFO async_nats::connector: connected successfully server=4222 max_payload=10485760
2026-06-17T19:15:16.757497Z  INFO mq_bench::roles::subscriber: Subscribed to key expression key=topic_4
2026-06-17T19:15:16.757501Z  INFO async_nats: event: connected
2026-06-17T19:15:17.362259Z  INFO mq_bench::roles::subscriber: Starting subscriber engine=Nats key=topic_4 endpoint=None crash_enabled=false
2026-06-17T19:15:17.362296Z  INFO mq_bench::roles::subscriber: Connected via transport engine=Nats
2026-06-17T19:15:17.364433Z  INFO async_nats::connector: connected successfully server=4222 max_payload=10485760
2026-06-17T19:15:17.364512Z  INFO mq_bench::roles::subscriber: Subscribed to key expression key=topic_4
2026-06-17T19:15:17.364516Z  INFO async_nats: event: connected
2026-06-17T19:15:17.969254Z  INFO mq_bench::roles::subscriber: Starting subscriber engine=Nats key=topic_4 endpoint=None crash_enabled=false
2026-06-17T19:15:17.969295Z  INFO mq_bench::roles::subscriber: Connected via transport engine=Nats
2026-06-17T19:15:17.971574Z  INFO async_nats::connector: connected successfully server=4222 max_payload=10485760
2026-06-17T19:15:17.971655Z  INFO mq_bench::roles::subscriber: Subscribed to key expression key=topic_4
2026-06-17T19:15:17.971659Z  INFO async_nats: event: connected
2026-06-17T19:15:18.576143Z  INFO mq_bench::roles::subscriber: Starting subscriber engine=Nats key=topic_4 endpoint=None crash_enabled=false
2026-06-17T19:15:18.576178Z  INFO mq_bench::roles::subscriber: Connected via transport engine=Nats
2026-06-17T19:15:18.578391Z  INFO async_nats::connector: connected successfully server=4222 max_payload=10485760
2026-06-17T19:15:18.578483Z  INFO async_nats: event: connected
2026-06-17T19:15:18.578485Z  INFO mq_bench::roles::subscriber: Subscribed to key expression key=topic_4
2026-06-17T19:15:19.182714Z  INFO mq_bench::roles::subscriber: Starting subscriber engine=Nats key=topic_4 endpoint=None crash_enabled=false
2026-06-17T19:15:19.182750Z  INFO mq_bench::roles::subscriber: Connected via transport engine=Nats
2026-06-17T19:15:19.185088Z  INFO async_nats::connector: connected successfully server=4222 max_payload=10485760
2026-06-17T19:15:19.185174Z  INFO mq_bench::roles::subscriber: Subscribed to key expression key=topic_4
2026-06-17T19:15:19.185184Z  INFO async_nats: event: connected
2026-06-17T19:15:19.790412Z  INFO mq_bench::roles::subscriber: Starting subscriber engine=Nats key=topic_4 endpoint=None crash_enabled=false
2026-06-17T19:15:19.790453Z  INFO mq_bench::roles::subscriber: Connected via transport engine=Nats
2026-06-17T19:15:19.792571Z  INFO async_nats::connector: connected successfully server=4222 max_payload=10485760
2026-06-17T19:15:19.792646Z  INFO mq_bench::roles::subscriber: Subscribed to key expression key=topic_4
2026-06-17T19:15:19.792651Z  INFO async_nats: event: connected
2026-06-17T19:15:20.397097Z  INFO mq_bench::roles::subscriber: Starting subscriber engine=Nats key=topic_4 endpoint=None crash_enabled=false
2026-06-17T19:15:20.397134Z  INFO mq_bench::roles::subscriber: Connected via transport engine=Nats
2026-06-17T19:15:20.399383Z  INFO async_nats::connector: connected successfully server=4222 max_payload=10485760
2026-06-17T19:15:20.399465Z  INFO mq_bench::roles::subscriber: Subscribed to key expression key=topic_4
2026-06-17T19:15:20.399470Z  INFO async_nats: event: connected
2026-06-17T19:15:21.004194Z  INFO mq_bench::roles::subscriber: Starting subscriber engine=Nats key=topic_4 endpoint=None crash_enabled=false
2026-06-17T19:15:21.004259Z  INFO mq_bench::roles::subscriber: Connected via transport engine=Nats
2026-06-17T19:15:21.006349Z  INFO async_nats::connector: connected successfully server=4222 max_payload=10485760
2026-06-17T19:15:21.006428Z  INFO mq_bench::roles::subscriber: Subscribed to key expression key=topic_4
2026-06-17T19:15:21.006436Z  INFO async_nats: event: connected
2026-06-17T19:15:21.611174Z  INFO mq_bench::roles::subscriber: Starting subscriber engine=Nats key=topic_4 endpoint=None crash_enabled=false
2026-06-17T19:15:21.611245Z  INFO mq_bench::roles::subscriber: Connected via transport engine=Nats
2026-06-17T19:15:21.613420Z  INFO async_nats::connector: connected successfully server=4222 max_payload=10485760
2026-06-17T19:15:21.613509Z  INFO mq_bench::roles::subscriber: Subscribed to key expression key=topic_4
2026-06-17T19:15:21.613515Z  INFO async_nats: event: connected
2026-06-17T19:15:22.218484Z  INFO mq_bench::roles::subscriber: Starting subscriber engine=Nats key=topic_4 endpoint=None crash_enabled=false
2026-06-17T19:15:22.218516Z  INFO mq_bench::roles::subscriber: Connected via transport engine=Nats
2026-06-17T19:15:22.220613Z  INFO async_nats::connector: connected successfully server=4222 max_payload=10485760
2026-06-17T19:15:22.220701Z  INFO async_nats: event: connected
2026-06-17T19:15:22.220703Z  INFO mq_bench::roles::subscriber: Subscribed to key expression key=topic_4
2026-06-17T19:15:22.826353Z  INFO mq_bench::roles::subscriber: Starting subscriber engine=Nats key=topic_4 endpoint=None crash_enabled=false
2026-06-17T19:15:22.826392Z  INFO mq_bench::roles::subscriber: Connected via transport engine=Nats
2026-06-17T19:15:22.828555Z  INFO async_nats::connector: connected successfully server=4222 max_payload=10485760
2026-06-17T19:15:22.828631Z  INFO mq_bench::roles::subscriber: Subscribed to key expression key=topic_4
2026-06-17T19:15:22.828636Z  INFO async_nats: event: connected
2026-06-17T19:15:23.433133Z  INFO mq_bench::roles::subscriber: Starting subscriber engine=Nats key=topic_4 endpoint=None crash_enabled=false
2026-06-17T19:15:23.433166Z  INFO mq_bench::roles::subscriber: Connected via transport engine=Nats
2026-06-17T19:15:23.435408Z  INFO async_nats::connector: connected successfully server=4222 max_payload=10485760
2026-06-17T19:15:23.435489Z  INFO mq_bench::roles::subscriber: Subscribed to key expression key=topic_4
2026-06-17T19:15:23.435494Z  INFO async_nats: event: connected
2026-06-17T19:15:24.039729Z  INFO mq_bench::roles::subscriber: Starting subscriber engine=Nats key=topic_4 endpoint=None crash_enabled=false
2026-06-17T19:15:24.039764Z  INFO mq_bench::roles::subscriber: Connected via transport engine=Nats
2026-06-17T19:15:24.041992Z  INFO async_nats::connector: connected successfully server=4222 max_payload=10485760
2026-06-17T19:15:24.042077Z  INFO mq_bench::roles::subscriber: Subscribed to key expression key=topic_4
2026-06-17T19:15:24.042086Z  INFO async_nats: event: connected
2026-06-17T19:15:24.647538Z  INFO mq_bench::roles::subscriber: Starting subscriber engine=Nats key=topic_4 endpoint=None crash_enabled=false
2026-06-17T19:15:24.647570Z  INFO mq_bench::roles::subscriber: Connected via transport engine=Nats
2026-06-17T19:15:24.649973Z  INFO async_nats::connector: connected successfully server=4222 max_payload=10485760
2026-06-17T19:15:24.650054Z  INFO mq_bench::roles::subscriber: Subscribed to key expression key=topic_4
2026-06-17T19:15:24.650061Z  INFO async_nats: event: connected
2026-06-17T19:15:25.255000Z  INFO mq_bench::roles::subscriber: Starting subscriber engine=Nats key=topic_4 endpoint=None crash_enabled=false
2026-06-17T19:15:25.255033Z  INFO mq_bench::roles::subscriber: Connected via transport engine=Nats
2026-06-17T19:15:25.257304Z  INFO async_nats::connector: connected successfully server=4222 max_payload=10485760
2026-06-17T19:15:25.257401Z  INFO async_nats: event: connected
2026-06-17T19:15:25.257411Z  INFO mq_bench::roles::subscriber: Subscribed to key expression key=topic_4
2026-06-17T19:15:25.861977Z  INFO mq_bench::roles::subscriber: Starting subscriber engine=Nats key=topic_4 endpoint=None crash_enabled=false
2026-06-17T19:15:25.862009Z  INFO mq_bench::roles::subscriber: Connected via transport engine=Nats
2026-06-17T19:15:25.864256Z  INFO async_nats::connector: connected successfully server=4222 max_payload=10485760
2026-06-17T19:15:25.864337Z  INFO mq_bench::roles::subscriber: Subscribed to key expression key=topic_4
2026-06-17T19:15:25.864348Z  INFO async_nats: event: connected
2026-06-17T19:15:26.468680Z  INFO mq_bench::roles::subscriber: Starting subscriber engine=Nats key=topic_4 endpoint=None crash_enabled=false
2026-06-17T19:15:26.468716Z  INFO mq_bench::roles::subscriber: Connected via transport engine=Nats
2026-06-17T19:15:26.470988Z  INFO async_nats::connector: connected successfully server=4222 max_payload=10485760
2026-06-17T19:15:26.471065Z  INFO mq_bench::roles::subscriber: Subscribed to key expression key=topic_4
2026-06-17T19:15:26.471069Z  INFO async_nats: event: connected
2026-06-17T19:15:27.076243Z  INFO mq_bench::roles::subscriber: Starting subscriber engine=Nats key=topic_4 endpoint=None crash_enabled=false
2026-06-17T19:15:27.076283Z  INFO mq_bench::roles::subscriber: Connected via transport engine=Nats
2026-06-17T19:15:27.078633Z  INFO async_nats::connector: connected successfully server=4222 max_payload=10485760
2026-06-17T19:15:27.078727Z  INFO async_nats: event: connected
2026-06-17T19:15:27.078728Z  INFO mq_bench::roles::subscriber: Subscribed to key expression key=topic_4
2026-06-17T19:15:27.682921Z  INFO mq_bench::roles::subscriber: Starting subscriber engine=Nats key=topic_4 endpoint=None crash_enabled=false
2026-06-17T19:15:27.682952Z  INFO mq_bench::roles::subscriber: Connected via transport engine=Nats
2026-06-17T19:15:27.685171Z  INFO async_nats::connector: connected successfully server=4222 max_payload=10485760
2026-06-17T19:15:27.685282Z  INFO mq_bench::roles::subscriber: Subscribed to key expression key=topic_4
2026-06-17T19:15:27.685288Z  INFO async_nats: event: connected
2026-06-17T19:15:28.290484Z  INFO mq_bench::roles::subscriber: Starting subscriber engine=Nats key=topic_4 endpoint=None crash_enabled=false
2026-06-17T19:15:28.290515Z  INFO mq_bench::roles::subscriber: Connected via transport engine=Nats
2026-06-17T19:15:28.292815Z  INFO async_nats::connector: connected successfully server=4222 max_payload=10485760
2026-06-17T19:15:28.292905Z  INFO mq_bench::roles::subscriber: Subscribed to key expression key=topic_4
2026-06-17T19:15:28.292908Z  INFO async_nats: event: connected
2026-06-17T19:15:28.897687Z  INFO mq_bench::roles::subscriber: Starting subscriber engine=Nats key=topic_4 endpoint=None crash_enabled=false
2026-06-17T19:15:28.897738Z  INFO mq_bench::roles::subscriber: Connected via transport engine=Nats
2026-06-17T19:15:28.899996Z  INFO async_nats::connector: connected successfully server=4222 max_payload=10485760
2026-06-17T19:15:28.900079Z  INFO async_nats: event: connected
2026-06-17T19:15:28.900081Z  INFO mq_bench::roles::subscriber: Subscribed to key expression key=topic_4
2026-06-17T19:15:29.505505Z  INFO mq_bench::roles::subscriber: Starting subscriber engine=Nats key=topic_4 endpoint=None crash_enabled=false
2026-06-17T19:15:29.505534Z  INFO mq_bench::roles::subscriber: Connected via transport engine=Nats
2026-06-17T19:15:29.507749Z  INFO async_nats::connector: connected successfully server=4222 max_payload=10485760
2026-06-17T19:15:29.507831Z  INFO mq_bench::roles::subscriber: Subscribed to key expression key=topic_4
2026-06-17T19:15:29.507837Z  INFO async_nats: event: connected
2026-06-17T19:15:30.112744Z  INFO mq_bench::roles::subscriber: Starting subscriber engine=Nats key=topic_4 endpoint=None crash_enabled=false
2026-06-17T19:15:30.112774Z  INFO mq_bench::roles::subscriber: Connected via transport engine=Nats
2026-06-17T19:15:30.115169Z  INFO async_nats::connector: connected successfully server=4222 max_payload=10485760
2026-06-17T19:15:30.115294Z  INFO mq_bench::roles::subscriber: Subscribed to key expression key=topic_4
2026-06-17T19:15:30.115298Z  INFO async_nats: event: connected
2026-06-17T19:15:30.720079Z  INFO mq_bench::roles::subscriber: Starting subscriber engine=Nats key=topic_4 endpoint=None crash_enabled=false
2026-06-17T19:15:30.720118Z  INFO mq_bench::roles::subscriber: Connected via transport engine=Nats
2026-06-17T19:15:30.722245Z  INFO async_nats::connector: connected successfully server=4222 max_payload=10485760
2026-06-17T19:15:30.722317Z  INFO mq_bench::roles::subscriber: Subscribed to key expression key=topic_4
2026-06-17T19:15:30.722321Z  INFO async_nats: event: connected
2026-06-17T19:15:31.327393Z  INFO mq_bench::roles::subscriber: Starting subscriber engine=Nats key=topic_4 endpoint=None crash_enabled=false
2026-06-17T19:15:31.327457Z  INFO mq_bench::roles::subscriber: Connected via transport engine=Nats
2026-06-17T19:15:31.328802Z  INFO async_nats::connector: connected successfully server=4222 max_payload=10485760
2026-06-17T19:15:31.328872Z  INFO mq_bench::roles::subscriber: Subscribed to key expression key=topic_4
2026-06-17T19:15:31.328877Z  INFO async_nats: event: connected
2026-06-17T19:15:31.933850Z  INFO mq_bench::roles::subscriber: Starting subscriber engine=Nats key=topic_4 endpoint=None crash_enabled=false
2026-06-17T19:15:31.933887Z  INFO mq_bench::roles::subscriber: Connected via transport engine=Nats
2026-06-17T19:15:31.936270Z  INFO async_nats::connector: connected successfully server=4222 max_payload=10485760
2026-06-17T19:15:31.936350Z  INFO mq_bench::roles::subscriber: Subscribed to key expression key=topic_4
2026-06-17T19:15:31.936367Z  INFO async_nats: event: connected
2026-06-17T19:15:32.540710Z  INFO mq_bench::roles::subscriber: Starting subscriber engine=Nats key=topic_4 endpoint=None crash_enabled=false
2026-06-17T19:15:32.540756Z  INFO mq_bench::roles::subscriber: Connected via transport engine=Nats
2026-06-17T19:15:32.543292Z  INFO async_nats::connector: connected successfully server=4222 max_payload=10485760
2026-06-17T19:15:32.543377Z  INFO mq_bench::roles::subscriber: Subscribed to key expression key=topic_4
2026-06-17T19:15:32.543383Z  INFO async_nats: event: connected
2026-06-17T19:15:33.147834Z  INFO mq_bench::roles::subscriber: Starting subscriber engine=Nats key=topic_4 endpoint=None crash_enabled=false
2026-06-17T19:15:33.147869Z  INFO mq_bench::roles::subscriber: Connected via transport engine=Nats
2026-06-17T19:15:33.150022Z  INFO async_nats::connector: connected successfully server=4222 max_payload=10485760
2026-06-17T19:15:33.150113Z  INFO mq_bench::roles::subscriber: Subscribed to key expression key=topic_4
2026-06-17T19:15:33.150117Z  INFO async_nats: event: connected
2026-06-17T19:15:33.754865Z  INFO mq_bench::roles::subscriber: Starting subscriber engine=Nats key=topic_4 endpoint=None crash_enabled=false
2026-06-17T19:15:33.754903Z  INFO mq_bench::roles::subscriber: Connected via transport engine=Nats
2026-06-17T19:15:33.757059Z  INFO async_nats::connector: connected successfully server=4222 max_payload=10485760
2026-06-17T19:15:33.757100Z  INFO mq_bench::roles::subscriber: Subscribed to key expression key=topic_4
2026-06-17T19:15:33.757111Z  INFO async_nats: event: connected
2026-06-17T19:15:34.361991Z  INFO mq_bench::roles::subscriber: Starting subscriber engine=Nats key=topic_4 endpoint=None crash_enabled=false
2026-06-17T19:15:34.362010Z  INFO mq_bench::roles::subscriber: Connected via transport engine=Nats
2026-06-17T19:15:34.364103Z  INFO async_nats::connector: connected successfully server=4222 max_payload=10485760
2026-06-17T19:15:34.364182Z  INFO async_nats: event: connected
2026-06-17T19:15:34.364195Z  INFO mq_bench::roles::subscriber: Subscribed to key expression key=topic_4
2026-06-17T19:15:34.968886Z  INFO mq_bench::roles::subscriber: Starting subscriber engine=Nats key=topic_4 endpoint=None crash_enabled=false
2026-06-17T19:15:34.968901Z  INFO mq_bench::roles::subscriber: Connected via transport engine=Nats
2026-06-17T19:15:34.971000Z  INFO async_nats::connector: connected successfully server=4222 max_payload=10485760
2026-06-17T19:15:34.971076Z  INFO async_nats: event: connected
2026-06-17T19:15:34.971089Z  INFO mq_bench::roles::subscriber: Subscribed to key expression key=topic_4
2026-06-17T19:15:35.576309Z  INFO mq_bench::roles::subscriber: Starting subscriber engine=Nats key=topic_4 endpoint=None crash_enabled=false
2026-06-17T19:15:35.576321Z  INFO mq_bench::roles::subscriber: Connected via transport engine=Nats
2026-06-17T19:15:35.578360Z  INFO async_nats::connector: connected successfully server=4222 max_payload=10485760
2026-06-17T19:15:35.578435Z  INFO async_nats: event: connected
2026-06-17T19:15:35.578441Z  INFO mq_bench::roles::subscriber: Subscribed to key expression key=topic_4
2026-06-17T19:15:36.182836Z  INFO mq_bench::roles::subscriber: Starting subscriber engine=Nats key=topic_4 endpoint=None crash_enabled=false
2026-06-17T19:15:36.182919Z  INFO mq_bench::roles::subscriber: Connected via transport engine=Nats
2026-06-17T19:15:36.185094Z  INFO async_nats::connector: connected successfully server=4222 max_payload=10485760
2026-06-17T19:15:36.185170Z  INFO mq_bench::roles::subscriber: Subscribed to key expression key=topic_4
2026-06-17T19:15:36.185176Z  INFO async_nats: event: connected
2026-06-17T19:15:36.789763Z  INFO mq_bench::roles::subscriber: Starting subscriber engine=Nats key=topic_4 endpoint=None crash_enabled=false
2026-06-17T19:15:36.789803Z  INFO mq_bench::roles::subscriber: Connected via transport engine=Nats
2026-06-17T19:15:36.791958Z  INFO async_nats::connector: connected successfully server=4222 max_payload=10485760
2026-06-17T19:15:36.792047Z  INFO mq_bench::roles::subscriber: Subscribed to key expression key=topic_4
2026-06-17T19:15:36.792053Z  INFO async_nats: event: connected
2026-06-17T19:15:37.397025Z  INFO mq_bench::roles::subscriber: Starting subscriber engine=Nats key=topic_4 endpoint=None crash_enabled=false
2026-06-17T19:15:37.397060Z  INFO mq_bench::roles::subscriber: Connected via transport engine=Nats
2026-06-17T19:15:37.399108Z  INFO async_nats::connector: connected successfully server=4222 max_payload=10485760
2026-06-17T19:15:37.399190Z  INFO mq_bench::roles::subscriber: Subscribed to key expression key=topic_4
2026-06-17T19:15:37.399195Z  INFO async_nats: event: connected
2026-06-17T19:15:38.004041Z  INFO mq_bench::roles::subscriber: Starting subscriber engine=Nats key=topic_4 endpoint=None crash_enabled=false
2026-06-17T19:15:38.004059Z  INFO mq_bench::roles::subscriber: Connected via transport engine=Nats
2026-06-17T19:15:38.006562Z  INFO async_nats::connector: connected successfully server=4222 max_payload=10485760
2026-06-17T19:15:38.006629Z  INFO async_nats: event: connected
2026-06-17T19:15:38.006634Z  INFO mq_bench::roles::subscriber: Subscribed to key expression key=topic_4
2026-06-17T19:15:38.610681Z  INFO mq_bench::roles::subscriber: Starting subscriber engine=Nats key=topic_4 endpoint=None crash_enabled=false
2026-06-17T19:15:38.610723Z  INFO mq_bench::roles::subscriber: Connected via transport engine=Nats
2026-06-17T19:15:38.612952Z  INFO async_nats::connector: connected successfully server=4222 max_payload=10485760
2026-06-17T19:15:38.613025Z  INFO mq_bench::roles::subscriber: Subscribed to key expression key=topic_4
2026-06-17T19:15:38.613030Z  INFO async_nats: event: connected
2026-06-17T19:15:39.217763Z  INFO mq_bench::roles::subscriber: Starting subscriber engine=Nats key=topic_4 endpoint=None crash_enabled=false
2026-06-17T19:15:39.217801Z  INFO mq_bench::roles::subscriber: Connected via transport engine=Nats
2026-06-17T19:15:39.220017Z  INFO async_nats::connector: connected successfully server=4222 max_payload=10485760
2026-06-17T19:15:39.220093Z  INFO mq_bench::roles::subscriber: Subscribed to key expression key=topic_4
2026-06-17T19:15:39.220098Z  INFO async_nats: event: connected
2026-06-17T19:15:39.825097Z  INFO mq_bench::roles::subscriber: Starting subscriber engine=Nats key=topic_4 endpoint=None crash_enabled=false
2026-06-17T19:15:39.825139Z  INFO mq_bench::roles::subscriber: Connected via transport engine=Nats
2026-06-17T19:15:39.827298Z  INFO async_nats::connector: connected successfully server=4222 max_payload=10485760
2026-06-17T19:15:39.827394Z  INFO mq_bench::roles::subscriber: Subscribed to key expression key=topic_4
2026-06-17T19:15:39.827399Z  INFO async_nats: event: connected
2026-06-17T19:15:40.432257Z  INFO mq_bench::roles::subscriber: Starting subscriber engine=Nats key=topic_4 endpoint=None crash_enabled=false
2026-06-17T19:15:40.432292Z  INFO mq_bench::roles::subscriber: Connected via transport engine=Nats
2026-06-17T19:15:40.436735Z  INFO async_nats::connector: connected successfully server=4222 max_payload=10485760
2026-06-17T19:15:40.436764Z  INFO mq_bench::roles::subscriber: Subscribed to key expression key=topic_4
2026-06-17T19:15:40.436770Z  INFO async_nats: event: connected
2026-06-17T19:15:41.039473Z  INFO mq_bench::roles::subscriber: Starting subscriber engine=Nats key=topic_4 endpoint=None crash_enabled=false
2026-06-17T19:15:41.039487Z  INFO mq_bench::roles::subscriber: Connected via transport engine=Nats
2026-06-17T19:15:41.041692Z  INFO async_nats::connector: connected successfully server=4222 max_payload=10485760
2026-06-17T19:15:41.041771Z  INFO async_nats: event: connected
2026-06-17T19:15:41.041779Z  INFO mq_bench::roles::subscriber: Subscribed to key expression key=topic_4
2026-06-17T19:15:41.647028Z  INFO mq_bench::roles::subscriber: Starting subscriber engine=Nats key=topic_4 endpoint=None crash_enabled=false
2026-06-17T19:15:41.647066Z  INFO mq_bench::roles::subscriber: Connected via transport engine=Nats
2026-06-17T19:15:41.649560Z  INFO async_nats::connector: connected successfully server=4222 max_payload=10485760
2026-06-17T19:15:41.649645Z  INFO async_nats: event: connected
2026-06-17T19:15:41.649647Z  INFO mq_bench::roles::subscriber: Subscribed to key expression key=topic_4
2026-06-17T19:15:42.254481Z  INFO mq_bench::roles::subscriber: Starting subscriber engine=Nats key=topic_4 endpoint=None crash_enabled=false
2026-06-17T19:15:42.254519Z  INFO mq_bench::roles::subscriber: Connected via transport engine=Nats
2026-06-17T19:15:42.258015Z  INFO async_nats::connector: connected successfully server=4222 max_payload=10485760
2026-06-17T19:15:42.258097Z  INFO mq_bench::roles::subscriber: Subscribed to key expression key=topic_4
2026-06-17T19:15:42.258106Z  INFO async_nats: event: connected
2026-06-17T19:15:42.862639Z  INFO mq_bench::roles::subscriber: Starting subscriber engine=Nats key=topic_4 endpoint=None crash_enabled=false
2026-06-17T19:15:42.862651Z  INFO mq_bench::roles::subscriber: Connected via transport engine=Nats
2026-06-17T19:15:42.864847Z  INFO async_nats::connector: connected successfully server=4222 max_payload=10485760
2026-06-17T19:15:42.864911Z  INFO async_nats: event: connected
2026-06-17T19:15:42.864922Z  INFO mq_bench::roles::subscriber: Subscribed to key expression key=topic_4
2026-06-17T19:15:43.470581Z  INFO mq_bench::roles::subscriber: Starting subscriber engine=Nats key=topic_4 endpoint=None crash_enabled=false
2026-06-17T19:15:43.470594Z  INFO mq_bench::roles::subscriber: Connected via transport engine=Nats
2026-06-17T19:15:43.472925Z  INFO async_nats::connector: connected successfully server=4222 max_payload=10485760
2026-06-17T19:15:43.473012Z  INFO mq_bench::roles::subscriber: Subscribed to key expression key=topic_4
2026-06-17T19:15:43.473015Z  INFO async_nats: event: connected
2026-06-17T19:15:44.078294Z  INFO mq_bench::roles::subscriber: Starting subscriber engine=Nats key=topic_4 endpoint=None crash_enabled=false
2026-06-17T19:15:44.078333Z  INFO mq_bench::roles::subscriber: Connected via transport engine=Nats
2026-06-17T19:15:44.080522Z  INFO async_nats::connector: connected successfully server=4222 max_payload=10485760
2026-06-17T19:15:44.080605Z  INFO mq_bench::roles::subscriber: Subscribed to key expression key=topic_4
2026-06-17T19:15:44.080610Z  INFO async_nats: event: connected
2026-06-17T19:15:44.684648Z  INFO mq_bench::roles::subscriber: Starting subscriber engine=Nats key=topic_4 endpoint=None crash_enabled=false
2026-06-17T19:15:44.684684Z  INFO mq_bench::roles::subscriber: Connected via transport engine=Nats
2026-06-17T19:15:44.687031Z  INFO async_nats::connector: connected successfully server=4222 max_payload=10485760
2026-06-17T19:15:44.687114Z  INFO mq_bench::roles::subscriber: Subscribed to key expression key=topic_4
2026-06-17T19:15:44.687121Z  INFO async_nats: event: connected
2026-06-17T19:15:45.292599Z  INFO mq_bench::roles::subscriber: Starting subscriber engine=Nats key=topic_4 endpoint=None crash_enabled=false
2026-06-17T19:15:45.292636Z  INFO mq_bench::roles::subscriber: Connected via transport engine=Nats
2026-06-17T19:15:45.294887Z  INFO async_nats::connector: connected successfully server=4222 max_payload=10485760
2026-06-17T19:15:45.294967Z  INFO mq_bench::roles::subscriber: Subscribed to key expression key=topic_4
2026-06-17T19:15:45.294972Z  INFO async_nats: event: connected
2026-06-17T19:15:45.899886Z  INFO mq_bench::roles::subscriber: Starting subscriber engine=Nats key=topic_4 endpoint=None crash_enabled=false
2026-06-17T19:15:45.899904Z  INFO mq_bench::roles::subscriber: Connected via transport engine=Nats
2026-06-17T19:15:45.902086Z  INFO async_nats::connector: connected successfully server=4222 max_payload=10485760
2026-06-17T19:15:45.902155Z  INFO async_nats: event: connected
2026-06-17T19:15:45.902162Z  INFO mq_bench::roles::subscriber: Subscribed to key expression key=topic_4
2026-06-17T19:15:46.507576Z  INFO mq_bench::roles::subscriber: Starting subscriber engine=Nats key=topic_4 endpoint=None crash_enabled=false
2026-06-17T19:15:46.507586Z  INFO mq_bench::roles::subscriber: Connected via transport engine=Nats
2026-06-17T19:15:46.509944Z  INFO async_nats::connector: connected successfully server=4222 max_payload=10485760
2026-06-17T19:15:46.510028Z  INFO async_nats: event: connected
2026-06-17T19:15:46.510032Z  INFO mq_bench::roles::subscriber: Subscribed to key expression key=topic_4
2026-06-17T19:15:47.115269Z  INFO mq_bench::roles::subscriber: Starting subscriber engine=Nats key=topic_4 endpoint=None crash_enabled=false
2026-06-17T19:15:47.115279Z  INFO mq_bench::roles::subscriber: Connected via transport engine=Nats
2026-06-17T19:15:47.117482Z  INFO async_nats::connector: connected successfully server=4222 max_payload=10485760
2026-06-17T19:15:47.117552Z  INFO async_nats: event: connected
2026-06-17T19:15:47.117557Z  INFO mq_bench::roles::subscriber: Subscribed to key expression key=topic_4
2026-06-17T19:15:47.722485Z  INFO mq_bench::roles::subscriber: Starting subscriber engine=Nats key=topic_4 endpoint=None crash_enabled=false
2026-06-17T19:15:47.722522Z  INFO mq_bench::roles::subscriber: Connected via transport engine=Nats
2026-06-17T19:15:47.724705Z  INFO async_nats::connector: connected successfully server=4222 max_payload=10485760
2026-06-17T19:15:47.724781Z  INFO mq_bench::roles::subscriber: Subscribed to key expression key=topic_4
2026-06-17T19:15:47.724788Z  INFO async_nats: event: connected
2026-06-17T19:15:48.330306Z  INFO mq_bench::roles::subscriber: Starting subscriber engine=Nats key=topic_4 endpoint=None crash_enabled=false
2026-06-17T19:15:48.330360Z  INFO mq_bench::roles::subscriber: Connected via transport engine=Nats
2026-06-17T19:15:48.332500Z  INFO async_nats::connector: connected successfully server=4222 max_payload=10485760
2026-06-17T19:15:48.332595Z  INFO mq_bench::roles::subscriber: Subscribed to key expression key=topic_4
2026-06-17T19:15:48.332599Z  INFO async_nats: event: connected
2026-06-17T19:15:48.937311Z  INFO mq_bench::roles::subscriber: Starting subscriber engine=Nats key=topic_4 endpoint=None crash_enabled=false
2026-06-17T19:15:48.937349Z  INFO mq_bench::roles::subscriber: Connected via transport engine=Nats
2026-06-17T19:15:48.939469Z  INFO async_nats::connector: connected successfully server=4222 max_payload=10485760
2026-06-17T19:15:48.939547Z  INFO mq_bench::roles::subscriber: Subscribed to key expression key=topic_4
2026-06-17T19:15:48.939550Z  INFO async_nats: event: connected
2026-06-17T19:15:49.543879Z  INFO mq_bench::roles::subscriber: Starting subscriber engine=Nats key=topic_4 endpoint=None crash_enabled=false
2026-06-17T19:15:49.543917Z  INFO mq_bench::roles::subscriber: Connected via transport engine=Nats
2026-06-17T19:15:49.546122Z  INFO async_nats::connector: connected successfully server=4222 max_payload=10485760
2026-06-17T19:15:49.546190Z  INFO mq_bench::roles::subscriber: Subscribed to key expression key=topic_4
2026-06-17T19:15:49.546196Z  INFO async_nats: event: connected
2026-06-17T19:15:50.150843Z  INFO mq_bench::roles::subscriber: Starting subscriber engine=Nats key=topic_4 endpoint=None crash_enabled=false
2026-06-17T19:15:50.150873Z  INFO mq_bench::roles::subscriber: Connected via transport engine=Nats
2026-06-17T19:15:50.152967Z  INFO async_nats::connector: connected successfully server=4222 max_payload=10485760
2026-06-17T19:15:50.153035Z  INFO async_nats: event: connected
2026-06-17T19:15:50.153041Z  INFO mq_bench::roles::subscriber: Subscribed to key expression key=topic_4
2026-06-17T19:15:50.758337Z  INFO mq_bench::roles::subscriber: Starting subscriber engine=Nats key=topic_4 endpoint=None crash_enabled=false
2026-06-17T19:15:50.758376Z  INFO mq_bench::roles::subscriber: Connected via transport engine=Nats
2026-06-17T19:15:50.760852Z  INFO async_nats::connector: connected successfully server=4222 max_payload=10485760
2026-06-17T19:15:50.760931Z  INFO mq_bench::roles::subscriber: Subscribed to key expression key=topic_4
2026-06-17T19:15:50.760938Z  INFO async_nats: event: connected
2026-06-17T19:15:51.365107Z  INFO mq_bench::roles::subscriber: Starting subscriber engine=Nats key=topic_4 endpoint=None crash_enabled=false
2026-06-17T19:15:51.365139Z  INFO mq_bench::roles::subscriber: Connected via transport engine=Nats
2026-06-17T19:15:51.367227Z  INFO async_nats::connector: connected successfully server=4222 max_payload=10485760
2026-06-17T19:15:51.367263Z  INFO mq_bench::roles::subscriber: Subscribed to key expression key=topic_4
2026-06-17T19:15:51.367272Z  INFO async_nats: event: connected
2026-06-17T19:15:51.972412Z  INFO mq_bench::roles::subscriber: Starting subscriber engine=Nats key=topic_4 endpoint=None crash_enabled=false
2026-06-17T19:15:51.972426Z  INFO mq_bench::roles::subscriber: Connected via transport engine=Nats
2026-06-17T19:15:51.974729Z  INFO async_nats::connector: connected successfully server=4222 max_payload=10485760
2026-06-17T19:15:51.974797Z  INFO async_nats: event: connected
2026-06-17T19:15:51.974804Z  INFO mq_bench::roles::subscriber: Subscribed to key expression key=topic_4
2026-06-17T19:15:52.579257Z  INFO mq_bench::roles::subscriber: Starting subscriber engine=Nats key=topic_4 endpoint=None crash_enabled=false
2026-06-17T19:15:52.579270Z  INFO mq_bench::roles::subscriber: Connected via transport engine=Nats
2026-06-17T19:15:52.581383Z  INFO async_nats::connector: connected successfully server=4222 max_payload=10485760
2026-06-17T19:15:52.581455Z  INFO async_nats: event: connected
2026-06-17T19:15:52.581461Z  INFO mq_bench::roles::subscriber: Subscribed to key expression key=topic_4
2026-06-17T19:15:53.185693Z  INFO mq_bench::roles::subscriber: Starting subscriber engine=Nats key=topic_4 endpoint=None crash_enabled=false
2026-06-17T19:15:53.185704Z  INFO mq_bench::roles::subscriber: Connected via transport engine=Nats
2026-06-17T19:15:53.187942Z  INFO async_nats::connector: connected successfully server=4222 max_payload=10485760
2026-06-17T19:15:53.188018Z  INFO async_nats: event: connected
2026-06-17T19:15:53.188024Z  INFO mq_bench::roles::subscriber: Subscribed to key expression key=topic_4
2026-06-17T19:15:53.793334Z  INFO mq_bench::roles::subscriber: Starting subscriber engine=Nats key=topic_4 endpoint=None crash_enabled=false
2026-06-17T19:15:53.793374Z  INFO mq_bench::roles::subscriber: Connected via transport engine=Nats
2026-06-17T19:15:53.795733Z  INFO async_nats::connector: connected successfully server=4222 max_payload=10485760
2026-06-17T19:15:53.795824Z  INFO async_nats: event: connected
2026-06-17T19:15:53.795825Z  INFO mq_bench::roles::subscriber: Subscribed to key expression key=topic_4
2026-06-17T19:15:54.399720Z  INFO mq_bench::roles::subscriber: Starting subscriber engine=Nats key=topic_4 endpoint=None crash_enabled=false
2026-06-17T19:15:54.399732Z  INFO mq_bench::roles::subscriber: Connected via transport engine=Nats
2026-06-17T19:15:54.401799Z  INFO async_nats::connector: connected successfully server=4222 max_payload=10485760
2026-06-17T19:15:54.401829Z  INFO mq_bench::roles::subscriber: Subscribed to key expression key=topic_4
2026-06-17T19:15:54.401835Z  INFO async_nats: event: connected
2026-06-17T19:15:55.006716Z  INFO mq_bench::roles::subscriber: Starting subscriber engine=Nats key=topic_4 endpoint=None crash_enabled=false
2026-06-17T19:15:55.006729Z  INFO mq_bench::roles::subscriber: Connected via transport engine=Nats
2026-06-17T19:15:55.009133Z  INFO async_nats::connector: connected successfully server=4222 max_payload=10485760
2026-06-17T19:15:55.009252Z  INFO async_nats: event: connected
2026-06-17T19:15:55.009258Z  INFO mq_bench::roles::subscriber: Subscribed to key expression key=topic_4
2026-06-17T19:15:55.614538Z  INFO mq_bench::roles::subscriber: Starting subscriber engine=Nats key=topic_4 endpoint=None crash_enabled=false
2026-06-17T19:15:55.614571Z  INFO mq_bench::roles::subscriber: Connected via transport engine=Nats
2026-06-17T19:15:55.616677Z  INFO async_nats::connector: connected successfully server=4222 max_payload=10485760
2026-06-17T19:15:55.616759Z  INFO mq_bench::roles::subscriber: Subscribed to key expression key=topic_4
2026-06-17T19:15:55.616763Z  INFO async_nats: event: connected
2026-06-17T19:15:56.222079Z  INFO mq_bench::roles::subscriber: Starting subscriber engine=Nats key=topic_4 endpoint=None crash_enabled=false
2026-06-17T19:15:56.222089Z  INFO mq_bench::roles::subscriber: Connected via transport engine=Nats
2026-06-17T19:15:56.224488Z  INFO async_nats::connector: connected successfully server=4222 max_payload=10485760
2026-06-17T19:15:56.224588Z  INFO async_nats: event: connected
2026-06-17T19:15:56.224597Z  INFO mq_bench::roles::subscriber: Subscribed to key expression key=topic_4
2026-06-17T19:15:56.828986Z  INFO mq_bench::roles::subscriber: Starting subscriber engine=Nats key=topic_4 endpoint=None crash_enabled=false
2026-06-17T19:15:56.828998Z  INFO mq_bench::roles::subscriber: Connected via transport engine=Nats
2026-06-17T19:15:56.831179Z  INFO async_nats::connector: connected successfully server=4222 max_payload=10485760
2026-06-17T19:15:56.831298Z  INFO async_nats: event: connected
2026-06-17T19:15:56.831305Z  INFO mq_bench::roles::subscriber: Subscribed to key expression key=topic_4
2026-06-17T19:15:57.436103Z  INFO mq_bench::roles::subscriber: Starting subscriber engine=Nats key=topic_4 endpoint=None crash_enabled=false
2026-06-17T19:15:57.436114Z  INFO mq_bench::roles::subscriber: Connected via transport engine=Nats
2026-06-17T19:15:57.438302Z  INFO async_nats::connector: connected successfully server=4222 max_payload=10485760
2026-06-17T19:15:57.438390Z  INFO async_nats: event: connected
2026-06-17T19:15:57.438403Z  INFO mq_bench::roles::subscriber: Subscribed to key expression key=topic_4
2026-06-17T19:15:58.043393Z  INFO mq_bench::roles::subscriber: Starting subscriber engine=Nats key=topic_4 endpoint=None crash_enabled=false
2026-06-17T19:15:58.043405Z  INFO mq_bench::roles::subscriber: Connected via transport engine=Nats
2026-06-17T19:15:58.045657Z  INFO async_nats::connector: connected successfully server=4222 max_payload=10485760
2026-06-17T19:15:58.045739Z  INFO async_nats: event: connected
2026-06-17T19:15:58.045746Z  INFO mq_bench::roles::subscriber: Subscribed to key expression key=topic_4
2026-06-17T19:15:58.649699Z  INFO mq_bench::roles::subscriber: Starting subscriber engine=Nats key=topic_4 endpoint=None crash_enabled=false
2026-06-17T19:15:58.649713Z  INFO mq_bench::roles::subscriber: Connected via transport engine=Nats
2026-06-17T19:15:58.651794Z  INFO async_nats::connector: connected successfully server=4222 max_payload=10485760
2026-06-17T19:15:58.651820Z  INFO mq_bench::roles::subscriber: Subscribed to key expression key=topic_4
2026-06-17T19:15:58.651825Z  INFO async_nats: event: connected
2026-06-17T19:15:59.257283Z  INFO mq_bench::roles::subscriber: Starting subscriber engine=Nats key=topic_4 endpoint=None crash_enabled=false
2026-06-17T19:15:59.257332Z  INFO mq_bench::roles::subscriber: Connected via transport engine=Nats
2026-06-17T19:15:59.259517Z  INFO async_nats::connector: connected successfully server=4222 max_payload=10485760
2026-06-17T19:15:59.259544Z  INFO mq_bench::roles::subscriber: Subscribed to key expression key=topic_4
2026-06-17T19:15:59.259550Z  INFO async_nats: event: connected
2026-06-17T19:15:59.863818Z  INFO mq_bench::roles::subscriber: Starting subscriber engine=Nats key=topic_4 endpoint=None crash_enabled=false
2026-06-17T19:15:59.863832Z  INFO mq_bench::roles::subscriber: Connected via transport engine=Nats
2026-06-17T19:15:59.866085Z  INFO async_nats::connector: connected successfully server=4222 max_payload=10485760
2026-06-17T19:15:59.866175Z  INFO async_nats: event: connected
2026-06-17T19:15:59.866189Z  INFO mq_bench::roles::subscriber: Subscribed to key expression key=topic_4
2026-06-17T19:16:00.470650Z  INFO mq_bench::roles::subscriber: Starting subscriber engine=Nats key=topic_4 endpoint=None crash_enabled=false
2026-06-17T19:16:00.470683Z  INFO mq_bench::roles::subscriber: Connected via transport engine=Nats
2026-06-17T19:16:00.472856Z  INFO async_nats::connector: connected successfully server=4222 max_payload=10485760
2026-06-17T19:16:00.472926Z  INFO mq_bench::roles::subscriber: Subscribed to key expression key=topic_4
2026-06-17T19:16:00.472932Z  INFO async_nats: event: connected
2026-06-17T19:16:01.078306Z  INFO mq_bench::roles::subscriber: Starting subscriber engine=Nats key=topic_4 endpoint=None crash_enabled=false
2026-06-17T19:16:01.078354Z  INFO mq_bench::roles::subscriber: Connected via transport engine=Nats
2026-06-17T19:16:01.080503Z  INFO async_nats::connector: connected successfully server=4222 max_payload=10485760
2026-06-17T19:16:01.080572Z  INFO async_nats: event: connected
2026-06-17T19:16:01.080582Z  INFO mq_bench::roles::subscriber: Subscribed to key expression key=topic_4
2026-06-17T19:16:01.684783Z  INFO mq_bench::roles::subscriber: Starting subscriber engine=Nats key=topic_4 endpoint=None crash_enabled=false
2026-06-17T19:16:01.684818Z  INFO mq_bench::roles::subscriber: Connected via transport engine=Nats
2026-06-17T19:16:01.687132Z  INFO async_nats::connector: connected successfully server=4222 max_payload=10485760
2026-06-17T19:16:01.687231Z  INFO mq_bench::roles::subscriber: Subscribed to key expression key=topic_4
2026-06-17T19:16:01.687234Z  INFO async_nats: event: connected
2026-06-17T19:16:02.291959Z  INFO mq_bench::roles::subscriber: Starting subscriber engine=Nats key=topic_4 endpoint=None crash_enabled=false
2026-06-17T19:16:02.291997Z  INFO mq_bench::roles::subscriber: Connected via transport engine=Nats
2026-06-17T19:16:02.294256Z  INFO async_nats::connector: connected successfully server=4222 max_payload=10485760
2026-06-17T19:16:02.294282Z  INFO mq_bench::roles::subscriber: Subscribed to key expression key=topic_4
2026-06-17T19:16:02.294288Z  INFO async_nats: event: connected
2026-06-17T19:16:02.898644Z  INFO mq_bench::roles::subscriber: Starting subscriber engine=Nats key=topic_4 endpoint=None crash_enabled=false
2026-06-17T19:16:02.898687Z  INFO mq_bench::roles::subscriber: Connected via transport engine=Nats
2026-06-17T19:16:02.900915Z  INFO async_nats::connector: connected successfully server=4222 max_payload=10485760
2026-06-17T19:16:02.900995Z  INFO async_nats: event: connected
2026-06-17T19:16:02.901009Z  INFO mq_bench::roles::subscriber: Subscribed to key expression key=topic_4
2026-06-17T19:16:03.506626Z  INFO mq_bench::roles::subscriber: Starting subscriber engine=Nats key=topic_4 endpoint=None crash_enabled=false
2026-06-17T19:16:03.506671Z  INFO mq_bench::roles::subscriber: Connected via transport engine=Nats
2026-06-17T19:16:03.508820Z  INFO async_nats::connector: connected successfully server=4222 max_payload=10485760
2026-06-17T19:16:03.508847Z  INFO mq_bench::roles::subscriber: Subscribed to key expression key=topic_4
2026-06-17T19:16:03.508852Z  INFO async_nats: event: connected
2026-06-17T19:16:04.113906Z  INFO mq_bench::roles::subscriber: Starting subscriber engine=Nats key=topic_4 endpoint=None crash_enabled=false
2026-06-17T19:16:04.113953Z  INFO mq_bench::roles::subscriber: Connected via transport engine=Nats
2026-06-17T19:16:04.116089Z  INFO async_nats::connector: connected successfully server=4222 max_payload=10485760
2026-06-17T19:16:04.116135Z  INFO mq_bench::roles::subscriber: Subscribed to key expression key=topic_4
2026-06-17T19:16:04.116141Z  INFO async_nats: event: connected
2026-06-17T19:16:04.720799Z  INFO mq_bench::roles::subscriber: Starting subscriber engine=Nats key=topic_4 endpoint=None crash_enabled=false
2026-06-17T19:16:04.720846Z  INFO mq_bench::roles::subscriber: Connected via transport engine=Nats
2026-06-17T19:16:04.723148Z  INFO async_nats::connector: connected successfully server=4222 max_payload=10485760
2026-06-17T19:16:04.723197Z  INFO mq_bench::roles::subscriber: Subscribed to key expression key=topic_4
2026-06-17T19:16:04.723219Z  INFO async_nats: event: connected
2026-06-17T19:16:05.328150Z  INFO mq_bench::roles::subscriber: Starting subscriber engine=Nats key=topic_4 endpoint=None crash_enabled=false
2026-06-17T19:16:05.328164Z  INFO mq_bench::roles::subscriber: Connected via transport engine=Nats
2026-06-17T19:16:05.330443Z  INFO async_nats::connector: connected successfully server=4222 max_payload=10485760
2026-06-17T19:16:05.330528Z  INFO async_nats: event: connected
2026-06-17T19:16:05.330529Z  INFO mq_bench::roles::subscriber: Subscribed to key expression key=topic_4
2026-06-17T19:16:05.934647Z  INFO mq_bench::roles::subscriber: Starting subscriber engine=Nats key=topic_4 endpoint=None crash_enabled=false
2026-06-17T19:16:05.934683Z  INFO mq_bench::roles::subscriber: Connected via transport engine=Nats
2026-06-17T19:16:05.936756Z  INFO async_nats::connector: connected successfully server=4222 max_payload=10485760
2026-06-17T19:16:05.936835Z  INFO mq_bench::roles::subscriber: Subscribed to key expression key=topic_4
2026-06-17T19:16:05.936839Z  INFO async_nats: event: connected
2026-06-17T19:16:06.542378Z  INFO mq_bench::roles::subscriber: Starting subscriber engine=Nats key=topic_4 endpoint=None crash_enabled=false
2026-06-17T19:16:06.542423Z  INFO mq_bench::roles::subscriber: Connected via transport engine=Nats
2026-06-17T19:16:06.544757Z  INFO async_nats::connector: connected successfully server=4222 max_payload=10485760
2026-06-17T19:16:06.544839Z  INFO mq_bench::roles::subscriber: Subscribed to key expression key=topic_4
2026-06-17T19:16:06.544844Z  INFO async_nats: event: connected
2026-06-17T19:16:07.149451Z  INFO mq_bench::roles::subscriber: Starting subscriber engine=Nats key=topic_4 endpoint=None crash_enabled=false
2026-06-17T19:16:07.149489Z  INFO mq_bench::roles::subscriber: Connected via transport engine=Nats
2026-06-17T19:16:07.151567Z  INFO async_nats::connector: connected successfully server=4222 max_payload=10485760
2026-06-17T19:16:07.151596Z  INFO mq_bench::roles::subscriber: Subscribed to key expression key=topic_4
2026-06-17T19:16:07.151601Z  INFO async_nats: event: connected
2026-06-17T19:16:07.756384Z  INFO mq_bench::roles::subscriber: Starting subscriber engine=Nats key=topic_4 endpoint=None crash_enabled=false
2026-06-17T19:16:07.756397Z  INFO mq_bench::roles::subscriber: Connected via transport engine=Nats
2026-06-17T19:16:07.758585Z  INFO async_nats::connector: connected successfully server=4222 max_payload=10485760
2026-06-17T19:16:07.758667Z  INFO async_nats: event: connected
2026-06-17T19:16:07.758674Z  INFO mq_bench::roles::subscriber: Subscribed to key expression key=topic_4
2026-06-17T19:16:08.362993Z  INFO mq_bench::roles::subscriber: Starting subscriber engine=Nats key=topic_4 endpoint=None crash_enabled=false
2026-06-17T19:16:08.363029Z  INFO mq_bench::roles::subscriber: Connected via transport engine=Nats
2026-06-17T19:16:08.365240Z  INFO async_nats::connector: connected successfully server=4222 max_payload=10485760
2026-06-17T19:16:08.365329Z  INFO mq_bench::roles::subscriber: Subscribed to key expression key=topic_4
2026-06-17T19:16:08.365333Z  INFO async_nats: event: connected
2026-06-17T19:16:08.970266Z  INFO mq_bench::roles::subscriber: Starting subscriber engine=Nats key=topic_4 endpoint=None crash_enabled=false
2026-06-17T19:16:08.970306Z  INFO mq_bench::roles::subscriber: Connected via transport engine=Nats
2026-06-17T19:16:08.972392Z  INFO async_nats::connector: connected successfully server=4222 max_payload=10485760
2026-06-17T19:16:08.972417Z  INFO mq_bench::roles::subscriber: Subscribed to key expression key=topic_4
2026-06-17T19:16:08.972422Z  INFO async_nats: event: connected
2026-06-17T19:16:09.577087Z  INFO mq_bench::roles::subscriber: Starting subscriber engine=Nats key=topic_4 endpoint=None crash_enabled=false
2026-06-17T19:16:09.577142Z  INFO mq_bench::roles::subscriber: Connected via transport engine=Nats
2026-06-17T19:16:09.579632Z  INFO async_nats::connector: connected successfully server=4222 max_payload=10485760
2026-06-17T19:16:09.579689Z  INFO mq_bench::roles::subscriber: Subscribed to key expression key=topic_4
2026-06-17T19:16:09.579695Z  INFO async_nats: event: connected
2026-06-17T19:16:10.184111Z  INFO mq_bench::roles::subscriber: Starting subscriber engine=Nats key=topic_4 endpoint=None crash_enabled=false
2026-06-17T19:16:10.184153Z  INFO mq_bench::roles::subscriber: Connected via transport engine=Nats
2026-06-17T19:16:10.186394Z  INFO async_nats::connector: connected successfully server=4222 max_payload=10485760
2026-06-17T19:16:10.186472Z  INFO mq_bench::roles::subscriber: Subscribed to key expression key=topic_4
2026-06-17T19:16:10.186478Z  INFO async_nats: event: connected
2026-06-17T19:16:10.791340Z  INFO mq_bench::roles::subscriber: Starting subscriber engine=Nats key=topic_4 endpoint=None crash_enabled=false
2026-06-17T19:16:10.791378Z  INFO mq_bench::roles::subscriber: Connected via transport engine=Nats
2026-06-17T19:16:10.793568Z  INFO async_nats::connector: connected successfully server=4222 max_payload=10485760
2026-06-17T19:16:10.793650Z  INFO mq_bench::roles::subscriber: Subscribed to key expression key=topic_4
2026-06-17T19:16:10.793657Z  INFO async_nats: event: connected
2026-06-17T19:16:11.398377Z  INFO mq_bench::roles::subscriber: Starting subscriber engine=Nats key=topic_4 endpoint=None crash_enabled=false
2026-06-17T19:16:11.398416Z  INFO mq_bench::roles::subscriber: Connected via transport engine=Nats
2026-06-17T19:16:11.400643Z  INFO async_nats::connector: connected successfully server=4222 max_payload=10485760
2026-06-17T19:16:11.400725Z  INFO mq_bench::roles::subscriber: Subscribed to key expression key=topic_4
2026-06-17T19:16:11.400730Z  INFO async_nats: event: connected
2026-06-17T19:16:12.005261Z  INFO mq_bench::roles::subscriber: Starting subscriber engine=Nats key=topic_4 endpoint=None crash_enabled=false
2026-06-17T19:16:12.005295Z  INFO mq_bench::roles::subscriber: Connected via transport engine=Nats
2026-06-17T19:16:12.007454Z  INFO async_nats::connector: connected successfully server=4222 max_payload=10485760
2026-06-17T19:16:12.007526Z  INFO mq_bench::roles::subscriber: Subscribed to key expression key=topic_4
2026-06-17T19:16:12.007527Z  INFO async_nats: event: connected
2026-06-17T19:16:12.611694Z  INFO mq_bench::roles::subscriber: Starting subscriber engine=Nats key=topic_4 endpoint=None crash_enabled=false
2026-06-17T19:16:12.611733Z  INFO mq_bench::roles::subscriber: Connected via transport engine=Nats
2026-06-17T19:16:12.614042Z  INFO async_nats::connector: connected successfully server=4222 max_payload=10485760
2026-06-17T19:16:12.614127Z  INFO mq_bench::roles::subscriber: Subscribed to key expression key=topic_4
2026-06-17T19:16:12.614132Z  INFO async_nats: event: connected
