mq-bench starting with run_id: auto
Writing CSV output to: artifacts/fanout_bursty_20260617_192413_nats_p64_s1000_u10_bursty/fanout_singlesite/sub_4.csv
2026-06-17T19:24:13.778265Z  INFO mq_bench::roles::subscriber: Starting subscriber engine=Nats key=topic_4 endpoint=None crash_enabled=false
2026-06-17T19:24:13.778319Z  INFO mq_bench::roles::subscriber: Connected via transport engine=Nats
2026-06-17T19:24:13.780188Z  INFO async_nats::connector: connected successfully server=4222 max_payload=10485760
2026-06-17T19:24:13.780233Z  INFO mq_bench::roles::subscriber: Subscribed to key expression key=topic_4
2026-06-17T19:24:13.780238Z  INFO async_nats: event: connected
2026-06-17T19:24:14.385034Z  INFO mq_bench::roles::subscriber: Starting subscriber engine=Nats key=topic_4 endpoint=None crash_enabled=false
2026-06-17T19:24:14.385100Z  INFO mq_bench::roles::subscriber: Connected via transport engine=Nats
2026-06-17T19:24:14.386997Z  INFO async_nats::connector: connected successfully server=4222 max_payload=10485760
2026-06-17T19:24:14.387092Z  INFO mq_bench::roles::subscriber: Subscribed to key expression key=topic_4
2026-06-17T19:24:14.387092Z  INFO async_nats: event: connected
2026-06-17T19:24:14.992704Z  INFO mq_bench::roles::subscriber: Starting subscriber engine=Nats key=topic_4 endpoint=None crash_enabled=false
2026-06-17T19:24:14.992754Z  INFO mq_bench::roles::subscriber: Connected via transport engine=Nats
2026-06-17T19:24:14.995193Z  INFO async_nats::connector: connected successfully server=4222 max_payload=10485760
2026-06-17T19:24:14.995328Z  INFO mq_bench::roles::subscriber: Subscribed to key expression key=topic_4
2026-06-17T19:24:14.995331Z  INFO async_nats: event: connected
2026-06-17T19:24:15.599231Z  INFO mq_bench::roles::subscriber: Starting subscriber engine=Nats key=topic_4 endpoint=None crash_enabled=false
2026-06-17T19:24:15.599300Z  INFO mq_bench::roles::subscriber: Connected via transport engine=Nats
2026-06-17T19:24:15.601310Z  INFO async_nats::connector: connected successfully server=4222 max_payload=10485760
2026-06-17T19:24:15.601391Z  INFO mq_bench::roles::subscriber: Subscribed to key expression key=topic_4
2026-06-17T19:24:15.601401Z  INFO async_nats: event: connected
2026-06-17T19:24:16.206262Z  INFO mq_bench::roles::subscriber: Starting subscriber engine=Nats key=topic_4 endpoint=None crash_enabled=false
2026-06-17T19:24:16.206327Z  INFO mq_bench::roles::subscriber: Connected via transport engine=Nats
2026-06-17T19:24:16.208399Z  INFO async_nats::connector: connected successfully server=4222 max_payload=10485760
2026-06-17T19:24:16.208503Z  INFO mq_bench::roles::subscriber: Subscribed to key expression key=topic_4
2026-06-17T19:24:16.208508Z  INFO async_nats: event: connected
2026-06-17T19:24:16.813060Z  INFO mq_bench::roles::subscriber: Starting subscriber engine=Nats key=topic_4 endpoint=None crash_enabled=false
2026-06-17T19:24:16.813110Z  INFO mq_bench::roles::subscriber: Connected via transport engine=Nats
2026-06-17T19:24:16.814967Z  INFO async_nats::connector: connected successfully server=4222 max_payload=10485760
2026-06-17T19:24:16.815059Z  INFO mq_bench::roles::subscriber: Subscribed to key expression key=topic_4
2026-06-17T19:24:16.815065Z  INFO async_nats: event: connected
2026-06-17T19:24:17.420181Z  INFO mq_bench::roles::subscriber: Starting subscriber engine=Nats key=topic_4 endpoint=None crash_enabled=false
2026-06-17T19:24:17.420225Z  INFO mq_bench::roles::subscriber: Connected via transport engine=Nats
2026-06-17T19:24:17.422387Z  INFO async_nats::connector: connected successfully server=4222 max_payload=10485760
2026-06-17T19:24:17.422491Z  INFO async_nats: event: connected
2026-06-17T19:24:17.422498Z  INFO mq_bench::roles::subscriber: Subscribed to key expression key=topic_4
2026-06-17T19:24:18.027301Z  INFO mq_bench::roles::subscriber: Starting subscriber engine=Nats key=topic_4 endpoint=None crash_enabled=false
2026-06-17T19:24:18.027338Z  INFO mq_bench::roles::subscriber: Connected via transport engine=Nats
2026-06-17T19:24:18.029542Z  INFO async_nats::connector: connected successfully server=4222 max_payload=10485760
2026-06-17T19:24:18.029661Z  INFO async_nats: event: connected
2026-06-17T19:24:18.029665Z  INFO mq_bench::roles::subscriber: Subscribed to key expression key=topic_4
2026-06-17T19:24:18.634069Z  INFO mq_bench::roles::subscriber: Starting subscriber engine=Nats key=topic_4 endpoint=None crash_enabled=false
2026-06-17T19:24:18.634110Z  INFO mq_bench::roles::subscriber: Connected via transport engine=Nats
2026-06-17T19:24:18.636264Z  INFO async_nats::connector: connected successfully server=4222 max_payload=10485760
2026-06-17T19:24:18.636352Z  INFO mq_bench::roles::subscriber: Subscribed to key expression key=topic_4
2026-06-17T19:24:18.636361Z  INFO async_nats: event: connected
2026-06-17T19:24:19.241243Z  INFO mq_bench::roles::subscriber: Starting subscriber engine=Nats key=topic_4 endpoint=None crash_enabled=false
2026-06-17T19:24:19.241288Z  INFO mq_bench::roles::subscriber: Connected via transport engine=Nats
2026-06-17T19:24:19.243531Z  INFO async_nats::connector: connected successfully server=4222 max_payload=10485760
2026-06-17T19:24:19.243620Z  INFO mq_bench::roles::subscriber: Subscribed to key expression key=topic_4
2026-06-17T19:24:19.243625Z  INFO async_nats: event: connected
2026-06-17T19:24:19.848015Z  INFO mq_bench::roles::subscriber: Starting subscriber engine=Nats key=topic_4 endpoint=None crash_enabled=false
2026-06-17T19:24:19.848072Z  INFO mq_bench::roles::subscriber: Connected via transport engine=Nats
2026-06-17T19:24:19.850034Z  INFO async_nats::connector: connected successfully server=4222 max_payload=10485760
2026-06-17T19:24:19.850128Z  INFO mq_bench::roles::subscriber: Subscribed to key expression key=topic_4
2026-06-17T19:24:19.850133Z  INFO async_nats: event: connected
2026-06-17T19:24:20.455262Z  INFO mq_bench::roles::subscriber: Starting subscriber engine=Nats key=topic_4 endpoint=None crash_enabled=false
2026-06-17T19:24:20.455294Z  INFO mq_bench::roles::subscriber: Connected via transport engine=Nats
2026-06-17T19:24:20.457161Z  INFO async_nats::connector: connected successfully server=4222 max_payload=10485760
2026-06-17T19:24:20.457277Z  INFO mq_bench::roles::subscriber: Subscribed to key expression key=topic_4
2026-06-17T19:24:20.457278Z  INFO async_nats: event: connected
2026-06-17T19:24:21.062070Z  INFO mq_bench::roles::subscriber: Starting subscriber engine=Nats key=topic_4 endpoint=None crash_enabled=false
2026-06-17T19:24:21.062107Z  INFO mq_bench::roles::subscriber: Connected via transport engine=Nats
2026-06-17T19:24:21.064346Z  INFO async_nats::connector: connected successfully server=4222 max_payload=10485760
2026-06-17T19:24:21.064446Z  INFO async_nats: event: connected
2026-06-17T19:24:21.064447Z  INFO mq_bench::roles::subscriber: Subscribed to key expression key=topic_4
2026-06-17T19:24:21.669107Z  INFO mq_bench::roles::subscriber: Starting subscriber engine=Nats key=topic_4 endpoint=None crash_enabled=false
2026-06-17T19:24:21.669143Z  INFO mq_bench::roles::subscriber: Connected via transport engine=Nats
2026-06-17T19:24:21.671004Z  INFO async_nats::connector: connected successfully server=4222 max_payload=10485760
2026-06-17T19:24:21.671101Z  INFO async_nats: event: connected
2026-06-17T19:24:21.671105Z  INFO mq_bench::roles::subscriber: Subscribed to key expression key=topic_4
2026-06-17T19:24:22.276903Z  INFO mq_bench::roles::subscriber: Starting subscriber engine=Nats key=topic_4 endpoint=None crash_enabled=false
2026-06-17T19:24:22.276945Z  INFO mq_bench::roles::subscriber: Connected via transport engine=Nats
2026-06-17T19:24:22.278798Z  INFO async_nats::connector: connected successfully server=4222 max_payload=10485760
2026-06-17T19:24:22.278889Z  INFO async_nats: event: connected
2026-06-17T19:24:22.278890Z  INFO mq_bench::roles::subscriber: Subscribed to key expression key=topic_4
2026-06-17T19:24:22.884151Z  INFO mq_bench::roles::subscriber: Starting subscriber engine=Nats key=topic_4 endpoint=None crash_enabled=false
2026-06-17T19:24:22.884192Z  INFO mq_bench::roles::subscriber: Connected via transport engine=Nats
2026-06-17T19:24:22.886375Z  INFO async_nats::connector: connected successfully server=4222 max_payload=10485760
2026-06-17T19:24:22.886459Z  INFO mq_bench::roles::subscriber: Subscribed to key expression key=topic_4
2026-06-17T19:24:22.886465Z  INFO async_nats: event: connected
2026-06-17T19:24:23.491374Z  INFO mq_bench::roles::subscriber: Starting subscriber engine=Nats key=topic_4 endpoint=None crash_enabled=false
2026-06-17T19:24:23.491416Z  INFO mq_bench::roles::subscriber: Connected via transport engine=Nats
2026-06-17T19:24:23.493353Z  INFO async_nats::connector: connected successfully server=4222 max_payload=10485760
2026-06-17T19:24:23.493427Z  INFO mq_bench::roles::subscriber: Subscribed to key expression key=topic_4
2026-06-17T19:24:23.493431Z  INFO async_nats: event: connected
2026-06-17T19:24:24.098216Z  INFO mq_bench::roles::subscriber: Starting subscriber engine=Nats key=topic_4 endpoint=None crash_enabled=false
2026-06-17T19:24:24.098251Z  INFO mq_bench::roles::subscriber: Connected via transport engine=Nats
2026-06-17T19:24:24.100108Z  INFO async_nats::connector: connected successfully server=4222 max_payload=10485760
2026-06-17T19:24:24.100212Z  INFO async_nats: event: connected
2026-06-17T19:24:24.100214Z  INFO mq_bench::roles::subscriber: Subscribed to key expression key=topic_4
2026-06-17T19:24:24.704958Z  INFO mq_bench::roles::subscriber: Starting subscriber engine=Nats key=topic_4 endpoint=None crash_enabled=false
2026-06-17T19:24:24.704991Z  INFO mq_bench::roles::subscriber: Connected via transport engine=Nats
2026-06-17T19:24:24.707187Z  INFO async_nats::connector: connected successfully server=4222 max_payload=10485760
2026-06-17T19:24:24.707306Z  INFO async_nats: event: connected
2026-06-17T19:24:24.707307Z  INFO mq_bench::roles::subscriber: Subscribed to key expression key=topic_4
2026-06-17T19:24:25.312280Z  INFO mq_bench::roles::subscriber: Starting subscriber engine=Nats key=topic_4 endpoint=None crash_enabled=false
2026-06-17T19:24:25.312310Z  INFO mq_bench::roles::subscriber: Connected via transport engine=Nats
2026-06-17T19:24:25.314398Z  INFO async_nats::connector: connected successfully server=4222 max_payload=10485760
2026-06-17T19:24:25.314478Z  INFO mq_bench::roles::subscriber: Subscribed to key expression key=topic_4
2026-06-17T19:24:25.314483Z  INFO async_nats: event: connected
2026-06-17T19:24:25.919263Z  INFO mq_bench::roles::subscriber: Starting subscriber engine=Nats key=topic_4 endpoint=None crash_enabled=false
2026-06-17T19:24:25.919293Z  INFO mq_bench::roles::subscriber: Connected via transport engine=Nats
2026-06-17T19:24:25.921350Z  INFO async_nats::connector: connected successfully server=4222 max_payload=10485760
2026-06-17T19:24:25.921443Z  INFO mq_bench::roles::subscriber: Subscribed to key expression key=topic_4
2026-06-17T19:24:25.921445Z  INFO async_nats: event: connected
2026-06-17T19:24:26.526953Z  INFO mq_bench::roles::subscriber: Starting subscriber engine=Nats key=topic_4 endpoint=None crash_enabled=false
2026-06-17T19:24:26.527002Z  INFO mq_bench::roles::subscriber: Connected via transport engine=Nats
2026-06-17T19:24:26.528912Z  INFO async_nats::connector: connected successfully server=4222 max_payload=10485760
2026-06-17T19:24:26.529004Z  INFO async_nats: event: connected
2026-06-17T19:24:26.529006Z  INFO mq_bench::roles::subscriber: Subscribed to key expression key=topic_4
2026-06-17T19:24:27.134620Z  INFO mq_bench::roles::subscriber: Starting subscriber engine=Nats key=topic_4 endpoint=None crash_enabled=false
2026-06-17T19:24:27.134666Z  INFO mq_bench::roles::subscriber: Connected via transport engine=Nats
2026-06-17T19:24:27.136682Z  INFO async_nats::connector: connected successfully server=4222 max_payload=10485760
2026-06-17T19:24:27.136768Z  INFO async_nats: event: connected
2026-06-17T19:24:27.136770Z  INFO mq_bench::roles::subscriber: Subscribed to key expression key=topic_4
2026-06-17T19:24:27.741918Z  INFO mq_bench::roles::subscriber: Starting subscriber engine=Nats key=topic_4 endpoint=None crash_enabled=false
2026-06-17T19:24:27.741960Z  INFO mq_bench::roles::subscriber: Connected via transport engine=Nats
2026-06-17T19:24:27.743772Z  INFO async_nats::connector: connected successfully server=4222 max_payload=10485760
2026-06-17T19:24:27.743860Z  INFO mq_bench::roles::subscriber: Subscribed to key expression key=topic_4
2026-06-17T19:24:27.743861Z  INFO async_nats: event: connected
2026-06-17T19:24:28.349456Z  INFO mq_bench::roles::subscriber: Starting subscriber engine=Nats key=topic_4 endpoint=None crash_enabled=false
2026-06-17T19:24:28.349495Z  INFO mq_bench::roles::subscriber: Connected via transport engine=Nats
2026-06-17T19:24:28.351709Z  INFO async_nats::connector: connected successfully server=4222 max_payload=10485760
2026-06-17T19:24:28.351788Z  INFO mq_bench::roles::subscriber: Subscribed to key expression key=topic_4
2026-06-17T19:24:28.351793Z  INFO async_nats: event: connected
2026-06-17T19:24:28.956791Z  INFO mq_bench::roles::subscriber: Starting subscriber engine=Nats key=topic_4 endpoint=None crash_enabled=false
2026-06-17T19:24:28.956833Z  INFO mq_bench::roles::subscriber: Connected via transport engine=Nats
2026-06-17T19:24:28.958820Z  INFO async_nats::connector: connected successfully server=4222 max_payload=10485760
2026-06-17T19:24:28.958904Z  INFO mq_bench::roles::subscriber: Subscribed to key expression key=topic_4
2026-06-17T19:24:28.958907Z  INFO async_nats: event: connected
2026-06-17T19:24:29.563099Z  INFO mq_bench::roles::subscriber: Starting subscriber engine=Nats key=topic_4 endpoint=None crash_enabled=false
2026-06-17T19:24:29.563130Z  INFO mq_bench::roles::subscriber: Connected via transport engine=Nats
2026-06-17T19:24:29.565153Z  INFO async_nats::connector: connected successfully server=4222 max_payload=10485760
2026-06-17T19:24:29.565272Z  INFO mq_bench::roles::subscriber: Subscribed to key expression key=topic_4
2026-06-17T19:24:29.565277Z  INFO async_nats: event: connected
2026-06-17T19:24:30.170498Z  INFO mq_bench::roles::subscriber: Starting subscriber engine=Nats key=topic_4 endpoint=None crash_enabled=false
2026-06-17T19:24:30.170534Z  INFO mq_bench::roles::subscriber: Connected via transport engine=Nats
2026-06-17T19:24:30.172672Z  INFO async_nats::connector: connected successfully server=4222 max_payload=10485760
2026-06-17T19:24:30.172748Z  INFO async_nats: event: connected
2026-06-17T19:24:30.172749Z  INFO mq_bench::roles::subscriber: Subscribed to key expression key=topic_4
2026-06-17T19:24:30.777558Z  INFO mq_bench::roles::subscriber: Starting subscriber engine=Nats key=topic_4 endpoint=None crash_enabled=false
2026-06-17T19:24:30.777600Z  INFO mq_bench::roles::subscriber: Connected via transport engine=Nats
2026-06-17T19:24:30.779795Z  INFO async_nats::connector: connected successfully server=4222 max_payload=10485760
2026-06-17T19:24:30.779865Z  INFO mq_bench::roles::subscriber: Subscribed to key expression key=topic_4
2026-06-17T19:24:30.779869Z  INFO async_nats: event: connected
2026-06-17T19:24:31.384137Z  INFO mq_bench::roles::subscriber: Starting subscriber engine=Nats key=topic_4 endpoint=None crash_enabled=false
2026-06-17T19:24:31.384173Z  INFO mq_bench::roles::subscriber: Connected via transport engine=Nats
2026-06-17T19:24:31.388301Z  INFO async_nats::connector: connected successfully server=4222 max_payload=10485760
2026-06-17T19:24:31.388392Z  INFO async_nats: event: connected
2026-06-17T19:24:31.388393Z  INFO mq_bench::roles::subscriber: Subscribed to key expression key=topic_4
2026-06-17T19:24:31.991457Z  INFO mq_bench::roles::subscriber: Starting subscriber engine=Nats key=topic_4 endpoint=None crash_enabled=false
2026-06-17T19:24:31.991493Z  INFO mq_bench::roles::subscriber: Connected via transport engine=Nats
2026-06-17T19:24:31.993845Z  INFO async_nats::connector: connected successfully server=4222 max_payload=10485760
2026-06-17T19:24:31.993933Z  INFO async_nats: event: connected
2026-06-17T19:24:31.993934Z  INFO mq_bench::roles::subscriber: Subscribed to key expression key=topic_4
2026-06-17T19:24:32.598449Z  INFO mq_bench::roles::subscriber: Starting subscriber engine=Nats key=topic_4 endpoint=None crash_enabled=false
2026-06-17T19:24:32.598492Z  INFO mq_bench::roles::subscriber: Connected via transport engine=Nats
2026-06-17T19:24:32.600723Z  INFO async_nats::connector: connected successfully server=4222 max_payload=10485760
2026-06-17T19:24:32.600808Z  INFO mq_bench::roles::subscriber: Subscribed to key expression key=topic_4
2026-06-17T19:24:32.600815Z  INFO async_nats: event: connected
2026-06-17T19:24:33.205358Z  INFO mq_bench::roles::subscriber: Starting subscriber engine=Nats key=topic_4 endpoint=None crash_enabled=false
2026-06-17T19:24:33.205400Z  INFO mq_bench::roles::subscriber: Connected via transport engine=Nats
2026-06-17T19:24:33.207449Z  INFO async_nats::connector: connected successfully server=4222 max_payload=10485760
2026-06-17T19:24:33.207538Z  INFO async_nats: event: connected
2026-06-17T19:24:33.207538Z  INFO mq_bench::roles::subscriber: Subscribed to key expression key=topic_4
2026-06-17T19:24:33.812752Z  INFO mq_bench::roles::subscriber: Starting subscriber engine=Nats key=topic_4 endpoint=None crash_enabled=false
2026-06-17T19:24:33.812805Z  INFO mq_bench::roles::subscriber: Connected via transport engine=Nats
2026-06-17T19:24:33.814843Z  INFO async_nats::connector: connected successfully server=4222 max_payload=10485760
2026-06-17T19:24:33.814930Z  INFO mq_bench::roles::subscriber: Subscribed to key expression key=topic_4
2026-06-17T19:24:33.814938Z  INFO async_nats: event: connected
2026-06-17T19:24:34.419634Z  INFO mq_bench::roles::subscriber: Starting subscriber engine=Nats key=topic_4 endpoint=None crash_enabled=false
2026-06-17T19:24:34.419686Z  INFO mq_bench::roles::subscriber: Connected via transport engine=Nats
2026-06-17T19:24:34.421792Z  INFO async_nats::connector: connected successfully server=4222 max_payload=10485760
2026-06-17T19:24:34.421878Z  INFO async_nats: event: connected
2026-06-17T19:24:34.421880Z  INFO mq_bench::roles::subscriber: Subscribed to key expression key=topic_4
2026-06-17T19:24:35.026627Z  INFO mq_bench::roles::subscriber: Starting subscriber engine=Nats key=topic_4 endpoint=None crash_enabled=false
2026-06-17T19:24:35.026667Z  INFO mq_bench::roles::subscriber: Connected via transport engine=Nats
2026-06-17T19:24:35.029586Z  INFO async_nats::connector: connected successfully server=4222 max_payload=10485760
2026-06-17T19:24:35.029672Z  INFO mq_bench::roles::subscriber: Subscribed to key expression key=topic_4
2026-06-17T19:24:35.029679Z  INFO async_nats: event: connected
2026-06-17T19:24:35.632966Z  INFO mq_bench::roles::subscriber: Starting subscriber engine=Nats key=topic_4 endpoint=None crash_enabled=false
2026-06-17T19:24:35.633004Z  INFO mq_bench::roles::subscriber: Connected via transport engine=Nats
2026-06-17T19:24:35.634880Z  INFO async_nats::connector: connected successfully server=4222 max_payload=10485760
2026-06-17T19:24:35.634960Z  INFO mq_bench::roles::subscriber: Subscribed to key expression key=topic_4
2026-06-17T19:24:35.634967Z  INFO async_nats: event: connected
2026-06-17T19:24:36.239977Z  INFO mq_bench::roles::subscriber: Starting subscriber engine=Nats key=topic_4 endpoint=None crash_enabled=false
2026-06-17T19:24:36.240021Z  INFO mq_bench::roles::subscriber: Connected via transport engine=Nats
2026-06-17T19:24:36.242160Z  INFO async_nats::connector: connected successfully server=4222 max_payload=10485760
2026-06-17T19:24:36.242261Z  INFO mq_bench::roles::subscriber: Subscribed to key expression key=topic_4
2026-06-17T19:24:36.242266Z  INFO async_nats: event: connected
2026-06-17T19:24:36.847340Z  INFO mq_bench::roles::subscriber: Starting subscriber engine=Nats key=topic_4 endpoint=None crash_enabled=false
2026-06-17T19:24:36.847384Z  INFO mq_bench::roles::subscriber: Connected via transport engine=Nats
2026-06-17T19:24:36.849438Z  INFO async_nats::connector: connected successfully server=4222 max_payload=10485760
2026-06-17T19:24:36.849524Z  INFO mq_bench::roles::subscriber: Subscribed to key expression key=topic_4
2026-06-17T19:24:36.849529Z  INFO async_nats: event: connected
2026-06-17T19:24:37.453984Z  INFO mq_bench::roles::subscriber: Starting subscriber engine=Nats key=topic_4 endpoint=None crash_enabled=false
2026-06-17T19:24:37.454042Z  INFO mq_bench::roles::subscriber: Connected via transport engine=Nats
2026-06-17T19:24:37.456067Z  INFO async_nats::connector: connected successfully server=4222 max_payload=10485760
2026-06-17T19:24:37.456143Z  INFO mq_bench::roles::subscriber: Subscribed to key expression key=topic_4
2026-06-17T19:24:37.456150Z  INFO async_nats: event: connected
2026-06-17T19:24:38.061225Z  INFO mq_bench::roles::subscriber: Starting subscriber engine=Nats key=topic_4 endpoint=None crash_enabled=false
2026-06-17T19:24:38.061268Z  INFO mq_bench::roles::subscriber: Connected via transport engine=Nats
2026-06-17T19:24:38.063499Z  INFO async_nats::connector: connected successfully server=4222 max_payload=10485760
2026-06-17T19:24:38.063587Z  INFO mq_bench::roles::subscriber: Subscribed to key expression key=topic_4
2026-06-17T19:24:38.063593Z  INFO async_nats: event: connected
2026-06-17T19:24:38.668747Z  INFO mq_bench::roles::subscriber: Starting subscriber engine=Nats key=topic_4 endpoint=None crash_enabled=false
2026-06-17T19:24:38.668786Z  INFO mq_bench::roles::subscriber: Connected via transport engine=Nats
2026-06-17T19:24:38.670787Z  INFO async_nats::connector: connected successfully server=4222 max_payload=10485760
2026-06-17T19:24:38.670866Z  INFO mq_bench::roles::subscriber: Subscribed to key expression key=topic_4
2026-06-17T19:24:38.670871Z  INFO async_nats: event: connected
2026-06-17T19:24:39.275048Z  INFO mq_bench::roles::subscriber: Starting subscriber engine=Nats key=topic_4 endpoint=None crash_enabled=false
2026-06-17T19:24:39.275077Z  INFO mq_bench::roles::subscriber: Connected via transport engine=Nats
2026-06-17T19:24:39.277068Z  INFO async_nats::connector: connected successfully server=4222 max_payload=10485760
2026-06-17T19:24:39.277165Z  INFO async_nats: event: connected
2026-06-17T19:24:39.277169Z  INFO mq_bench::roles::subscriber: Subscribed to key expression key=topic_4
2026-06-17T19:24:39.882028Z  INFO mq_bench::roles::subscriber: Starting subscriber engine=Nats key=topic_4 endpoint=None crash_enabled=false
2026-06-17T19:24:39.882062Z  INFO mq_bench::roles::subscriber: Connected via transport engine=Nats
2026-06-17T19:24:39.884087Z  INFO async_nats::connector: connected successfully server=4222 max_payload=10485760
2026-06-17T19:24:39.884164Z  INFO mq_bench::roles::subscriber: Subscribed to key expression key=topic_4
2026-06-17T19:24:39.884168Z  INFO async_nats: event: connected
2026-06-17T19:24:40.489332Z  INFO mq_bench::roles::subscriber: Starting subscriber engine=Nats key=topic_4 endpoint=None crash_enabled=false
2026-06-17T19:24:40.489372Z  INFO mq_bench::roles::subscriber: Connected via transport engine=Nats
2026-06-17T19:24:40.491385Z  INFO async_nats::connector: connected successfully server=4222 max_payload=10485760
2026-06-17T19:24:40.491463Z  INFO mq_bench::roles::subscriber: Subscribed to key expression key=topic_4
2026-06-17T19:24:40.491469Z  INFO async_nats: event: connected
2026-06-17T19:24:41.096821Z  INFO mq_bench::roles::subscriber: Starting subscriber engine=Nats key=topic_4 endpoint=None crash_enabled=false
2026-06-17T19:24:41.096863Z  INFO mq_bench::roles::subscriber: Connected via transport engine=Nats
2026-06-17T19:24:41.099137Z  INFO async_nats::connector: connected successfully server=4222 max_payload=10485760
2026-06-17T19:24:41.099248Z  INFO mq_bench::roles::subscriber: Subscribed to key expression key=topic_4
2026-06-17T19:24:41.099252Z  INFO async_nats: event: connected
2026-06-17T19:24:41.704302Z  INFO mq_bench::roles::subscriber: Starting subscriber engine=Nats key=topic_4 endpoint=None crash_enabled=false
2026-06-17T19:24:41.704342Z  INFO mq_bench::roles::subscriber: Connected via transport engine=Nats
2026-06-17T19:24:41.706586Z  INFO async_nats::connector: connected successfully server=4222 max_payload=10485760
2026-06-17T19:24:41.706689Z  INFO async_nats: event: connected
2026-06-17T19:24:41.706690Z  INFO mq_bench::roles::subscriber: Subscribed to key expression key=topic_4
2026-06-17T19:24:42.311828Z  INFO mq_bench::roles::subscriber: Starting subscriber engine=Nats key=topic_4 endpoint=None crash_enabled=false
2026-06-17T19:24:42.311871Z  INFO mq_bench::roles::subscriber: Connected via transport engine=Nats
2026-06-17T19:24:42.313993Z  INFO async_nats::connector: connected successfully server=4222 max_payload=10485760
2026-06-17T19:24:42.314066Z  INFO mq_bench::roles::subscriber: Subscribed to key expression key=topic_4
2026-06-17T19:24:42.314072Z  INFO async_nats: event: connected
2026-06-17T19:24:42.919490Z  INFO mq_bench::roles::subscriber: Starting subscriber engine=Nats key=topic_4 endpoint=None crash_enabled=false
2026-06-17T19:24:42.919539Z  INFO mq_bench::roles::subscriber: Connected via transport engine=Nats
2026-06-17T19:24:42.921637Z  INFO async_nats::connector: connected successfully server=4222 max_payload=10485760
2026-06-17T19:24:42.921730Z  INFO async_nats: event: connected
2026-06-17T19:24:42.921730Z  INFO mq_bench::roles::subscriber: Subscribed to key expression key=topic_4
2026-06-17T19:24:43.526175Z  INFO mq_bench::roles::subscriber: Starting subscriber engine=Nats key=topic_4 endpoint=None crash_enabled=false
2026-06-17T19:24:43.526239Z  INFO mq_bench::roles::subscriber: Connected via transport engine=Nats
2026-06-17T19:24:43.528392Z  INFO async_nats::connector: connected successfully server=4222 max_payload=10485760
2026-06-17T19:24:43.528473Z  INFO mq_bench::roles::subscriber: Subscribed to key expression key=topic_4
2026-06-17T19:24:43.528480Z  INFO async_nats: event: connected
2026-06-17T19:24:44.133018Z  INFO mq_bench::roles::subscriber: Starting subscriber engine=Nats key=topic_4 endpoint=None crash_enabled=false
2026-06-17T19:24:44.133062Z  INFO mq_bench::roles::subscriber: Connected via transport engine=Nats
2026-06-17T19:24:44.135402Z  INFO async_nats::connector: connected successfully server=4222 max_payload=10485760
2026-06-17T19:24:44.135491Z  INFO mq_bench::roles::subscriber: Subscribed to key expression key=topic_4
2026-06-17T19:24:44.135495Z  INFO async_nats: event: connected
2026-06-17T19:24:44.740235Z  INFO mq_bench::roles::subscriber: Starting subscriber engine=Nats key=topic_4 endpoint=None crash_enabled=false
2026-06-17T19:24:44.740272Z  INFO mq_bench::roles::subscriber: Connected via transport engine=Nats
2026-06-17T19:24:44.742383Z  INFO async_nats::connector: connected successfully server=4222 max_payload=10485760
2026-06-17T19:24:44.742471Z  INFO mq_bench::roles::subscriber: Subscribed to key expression key=topic_4
2026-06-17T19:24:44.742472Z  INFO async_nats: event: connected
2026-06-17T19:24:45.347891Z  INFO mq_bench::roles::subscriber: Starting subscriber engine=Nats key=topic_4 endpoint=None crash_enabled=false
2026-06-17T19:24:45.347937Z  INFO mq_bench::roles::subscriber: Connected via transport engine=Nats
2026-06-17T19:24:45.349963Z  INFO async_nats::connector: connected successfully server=4222 max_payload=10485760
2026-06-17T19:24:45.350038Z  INFO mq_bench::roles::subscriber: Subscribed to key expression key=topic_4
2026-06-17T19:24:45.350045Z  INFO async_nats: event: connected
2026-06-17T19:24:45.955796Z  INFO mq_bench::roles::subscriber: Starting subscriber engine=Nats key=topic_4 endpoint=None crash_enabled=false
2026-06-17T19:24:45.955841Z  INFO mq_bench::roles::subscriber: Connected via transport engine=Nats
2026-06-17T19:24:45.957986Z  INFO async_nats::connector: connected successfully server=4222 max_payload=10485760
2026-06-17T19:24:45.958076Z  INFO mq_bench::roles::subscriber: Subscribed to key expression key=topic_4
2026-06-17T19:24:45.958079Z  INFO async_nats: event: connected
2026-06-17T19:24:46.563581Z  INFO mq_bench::roles::subscriber: Starting subscriber engine=Nats key=topic_4 endpoint=None crash_enabled=false
2026-06-17T19:24:46.563625Z  INFO mq_bench::roles::subscriber: Connected via transport engine=Nats
2026-06-17T19:24:46.565946Z  INFO async_nats::connector: connected successfully server=4222 max_payload=10485760
2026-06-17T19:24:46.566039Z  INFO mq_bench::roles::subscriber: Subscribed to key expression key=topic_4
2026-06-17T19:24:46.566044Z  INFO async_nats: event: connected
2026-06-17T19:24:47.170654Z  INFO mq_bench::roles::subscriber: Starting subscriber engine=Nats key=topic_4 endpoint=None crash_enabled=false
2026-06-17T19:24:47.170696Z  INFO mq_bench::roles::subscriber: Connected via transport engine=Nats
2026-06-17T19:24:47.172979Z  INFO async_nats::connector: connected successfully server=4222 max_payload=10485760
2026-06-17T19:24:47.173058Z  INFO mq_bench::roles::subscriber: Subscribed to key expression key=topic_4
2026-06-17T19:24:47.173064Z  INFO async_nats: event: connected
2026-06-17T19:24:47.777331Z  INFO mq_bench::roles::subscriber: Starting subscriber engine=Nats key=topic_4 endpoint=None crash_enabled=false
2026-06-17T19:24:47.777370Z  INFO mq_bench::roles::subscriber: Connected via transport engine=Nats
2026-06-17T19:24:47.779579Z  INFO async_nats::connector: connected successfully server=4222 max_payload=10485760
2026-06-17T19:24:47.779662Z  INFO mq_bench::roles::subscriber: Subscribed to key expression key=topic_4
2026-06-17T19:24:47.779666Z  INFO async_nats: event: connected
2026-06-17T19:24:48.384856Z  INFO mq_bench::roles::subscriber: Starting subscriber engine=Nats key=topic_4 endpoint=None crash_enabled=false
2026-06-17T19:24:48.384893Z  INFO mq_bench::roles::subscriber: Connected via transport engine=Nats
2026-06-17T19:24:48.387146Z  INFO async_nats::connector: connected successfully server=4222 max_payload=10485760
2026-06-17T19:24:48.387271Z  INFO mq_bench::roles::subscriber: Subscribed to key expression key=topic_4
2026-06-17T19:24:48.387276Z  INFO async_nats: event: connected
2026-06-17T19:24:48.992564Z  INFO mq_bench::roles::subscriber: Starting subscriber engine=Nats key=topic_4 endpoint=None crash_enabled=false
2026-06-17T19:24:48.992609Z  INFO mq_bench::roles::subscriber: Connected via transport engine=Nats
2026-06-17T19:24:48.994916Z  INFO async_nats::connector: connected successfully server=4222 max_payload=10485760
2026-06-17T19:24:48.994997Z  INFO mq_bench::roles::subscriber: Subscribed to key expression key=topic_4
2026-06-17T19:24:48.995005Z  INFO async_nats: event: connected
2026-06-17T19:24:49.599172Z  INFO mq_bench::roles::subscriber: Starting subscriber engine=Nats key=topic_4 endpoint=None crash_enabled=false
2026-06-17T19:24:49.599230Z  INFO mq_bench::roles::subscriber: Connected via transport engine=Nats
2026-06-17T19:24:49.601575Z  INFO async_nats::connector: connected successfully server=4222 max_payload=10485760
2026-06-17T19:24:49.601666Z  INFO async_nats: event: connected
2026-06-17T19:24:49.601668Z  INFO mq_bench::roles::subscriber: Subscribed to key expression key=topic_4
2026-06-17T19:24:50.206659Z  INFO mq_bench::roles::subscriber: Starting subscriber engine=Nats key=topic_4 endpoint=None crash_enabled=false
2026-06-17T19:24:50.206693Z  INFO mq_bench::roles::subscriber: Connected via transport engine=Nats
2026-06-17T19:24:50.208822Z  INFO async_nats::connector: connected successfully server=4222 max_payload=10485760
2026-06-17T19:24:50.208898Z  INFO mq_bench::roles::subscriber: Subscribed to key expression key=topic_4
2026-06-17T19:24:50.208903Z  INFO async_nats: event: connected
2026-06-17T19:24:50.813067Z  INFO mq_bench::roles::subscriber: Starting subscriber engine=Nats key=topic_4 endpoint=None crash_enabled=false
2026-06-17T19:24:50.813112Z  INFO mq_bench::roles::subscriber: Connected via transport engine=Nats
2026-06-17T19:24:50.815336Z  INFO async_nats::connector: connected successfully server=4222 max_payload=10485760
2026-06-17T19:24:50.815418Z  INFO mq_bench::roles::subscriber: Subscribed to key expression key=topic_4
2026-06-17T19:24:50.815423Z  INFO async_nats: event: connected
2026-06-17T19:24:51.420826Z  INFO mq_bench::roles::subscriber: Starting subscriber engine=Nats key=topic_4 endpoint=None crash_enabled=false
2026-06-17T19:24:51.420866Z  INFO mq_bench::roles::subscriber: Connected via transport engine=Nats
2026-06-17T19:24:51.423151Z  INFO async_nats::connector: connected successfully server=4222 max_payload=10485760
2026-06-17T19:24:51.423263Z  INFO mq_bench::roles::subscriber: Subscribed to key expression key=topic_4
2026-06-17T19:24:51.423270Z  INFO async_nats: event: connected
2026-06-17T19:24:52.028024Z  INFO mq_bench::roles::subscriber: Starting subscriber engine=Nats key=topic_4 endpoint=None crash_enabled=false
2026-06-17T19:24:52.028063Z  INFO mq_bench::roles::subscriber: Connected via transport engine=Nats
2026-06-17T19:24:52.030264Z  INFO async_nats::connector: connected successfully server=4222 max_payload=10485760
2026-06-17T19:24:52.030346Z  INFO mq_bench::roles::subscriber: Subscribed to key expression key=topic_4
2026-06-17T19:24:52.030350Z  INFO async_nats: event: connected
2026-06-17T19:24:52.635244Z  INFO mq_bench::roles::subscriber: Starting subscriber engine=Nats key=topic_4 endpoint=None crash_enabled=false
2026-06-17T19:24:52.635281Z  INFO mq_bench::roles::subscriber: Connected via transport engine=Nats
2026-06-17T19:24:52.637490Z  INFO async_nats::connector: connected successfully server=4222 max_payload=10485760
2026-06-17T19:24:52.637575Z  INFO mq_bench::roles::subscriber: Subscribed to key expression key=topic_4
2026-06-17T19:24:52.637581Z  INFO async_nats: event: connected
2026-06-17T19:24:53.242910Z  INFO mq_bench::roles::subscriber: Starting subscriber engine=Nats key=topic_4 endpoint=None crash_enabled=false
2026-06-17T19:24:53.242948Z  INFO mq_bench::roles::subscriber: Connected via transport engine=Nats
2026-06-17T19:24:53.245131Z  INFO async_nats::connector: connected successfully server=4222 max_payload=10485760
2026-06-17T19:24:53.245234Z  INFO async_nats: event: connected
2026-06-17T19:24:53.245247Z  INFO mq_bench::roles::subscriber: Subscribed to key expression key=topic_4
2026-06-17T19:24:53.849970Z  INFO mq_bench::roles::subscriber: Starting subscriber engine=Nats key=topic_4 endpoint=None crash_enabled=false
2026-06-17T19:24:53.850014Z  INFO mq_bench::roles::subscriber: Connected via transport engine=Nats
2026-06-17T19:24:53.852693Z  INFO async_nats::connector: connected successfully server=4222 max_payload=10485760
2026-06-17T19:24:53.852781Z  INFO async_nats: event: connected
2026-06-17T19:24:53.852781Z  INFO mq_bench::roles::subscriber: Subscribed to key expression key=topic_4
2026-06-17T19:24:54.457473Z  INFO mq_bench::roles::subscriber: Starting subscriber engine=Nats key=topic_4 endpoint=None crash_enabled=false
2026-06-17T19:24:54.457508Z  INFO mq_bench::roles::subscriber: Connected via transport engine=Nats
2026-06-17T19:24:54.459795Z  INFO async_nats::connector: connected successfully server=4222 max_payload=10485760
2026-06-17T19:24:54.459883Z  INFO async_nats: event: connected
2026-06-17T19:24:54.459888Z  INFO mq_bench::roles::subscriber: Subscribed to key expression key=topic_4
2026-06-17T19:24:55.064792Z  INFO mq_bench::roles::subscriber: Starting subscriber engine=Nats key=topic_4 endpoint=None crash_enabled=false
2026-06-17T19:24:55.064847Z  INFO mq_bench::roles::subscriber: Connected via transport engine=Nats
2026-06-17T19:24:55.067028Z  INFO async_nats::connector: connected successfully server=4222 max_payload=10485760
2026-06-17T19:24:55.067107Z  INFO mq_bench::roles::subscriber: Subscribed to key expression key=topic_4
2026-06-17T19:24:55.067116Z  INFO async_nats: event: connected
2026-06-17T19:24:55.671652Z  INFO mq_bench::roles::subscriber: Starting subscriber engine=Nats key=topic_4 endpoint=None crash_enabled=false
2026-06-17T19:24:55.671690Z  INFO mq_bench::roles::subscriber: Connected via transport engine=Nats
2026-06-17T19:24:55.674011Z  INFO async_nats::connector: connected successfully server=4222 max_payload=10485760
2026-06-17T19:24:55.674099Z  INFO mq_bench::roles::subscriber: Subscribed to key expression key=topic_4
2026-06-17T19:24:55.674102Z  INFO async_nats: event: connected
2026-06-17T19:24:56.278541Z  INFO mq_bench::roles::subscriber: Starting subscriber engine=Nats key=topic_4 endpoint=None crash_enabled=false
2026-06-17T19:24:56.278569Z  INFO mq_bench::roles::subscriber: Connected via transport engine=Nats
2026-06-17T19:24:56.280825Z  INFO async_nats::connector: connected successfully server=4222 max_payload=10485760
2026-06-17T19:24:56.280940Z  INFO async_nats: event: connected
2026-06-17T19:24:56.280944Z  INFO mq_bench::roles::subscriber: Subscribed to key expression key=topic_4
2026-06-17T19:24:56.885291Z  INFO mq_bench::roles::subscriber: Starting subscriber engine=Nats key=topic_4 endpoint=None crash_enabled=false
2026-06-17T19:24:56.885332Z  INFO mq_bench::roles::subscriber: Connected via transport engine=Nats
2026-06-17T19:24:56.887618Z  INFO async_nats::connector: connected successfully server=4222 max_payload=10485760
2026-06-17T19:24:56.887702Z  INFO mq_bench::roles::subscriber: Subscribed to key expression key=topic_4
2026-06-17T19:24:56.887709Z  INFO async_nats: event: connected
2026-06-17T19:24:57.492466Z  INFO mq_bench::roles::subscriber: Starting subscriber engine=Nats key=topic_4 endpoint=None crash_enabled=false
2026-06-17T19:24:57.492503Z  INFO mq_bench::roles::subscriber: Connected via transport engine=Nats
2026-06-17T19:24:57.494665Z  INFO async_nats::connector: connected successfully server=4222 max_payload=10485760
2026-06-17T19:24:57.494742Z  INFO mq_bench::roles::subscriber: Subscribed to key expression key=topic_4
2026-06-17T19:24:57.494749Z  INFO async_nats: event: connected
2026-06-17T19:24:58.099754Z  INFO mq_bench::roles::subscriber: Starting subscriber engine=Nats key=topic_4 endpoint=None crash_enabled=false
2026-06-17T19:24:58.099795Z  INFO mq_bench::roles::subscriber: Connected via transport engine=Nats
2026-06-17T19:24:58.101965Z  INFO async_nats::connector: connected successfully server=4222 max_payload=10485760
2026-06-17T19:24:58.102051Z  INFO async_nats: event: connected
2026-06-17T19:24:58.102053Z  INFO mq_bench::roles::subscriber: Subscribed to key expression key=topic_4
2026-06-17T19:24:58.706549Z  INFO mq_bench::roles::subscriber: Starting subscriber engine=Nats key=topic_4 endpoint=None crash_enabled=false
2026-06-17T19:24:58.706585Z  INFO mq_bench::roles::subscriber: Connected via transport engine=Nats
2026-06-17T19:24:58.708728Z  INFO async_nats::connector: connected successfully server=4222 max_payload=10485760
2026-06-17T19:24:58.708832Z  INFO async_nats: event: connected
2026-06-17T19:24:58.708834Z  INFO mq_bench::roles::subscriber: Subscribed to key expression key=topic_4
2026-06-17T19:24:59.313895Z  INFO mq_bench::roles::subscriber: Starting subscriber engine=Nats key=topic_4 endpoint=None crash_enabled=false
2026-06-17T19:24:59.313943Z  INFO mq_bench::roles::subscriber: Connected via transport engine=Nats
2026-06-17T19:24:59.316171Z  INFO async_nats::connector: connected successfully server=4222 max_payload=10485760
2026-06-17T19:24:59.316282Z  INFO async_nats: event: connected
2026-06-17T19:24:59.316283Z  INFO mq_bench::roles::subscriber: Subscribed to key expression key=topic_4
2026-06-17T19:24:59.921277Z  INFO mq_bench::roles::subscriber: Starting subscriber engine=Nats key=topic_4 endpoint=None crash_enabled=false
2026-06-17T19:24:59.921312Z  INFO mq_bench::roles::subscriber: Connected via transport engine=Nats
2026-06-17T19:24:59.923531Z  INFO async_nats::connector: connected successfully server=4222 max_payload=10485760
2026-06-17T19:24:59.923615Z  INFO mq_bench::roles::subscriber: Subscribed to key expression key=topic_4
2026-06-17T19:24:59.923620Z  INFO async_nats: event: connected
2026-06-17T19:25:00.528424Z  INFO mq_bench::roles::subscriber: Starting subscriber engine=Nats key=topic_4 endpoint=None crash_enabled=false
2026-06-17T19:25:00.528470Z  INFO mq_bench::roles::subscriber: Connected via transport engine=Nats
2026-06-17T19:25:00.530777Z  INFO async_nats::connector: connected successfully server=4222 max_payload=10485760
2026-06-17T19:25:00.530874Z  INFO mq_bench::roles::subscriber: Subscribed to key expression key=topic_4
2026-06-17T19:25:00.530879Z  INFO async_nats: event: connected
2026-06-17T19:25:01.135076Z  INFO mq_bench::roles::subscriber: Starting subscriber engine=Nats key=topic_4 endpoint=None crash_enabled=false
2026-06-17T19:25:01.135118Z  INFO mq_bench::roles::subscriber: Connected via transport engine=Nats
2026-06-17T19:25:01.137180Z  INFO async_nats::connector: connected successfully server=4222 max_payload=10485760
2026-06-17T19:25:01.137305Z  INFO mq_bench::roles::subscriber: Subscribed to key expression key=topic_4
2026-06-17T19:25:01.137309Z  INFO async_nats: event: connected
2026-06-17T19:25:01.742596Z  INFO mq_bench::roles::subscriber: Starting subscriber engine=Nats key=topic_4 endpoint=None crash_enabled=false
2026-06-17T19:25:01.742634Z  INFO mq_bench::roles::subscriber: Connected via transport engine=Nats
2026-06-17T19:25:01.744856Z  INFO async_nats::connector: connected successfully server=4222 max_payload=10485760
2026-06-17T19:25:01.744946Z  INFO mq_bench::roles::subscriber: Subscribed to key expression key=topic_4
2026-06-17T19:25:01.744950Z  INFO async_nats: event: connected
2026-06-17T19:25:02.349532Z  INFO mq_bench::roles::subscriber: Starting subscriber engine=Nats key=topic_4 endpoint=None crash_enabled=false
2026-06-17T19:25:02.349568Z  INFO mq_bench::roles::subscriber: Connected via transport engine=Nats
2026-06-17T19:25:02.351794Z  INFO async_nats::connector: connected successfully server=4222 max_payload=10485760
2026-06-17T19:25:02.351869Z  INFO mq_bench::roles::subscriber: Subscribed to key expression key=topic_4
2026-06-17T19:25:02.351874Z  INFO async_nats: event: connected
2026-06-17T19:25:02.956172Z  INFO mq_bench::roles::subscriber: Starting subscriber engine=Nats key=topic_4 endpoint=None crash_enabled=false
2026-06-17T19:25:02.956238Z  INFO mq_bench::roles::subscriber: Connected via transport engine=Nats
2026-06-17T19:25:02.958461Z  INFO async_nats::connector: connected successfully server=4222 max_payload=10485760
2026-06-17T19:25:02.958547Z  INFO mq_bench::roles::subscriber: Subscribed to key expression key=topic_4
2026-06-17T19:25:02.958552Z  INFO async_nats: event: connected
2026-06-17T19:25:03.563084Z  INFO mq_bench::roles::subscriber: Starting subscriber engine=Nats key=topic_4 endpoint=None crash_enabled=false
2026-06-17T19:25:03.563125Z  INFO mq_bench::roles::subscriber: Connected via transport engine=Nats
2026-06-17T19:25:03.565325Z  INFO async_nats::connector: connected successfully server=4222 max_payload=10485760
2026-06-17T19:25:03.565406Z  INFO mq_bench::roles::subscriber: Subscribed to key expression key=topic_4
2026-06-17T19:25:03.565412Z  INFO async_nats: event: connected
2026-06-17T19:25:04.170692Z  INFO mq_bench::roles::subscriber: Starting subscriber engine=Nats key=topic_4 endpoint=None crash_enabled=false
2026-06-17T19:25:04.170741Z  INFO mq_bench::roles::subscriber: Connected via transport engine=Nats
2026-06-17T19:25:04.173039Z  INFO async_nats::connector: connected successfully server=4222 max_payload=10485760
2026-06-17T19:25:04.173113Z  INFO mq_bench::roles::subscriber: Subscribed to key expression key=topic_4
2026-06-17T19:25:04.173120Z  INFO async_nats: event: connected
2026-06-17T19:25:04.777469Z  INFO mq_bench::roles::subscriber: Starting subscriber engine=Nats key=topic_4 endpoint=None crash_enabled=false
2026-06-17T19:25:04.777503Z  INFO mq_bench::roles::subscriber: Connected via transport engine=Nats
2026-06-17T19:25:04.779927Z  INFO async_nats::connector: connected successfully server=4222 max_payload=10485760
2026-06-17T19:25:04.780019Z  INFO mq_bench::roles::subscriber: Subscribed to key expression key=topic_4
2026-06-17T19:25:04.780017Z  INFO async_nats: event: connected
2026-06-17T19:25:05.384090Z  INFO mq_bench::roles::subscriber: Starting subscriber engine=Nats key=topic_4 endpoint=None crash_enabled=false
2026-06-17T19:25:05.384131Z  INFO mq_bench::roles::subscriber: Connected via transport engine=Nats
2026-06-17T19:25:05.386254Z  INFO async_nats::connector: connected successfully server=4222 max_payload=10485760
2026-06-17T19:25:05.386337Z  INFO mq_bench::roles::subscriber: Subscribed to key expression key=topic_4
2026-06-17T19:25:05.386342Z  INFO async_nats: event: connected
2026-06-17T19:25:05.991218Z  INFO mq_bench::roles::subscriber: Starting subscriber engine=Nats key=topic_4 endpoint=None crash_enabled=false
2026-06-17T19:25:05.991266Z  INFO mq_bench::roles::subscriber: Connected via transport engine=Nats
2026-06-17T19:25:05.993572Z  INFO async_nats::connector: connected successfully server=4222 max_payload=10485760
2026-06-17T19:25:05.993652Z  INFO mq_bench::roles::subscriber: Subscribed to key expression key=topic_4
2026-06-17T19:25:05.993657Z  INFO async_nats: event: connected
2026-06-17T19:25:06.598905Z  INFO mq_bench::roles::subscriber: Starting subscriber engine=Nats key=topic_4 endpoint=None crash_enabled=false
2026-06-17T19:25:06.598946Z  INFO mq_bench::roles::subscriber: Connected via transport engine=Nats
2026-06-17T19:25:06.601430Z  INFO async_nats::connector: connected successfully server=4222 max_payload=10485760
2026-06-17T19:25:06.601513Z  INFO mq_bench::roles::subscriber: Subscribed to key expression key=topic_4
2026-06-17T19:25:06.601519Z  INFO async_nats: event: connected
2026-06-17T19:25:07.206335Z  INFO mq_bench::roles::subscriber: Starting subscriber engine=Nats key=topic_4 endpoint=None crash_enabled=false
2026-06-17T19:25:07.206374Z  INFO mq_bench::roles::subscriber: Connected via transport engine=Nats
2026-06-17T19:25:07.208504Z  INFO async_nats::connector: connected successfully server=4222 max_payload=10485760
2026-06-17T19:25:07.208591Z  INFO mq_bench::roles::subscriber: Subscribed to key expression key=topic_4
2026-06-17T19:25:07.208594Z  INFO async_nats: event: connected
2026-06-17T19:25:07.813712Z  INFO mq_bench::roles::subscriber: Starting subscriber engine=Nats key=topic_4 endpoint=None crash_enabled=false
2026-06-17T19:25:07.813754Z  INFO mq_bench::roles::subscriber: Connected via transport engine=Nats
2026-06-17T19:25:07.816119Z  INFO async_nats::connector: connected successfully server=4222 max_payload=10485760
2026-06-17T19:25:07.816217Z  INFO mq_bench::roles::subscriber: Subscribed to key expression key=topic_4
2026-06-17T19:25:07.816223Z  INFO async_nats: event: connected
2026-06-17T19:25:08.420498Z  INFO mq_bench::roles::subscriber: Starting subscriber engine=Nats key=topic_4 endpoint=None crash_enabled=false
2026-06-17T19:25:08.420538Z  INFO mq_bench::roles::subscriber: Connected via transport engine=Nats
2026-06-17T19:25:08.423063Z  INFO async_nats::connector: connected successfully server=4222 max_payload=10485760
2026-06-17T19:25:08.423163Z  INFO mq_bench::roles::subscriber: Subscribed to key expression key=topic_4
2026-06-17T19:25:08.423170Z  INFO async_nats: event: connected
2026-06-17T19:25:09.027282Z  INFO mq_bench::roles::subscriber: Starting subscriber engine=Nats key=topic_4 endpoint=None crash_enabled=false
2026-06-17T19:25:09.027318Z  INFO mq_bench::roles::subscriber: Connected via transport engine=Nats
2026-06-17T19:25:09.029644Z  INFO async_nats::connector: connected successfully server=4222 max_payload=10485760
2026-06-17T19:25:09.029731Z  INFO mq_bench::roles::subscriber: Subscribed to key expression key=topic_4
2026-06-17T19:25:09.029735Z  INFO async_nats: event: connected
2026-06-17T19:25:09.634768Z  INFO mq_bench::roles::subscriber: Starting subscriber engine=Nats key=topic_4 endpoint=None crash_enabled=false
2026-06-17T19:25:09.634815Z  INFO mq_bench::roles::subscriber: Connected via transport engine=Nats
2026-06-17T19:25:09.637063Z  INFO async_nats::connector: connected successfully server=4222 max_payload=10485760
2026-06-17T19:25:09.637158Z  INFO mq_bench::roles::subscriber: Subscribed to key expression key=topic_4
2026-06-17T19:25:09.637161Z  INFO async_nats: event: connected
2026-06-17T19:25:10.241148Z  INFO mq_bench::roles::subscriber: Starting subscriber engine=Nats key=topic_4 endpoint=None crash_enabled=false
2026-06-17T19:25:10.241184Z  INFO mq_bench::roles::subscriber: Connected via transport engine=Nats
2026-06-17T19:25:10.243464Z  INFO async_nats::connector: connected successfully server=4222 max_payload=10485760
2026-06-17T19:25:10.243557Z  INFO async_nats: event: connected
2026-06-17T19:25:10.243558Z  INFO mq_bench::roles::subscriber: Subscribed to key expression key=topic_4
2026-06-17T19:25:10.848397Z  INFO mq_bench::roles::subscriber: Starting subscriber engine=Nats key=topic_4 endpoint=None crash_enabled=false
2026-06-17T19:25:10.848454Z  INFO mq_bench::roles::subscriber: Connected via transport engine=Nats
2026-06-17T19:25:10.850840Z  INFO async_nats::connector: connected successfully server=4222 max_payload=10485760
2026-06-17T19:25:10.850930Z  INFO mq_bench::roles::subscriber: Subscribed to key expression key=topic_4
2026-06-17T19:25:10.850931Z  INFO async_nats: event: connected
2026-06-17T19:25:11.454969Z  INFO mq_bench::roles::subscriber: Starting subscriber engine=Nats key=topic_4 endpoint=None crash_enabled=false
2026-06-17T19:25:11.455013Z  INFO mq_bench::roles::subscriber: Connected via transport engine=Nats
2026-06-17T19:25:11.457150Z  INFO async_nats::connector: connected successfully server=4222 max_payload=10485760
2026-06-17T19:25:11.457241Z  INFO mq_bench::roles::subscriber: Subscribed to key expression key=topic_4
2026-06-17T19:25:11.457245Z  INFO async_nats: event: connected
2026-06-17T19:25:12.062376Z  INFO mq_bench::roles::subscriber: Starting subscriber engine=Nats key=topic_4 endpoint=None crash_enabled=false
2026-06-17T19:25:12.062413Z  INFO mq_bench::roles::subscriber: Connected via transport engine=Nats
2026-06-17T19:25:12.064661Z  INFO async_nats::connector: connected successfully server=4222 max_payload=10485760
2026-06-17T19:25:12.064755Z  INFO async_nats: event: connected
2026-06-17T19:25:12.064757Z  INFO mq_bench::roles::subscriber: Subscribed to key expression key=topic_4
2026-06-17T19:25:12.669414Z  INFO mq_bench::roles::subscriber: Starting subscriber engine=Nats key=topic_4 endpoint=None crash_enabled=false
2026-06-17T19:25:12.669448Z  INFO mq_bench::roles::subscriber: Connected via transport engine=Nats
2026-06-17T19:25:12.671786Z  INFO async_nats::connector: connected successfully server=4222 max_payload=10485760
2026-06-17T19:25:12.671881Z  INFO async_nats: event: connected
2026-06-17T19:25:12.671883Z  INFO mq_bench::roles::subscriber: Subscribed to key expression key=topic_4
2026-06-17T19:25:13.276449Z  INFO mq_bench::roles::subscriber: Starting subscriber engine=Nats key=topic_4 endpoint=None crash_enabled=false
2026-06-17T19:25:13.276487Z  INFO mq_bench::roles::subscriber: Connected via transport engine=Nats
2026-06-17T19:25:13.278912Z  INFO async_nats::connector: connected successfully server=4222 max_payload=10485760
2026-06-17T19:25:13.278996Z  INFO async_nats: event: connected
2026-06-17T19:25:13.278997Z  INFO mq_bench::roles::subscriber: Subscribed to key expression key=topic_4
2026-06-17T19:25:13.883885Z  INFO mq_bench::roles::subscriber: Starting subscriber engine=Nats key=topic_4 endpoint=None crash_enabled=false
2026-06-17T19:25:13.883918Z  INFO mq_bench::roles::subscriber: Connected via transport engine=Nats
2026-06-17T19:25:13.886079Z  INFO async_nats::connector: connected successfully server=4222 max_payload=10485760
2026-06-17T19:25:13.886162Z  INFO mq_bench::roles::subscriber: Subscribed to key expression key=topic_4
2026-06-17T19:25:13.886162Z  INFO async_nats: event: connected
