mq-bench starting with run_id: auto
Writing CSV output to: artifacts/fanout_bursty_20260617_192413_nats_p64_s1000_u10_bursty/fanout_singlesite/sub_7.csv
2026-06-17T19:24:13.791434Z  INFO mq_bench::roles::subscriber: Starting subscriber engine=Nats key=topic_7 endpoint=None crash_enabled=false
2026-06-17T19:24:13.791482Z  INFO mq_bench::roles::subscriber: Connected via transport engine=Nats
2026-06-17T19:24:13.793444Z  INFO async_nats::connector: connected successfully server=4222 max_payload=10485760
2026-06-17T19:24:13.793488Z  INFO mq_bench::roles::subscriber: Subscribed to key expression key=topic_7
2026-06-17T19:24:13.793496Z  INFO async_nats: event: connected
2026-06-17T19:24:14.398254Z  INFO mq_bench::roles::subscriber: Starting subscriber engine=Nats key=topic_7 endpoint=None crash_enabled=false
2026-06-17T19:24:14.398319Z  INFO mq_bench::roles::subscriber: Connected via transport engine=Nats
2026-06-17T19:24:14.400097Z  INFO async_nats::connector: connected successfully server=4222 max_payload=10485760
2026-06-17T19:24:14.400142Z  INFO mq_bench::roles::subscriber: Subscribed to key expression key=topic_7
2026-06-17T19:24:14.400155Z  INFO async_nats: event: connected
2026-06-17T19:24:15.004851Z  INFO mq_bench::roles::subscriber: Starting subscriber engine=Nats key=topic_7 endpoint=None crash_enabled=false
2026-06-17T19:24:15.004956Z  INFO mq_bench::roles::subscriber: Connected via transport engine=Nats
2026-06-17T19:24:15.007044Z  INFO async_nats::connector: connected successfully server=4222 max_payload=10485760
2026-06-17T19:24:15.007087Z  INFO mq_bench::roles::subscriber: Subscribed to key expression key=topic_7
2026-06-17T19:24:15.007099Z  INFO async_nats: event: connected
2026-06-17T19:24:15.611978Z  INFO mq_bench::roles::subscriber: Starting subscriber engine=Nats key=topic_7 endpoint=None crash_enabled=false
2026-06-17T19:24:15.612095Z  INFO mq_bench::roles::subscriber: Connected via transport engine=Nats
2026-06-17T19:24:15.614037Z  INFO async_nats::connector: connected successfully server=4222 max_payload=10485760
2026-06-17T19:24:15.614116Z  INFO mq_bench::roles::subscriber: Subscribed to key expression key=topic_7
2026-06-17T19:24:15.614123Z  INFO async_nats: event: connected
2026-06-17T19:24:16.218937Z  INFO mq_bench::roles::subscriber: Starting subscriber engine=Nats key=topic_7 endpoint=None crash_enabled=false
2026-06-17T19:24:16.218981Z  INFO mq_bench::roles::subscriber: Connected via transport engine=Nats
2026-06-17T19:24:16.220914Z  INFO async_nats::connector: connected successfully server=4222 max_payload=10485760
2026-06-17T19:24:16.221004Z  INFO async_nats: event: connected
2026-06-17T19:24:16.221007Z  INFO mq_bench::roles::subscriber: Subscribed to key expression key=topic_7
2026-06-17T19:24:16.825793Z  INFO mq_bench::roles::subscriber: Starting subscriber engine=Nats key=topic_7 endpoint=None crash_enabled=false
2026-06-17T19:24:16.825842Z  INFO mq_bench::roles::subscriber: Connected via transport engine=Nats
2026-06-17T19:24:16.830810Z  INFO async_nats::connector: connected successfully server=4222 max_payload=10485760
2026-06-17T19:24:16.830904Z  INFO mq_bench::roles::subscriber: Subscribed to key expression key=topic_7
2026-06-17T19:24:16.830912Z  INFO async_nats: event: connected
2026-06-17T19:24:17.433256Z  INFO mq_bench::roles::subscriber: Starting subscriber engine=Nats key=topic_7 endpoint=None crash_enabled=false
2026-06-17T19:24:17.433297Z  INFO mq_bench::roles::subscriber: Connected via transport engine=Nats
2026-06-17T19:24:17.435481Z  INFO async_nats::connector: connected successfully server=4222 max_payload=10485760
2026-06-17T19:24:17.435579Z  INFO mq_bench::roles::subscriber: Subscribed to key expression key=topic_7
2026-06-17T19:24:17.435583Z  INFO async_nats: event: connected
2026-06-17T19:24:18.040607Z  INFO mq_bench::roles::subscriber: Starting subscriber engine=Nats key=topic_7 endpoint=None crash_enabled=false
2026-06-17T19:24:18.040649Z  INFO mq_bench::roles::subscriber: Connected via transport engine=Nats
2026-06-17T19:24:18.042778Z  INFO async_nats::connector: connected successfully server=4222 max_payload=10485760
2026-06-17T19:24:18.042941Z  INFO async_nats: event: connected
2026-06-17T19:24:18.042951Z  INFO mq_bench::roles::subscriber: Subscribed to key expression key=topic_7
2026-06-17T19:24:18.647990Z  INFO mq_bench::roles::subscriber: Starting subscriber engine=Nats key=topic_7 endpoint=None crash_enabled=false
2026-06-17T19:24:18.648026Z  INFO mq_bench::roles::subscriber: Connected via transport engine=Nats
2026-06-17T19:24:18.650355Z  INFO async_nats::connector: connected successfully server=4222 max_payload=10485760
2026-06-17T19:24:18.650460Z  INFO mq_bench::roles::subscriber: Subscribed to key expression key=topic_7
2026-06-17T19:24:18.650464Z  INFO async_nats: event: connected
2026-06-17T19:24:19.254738Z  INFO mq_bench::roles::subscriber: Starting subscriber engine=Nats key=topic_7 endpoint=None crash_enabled=false
2026-06-17T19:24:19.254781Z  INFO mq_bench::roles::subscriber: Connected via transport engine=Nats
2026-06-17T19:24:19.257066Z  INFO async_nats::connector: connected successfully server=4222 max_payload=10485760
2026-06-17T19:24:19.257164Z  INFO mq_bench::roles::subscriber: Subscribed to key expression key=topic_7
2026-06-17T19:24:19.257168Z  INFO async_nats: event: connected
2026-06-17T19:24:19.862014Z  INFO mq_bench::roles::subscriber: Starting subscriber engine=Nats key=topic_7 endpoint=None crash_enabled=false
2026-06-17T19:24:19.862053Z  INFO mq_bench::roles::subscriber: Connected via transport engine=Nats
2026-06-17T19:24:19.864108Z  INFO async_nats::connector: connected successfully server=4222 max_payload=10485760
2026-06-17T19:24:19.864231Z  INFO async_nats: event: connected
2026-06-17T19:24:19.864233Z  INFO mq_bench::roles::subscriber: Subscribed to key expression key=topic_7
2026-06-17T19:24:20.468801Z  INFO mq_bench::roles::subscriber: Starting subscriber engine=Nats key=topic_7 endpoint=None crash_enabled=false
2026-06-17T19:24:20.468833Z  INFO mq_bench::roles::subscriber: Connected via transport engine=Nats
2026-06-17T19:24:20.470667Z  INFO async_nats::connector: connected successfully server=4222 max_payload=10485760
2026-06-17T19:24:20.470754Z  INFO mq_bench::roles::subscriber: Subscribed to key expression key=topic_7
2026-06-17T19:24:20.470758Z  INFO async_nats: event: connected
2026-06-17T19:24:21.076170Z  INFO mq_bench::roles::subscriber: Starting subscriber engine=Nats key=topic_7 endpoint=None crash_enabled=false
2026-06-17T19:24:21.076229Z  INFO mq_bench::roles::subscriber: Connected via transport engine=Nats
2026-06-17T19:24:21.078347Z  INFO async_nats::connector: connected successfully server=4222 max_payload=10485760
2026-06-17T19:24:21.078432Z  INFO mq_bench::roles::subscriber: Subscribed to key expression key=topic_7
2026-06-17T19:24:21.078437Z  INFO async_nats: event: connected
2026-06-17T19:24:21.683234Z  INFO mq_bench::roles::subscriber: Starting subscriber engine=Nats key=topic_7 endpoint=None crash_enabled=false
2026-06-17T19:24:21.683307Z  INFO mq_bench::roles::subscriber: Connected via transport engine=Nats
2026-06-17T19:24:21.685265Z  INFO async_nats::connector: connected successfully server=4222 max_payload=10485760
2026-06-17T19:24:21.685345Z  INFO async_nats: event: connected
2026-06-17T19:24:21.685350Z  INFO mq_bench::roles::subscriber: Subscribed to key expression key=topic_7
2026-06-17T19:24:22.290095Z  INFO mq_bench::roles::subscriber: Starting subscriber engine=Nats key=topic_7 endpoint=None crash_enabled=false
2026-06-17T19:24:22.290141Z  INFO mq_bench::roles::subscriber: Connected via transport engine=Nats
2026-06-17T19:24:22.291998Z  INFO async_nats::connector: connected successfully server=4222 max_payload=10485760
2026-06-17T19:24:22.292086Z  INFO mq_bench::roles::subscriber: Subscribed to key expression key=topic_7
2026-06-17T19:24:22.292093Z  INFO async_nats: event: connected
2026-06-17T19:24:22.896800Z  INFO mq_bench::roles::subscriber: Starting subscriber engine=Nats key=topic_7 endpoint=None crash_enabled=false
2026-06-17T19:24:22.896852Z  INFO mq_bench::roles::subscriber: Connected via transport engine=Nats
2026-06-17T19:24:22.899156Z  INFO async_nats::connector: connected successfully server=4222 max_payload=10485760
2026-06-17T19:24:22.899284Z  INFO mq_bench::roles::subscriber: Subscribed to key expression key=topic_7
2026-06-17T19:24:22.899288Z  INFO async_nats: event: connected
2026-06-17T19:24:23.503961Z  INFO mq_bench::roles::subscriber: Starting subscriber engine=Nats key=topic_7 endpoint=None crash_enabled=false
2026-06-17T19:24:23.504001Z  INFO mq_bench::roles::subscriber: Connected via transport engine=Nats
2026-06-17T19:24:23.505847Z  INFO async_nats::connector: connected successfully server=4222 max_payload=10485760
2026-06-17T19:24:23.505930Z  INFO mq_bench::roles::subscriber: Subscribed to key expression key=topic_7
2026-06-17T19:24:23.505935Z  INFO async_nats: event: connected
2026-06-17T19:24:24.111490Z  INFO mq_bench::roles::subscriber: Starting subscriber engine=Nats key=topic_7 endpoint=None crash_enabled=false
2026-06-17T19:24:24.111546Z  INFO mq_bench::roles::subscriber: Connected via transport engine=Nats
2026-06-17T19:24:24.113423Z  INFO async_nats::connector: connected successfully server=4222 max_payload=10485760
2026-06-17T19:24:24.113512Z  INFO mq_bench::roles::subscriber: Subscribed to key expression key=topic_7
2026-06-17T19:24:24.113518Z  INFO async_nats: event: connected
2026-06-17T19:24:24.718748Z  INFO mq_bench::roles::subscriber: Starting subscriber engine=Nats key=topic_7 endpoint=None crash_enabled=false
2026-06-17T19:24:24.718783Z  INFO mq_bench::roles::subscriber: Connected via transport engine=Nats
2026-06-17T19:24:24.720869Z  INFO async_nats::connector: connected successfully server=4222 max_payload=10485760
2026-06-17T19:24:24.720962Z  INFO async_nats: event: connected
2026-06-17T19:24:24.720968Z  INFO mq_bench::roles::subscriber: Subscribed to key expression key=topic_7
2026-06-17T19:24:25.325858Z  INFO mq_bench::roles::subscriber: Starting subscriber engine=Nats key=topic_7 endpoint=None crash_enabled=false
2026-06-17T19:24:25.325904Z  INFO mq_bench::roles::subscriber: Connected via transport engine=Nats
2026-06-17T19:24:25.328157Z  INFO async_nats::connector: connected successfully server=4222 max_payload=10485760
2026-06-17T19:24:25.328277Z  INFO mq_bench::roles::subscriber: Subscribed to key expression key=topic_7
2026-06-17T19:24:25.328285Z  INFO async_nats: event: connected
2026-06-17T19:24:25.932907Z  INFO mq_bench::roles::subscriber: Starting subscriber engine=Nats key=topic_7 endpoint=None crash_enabled=false
2026-06-17T19:24:25.932947Z  INFO mq_bench::roles::subscriber: Connected via transport engine=Nats
2026-06-17T19:24:25.934798Z  INFO async_nats::connector: connected successfully server=4222 max_payload=10485760
2026-06-17T19:24:25.934878Z  INFO mq_bench::roles::subscriber: Subscribed to key expression key=topic_7
2026-06-17T19:24:25.934884Z  INFO async_nats: event: connected
2026-06-17T19:24:26.540127Z  INFO mq_bench::roles::subscriber: Starting subscriber engine=Nats key=topic_7 endpoint=None crash_enabled=false
2026-06-17T19:24:26.540163Z  INFO mq_bench::roles::subscriber: Connected via transport engine=Nats
2026-06-17T19:24:26.542024Z  INFO async_nats::connector: connected successfully server=4222 max_payload=10485760
2026-06-17T19:24:26.542116Z  INFO mq_bench::roles::subscriber: Subscribed to key expression key=topic_7
2026-06-17T19:24:26.542119Z  INFO async_nats: event: connected
2026-06-17T19:24:27.146876Z  INFO mq_bench::roles::subscriber: Starting subscriber engine=Nats key=topic_7 endpoint=None crash_enabled=false
2026-06-17T19:24:27.146920Z  INFO mq_bench::roles::subscriber: Connected via transport engine=Nats
2026-06-17T19:24:27.148894Z  INFO async_nats::connector: connected successfully server=4222 max_payload=10485760
2026-06-17T19:24:27.148976Z  INFO async_nats: event: connected
2026-06-17T19:24:27.148979Z  INFO mq_bench::roles::subscriber: Subscribed to key expression key=topic_7
2026-06-17T19:24:27.754597Z  INFO mq_bench::roles::subscriber: Starting subscriber engine=Nats key=topic_7 endpoint=None crash_enabled=false
2026-06-17T19:24:27.754641Z  INFO mq_bench::roles::subscriber: Connected via transport engine=Nats
2026-06-17T19:24:27.756601Z  INFO async_nats::connector: connected successfully server=4222 max_payload=10485760
2026-06-17T19:24:27.756688Z  INFO mq_bench::roles::subscriber: Subscribed to key expression key=topic_7
2026-06-17T19:24:27.756688Z  INFO async_nats: event: connected
2026-06-17T19:24:28.361750Z  INFO mq_bench::roles::subscriber: Starting subscriber engine=Nats key=topic_7 endpoint=None crash_enabled=false
2026-06-17T19:24:28.361790Z  INFO mq_bench::roles::subscriber: Connected via transport engine=Nats
2026-06-17T19:24:28.363998Z  INFO async_nats::connector: connected successfully server=4222 max_payload=10485760
2026-06-17T19:24:28.364158Z  INFO async_nats: event: connected
2026-06-17T19:24:28.364165Z  INFO mq_bench::roles::subscriber: Subscribed to key expression key=topic_7
2026-06-17T19:24:28.969605Z  INFO mq_bench::roles::subscriber: Starting subscriber engine=Nats key=topic_7 endpoint=None crash_enabled=false
2026-06-17T19:24:28.969645Z  INFO mq_bench::roles::subscriber: Connected via transport engine=Nats
2026-06-17T19:24:28.971604Z  INFO async_nats::connector: connected successfully server=4222 max_payload=10485760
2026-06-17T19:24:28.971705Z  INFO async_nats: event: connected
2026-06-17T19:24:28.971708Z  INFO mq_bench::roles::subscriber: Subscribed to key expression key=topic_7
2026-06-17T19:24:29.576762Z  INFO mq_bench::roles::subscriber: Starting subscriber engine=Nats key=topic_7 endpoint=None crash_enabled=false
2026-06-17T19:24:29.576797Z  INFO mq_bench::roles::subscriber: Connected via transport engine=Nats
2026-06-17T19:24:29.578775Z  INFO async_nats::connector: connected successfully server=4222 max_payload=10485760
2026-06-17T19:24:29.578873Z  INFO async_nats: event: connected
2026-06-17T19:24:29.578873Z  INFO mq_bench::roles::subscriber: Subscribed to key expression key=topic_7
2026-06-17T19:24:30.184174Z  INFO mq_bench::roles::subscriber: Starting subscriber engine=Nats key=topic_7 endpoint=None crash_enabled=false
2026-06-17T19:24:30.184234Z  INFO mq_bench::roles::subscriber: Connected via transport engine=Nats
2026-06-17T19:24:30.186319Z  INFO async_nats::connector: connected successfully server=4222 max_payload=10485760
2026-06-17T19:24:30.186400Z  INFO mq_bench::roles::subscriber: Subscribed to key expression key=topic_7
2026-06-17T19:24:30.186405Z  INFO async_nats: event: connected
2026-06-17T19:24:30.790932Z  INFO mq_bench::roles::subscriber: Starting subscriber engine=Nats key=topic_7 endpoint=None crash_enabled=false
2026-06-17T19:24:30.790968Z  INFO mq_bench::roles::subscriber: Connected via transport engine=Nats
2026-06-17T19:24:30.793052Z  INFO async_nats::connector: connected successfully server=4222 max_payload=10485760
2026-06-17T19:24:30.793125Z  INFO mq_bench::roles::subscriber: Subscribed to key expression key=topic_7
2026-06-17T19:24:30.793128Z  INFO async_nats: event: connected
2026-06-17T19:24:31.398616Z  INFO mq_bench::roles::subscriber: Starting subscriber engine=Nats key=topic_7 endpoint=None crash_enabled=false
2026-06-17T19:24:31.398652Z  INFO mq_bench::roles::subscriber: Connected via transport engine=Nats
2026-06-17T19:24:31.400900Z  INFO async_nats::connector: connected successfully server=4222 max_payload=10485760
2026-06-17T19:24:31.400983Z  INFO mq_bench::roles::subscriber: Subscribed to key expression key=topic_7
2026-06-17T19:24:31.400988Z  INFO async_nats: event: connected
2026-06-17T19:24:32.005785Z  INFO mq_bench::roles::subscriber: Starting subscriber engine=Nats key=topic_7 endpoint=None crash_enabled=false
2026-06-17T19:24:32.005824Z  INFO mq_bench::roles::subscriber: Connected via transport engine=Nats
2026-06-17T19:24:32.008052Z  INFO async_nats::connector: connected successfully server=4222 max_payload=10485760
2026-06-17T19:24:32.008139Z  INFO mq_bench::roles::subscriber: Subscribed to key expression key=topic_7
2026-06-17T19:24:32.008143Z  INFO async_nats: event: connected
2026-06-17T19:24:32.613341Z  INFO mq_bench::roles::subscriber: Starting subscriber engine=Nats key=topic_7 endpoint=None crash_enabled=false
2026-06-17T19:24:32.613393Z  INFO mq_bench::roles::subscriber: Connected via transport engine=Nats
2026-06-17T19:24:32.615553Z  INFO async_nats::connector: connected successfully server=4222 max_payload=10485760
2026-06-17T19:24:32.615652Z  INFO async_nats: event: connected
2026-06-17T19:24:32.615655Z  INFO mq_bench::roles::subscriber: Subscribed to key expression key=topic_7
2026-06-17T19:24:33.219831Z  INFO mq_bench::roles::subscriber: Starting subscriber engine=Nats key=topic_7 endpoint=None crash_enabled=false
2026-06-17T19:24:33.219887Z  INFO mq_bench::roles::subscriber: Connected via transport engine=Nats
2026-06-17T19:24:33.221892Z  INFO async_nats::connector: connected successfully server=4222 max_payload=10485760
2026-06-17T19:24:33.221990Z  INFO mq_bench::roles::subscriber: Subscribed to key expression key=topic_7
2026-06-17T19:24:33.221996Z  INFO async_nats: event: connected
2026-06-17T19:24:33.826890Z  INFO mq_bench::roles::subscriber: Starting subscriber engine=Nats key=topic_7 endpoint=None crash_enabled=false
2026-06-17T19:24:33.826925Z  INFO mq_bench::roles::subscriber: Connected via transport engine=Nats
2026-06-17T19:24:33.829000Z  INFO async_nats::connector: connected successfully server=4222 max_payload=10485760
2026-06-17T19:24:33.829090Z  INFO mq_bench::roles::subscriber: Subscribed to key expression key=topic_7
2026-06-17T19:24:33.829092Z  INFO async_nats: event: connected
2026-06-17T19:24:34.434263Z  INFO mq_bench::roles::subscriber: Starting subscriber engine=Nats key=topic_7 endpoint=None crash_enabled=false
2026-06-17T19:24:34.434302Z  INFO mq_bench::roles::subscriber: Connected via transport engine=Nats
2026-06-17T19:24:34.436322Z  INFO async_nats::connector: connected successfully server=4222 max_payload=10485760
2026-06-17T19:24:34.436426Z  INFO mq_bench::roles::subscriber: Subscribed to key expression key=topic_7
2026-06-17T19:24:34.436431Z  INFO async_nats: event: connected
2026-06-17T19:24:35.041414Z  INFO mq_bench::roles::subscriber: Starting subscriber engine=Nats key=topic_7 endpoint=None crash_enabled=false
2026-06-17T19:24:35.041455Z  INFO mq_bench::roles::subscriber: Connected via transport engine=Nats
2026-06-17T19:24:35.042724Z  INFO async_nats::connector: connected successfully server=4222 max_payload=10485760
2026-06-17T19:24:35.042801Z  INFO mq_bench::roles::subscriber: Subscribed to key expression key=topic_7
2026-06-17T19:24:35.042812Z  INFO async_nats: event: connected
2026-06-17T19:24:35.648190Z  INFO mq_bench::roles::subscriber: Starting subscriber engine=Nats key=topic_7 endpoint=None crash_enabled=false
2026-06-17T19:24:35.648257Z  INFO mq_bench::roles::subscriber: Connected via transport engine=Nats
2026-06-17T19:24:35.650220Z  INFO async_nats::connector: connected successfully server=4222 max_payload=10485760
2026-06-17T19:24:35.650320Z  INFO async_nats: event: connected
2026-06-17T19:24:35.650323Z  INFO mq_bench::roles::subscriber: Subscribed to key expression key=topic_7
2026-06-17T19:24:36.255124Z  INFO mq_bench::roles::subscriber: Starting subscriber engine=Nats key=topic_7 endpoint=None crash_enabled=false
2026-06-17T19:24:36.255171Z  INFO mq_bench::roles::subscriber: Connected via transport engine=Nats
2026-06-17T19:24:36.257365Z  INFO async_nats::connector: connected successfully server=4222 max_payload=10485760
2026-06-17T19:24:36.257469Z  INFO async_nats: event: connected
2026-06-17T19:24:36.257469Z  INFO mq_bench::roles::subscriber: Subscribed to key expression key=topic_7
2026-06-17T19:24:36.862217Z  INFO mq_bench::roles::subscriber: Starting subscriber engine=Nats key=topic_7 endpoint=None crash_enabled=false
2026-06-17T19:24:36.862265Z  INFO mq_bench::roles::subscriber: Connected via transport engine=Nats
2026-06-17T19:24:36.864221Z  INFO async_nats::connector: connected successfully server=4222 max_payload=10485760
2026-06-17T19:24:36.864321Z  INFO async_nats: event: connected
2026-06-17T19:24:36.864322Z  INFO mq_bench::roles::subscriber: Subscribed to key expression key=topic_7
2026-06-17T19:24:37.469374Z  INFO mq_bench::roles::subscriber: Starting subscriber engine=Nats key=topic_7 endpoint=None crash_enabled=false
2026-06-17T19:24:37.469436Z  INFO mq_bench::roles::subscriber: Connected via transport engine=Nats
2026-06-17T19:24:37.471159Z  INFO async_nats::connector: connected successfully server=4222 max_payload=10485760
2026-06-17T19:24:37.471275Z  INFO mq_bench::roles::subscriber: Subscribed to key expression key=topic_7
2026-06-17T19:24:37.471276Z  INFO async_nats: event: connected
2026-06-17T19:24:38.076113Z  INFO mq_bench::roles::subscriber: Starting subscriber engine=Nats key=topic_7 endpoint=None crash_enabled=false
2026-06-17T19:24:38.076159Z  INFO mq_bench::roles::subscriber: Connected via transport engine=Nats
2026-06-17T19:24:38.078342Z  INFO async_nats::connector: connected successfully server=4222 max_payload=10485760
2026-06-17T19:24:38.078435Z  INFO mq_bench::roles::subscriber: Subscribed to key expression key=topic_7
2026-06-17T19:24:38.078440Z  INFO async_nats: event: connected
2026-06-17T19:24:38.682639Z  INFO mq_bench::roles::subscriber: Starting subscriber engine=Nats key=topic_7 endpoint=None crash_enabled=false
2026-06-17T19:24:38.682680Z  INFO mq_bench::roles::subscriber: Connected via transport engine=Nats
2026-06-17T19:24:38.684601Z  INFO async_nats::connector: connected successfully server=4222 max_payload=10485760
2026-06-17T19:24:38.684701Z  INFO async_nats: event: connected
2026-06-17T19:24:38.684702Z  INFO mq_bench::roles::subscriber: Subscribed to key expression key=topic_7
2026-06-17T19:24:39.289758Z  INFO mq_bench::roles::subscriber: Starting subscriber engine=Nats key=topic_7 endpoint=None crash_enabled=false
2026-06-17T19:24:39.289800Z  INFO mq_bench::roles::subscriber: Connected via transport engine=Nats
2026-06-17T19:24:39.291763Z  INFO async_nats::connector: connected successfully server=4222 max_payload=10485760
2026-06-17T19:24:39.291861Z  INFO mq_bench::roles::subscriber: Subscribed to key expression key=topic_7
2026-06-17T19:24:39.291867Z  INFO async_nats: event: connected
2026-06-17T19:24:39.897346Z  INFO mq_bench::roles::subscriber: Starting subscriber engine=Nats key=topic_7 endpoint=None crash_enabled=false
2026-06-17T19:24:39.897386Z  INFO mq_bench::roles::subscriber: Connected via transport engine=Nats
2026-06-17T19:24:39.899479Z  INFO async_nats::connector: connected successfully server=4222 max_payload=10485760
2026-06-17T19:24:39.899559Z  INFO mq_bench::roles::subscriber: Subscribed to key expression key=topic_7
2026-06-17T19:24:39.899562Z  INFO async_nats: event: connected
2026-06-17T19:24:40.503938Z  INFO mq_bench::roles::subscriber: Starting subscriber engine=Nats key=topic_7 endpoint=None crash_enabled=false
2026-06-17T19:24:40.503996Z  INFO mq_bench::roles::subscriber: Connected via transport engine=Nats
2026-06-17T19:24:40.505925Z  INFO async_nats::connector: connected successfully server=4222 max_payload=10485760
2026-06-17T19:24:40.506011Z  INFO mq_bench::roles::subscriber: Subscribed to key expression key=topic_7
2026-06-17T19:24:40.506018Z  INFO async_nats: event: connected
2026-06-17T19:24:41.111546Z  INFO mq_bench::roles::subscriber: Starting subscriber engine=Nats key=topic_7 endpoint=None crash_enabled=false
2026-06-17T19:24:41.111586Z  INFO mq_bench::roles::subscriber: Connected via transport engine=Nats
2026-06-17T19:24:41.113894Z  INFO async_nats::connector: connected successfully server=4222 max_payload=10485760
2026-06-17T19:24:41.113981Z  INFO mq_bench::roles::subscriber: Subscribed to key expression key=topic_7
2026-06-17T19:24:41.113986Z  INFO async_nats: event: connected
2026-06-17T19:24:41.718971Z  INFO mq_bench::roles::subscriber: Starting subscriber engine=Nats key=topic_7 endpoint=None crash_enabled=false
2026-06-17T19:24:41.719012Z  INFO mq_bench::roles::subscriber: Connected via transport engine=Nats
2026-06-17T19:24:41.721011Z  INFO async_nats::connector: connected successfully server=4222 max_payload=10485760
2026-06-17T19:24:41.721091Z  INFO mq_bench::roles::subscriber: Subscribed to key expression key=topic_7
2026-06-17T19:24:41.721100Z  INFO async_nats: event: connected
2026-06-17T19:24:42.326126Z  INFO mq_bench::roles::subscriber: Starting subscriber engine=Nats key=topic_7 endpoint=None crash_enabled=false
2026-06-17T19:24:42.326169Z  INFO mq_bench::roles::subscriber: Connected via transport engine=Nats
2026-06-17T19:24:42.328430Z  INFO async_nats::connector: connected successfully server=4222 max_payload=10485760
2026-06-17T19:24:42.328515Z  INFO async_nats: event: connected
2026-06-17T19:24:42.328515Z  INFO mq_bench::roles::subscriber: Subscribed to key expression key=topic_7
2026-06-17T19:24:42.933341Z  INFO mq_bench::roles::subscriber: Starting subscriber engine=Nats key=topic_7 endpoint=None crash_enabled=false
2026-06-17T19:24:42.933383Z  INFO mq_bench::roles::subscriber: Connected via transport engine=Nats
2026-06-17T19:24:42.935598Z  INFO async_nats::connector: connected successfully server=4222 max_payload=10485760
2026-06-17T19:24:42.935681Z  INFO mq_bench::roles::subscriber: Subscribed to key expression key=topic_7
2026-06-17T19:24:42.935684Z  INFO async_nats: event: connected
2026-06-17T19:24:43.539635Z  INFO mq_bench::roles::subscriber: Starting subscriber engine=Nats key=topic_7 endpoint=None crash_enabled=false
2026-06-17T19:24:43.539678Z  INFO mq_bench::roles::subscriber: Connected via transport engine=Nats
2026-06-17T19:24:43.541702Z  INFO async_nats::connector: connected successfully server=4222 max_payload=10485760
2026-06-17T19:24:43.541788Z  INFO mq_bench::roles::subscriber: Subscribed to key expression key=topic_7
2026-06-17T19:24:43.541793Z  INFO async_nats: event: connected
2026-06-17T19:24:44.147413Z  INFO mq_bench::roles::subscriber: Starting subscriber engine=Nats key=topic_7 endpoint=None crash_enabled=false
2026-06-17T19:24:44.147459Z  INFO mq_bench::roles::subscriber: Connected via transport engine=Nats
2026-06-17T19:24:44.148811Z  INFO async_nats::connector: connected successfully server=4222 max_payload=10485760
2026-06-17T19:24:44.148884Z  INFO mq_bench::roles::subscriber: Subscribed to key expression key=topic_7
2026-06-17T19:24:44.148888Z  INFO async_nats: event: connected
2026-06-17T19:24:44.753752Z  INFO mq_bench::roles::subscriber: Starting subscriber engine=Nats key=topic_7 endpoint=None crash_enabled=false
2026-06-17T19:24:44.753792Z  INFO mq_bench::roles::subscriber: Connected via transport engine=Nats
2026-06-17T19:24:44.755903Z  INFO async_nats::connector: connected successfully server=4222 max_payload=10485760
2026-06-17T19:24:44.755994Z  INFO mq_bench::roles::subscriber: Subscribed to key expression key=topic_7
2026-06-17T19:24:44.755996Z  INFO async_nats: event: connected
2026-06-17T19:24:45.361104Z  INFO mq_bench::roles::subscriber: Starting subscriber engine=Nats key=topic_7 endpoint=None crash_enabled=false
2026-06-17T19:24:45.361148Z  INFO mq_bench::roles::subscriber: Connected via transport engine=Nats
2026-06-17T19:24:45.363231Z  INFO async_nats::connector: connected successfully server=4222 max_payload=10485760
2026-06-17T19:24:45.363318Z  INFO mq_bench::roles::subscriber: Subscribed to key expression key=topic_7
2026-06-17T19:24:45.363326Z  INFO async_nats: event: connected
2026-06-17T19:24:45.968113Z  INFO mq_bench::roles::subscriber: Starting subscriber engine=Nats key=topic_7 endpoint=None crash_enabled=false
2026-06-17T19:24:45.968147Z  INFO mq_bench::roles::subscriber: Connected via transport engine=Nats
2026-06-17T19:24:45.970496Z  INFO async_nats::connector: connected successfully server=4222 max_payload=10485760
2026-06-17T19:24:45.970597Z  INFO mq_bench::roles::subscriber: Subscribed to key expression key=topic_7
2026-06-17T19:24:45.970603Z  INFO async_nats: event: connected
2026-06-17T19:24:46.575597Z  INFO mq_bench::roles::subscriber: Starting subscriber engine=Nats key=topic_7 endpoint=None crash_enabled=false
2026-06-17T19:24:46.575641Z  INFO mq_bench::roles::subscriber: Connected via transport engine=Nats
2026-06-17T19:24:46.577892Z  INFO async_nats::connector: connected successfully server=4222 max_payload=10485760
2026-06-17T19:24:46.577966Z  INFO mq_bench::roles::subscriber: Subscribed to key expression key=topic_7
2026-06-17T19:24:46.577972Z  INFO async_nats: event: connected
2026-06-17T19:24:47.183620Z  INFO mq_bench::roles::subscriber: Starting subscriber engine=Nats key=topic_7 endpoint=None crash_enabled=false
2026-06-17T19:24:47.183655Z  INFO mq_bench::roles::subscriber: Connected via transport engine=Nats
2026-06-17T19:24:47.185789Z  INFO async_nats::connector: connected successfully server=4222 max_payload=10485760
2026-06-17T19:24:47.185878Z  INFO mq_bench::roles::subscriber: Subscribed to key expression key=topic_7
2026-06-17T19:24:47.185883Z  INFO async_nats: event: connected
2026-06-17T19:24:47.791229Z  INFO mq_bench::roles::subscriber: Starting subscriber engine=Nats key=topic_7 endpoint=None crash_enabled=false
2026-06-17T19:24:47.791273Z  INFO mq_bench::roles::subscriber: Connected via transport engine=Nats
2026-06-17T19:24:47.793538Z  INFO async_nats::connector: connected successfully server=4222 max_payload=10485760
2026-06-17T19:24:47.793616Z  INFO async_nats: event: connected
2026-06-17T19:24:47.793618Z  INFO mq_bench::roles::subscriber: Subscribed to key expression key=topic_7
2026-06-17T19:24:48.398436Z  INFO mq_bench::roles::subscriber: Starting subscriber engine=Nats key=topic_7 endpoint=None crash_enabled=false
2026-06-17T19:24:48.398485Z  INFO mq_bench::roles::subscriber: Connected via transport engine=Nats
2026-06-17T19:24:48.400779Z  INFO async_nats::connector: connected successfully server=4222 max_payload=10485760
2026-06-17T19:24:48.400871Z  INFO mq_bench::roles::subscriber: Subscribed to key expression key=topic_7
2026-06-17T19:24:48.400875Z  INFO async_nats: event: connected
2026-06-17T19:24:49.004972Z  INFO mq_bench::roles::subscriber: Starting subscriber engine=Nats key=topic_7 endpoint=None crash_enabled=false
2026-06-17T19:24:49.005015Z  INFO mq_bench::roles::subscriber: Connected via transport engine=Nats
2026-06-17T19:24:49.007268Z  INFO async_nats::connector: connected successfully server=4222 max_payload=10485760
2026-06-17T19:24:49.007366Z  INFO async_nats: event: connected
2026-06-17T19:24:49.007366Z  INFO mq_bench::roles::subscriber: Subscribed to key expression key=topic_7
2026-06-17T19:24:49.612249Z  INFO mq_bench::roles::subscriber: Starting subscriber engine=Nats key=topic_7 endpoint=None crash_enabled=false
2026-06-17T19:24:49.612294Z  INFO mq_bench::roles::subscriber: Connected via transport engine=Nats
2026-06-17T19:24:49.614693Z  INFO async_nats::connector: connected successfully server=4222 max_payload=10485760
2026-06-17T19:24:49.614774Z  INFO mq_bench::roles::subscriber: Subscribed to key expression key=topic_7
2026-06-17T19:24:49.614780Z  INFO async_nats: event: connected
2026-06-17T19:24:50.219046Z  INFO mq_bench::roles::subscriber: Starting subscriber engine=Nats key=topic_7 endpoint=None crash_enabled=false
2026-06-17T19:24:50.219108Z  INFO mq_bench::roles::subscriber: Connected via transport engine=Nats
2026-06-17T19:24:50.221239Z  INFO async_nats::connector: connected successfully server=4222 max_payload=10485760
2026-06-17T19:24:50.221330Z  INFO async_nats: event: connected
2026-06-17T19:24:50.221333Z  INFO mq_bench::roles::subscriber: Subscribed to key expression key=topic_7
2026-06-17T19:24:50.826272Z  INFO mq_bench::roles::subscriber: Starting subscriber engine=Nats key=topic_7 endpoint=None crash_enabled=false
2026-06-17T19:24:50.826309Z  INFO mq_bench::roles::subscriber: Connected via transport engine=Nats
2026-06-17T19:24:50.828427Z  INFO async_nats::connector: connected successfully server=4222 max_payload=10485760
2026-06-17T19:24:50.828517Z  INFO mq_bench::roles::subscriber: Subscribed to key expression key=topic_7
2026-06-17T19:24:50.828522Z  INFO async_nats: event: connected
2026-06-17T19:24:51.432729Z  INFO mq_bench::roles::subscriber: Starting subscriber engine=Nats key=topic_7 endpoint=None crash_enabled=false
2026-06-17T19:24:51.432772Z  INFO mq_bench::roles::subscriber: Connected via transport engine=Nats
2026-06-17T19:24:51.434928Z  INFO async_nats::connector: connected successfully server=4222 max_payload=10485760
2026-06-17T19:24:51.435007Z  INFO mq_bench::roles::subscriber: Subscribed to key expression key=topic_7
2026-06-17T19:24:51.435012Z  INFO async_nats: event: connected
2026-06-17T19:24:52.040273Z  INFO mq_bench::roles::subscriber: Starting subscriber engine=Nats key=topic_7 endpoint=None crash_enabled=false
2026-06-17T19:24:52.040312Z  INFO mq_bench::roles::subscriber: Connected via transport engine=Nats
2026-06-17T19:24:52.042478Z  INFO async_nats::connector: connected successfully server=4222 max_payload=10485760
2026-06-17T19:24:52.042561Z  INFO mq_bench::roles::subscriber: Subscribed to key expression key=topic_7
2026-06-17T19:24:52.042566Z  INFO async_nats: event: connected
2026-06-17T19:24:52.646709Z  INFO mq_bench::roles::subscriber: Starting subscriber engine=Nats key=topic_7 endpoint=None crash_enabled=false
2026-06-17T19:24:52.646763Z  INFO mq_bench::roles::subscriber: Connected via transport engine=Nats
2026-06-17T19:24:52.648866Z  INFO async_nats::connector: connected successfully server=4222 max_payload=10485760
2026-06-17T19:24:52.648945Z  INFO mq_bench::roles::subscriber: Subscribed to key expression key=topic_7
2026-06-17T19:24:52.648951Z  INFO async_nats: event: connected
2026-06-17T19:24:53.254218Z  INFO mq_bench::roles::subscriber: Starting subscriber engine=Nats key=topic_7 endpoint=None crash_enabled=false
2026-06-17T19:24:53.254251Z  INFO mq_bench::roles::subscriber: Connected via transport engine=Nats
2026-06-17T19:24:53.256391Z  INFO async_nats::connector: connected successfully server=4222 max_payload=10485760
2026-06-17T19:24:53.256494Z  INFO mq_bench::roles::subscriber: Subscribed to key expression key=topic_7
2026-06-17T19:24:53.256499Z  INFO async_nats: event: connected
2026-06-17T19:24:53.861262Z  INFO mq_bench::roles::subscriber: Starting subscriber engine=Nats key=topic_7 endpoint=None crash_enabled=false
2026-06-17T19:24:53.861297Z  INFO mq_bench::roles::subscriber: Connected via transport engine=Nats
2026-06-17T19:24:53.863435Z  INFO async_nats::connector: connected successfully server=4222 max_payload=10485760
2026-06-17T19:24:53.863524Z  INFO mq_bench::roles::subscriber: Subscribed to key expression key=topic_7
2026-06-17T19:24:53.863529Z  INFO async_nats: event: connected
2026-06-17T19:24:54.468371Z  INFO mq_bench::roles::subscriber: Starting subscriber engine=Nats key=topic_7 endpoint=None crash_enabled=false
2026-06-17T19:24:54.468418Z  INFO mq_bench::roles::subscriber: Connected via transport engine=Nats
2026-06-17T19:24:54.470519Z  INFO async_nats::connector: connected successfully server=4222 max_payload=10485760
2026-06-17T19:24:54.470608Z  INFO mq_bench::roles::subscriber: Subscribed to key expression key=topic_7
2026-06-17T19:24:54.470615Z  INFO async_nats: event: connected
2026-06-17T19:24:55.075135Z  INFO mq_bench::roles::subscriber: Starting subscriber engine=Nats key=topic_7 endpoint=None crash_enabled=false
2026-06-17T19:24:55.075179Z  INFO mq_bench::roles::subscriber: Connected via transport engine=Nats
2026-06-17T19:24:55.077370Z  INFO async_nats::connector: connected successfully server=4222 max_payload=10485760
2026-06-17T19:24:55.077453Z  INFO mq_bench::roles::subscriber: Subscribed to key expression key=topic_7
2026-06-17T19:24:55.077459Z  INFO async_nats: event: connected
2026-06-17T19:24:55.682094Z  INFO mq_bench::roles::subscriber: Starting subscriber engine=Nats key=topic_7 endpoint=None crash_enabled=false
2026-06-17T19:24:55.682127Z  INFO mq_bench::roles::subscriber: Connected via transport engine=Nats
2026-06-17T19:24:55.684315Z  INFO async_nats::connector: connected successfully server=4222 max_payload=10485760
2026-06-17T19:24:55.684396Z  INFO mq_bench::roles::subscriber: Subscribed to key expression key=topic_7
2026-06-17T19:24:55.684399Z  INFO async_nats: event: connected
2026-06-17T19:24:56.288879Z  INFO mq_bench::roles::subscriber: Starting subscriber engine=Nats key=topic_7 endpoint=None crash_enabled=false
2026-06-17T19:24:56.288923Z  INFO mq_bench::roles::subscriber: Connected via transport engine=Nats
2026-06-17T19:24:56.291115Z  INFO async_nats::connector: connected successfully server=4222 max_payload=10485760
2026-06-17T19:24:56.291225Z  INFO async_nats: event: connected
2026-06-17T19:24:56.291233Z  INFO mq_bench::roles::subscriber: Subscribed to key expression key=topic_7
2026-06-17T19:24:56.895854Z  INFO mq_bench::roles::subscriber: Starting subscriber engine=Nats key=topic_7 endpoint=None crash_enabled=false
2026-06-17T19:24:56.895895Z  INFO mq_bench::roles::subscriber: Connected via transport engine=Nats
2026-06-17T19:24:56.898164Z  INFO async_nats::connector: connected successfully server=4222 max_payload=10485760
2026-06-17T19:24:56.898274Z  INFO async_nats: event: connected
2026-06-17T19:24:56.898276Z  INFO mq_bench::roles::subscriber: Subscribed to key expression key=topic_7
2026-06-17T19:24:57.503113Z  INFO mq_bench::roles::subscriber: Starting subscriber engine=Nats key=topic_7 endpoint=None crash_enabled=false
2026-06-17T19:24:57.503148Z  INFO mq_bench::roles::subscriber: Connected via transport engine=Nats
2026-06-17T19:24:57.505347Z  INFO async_nats::connector: connected successfully server=4222 max_payload=10485760
2026-06-17T19:24:57.505431Z  INFO mq_bench::roles::subscriber: Subscribed to key expression key=topic_7
2026-06-17T19:24:57.505439Z  INFO async_nats: event: connected
2026-06-17T19:24:58.110253Z  INFO mq_bench::roles::subscriber: Starting subscriber engine=Nats key=topic_7 endpoint=None crash_enabled=false
2026-06-17T19:24:58.110289Z  INFO mq_bench::roles::subscriber: Connected via transport engine=Nats
2026-06-17T19:24:58.112543Z  INFO async_nats::connector: connected successfully server=4222 max_payload=10485760
2026-06-17T19:24:58.112627Z  INFO mq_bench::roles::subscriber: Subscribed to key expression key=topic_7
2026-06-17T19:24:58.112632Z  INFO async_nats: event: connected
2026-06-17T19:24:58.717590Z  INFO mq_bench::roles::subscriber: Starting subscriber engine=Nats key=topic_7 endpoint=None crash_enabled=false
2026-06-17T19:24:58.717629Z  INFO mq_bench::roles::subscriber: Connected via transport engine=Nats
2026-06-17T19:24:58.719717Z  INFO async_nats::connector: connected successfully server=4222 max_payload=10485760
2026-06-17T19:24:58.719790Z  INFO mq_bench::roles::subscriber: Subscribed to key expression key=topic_7
2026-06-17T19:24:58.719796Z  INFO async_nats: event: connected
2026-06-17T19:24:59.324655Z  INFO mq_bench::roles::subscriber: Starting subscriber engine=Nats key=topic_7 endpoint=None crash_enabled=false
2026-06-17T19:24:59.324700Z  INFO mq_bench::roles::subscriber: Connected via transport engine=Nats
2026-06-17T19:24:59.326844Z  INFO async_nats::connector: connected successfully server=4222 max_payload=10485760
2026-06-17T19:24:59.326930Z  INFO mq_bench::roles::subscriber: Subscribed to key expression key=topic_7
2026-06-17T19:24:59.326935Z  INFO async_nats: event: connected
2026-06-17T19:24:59.931958Z  INFO mq_bench::roles::subscriber: Starting subscriber engine=Nats key=topic_7 endpoint=None crash_enabled=false
2026-06-17T19:24:59.931995Z  INFO mq_bench::roles::subscriber: Connected via transport engine=Nats
2026-06-17T19:24:59.934301Z  INFO async_nats::connector: connected successfully server=4222 max_payload=10485760
2026-06-17T19:24:59.934382Z  INFO async_nats: event: connected
2026-06-17T19:24:59.934383Z  INFO mq_bench::roles::subscriber: Subscribed to key expression key=topic_7
2026-06-17T19:25:00.539570Z  INFO mq_bench::roles::subscriber: Starting subscriber engine=Nats key=topic_7 endpoint=None crash_enabled=false
2026-06-17T19:25:00.539602Z  INFO mq_bench::roles::subscriber: Connected via transport engine=Nats
2026-06-17T19:25:00.541894Z  INFO async_nats::connector: connected successfully server=4222 max_payload=10485760
2026-06-17T19:25:00.541981Z  INFO async_nats: event: connected
2026-06-17T19:25:00.541983Z  INFO mq_bench::roles::subscriber: Subscribed to key expression key=topic_7
2026-06-17T19:25:01.147418Z  INFO mq_bench::roles::subscriber: Starting subscriber engine=Nats key=topic_7 endpoint=None crash_enabled=false
2026-06-17T19:25:01.147457Z  INFO mq_bench::roles::subscriber: Connected via transport engine=Nats
2026-06-17T19:25:01.149628Z  INFO async_nats::connector: connected successfully server=4222 max_payload=10485760
2026-06-17T19:25:01.149743Z  INFO async_nats: event: connected
2026-06-17T19:25:01.149747Z  INFO mq_bench::roles::subscriber: Subscribed to key expression key=topic_7
2026-06-17T19:25:01.754372Z  INFO mq_bench::roles::subscriber: Starting subscriber engine=Nats key=topic_7 endpoint=None crash_enabled=false
2026-06-17T19:25:01.754408Z  INFO mq_bench::roles::subscriber: Connected via transport engine=Nats
2026-06-17T19:25:01.756654Z  INFO async_nats::connector: connected successfully server=4222 max_payload=10485760
2026-06-17T19:25:01.756753Z  INFO async_nats: event: connected
2026-06-17T19:25:01.756755Z  INFO mq_bench::roles::subscriber: Subscribed to key expression key=topic_7
2026-06-17T19:25:02.360835Z  INFO mq_bench::roles::subscriber: Starting subscriber engine=Nats key=topic_7 endpoint=None crash_enabled=false
2026-06-17T19:25:02.360868Z  INFO mq_bench::roles::subscriber: Connected via transport engine=Nats
2026-06-17T19:25:02.363184Z  INFO async_nats::connector: connected successfully server=4222 max_payload=10485760
2026-06-17T19:25:02.363307Z  INFO mq_bench::roles::subscriber: Subscribed to key expression key=topic_7
2026-06-17T19:25:02.363310Z  INFO async_nats: event: connected
2026-06-17T19:25:02.968261Z  INFO mq_bench::roles::subscriber: Starting subscriber engine=Nats key=topic_7 endpoint=None crash_enabled=false
2026-06-17T19:25:02.968302Z  INFO mq_bench::roles::subscriber: Connected via transport engine=Nats
2026-06-17T19:25:02.970559Z  INFO async_nats::connector: connected successfully server=4222 max_payload=10485760
2026-06-17T19:25:02.970654Z  INFO mq_bench::roles::subscriber: Subscribed to key expression key=topic_7
2026-06-17T19:25:02.970661Z  INFO async_nats: event: connected
2026-06-17T19:25:03.575499Z  INFO mq_bench::roles::subscriber: Starting subscriber engine=Nats key=topic_7 endpoint=None crash_enabled=false
2026-06-17T19:25:03.575534Z  INFO mq_bench::roles::subscriber: Connected via transport engine=Nats
2026-06-17T19:25:03.577684Z  INFO async_nats::connector: connected successfully server=4222 max_payload=10485760
2026-06-17T19:25:03.577778Z  INFO mq_bench::roles::subscriber: Subscribed to key expression key=topic_7
2026-06-17T19:25:03.577781Z  INFO async_nats: event: connected
2026-06-17T19:25:04.182968Z  INFO mq_bench::roles::subscriber: Starting subscriber engine=Nats key=topic_7 endpoint=None crash_enabled=false
2026-06-17T19:25:04.183007Z  INFO mq_bench::roles::subscriber: Connected via transport engine=Nats
2026-06-17T19:25:04.185431Z  INFO async_nats::connector: connected successfully server=4222 max_payload=10485760
2026-06-17T19:25:04.185527Z  INFO async_nats: event: connected
2026-06-17T19:25:04.185530Z  INFO mq_bench::roles::subscriber: Subscribed to key expression key=topic_7
2026-06-17T19:25:04.789698Z  INFO mq_bench::roles::subscriber: Starting subscriber engine=Nats key=topic_7 endpoint=None crash_enabled=false
2026-06-17T19:25:04.789732Z  INFO mq_bench::roles::subscriber: Connected via transport engine=Nats
2026-06-17T19:25:04.792096Z  INFO async_nats::connector: connected successfully server=4222 max_payload=10485760
2026-06-17T19:25:04.792187Z  INFO async_nats: event: connected
2026-06-17T19:25:04.792191Z  INFO mq_bench::roles::subscriber: Subscribed to key expression key=topic_7
2026-06-17T19:25:05.397058Z  INFO mq_bench::roles::subscriber: Starting subscriber engine=Nats key=topic_7 endpoint=None crash_enabled=false
2026-06-17T19:25:05.397091Z  INFO mq_bench::roles::subscriber: Connected via transport engine=Nats
2026-06-17T19:25:05.399209Z  INFO async_nats::connector: connected successfully server=4222 max_payload=10485760
2026-06-17T19:25:05.399308Z  INFO mq_bench::roles::subscriber: Subscribed to key expression key=topic_7
2026-06-17T19:25:05.399313Z  INFO async_nats: event: connected
2026-06-17T19:25:06.003904Z  INFO mq_bench::roles::subscriber: Starting subscriber engine=Nats key=topic_7 endpoint=None crash_enabled=false
2026-06-17T19:25:06.004019Z  INFO mq_bench::roles::subscriber: Connected via transport engine=Nats
2026-06-17T19:25:06.006207Z  INFO async_nats::connector: connected successfully server=4222 max_payload=10485760
2026-06-17T19:25:06.006290Z  INFO mq_bench::roles::subscriber: Subscribed to key expression key=topic_7
2026-06-17T19:25:06.006299Z  INFO async_nats: event: connected
2026-06-17T19:25:06.611537Z  INFO mq_bench::roles::subscriber: Starting subscriber engine=Nats key=topic_7 endpoint=None crash_enabled=false
2026-06-17T19:25:06.611575Z  INFO mq_bench::roles::subscriber: Connected via transport engine=Nats
2026-06-17T19:25:06.613845Z  INFO async_nats::connector: connected successfully server=4222 max_payload=10485760
2026-06-17T19:25:06.613920Z  INFO mq_bench::roles::subscriber: Subscribed to key expression key=topic_7
2026-06-17T19:25:06.613927Z  INFO async_nats: event: connected
2026-06-17T19:25:07.219267Z  INFO mq_bench::roles::subscriber: Starting subscriber engine=Nats key=topic_7 endpoint=None crash_enabled=false
2026-06-17T19:25:07.219301Z  INFO mq_bench::roles::subscriber: Connected via transport engine=Nats
2026-06-17T19:25:07.221598Z  INFO async_nats::connector: connected successfully server=4222 max_payload=10485760
2026-06-17T19:25:07.221688Z  INFO async_nats: event: connected
2026-06-17T19:25:07.221688Z  INFO mq_bench::roles::subscriber: Subscribed to key expression key=topic_7
2026-06-17T19:25:07.826342Z  INFO mq_bench::roles::subscriber: Starting subscriber engine=Nats key=topic_7 endpoint=None crash_enabled=false
2026-06-17T19:25:07.826385Z  INFO mq_bench::roles::subscriber: Connected via transport engine=Nats
2026-06-17T19:25:07.828635Z  INFO async_nats::connector: connected successfully server=4222 max_payload=10485760
2026-06-17T19:25:07.828714Z  INFO mq_bench::roles::subscriber: Subscribed to key expression key=topic_7
2026-06-17T19:25:07.828721Z  INFO async_nats: event: connected
2026-06-17T19:25:08.432697Z  INFO mq_bench::roles::subscriber: Starting subscriber engine=Nats key=topic_7 endpoint=None crash_enabled=false
2026-06-17T19:25:08.432732Z  INFO mq_bench::roles::subscriber: Connected via transport engine=Nats
2026-06-17T19:25:08.435072Z  INFO async_nats::connector: connected successfully server=4222 max_payload=10485760
2026-06-17T19:25:08.435180Z  INFO mq_bench::roles::subscriber: Subscribed to key expression key=topic_7
2026-06-17T19:25:08.435183Z  INFO async_nats: event: connected
2026-06-17T19:25:09.040563Z  INFO mq_bench::roles::subscriber: Starting subscriber engine=Nats key=topic_7 endpoint=None crash_enabled=false
2026-06-17T19:25:09.040604Z  INFO mq_bench::roles::subscriber: Connected via transport engine=Nats
2026-06-17T19:25:09.042730Z  INFO async_nats::connector: connected successfully server=4222 max_payload=10485760
2026-06-17T19:25:09.042808Z  INFO async_nats: event: connected
2026-06-17T19:25:09.042810Z  INFO mq_bench::roles::subscriber: Subscribed to key expression key=topic_7
2026-06-17T19:25:09.647915Z  INFO mq_bench::roles::subscriber: Starting subscriber engine=Nats key=topic_7 endpoint=None crash_enabled=false
2026-06-17T19:25:09.647962Z  INFO mq_bench::roles::subscriber: Connected via transport engine=Nats
2026-06-17T19:25:09.650192Z  INFO async_nats::connector: connected successfully server=4222 max_payload=10485760
2026-06-17T19:25:09.650281Z  INFO mq_bench::roles::subscriber: Subscribed to key expression key=topic_7
2026-06-17T19:25:09.650287Z  INFO async_nats: event: connected
2026-06-17T19:25:10.255122Z  INFO mq_bench::roles::subscriber: Starting subscriber engine=Nats key=topic_7 endpoint=None crash_enabled=false
2026-06-17T19:25:10.255161Z  INFO mq_bench::roles::subscriber: Connected via transport engine=Nats
2026-06-17T19:25:10.257401Z  INFO async_nats::connector: connected successfully server=4222 max_payload=10485760
2026-06-17T19:25:10.257480Z  INFO mq_bench::roles::subscriber: Subscribed to key expression key=topic_7
2026-06-17T19:25:10.257485Z  INFO async_nats: event: connected
2026-06-17T19:25:10.862476Z  INFO mq_bench::roles::subscriber: Starting subscriber engine=Nats key=topic_7 endpoint=None crash_enabled=false
2026-06-17T19:25:10.862538Z  INFO mq_bench::roles::subscriber: Connected via transport engine=Nats
2026-06-17T19:25:10.864806Z  INFO async_nats::connector: connected successfully server=4222 max_payload=10485760
2026-06-17T19:25:10.864881Z  INFO mq_bench::roles::subscriber: Subscribed to key expression key=topic_7
2026-06-17T19:25:10.864886Z  INFO async_nats: event: connected
2026-06-17T19:25:11.470343Z  INFO mq_bench::roles::subscriber: Starting subscriber engine=Nats key=topic_7 endpoint=None crash_enabled=false
2026-06-17T19:25:11.470379Z  INFO mq_bench::roles::subscriber: Connected via transport engine=Nats
2026-06-17T19:25:11.472931Z  INFO async_nats::connector: connected successfully server=4222 max_payload=10485760
2026-06-17T19:25:11.473012Z  INFO mq_bench::roles::subscriber: Subscribed to key expression key=topic_7
2026-06-17T19:25:11.473017Z  INFO async_nats: event: connected
2026-06-17T19:25:12.077005Z  INFO mq_bench::roles::subscriber: Starting subscriber engine=Nats key=topic_7 endpoint=None crash_enabled=false
2026-06-17T19:25:12.077042Z  INFO mq_bench::roles::subscriber: Connected via transport engine=Nats
2026-06-17T19:25:12.079263Z  INFO async_nats::connector: connected successfully server=4222 max_payload=10485760
2026-06-17T19:25:12.079339Z  INFO mq_bench::roles::subscriber: Subscribed to key expression key=topic_7
2026-06-17T19:25:12.079345Z  INFO async_nats: event: connected
2026-06-17T19:25:12.684145Z  INFO mq_bench::roles::subscriber: Starting subscriber engine=Nats key=topic_7 endpoint=None crash_enabled=false
2026-06-17T19:25:12.684180Z  INFO mq_bench::roles::subscriber: Connected via transport engine=Nats
2026-06-17T19:25:12.686725Z  INFO async_nats::connector: connected successfully server=4222 max_payload=10485760
2026-06-17T19:25:12.686806Z  INFO mq_bench::roles::subscriber: Subscribed to key expression key=topic_7
2026-06-17T19:25:12.686812Z  INFO async_nats: event: connected
2026-06-17T19:25:13.291069Z  INFO mq_bench::roles::subscriber: Starting subscriber engine=Nats key=topic_7 endpoint=None crash_enabled=false
2026-06-17T19:25:13.291104Z  INFO mq_bench::roles::subscriber: Connected via transport engine=Nats
2026-06-17T19:25:13.293290Z  INFO async_nats::connector: connected successfully server=4222 max_payload=10485760
2026-06-17T19:25:13.293375Z  INFO mq_bench::roles::subscriber: Subscribed to key expression key=topic_7
2026-06-17T19:25:13.293384Z  INFO async_nats: event: connected
2026-06-17T19:25:13.897728Z  INFO mq_bench::roles::subscriber: Starting subscriber engine=Nats key=topic_7 endpoint=None crash_enabled=false
2026-06-17T19:25:13.897763Z  INFO mq_bench::roles::subscriber: Connected via transport engine=Nats
2026-06-17T19:25:13.900022Z  INFO async_nats::connector: connected successfully server=4222 max_payload=10485760
2026-06-17T19:25:13.900098Z  INFO mq_bench::roles::subscriber: Subscribed to key expression key=topic_7
2026-06-17T19:25:13.900104Z  INFO async_nats: event: connected
