mq-bench starting with run_id: auto
Writing CSV output to: artifacts/fanout_bursty_20260617_192413_nats_p64_s1000_u10_bursty/fanout_singlesite/sub_8.csv
2026-06-17T19:24:13.795607Z  INFO mq_bench::roles::subscriber: Starting subscriber engine=Nats key=topic_8 endpoint=None crash_enabled=false
2026-06-17T19:24:13.795652Z  INFO mq_bench::roles::subscriber: Connected via transport engine=Nats
2026-06-17T19:24:13.797467Z  INFO async_nats::connector: connected successfully server=4222 max_payload=10485760
2026-06-17T19:24:13.797513Z  INFO mq_bench::roles::subscriber: Subscribed to key expression key=topic_8
2026-06-17T19:24:13.797517Z  INFO async_nats: event: connected
2026-06-17T19:24:14.402271Z  INFO mq_bench::roles::subscriber: Starting subscriber engine=Nats key=topic_8 endpoint=None crash_enabled=false
2026-06-17T19:24:14.402309Z  INFO mq_bench::roles::subscriber: Connected via transport engine=Nats
2026-06-17T19:24:14.404175Z  INFO async_nats::connector: connected successfully server=4222 max_payload=10485760
2026-06-17T19:24:14.404315Z  INFO mq_bench::roles::subscriber: Subscribed to key expression key=topic_8
2026-06-17T19:24:14.404319Z  INFO async_nats: event: connected
2026-06-17T19:24:15.010073Z  INFO mq_bench::roles::subscriber: Starting subscriber engine=Nats key=topic_8 endpoint=None crash_enabled=false
2026-06-17T19:24:15.010112Z  INFO mq_bench::roles::subscriber: Connected via transport engine=Nats
2026-06-17T19:24:15.012445Z  INFO async_nats::connector: connected successfully server=4222 max_payload=10485760
2026-06-17T19:24:15.012534Z  INFO mq_bench::roles::subscriber: Subscribed to key expression key=topic_8
2026-06-17T19:24:15.012540Z  INFO async_nats: event: connected
2026-06-17T19:24:15.617410Z  INFO mq_bench::roles::subscriber: Starting subscriber engine=Nats key=topic_8 endpoint=None crash_enabled=false
2026-06-17T19:24:15.617467Z  INFO mq_bench::roles::subscriber: Connected via transport engine=Nats
2026-06-17T19:24:15.619434Z  INFO async_nats::connector: connected successfully server=4222 max_payload=10485760
2026-06-17T19:24:15.619519Z  INFO mq_bench::roles::subscriber: Subscribed to key expression key=topic_8
2026-06-17T19:24:15.619524Z  INFO async_nats: event: connected
2026-06-17T19:24:16.224672Z  INFO mq_bench::roles::subscriber: Starting subscriber engine=Nats key=topic_8 endpoint=None crash_enabled=false
2026-06-17T19:24:16.224714Z  INFO mq_bench::roles::subscriber: Connected via transport engine=Nats
2026-06-17T19:24:16.226998Z  INFO async_nats::connector: connected successfully server=4222 max_payload=10485760
2026-06-17T19:24:16.227081Z  INFO mq_bench::roles::subscriber: Subscribed to key expression key=topic_8
2026-06-17T19:24:16.227086Z  INFO async_nats: event: connected
2026-06-17T19:24:16.831370Z  INFO mq_bench::roles::subscriber: Starting subscriber engine=Nats key=topic_8 endpoint=None crash_enabled=false
2026-06-17T19:24:16.831412Z  INFO mq_bench::roles::subscriber: Connected via transport engine=Nats
2026-06-17T19:24:16.833386Z  INFO async_nats::connector: connected successfully server=4222 max_payload=10485760
2026-06-17T19:24:16.833483Z  INFO async_nats: event: connected
2026-06-17T19:24:16.833484Z  INFO mq_bench::roles::subscriber: Subscribed to key expression key=topic_8
2026-06-17T19:24:17.438724Z  INFO mq_bench::roles::subscriber: Starting subscriber engine=Nats key=topic_8 endpoint=None crash_enabled=false
2026-06-17T19:24:17.438781Z  INFO mq_bench::roles::subscriber: Connected via transport engine=Nats
2026-06-17T19:24:17.440989Z  INFO async_nats::connector: connected successfully server=4222 max_payload=10485760
2026-06-17T19:24:17.441060Z  INFO mq_bench::roles::subscriber: Subscribed to key expression key=topic_8
2026-06-17T19:24:17.441074Z  INFO async_nats: event: connected
2026-06-17T19:24:18.046099Z  INFO mq_bench::roles::subscriber: Starting subscriber engine=Nats key=topic_8 endpoint=None crash_enabled=false
2026-06-17T19:24:18.046117Z  INFO mq_bench::roles::subscriber: Connected via transport engine=Nats
2026-06-17T19:24:18.048112Z  INFO async_nats::connector: connected successfully server=4222 max_payload=10485760
2026-06-17T19:24:18.048248Z  INFO async_nats: event: connected
2026-06-17T19:24:18.048256Z  INFO mq_bench::roles::subscriber: Subscribed to key expression key=topic_8
2026-06-17T19:24:18.653230Z  INFO mq_bench::roles::subscriber: Starting subscriber engine=Nats key=topic_8 endpoint=None crash_enabled=false
2026-06-17T19:24:18.653340Z  INFO mq_bench::roles::subscriber: Connected via transport engine=Nats
2026-06-17T19:24:18.655674Z  INFO async_nats::connector: connected successfully server=4222 max_payload=10485760
2026-06-17T19:24:18.655764Z  INFO mq_bench::roles::subscriber: Subscribed to key expression key=topic_8
2026-06-17T19:24:18.655764Z  INFO async_nats: event: connected
2026-06-17T19:24:19.260442Z  INFO mq_bench::roles::subscriber: Starting subscriber engine=Nats key=topic_8 endpoint=None crash_enabled=false
2026-06-17T19:24:19.260481Z  INFO mq_bench::roles::subscriber: Connected via transport engine=Nats
2026-06-17T19:24:19.262764Z  INFO async_nats::connector: connected successfully server=4222 max_payload=10485760
2026-06-17T19:24:19.262867Z  INFO mq_bench::roles::subscriber: Subscribed to key expression key=topic_8
2026-06-17T19:24:19.262873Z  INFO async_nats: event: connected
2026-06-17T19:24:19.867394Z  INFO mq_bench::roles::subscriber: Starting subscriber engine=Nats key=topic_8 endpoint=None crash_enabled=false
2026-06-17T19:24:19.867433Z  INFO mq_bench::roles::subscriber: Connected via transport engine=Nats
2026-06-17T19:24:19.869629Z  INFO async_nats::connector: connected successfully server=4222 max_payload=10485760
2026-06-17T19:24:19.869707Z  INFO mq_bench::roles::subscriber: Subscribed to key expression key=topic_8
2026-06-17T19:24:19.869712Z  INFO async_nats: event: connected
2026-06-17T19:24:20.474352Z  INFO mq_bench::roles::subscriber: Starting subscriber engine=Nats key=topic_8 endpoint=None crash_enabled=false
2026-06-17T19:24:20.474386Z  INFO mq_bench::roles::subscriber: Connected via transport engine=Nats
2026-06-17T19:24:20.476281Z  INFO async_nats::connector: connected successfully server=4222 max_payload=10485760
2026-06-17T19:24:20.476373Z  INFO mq_bench::roles::subscriber: Subscribed to key expression key=topic_8
2026-06-17T19:24:20.476377Z  INFO async_nats: event: connected
2026-06-17T19:24:21.081995Z  INFO mq_bench::roles::subscriber: Starting subscriber engine=Nats key=topic_8 endpoint=None crash_enabled=false
2026-06-17T19:24:21.082033Z  INFO mq_bench::roles::subscriber: Connected via transport engine=Nats
2026-06-17T19:24:21.084192Z  INFO async_nats::connector: connected successfully server=4222 max_payload=10485760
2026-06-17T19:24:21.084290Z  INFO mq_bench::roles::subscriber: Subscribed to key expression key=topic_8
2026-06-17T19:24:21.084291Z  INFO async_nats: event: connected
2026-06-17T19:24:21.689613Z  INFO mq_bench::roles::subscriber: Starting subscriber engine=Nats key=topic_8 endpoint=None crash_enabled=false
2026-06-17T19:24:21.689645Z  INFO mq_bench::roles::subscriber: Connected via transport engine=Nats
2026-06-17T19:24:21.691533Z  INFO async_nats::connector: connected successfully server=4222 max_payload=10485760
2026-06-17T19:24:21.691606Z  INFO mq_bench::roles::subscriber: Subscribed to key expression key=topic_8
2026-06-17T19:24:21.691612Z  INFO async_nats: event: connected
2026-06-17T19:24:22.296918Z  INFO mq_bench::roles::subscriber: Starting subscriber engine=Nats key=topic_8 endpoint=None crash_enabled=false
2026-06-17T19:24:22.296956Z  INFO mq_bench::roles::subscriber: Connected via transport engine=Nats
2026-06-17T19:24:22.297747Z  INFO async_nats::connector: connected successfully server=4222 max_payload=10485760
2026-06-17T19:24:22.297820Z  INFO mq_bench::roles::subscriber: Subscribed to key expression key=topic_8
2026-06-17T19:24:22.297827Z  INFO async_nats: event: connected
2026-06-17T19:24:22.903754Z  INFO mq_bench::roles::subscriber: Starting subscriber engine=Nats key=topic_8 endpoint=None crash_enabled=false
2026-06-17T19:24:22.903801Z  INFO mq_bench::roles::subscriber: Connected via transport engine=Nats
2026-06-17T19:24:22.905971Z  INFO async_nats::connector: connected successfully server=4222 max_payload=10485760
2026-06-17T19:24:22.906057Z  INFO mq_bench::roles::subscriber: Subscribed to key expression key=topic_8
2026-06-17T19:24:22.906058Z  INFO async_nats: event: connected
2026-06-17T19:24:23.511113Z  INFO mq_bench::roles::subscriber: Starting subscriber engine=Nats key=topic_8 endpoint=None crash_enabled=false
2026-06-17T19:24:23.511147Z  INFO mq_bench::roles::subscriber: Connected via transport engine=Nats
2026-06-17T19:24:23.513053Z  INFO async_nats::connector: connected successfully server=4222 max_payload=10485760
2026-06-17T19:24:23.513132Z  INFO mq_bench::roles::subscriber: Subscribed to key expression key=topic_8
2026-06-17T19:24:23.513138Z  INFO async_nats: event: connected
2026-06-17T19:24:24.118733Z  INFO mq_bench::roles::subscriber: Starting subscriber engine=Nats key=topic_8 endpoint=None crash_enabled=false
2026-06-17T19:24:24.118764Z  INFO mq_bench::roles::subscriber: Connected via transport engine=Nats
2026-06-17T19:24:24.120672Z  INFO async_nats::connector: connected successfully server=4222 max_payload=10485760
2026-06-17T19:24:24.120757Z  INFO mq_bench::roles::subscriber: Subscribed to key expression key=topic_8
2026-06-17T19:24:24.120762Z  INFO async_nats: event: connected
2026-06-17T19:24:24.725969Z  INFO mq_bench::roles::subscriber: Starting subscriber engine=Nats key=topic_8 endpoint=None crash_enabled=false
2026-06-17T19:24:24.726000Z  INFO mq_bench::roles::subscriber: Connected via transport engine=Nats
2026-06-17T19:24:24.728088Z  INFO async_nats::connector: connected successfully server=4222 max_payload=10485760
2026-06-17T19:24:24.728173Z  INFO async_nats: event: connected
2026-06-17T19:24:24.728174Z  INFO mq_bench::roles::subscriber: Subscribed to key expression key=topic_8
2026-06-17T19:24:25.333560Z  INFO mq_bench::roles::subscriber: Starting subscriber engine=Nats key=topic_8 endpoint=None crash_enabled=false
2026-06-17T19:24:25.333608Z  INFO mq_bench::roles::subscriber: Connected via transport engine=Nats
2026-06-17T19:24:25.335829Z  INFO async_nats::connector: connected successfully server=4222 max_payload=10485760
2026-06-17T19:24:25.335919Z  INFO mq_bench::roles::subscriber: Subscribed to key expression key=topic_8
2026-06-17T19:24:25.335925Z  INFO async_nats: event: connected
2026-06-17T19:24:25.940287Z  INFO mq_bench::roles::subscriber: Starting subscriber engine=Nats key=topic_8 endpoint=None crash_enabled=false
2026-06-17T19:24:25.940330Z  INFO mq_bench::roles::subscriber: Connected via transport engine=Nats
2026-06-17T19:24:25.942326Z  INFO async_nats::connector: connected successfully server=4222 max_payload=10485760
2026-06-17T19:24:25.942409Z  INFO mq_bench::roles::subscriber: Subscribed to key expression key=topic_8
2026-06-17T19:24:25.942413Z  INFO async_nats: event: connected
2026-06-17T19:24:26.547259Z  INFO mq_bench::roles::subscriber: Starting subscriber engine=Nats key=topic_8 endpoint=None crash_enabled=false
2026-06-17T19:24:26.547294Z  INFO mq_bench::roles::subscriber: Connected via transport engine=Nats
2026-06-17T19:24:26.549251Z  INFO async_nats::connector: connected successfully server=4222 max_payload=10485760
2026-06-17T19:24:26.549332Z  INFO mq_bench::roles::subscriber: Subscribed to key expression key=topic_8
2026-06-17T19:24:26.549337Z  INFO async_nats: event: connected
2026-06-17T19:24:27.154389Z  INFO mq_bench::roles::subscriber: Starting subscriber engine=Nats key=topic_8 endpoint=None crash_enabled=false
2026-06-17T19:24:27.154424Z  INFO mq_bench::roles::subscriber: Connected via transport engine=Nats
2026-06-17T19:24:27.156379Z  INFO async_nats::connector: connected successfully server=4222 max_payload=10485760
2026-06-17T19:24:27.156468Z  INFO mq_bench::roles::subscriber: Subscribed to key expression key=topic_8
2026-06-17T19:24:27.156473Z  INFO async_nats: event: connected
2026-06-17T19:24:27.761568Z  INFO mq_bench::roles::subscriber: Starting subscriber engine=Nats key=topic_8 endpoint=None crash_enabled=false
2026-06-17T19:24:27.761604Z  INFO mq_bench::roles::subscriber: Connected via transport engine=Nats
2026-06-17T19:24:27.763712Z  INFO async_nats::connector: connected successfully server=4222 max_payload=10485760
2026-06-17T19:24:27.763827Z  INFO mq_bench::roles::subscriber: Subscribed to key expression key=topic_8
2026-06-17T19:24:27.763829Z  INFO async_nats: event: connected
2026-06-17T19:24:28.368436Z  INFO mq_bench::roles::subscriber: Starting subscriber engine=Nats key=topic_8 endpoint=None crash_enabled=false
2026-06-17T19:24:28.368483Z  INFO mq_bench::roles::subscriber: Connected via transport engine=Nats
2026-06-17T19:24:28.371034Z  INFO async_nats::connector: connected successfully server=4222 max_payload=10485760
2026-06-17T19:24:28.371147Z  INFO mq_bench::roles::subscriber: Subscribed to key expression key=topic_8
2026-06-17T19:24:28.371155Z  INFO async_nats: event: connected
2026-06-17T19:24:28.975329Z  INFO mq_bench::roles::subscriber: Starting subscriber engine=Nats key=topic_8 endpoint=None crash_enabled=false
2026-06-17T19:24:28.975372Z  INFO mq_bench::roles::subscriber: Connected via transport engine=Nats
2026-06-17T19:24:28.977421Z  INFO async_nats::connector: connected successfully server=4222 max_payload=10485760
2026-06-17T19:24:28.977524Z  INFO async_nats: event: connected
2026-06-17T19:24:28.977527Z  INFO mq_bench::roles::subscriber: Subscribed to key expression key=topic_8
2026-06-17T19:24:29.582799Z  INFO mq_bench::roles::subscriber: Starting subscriber engine=Nats key=topic_8 endpoint=None crash_enabled=false
2026-06-17T19:24:29.582841Z  INFO mq_bench::roles::subscriber: Connected via transport engine=Nats
2026-06-17T19:24:29.584798Z  INFO async_nats::connector: connected successfully server=4222 max_payload=10485760
2026-06-17T19:24:29.584885Z  INFO mq_bench::roles::subscriber: Subscribed to key expression key=topic_8
2026-06-17T19:24:29.584886Z  INFO async_nats: event: connected
2026-06-17T19:24:30.189712Z  INFO mq_bench::roles::subscriber: Starting subscriber engine=Nats key=topic_8 endpoint=None crash_enabled=false
2026-06-17T19:24:30.189752Z  INFO mq_bench::roles::subscriber: Connected via transport engine=Nats
2026-06-17T19:24:30.191965Z  INFO async_nats::connector: connected successfully server=4222 max_payload=10485760
2026-06-17T19:24:30.192067Z  INFO async_nats: event: connected
2026-06-17T19:24:30.192069Z  INFO mq_bench::roles::subscriber: Subscribed to key expression key=topic_8
2026-06-17T19:24:30.796649Z  INFO mq_bench::roles::subscriber: Starting subscriber engine=Nats key=topic_8 endpoint=None crash_enabled=false
2026-06-17T19:24:30.796692Z  INFO mq_bench::roles::subscriber: Connected via transport engine=Nats
2026-06-17T19:24:30.798829Z  INFO async_nats::connector: connected successfully server=4222 max_payload=10485760
2026-06-17T19:24:30.798914Z  INFO mq_bench::roles::subscriber: Subscribed to key expression key=topic_8
2026-06-17T19:24:30.798917Z  INFO async_nats: event: connected
2026-06-17T19:24:31.403440Z  INFO mq_bench::roles::subscriber: Starting subscriber engine=Nats key=topic_8 endpoint=None crash_enabled=false
2026-06-17T19:24:31.403479Z  INFO mq_bench::roles::subscriber: Connected via transport engine=Nats
2026-06-17T19:24:31.405733Z  INFO async_nats::connector: connected successfully server=4222 max_payload=10485760
2026-06-17T19:24:31.405825Z  INFO mq_bench::roles::subscriber: Subscribed to key expression key=topic_8
2026-06-17T19:24:31.405830Z  INFO async_nats: event: connected
2026-06-17T19:24:32.010841Z  INFO mq_bench::roles::subscriber: Starting subscriber engine=Nats key=topic_8 endpoint=None crash_enabled=false
2026-06-17T19:24:32.010879Z  INFO mq_bench::roles::subscriber: Connected via transport engine=Nats
2026-06-17T19:24:32.013148Z  INFO async_nats::connector: connected successfully server=4222 max_payload=10485760
2026-06-17T19:24:32.013273Z  INFO mq_bench::roles::subscriber: Subscribed to key expression key=topic_8
2026-06-17T19:24:32.013277Z  INFO async_nats: event: connected
2026-06-17T19:24:32.617807Z  INFO mq_bench::roles::subscriber: Starting subscriber engine=Nats key=topic_8 endpoint=None crash_enabled=false
2026-06-17T19:24:32.617862Z  INFO mq_bench::roles::subscriber: Connected via transport engine=Nats
2026-06-17T19:24:32.620194Z  INFO async_nats::connector: connected successfully server=4222 max_payload=10485760
2026-06-17T19:24:32.620327Z  INFO mq_bench::roles::subscriber: Subscribed to key expression key=topic_8
2026-06-17T19:24:32.620332Z  INFO async_nats: event: connected
2026-06-17T19:24:33.224150Z  INFO mq_bench::roles::subscriber: Starting subscriber engine=Nats key=topic_8 endpoint=None crash_enabled=false
2026-06-17T19:24:33.224189Z  INFO mq_bench::roles::subscriber: Connected via transport engine=Nats
2026-06-17T19:24:33.226182Z  INFO async_nats::connector: connected successfully server=4222 max_payload=10485760
2026-06-17T19:24:33.226274Z  INFO mq_bench::roles::subscriber: Subscribed to key expression key=topic_8
2026-06-17T19:24:33.226279Z  INFO async_nats: event: connected
2026-06-17T19:24:33.831422Z  INFO mq_bench::roles::subscriber: Starting subscriber engine=Nats key=topic_8 endpoint=None crash_enabled=false
2026-06-17T19:24:33.831467Z  INFO mq_bench::roles::subscriber: Connected via transport engine=Nats
2026-06-17T19:24:33.833451Z  INFO async_nats::connector: connected successfully server=4222 max_payload=10485760
2026-06-17T19:24:33.833527Z  INFO mq_bench::roles::subscriber: Subscribed to key expression key=topic_8
2026-06-17T19:24:33.833534Z  INFO async_nats: event: connected
2026-06-17T19:24:34.439064Z  INFO mq_bench::roles::subscriber: Starting subscriber engine=Nats key=topic_8 endpoint=None crash_enabled=false
2026-06-17T19:24:34.439101Z  INFO mq_bench::roles::subscriber: Connected via transport engine=Nats
2026-06-17T19:24:34.441172Z  INFO async_nats::connector: connected successfully server=4222 max_payload=10485760
2026-06-17T19:24:34.441302Z  INFO mq_bench::roles::subscriber: Subscribed to key expression key=topic_8
2026-06-17T19:24:34.441308Z  INFO async_nats: event: connected
2026-06-17T19:24:35.046709Z  INFO mq_bench::roles::subscriber: Starting subscriber engine=Nats key=topic_8 endpoint=None crash_enabled=false
2026-06-17T19:24:35.046744Z  INFO mq_bench::roles::subscriber: Connected via transport engine=Nats
2026-06-17T19:24:35.048928Z  INFO async_nats::connector: connected successfully server=4222 max_payload=10485760
2026-06-17T19:24:35.049008Z  INFO mq_bench::roles::subscriber: Subscribed to key expression key=topic_8
2026-06-17T19:24:35.049014Z  INFO async_nats: event: connected
2026-06-17T19:24:35.653901Z  INFO mq_bench::roles::subscriber: Starting subscriber engine=Nats key=topic_8 endpoint=None crash_enabled=false
2026-06-17T19:24:35.653930Z  INFO mq_bench::roles::subscriber: Connected via transport engine=Nats
2026-06-17T19:24:35.655868Z  INFO async_nats::connector: connected successfully server=4222 max_payload=10485760
2026-06-17T19:24:35.655944Z  INFO mq_bench::roles::subscriber: Subscribed to key expression key=topic_8
2026-06-17T19:24:35.655955Z  INFO async_nats: event: connected
2026-06-17T19:24:36.261053Z  INFO mq_bench::roles::subscriber: Starting subscriber engine=Nats key=topic_8 endpoint=None crash_enabled=false
2026-06-17T19:24:36.261106Z  INFO mq_bench::roles::subscriber: Connected via transport engine=Nats
2026-06-17T19:24:36.263365Z  INFO async_nats::connector: connected successfully server=4222 max_payload=10485760
2026-06-17T19:24:36.263458Z  INFO mq_bench::roles::subscriber: Subscribed to key expression key=topic_8
2026-06-17T19:24:36.263466Z  INFO async_nats: event: connected
2026-06-17T19:24:36.868166Z  INFO mq_bench::roles::subscriber: Starting subscriber engine=Nats key=topic_8 endpoint=None crash_enabled=false
2026-06-17T19:24:36.868248Z  INFO mq_bench::roles::subscriber: Connected via transport engine=Nats
2026-06-17T19:24:36.870214Z  INFO async_nats::connector: connected successfully server=4222 max_payload=10485760
2026-06-17T19:24:36.870303Z  INFO mq_bench::roles::subscriber: Subscribed to key expression key=topic_8
2026-06-17T19:24:36.870319Z  INFO async_nats: event: connected
2026-06-17T19:24:37.475282Z  INFO mq_bench::roles::subscriber: Starting subscriber engine=Nats key=topic_8 endpoint=None crash_enabled=false
2026-06-17T19:24:37.475342Z  INFO mq_bench::roles::subscriber: Connected via transport engine=Nats
2026-06-17T19:24:37.477486Z  INFO async_nats::connector: connected successfully server=4222 max_payload=10485760
2026-06-17T19:24:37.477600Z  INFO async_nats: event: connected
2026-06-17T19:24:37.477603Z  INFO mq_bench::roles::subscriber: Subscribed to key expression key=topic_8
2026-06-17T19:24:38.082749Z  INFO mq_bench::roles::subscriber: Starting subscriber engine=Nats key=topic_8 endpoint=None crash_enabled=false
2026-06-17T19:24:38.082802Z  INFO mq_bench::roles::subscriber: Connected via transport engine=Nats
2026-06-17T19:24:38.084987Z  INFO async_nats::connector: connected successfully server=4222 max_payload=10485760
2026-06-17T19:24:38.085100Z  INFO async_nats: event: connected
2026-06-17T19:24:38.085103Z  INFO mq_bench::roles::subscriber: Subscribed to key expression key=topic_8
2026-06-17T19:24:38.689685Z  INFO mq_bench::roles::subscriber: Starting subscriber engine=Nats key=topic_8 endpoint=None crash_enabled=false
2026-06-17T19:24:38.689730Z  INFO mq_bench::roles::subscriber: Connected via transport engine=Nats
2026-06-17T19:24:38.691742Z  INFO async_nats::connector: connected successfully server=4222 max_payload=10485760
2026-06-17T19:24:38.691825Z  INFO mq_bench::roles::subscriber: Subscribed to key expression key=topic_8
2026-06-17T19:24:38.691850Z  INFO async_nats: event: connected
2026-06-17T19:24:39.296276Z  INFO mq_bench::roles::subscriber: Starting subscriber engine=Nats key=topic_8 endpoint=None crash_enabled=false
2026-06-17T19:24:39.296309Z  INFO mq_bench::roles::subscriber: Connected via transport engine=Nats
2026-06-17T19:24:39.298238Z  INFO async_nats::connector: connected successfully server=4222 max_payload=10485760
2026-06-17T19:24:39.298325Z  INFO mq_bench::roles::subscriber: Subscribed to key expression key=topic_8
2026-06-17T19:24:39.298326Z  INFO async_nats: event: connected
2026-06-17T19:24:39.904064Z  INFO mq_bench::roles::subscriber: Starting subscriber engine=Nats key=topic_8 endpoint=None crash_enabled=false
2026-06-17T19:24:39.904127Z  INFO mq_bench::roles::subscriber: Connected via transport engine=Nats
2026-06-17T19:24:39.906390Z  INFO async_nats::connector: connected successfully server=4222 max_payload=10485760
2026-06-17T19:24:39.906470Z  INFO mq_bench::roles::subscriber: Subscribed to key expression key=topic_8
2026-06-17T19:24:39.906493Z  INFO async_nats: event: connected
2026-06-17T19:24:40.511263Z  INFO mq_bench::roles::subscriber: Starting subscriber engine=Nats key=topic_8 endpoint=None crash_enabled=false
2026-06-17T19:24:40.511309Z  INFO mq_bench::roles::subscriber: Connected via transport engine=Nats
2026-06-17T19:24:40.513691Z  INFO async_nats::connector: connected successfully server=4222 max_payload=10485760
2026-06-17T19:24:40.513813Z  INFO async_nats: event: connected
2026-06-17T19:24:40.513816Z  INFO mq_bench::roles::subscriber: Subscribed to key expression key=topic_8
2026-06-17T19:24:41.118417Z  INFO mq_bench::roles::subscriber: Starting subscriber engine=Nats key=topic_8 endpoint=None crash_enabled=false
2026-06-17T19:24:41.118460Z  INFO mq_bench::roles::subscriber: Connected via transport engine=Nats
2026-06-17T19:24:41.120675Z  INFO async_nats::connector: connected successfully server=4222 max_payload=10485760
2026-06-17T19:24:41.120807Z  INFO async_nats: event: connected
2026-06-17T19:24:41.120808Z  INFO mq_bench::roles::subscriber: Subscribed to key expression key=topic_8
2026-06-17T19:24:41.725604Z  INFO mq_bench::roles::subscriber: Starting subscriber engine=Nats key=topic_8 endpoint=None crash_enabled=false
2026-06-17T19:24:41.725651Z  INFO mq_bench::roles::subscriber: Connected via transport engine=Nats
2026-06-17T19:24:41.727852Z  INFO async_nats::connector: connected successfully server=4222 max_payload=10485760
2026-06-17T19:24:41.727988Z  INFO async_nats: event: connected
2026-06-17T19:24:41.727988Z  INFO mq_bench::roles::subscriber: Subscribed to key expression key=topic_8
2026-06-17T19:24:42.332542Z  INFO mq_bench::roles::subscriber: Starting subscriber engine=Nats key=topic_8 endpoint=None crash_enabled=false
2026-06-17T19:24:42.332585Z  INFO mq_bench::roles::subscriber: Connected via transport engine=Nats
2026-06-17T19:24:42.334696Z  INFO async_nats::connector: connected successfully server=4222 max_payload=10485760
2026-06-17T19:24:42.334795Z  INFO async_nats: event: connected
2026-06-17T19:24:42.334797Z  INFO mq_bench::roles::subscriber: Subscribed to key expression key=topic_8
2026-06-17T19:24:42.939491Z  INFO mq_bench::roles::subscriber: Starting subscriber engine=Nats key=topic_8 endpoint=None crash_enabled=false
2026-06-17T19:24:42.939533Z  INFO mq_bench::roles::subscriber: Connected via transport engine=Nats
2026-06-17T19:24:42.941907Z  INFO async_nats::connector: connected successfully server=4222 max_payload=10485760
2026-06-17T19:24:42.942023Z  INFO async_nats: event: connected
2026-06-17T19:24:42.942025Z  INFO mq_bench::roles::subscriber: Subscribed to key expression key=topic_8
2026-06-17T19:24:43.546888Z  INFO mq_bench::roles::subscriber: Starting subscriber engine=Nats key=topic_8 endpoint=None crash_enabled=false
2026-06-17T19:24:43.546930Z  INFO mq_bench::roles::subscriber: Connected via transport engine=Nats
2026-06-17T19:24:43.548987Z  INFO async_nats::connector: connected successfully server=4222 max_payload=10485760
2026-06-17T19:24:43.549108Z  INFO async_nats: event: connected
2026-06-17T19:24:43.549107Z  INFO mq_bench::roles::subscriber: Subscribed to key expression key=topic_8
2026-06-17T19:24:44.153474Z  INFO mq_bench::roles::subscriber: Starting subscriber engine=Nats key=topic_8 endpoint=None crash_enabled=false
2026-06-17T19:24:44.153514Z  INFO mq_bench::roles::subscriber: Connected via transport engine=Nats
2026-06-17T19:24:44.155818Z  INFO async_nats::connector: connected successfully server=4222 max_payload=10485760
2026-06-17T19:24:44.155943Z  INFO async_nats: event: connected
2026-06-17T19:24:44.155972Z  INFO mq_bench::roles::subscriber: Subscribed to key expression key=topic_8
2026-06-17T19:24:44.760140Z  INFO mq_bench::roles::subscriber: Starting subscriber engine=Nats key=topic_8 endpoint=None crash_enabled=false
2026-06-17T19:24:44.760175Z  INFO mq_bench::roles::subscriber: Connected via transport engine=Nats
2026-06-17T19:24:44.762568Z  INFO async_nats::connector: connected successfully server=4222 max_payload=10485760
2026-06-17T19:24:44.762694Z  INFO async_nats: event: connected
2026-06-17T19:24:44.762709Z  INFO mq_bench::roles::subscriber: Subscribed to key expression key=topic_8
2026-06-17T19:24:45.368027Z  INFO mq_bench::roles::subscriber: Starting subscriber engine=Nats key=topic_8 endpoint=None crash_enabled=false
2026-06-17T19:24:45.368072Z  INFO mq_bench::roles::subscriber: Connected via transport engine=Nats
2026-06-17T19:24:45.370273Z  INFO async_nats::connector: connected successfully server=4222 max_payload=10485760
2026-06-17T19:24:45.370406Z  INFO async_nats: event: connected
2026-06-17T19:24:45.370417Z  INFO mq_bench::roles::subscriber: Subscribed to key expression key=topic_8
2026-06-17T19:24:45.975755Z  INFO mq_bench::roles::subscriber: Starting subscriber engine=Nats key=topic_8 endpoint=None crash_enabled=false
2026-06-17T19:24:45.975798Z  INFO mq_bench::roles::subscriber: Connected via transport engine=Nats
2026-06-17T19:24:45.978150Z  INFO async_nats::connector: connected successfully server=4222 max_payload=10485760
2026-06-17T19:24:45.978278Z  INFO mq_bench::roles::subscriber: Subscribed to key expression key=topic_8
2026-06-17T19:24:45.978283Z  INFO async_nats: event: connected
2026-06-17T19:24:46.582837Z  INFO mq_bench::roles::subscriber: Starting subscriber engine=Nats key=topic_8 endpoint=None crash_enabled=false
2026-06-17T19:24:46.582896Z  INFO mq_bench::roles::subscriber: Connected via transport engine=Nats
2026-06-17T19:24:46.585148Z  INFO async_nats::connector: connected successfully server=4222 max_payload=10485760
2026-06-17T19:24:46.585265Z  INFO mq_bench::roles::subscriber: Subscribed to key expression key=topic_8
2026-06-17T19:24:46.585272Z  INFO async_nats: event: connected
2026-06-17T19:24:47.189844Z  INFO mq_bench::roles::subscriber: Starting subscriber engine=Nats key=topic_8 endpoint=None crash_enabled=false
2026-06-17T19:24:47.189894Z  INFO mq_bench::roles::subscriber: Connected via transport engine=Nats
2026-06-17T19:24:47.192246Z  INFO async_nats::connector: connected successfully server=4222 max_payload=10485760
2026-06-17T19:24:47.192335Z  INFO mq_bench::roles::subscriber: Subscribed to key expression key=topic_8
2026-06-17T19:24:47.192338Z  INFO async_nats: event: connected
2026-06-17T19:24:47.796499Z  INFO mq_bench::roles::subscriber: Starting subscriber engine=Nats key=topic_8 endpoint=None crash_enabled=false
2026-06-17T19:24:47.796523Z  INFO mq_bench::roles::subscriber: Connected via transport engine=Nats
2026-06-17T19:24:47.798847Z  INFO async_nats::connector: connected successfully server=4222 max_payload=10485760
2026-06-17T19:24:47.798934Z  INFO async_nats: event: connected
2026-06-17T19:24:47.798937Z  INFO mq_bench::roles::subscriber: Subscribed to key expression key=topic_8
2026-06-17T19:24:48.403845Z  INFO mq_bench::roles::subscriber: Starting subscriber engine=Nats key=topic_8 endpoint=None crash_enabled=false
2026-06-17T19:24:48.403887Z  INFO mq_bench::roles::subscriber: Connected via transport engine=Nats
2026-06-17T19:24:48.406193Z  INFO async_nats::connector: connected successfully server=4222 max_payload=10485760
2026-06-17T19:24:48.406328Z  INFO mq_bench::roles::subscriber: Subscribed to key expression key=topic_8
2026-06-17T19:24:48.406333Z  INFO async_nats: event: connected
2026-06-17T19:24:49.010775Z  INFO mq_bench::roles::subscriber: Starting subscriber engine=Nats key=topic_8 endpoint=None crash_enabled=false
2026-06-17T19:24:49.010832Z  INFO mq_bench::roles::subscriber: Connected via transport engine=Nats
2026-06-17T19:24:49.013108Z  INFO async_nats::connector: connected successfully server=4222 max_payload=10485760
2026-06-17T19:24:49.013187Z  INFO mq_bench::roles::subscriber: Subscribed to key expression key=topic_8
2026-06-17T19:24:49.013193Z  INFO async_nats: event: connected
2026-06-17T19:24:49.617180Z  INFO mq_bench::roles::subscriber: Starting subscriber engine=Nats key=topic_8 endpoint=None crash_enabled=false
2026-06-17T19:24:49.617239Z  INFO mq_bench::roles::subscriber: Connected via transport engine=Nats
2026-06-17T19:24:49.619482Z  INFO async_nats::connector: connected successfully server=4222 max_payload=10485760
2026-06-17T19:24:49.619573Z  INFO mq_bench::roles::subscriber: Subscribed to key expression key=topic_8
2026-06-17T19:24:49.619576Z  INFO async_nats: event: connected
2026-06-17T19:24:50.224343Z  INFO mq_bench::roles::subscriber: Starting subscriber engine=Nats key=topic_8 endpoint=None crash_enabled=false
2026-06-17T19:24:50.224387Z  INFO mq_bench::roles::subscriber: Connected via transport engine=Nats
2026-06-17T19:24:50.226664Z  INFO async_nats::connector: connected successfully server=4222 max_payload=10485760
2026-06-17T19:24:50.226751Z  INFO mq_bench::roles::subscriber: Subscribed to key expression key=topic_8
2026-06-17T19:24:50.226760Z  INFO async_nats: event: connected
2026-06-17T19:24:50.831162Z  INFO mq_bench::roles::subscriber: Starting subscriber engine=Nats key=topic_8 endpoint=None crash_enabled=false
2026-06-17T19:24:50.831217Z  INFO mq_bench::roles::subscriber: Connected via transport engine=Nats
2026-06-17T19:24:50.833457Z  INFO async_nats::connector: connected successfully server=4222 max_payload=10485760
2026-06-17T19:24:50.833545Z  INFO mq_bench::roles::subscriber: Subscribed to key expression key=topic_8
2026-06-17T19:24:50.833552Z  INFO async_nats: event: connected
2026-06-17T19:24:51.438270Z  INFO mq_bench::roles::subscriber: Starting subscriber engine=Nats key=topic_8 endpoint=None crash_enabled=false
2026-06-17T19:24:51.438304Z  INFO mq_bench::roles::subscriber: Connected via transport engine=Nats
2026-06-17T19:24:51.440561Z  INFO async_nats::connector: connected successfully server=4222 max_payload=10485760
2026-06-17T19:24:51.440650Z  INFO mq_bench::roles::subscriber: Subscribed to key expression key=topic_8
2026-06-17T19:24:51.440656Z  INFO async_nats: event: connected
2026-06-17T19:24:52.045541Z  INFO mq_bench::roles::subscriber: Starting subscriber engine=Nats key=topic_8 endpoint=None crash_enabled=false
2026-06-17T19:24:52.045582Z  INFO mq_bench::roles::subscriber: Connected via transport engine=Nats
2026-06-17T19:24:52.047827Z  INFO async_nats::connector: connected successfully server=4222 max_payload=10485760
2026-06-17T19:24:52.047898Z  INFO mq_bench::roles::subscriber: Subscribed to key expression key=topic_8
2026-06-17T19:24:52.047905Z  INFO async_nats: event: connected
2026-06-17T19:24:52.652228Z  INFO mq_bench::roles::subscriber: Starting subscriber engine=Nats key=topic_8 endpoint=None crash_enabled=false
2026-06-17T19:24:52.652267Z  INFO mq_bench::roles::subscriber: Connected via transport engine=Nats
2026-06-17T19:24:52.654630Z  INFO async_nats::connector: connected successfully server=4222 max_payload=10485760
2026-06-17T19:24:52.654731Z  INFO mq_bench::roles::subscriber: Subscribed to key expression key=topic_8
2026-06-17T19:24:52.654736Z  INFO async_nats: event: connected
2026-06-17T19:24:53.260055Z  INFO mq_bench::roles::subscriber: Starting subscriber engine=Nats key=topic_8 endpoint=None crash_enabled=false
2026-06-17T19:24:53.260111Z  INFO mq_bench::roles::subscriber: Connected via transport engine=Nats
2026-06-17T19:24:53.262249Z  INFO async_nats::connector: connected successfully server=4222 max_payload=10485760
2026-06-17T19:24:53.262329Z  INFO mq_bench::roles::subscriber: Subscribed to key expression key=topic_8
2026-06-17T19:24:53.262337Z  INFO async_nats: event: connected
2026-06-17T19:24:53.867909Z  INFO mq_bench::roles::subscriber: Starting subscriber engine=Nats key=topic_8 endpoint=None crash_enabled=false
2026-06-17T19:24:53.867968Z  INFO mq_bench::roles::subscriber: Connected via transport engine=Nats
2026-06-17T19:24:53.870190Z  INFO async_nats::connector: connected successfully server=4222 max_payload=10485760
2026-06-17T19:24:53.870299Z  INFO mq_bench::roles::subscriber: Subscribed to key expression key=topic_8
2026-06-17T19:24:53.870305Z  INFO async_nats: event: connected
2026-06-17T19:24:54.474153Z  INFO mq_bench::roles::subscriber: Starting subscriber engine=Nats key=topic_8 endpoint=None crash_enabled=false
2026-06-17T19:24:54.474185Z  INFO mq_bench::roles::subscriber: Connected via transport engine=Nats
2026-06-17T19:24:54.476418Z  INFO async_nats::connector: connected successfully server=4222 max_payload=10485760
2026-06-17T19:24:54.476510Z  INFO mq_bench::roles::subscriber: Subscribed to key expression key=topic_8
2026-06-17T19:24:54.476516Z  INFO async_nats: event: connected
2026-06-17T19:24:55.081632Z  INFO mq_bench::roles::subscriber: Starting subscriber engine=Nats key=topic_8 endpoint=None crash_enabled=false
2026-06-17T19:24:55.081673Z  INFO mq_bench::roles::subscriber: Connected via transport engine=Nats
2026-06-17T19:24:55.083985Z  INFO async_nats::connector: connected successfully server=4222 max_payload=10485760
2026-06-17T19:24:55.084069Z  INFO mq_bench::roles::subscriber: Subscribed to key expression key=topic_8
2026-06-17T19:24:55.084072Z  INFO async_nats: event: connected
2026-06-17T19:24:55.688591Z  INFO mq_bench::roles::subscriber: Starting subscriber engine=Nats key=topic_8 endpoint=None crash_enabled=false
2026-06-17T19:24:55.688626Z  INFO mq_bench::roles::subscriber: Connected via transport engine=Nats
2026-06-17T19:24:55.690851Z  INFO async_nats::connector: connected successfully server=4222 max_payload=10485760
2026-06-17T19:24:55.690942Z  INFO mq_bench::roles::subscriber: Subscribed to key expression key=topic_8
2026-06-17T19:24:55.690943Z  INFO async_nats: event: connected
2026-06-17T19:24:56.295189Z  INFO mq_bench::roles::subscriber: Starting subscriber engine=Nats key=topic_8 endpoint=None crash_enabled=false
2026-06-17T19:24:56.295268Z  INFO mq_bench::roles::subscriber: Connected via transport engine=Nats
2026-06-17T19:24:56.297437Z  INFO async_nats::connector: connected successfully server=4222 max_payload=10485760
2026-06-17T19:24:56.297522Z  INFO mq_bench::roles::subscriber: Subscribed to key expression key=topic_8
2026-06-17T19:24:56.297529Z  INFO async_nats: event: connected
2026-06-17T19:24:56.902677Z  INFO mq_bench::roles::subscriber: Starting subscriber engine=Nats key=topic_8 endpoint=None crash_enabled=false
2026-06-17T19:24:56.902715Z  INFO mq_bench::roles::subscriber: Connected via transport engine=Nats
2026-06-17T19:24:56.905003Z  INFO async_nats::connector: connected successfully server=4222 max_payload=10485760
2026-06-17T19:24:56.905090Z  INFO mq_bench::roles::subscriber: Subscribed to key expression key=topic_8
2026-06-17T19:24:56.905092Z  INFO async_nats: event: connected
2026-06-17T19:24:57.509139Z  INFO mq_bench::roles::subscriber: Starting subscriber engine=Nats key=topic_8 endpoint=None crash_enabled=false
2026-06-17T19:24:57.509173Z  INFO mq_bench::roles::subscriber: Connected via transport engine=Nats
2026-06-17T19:24:57.511428Z  INFO async_nats::connector: connected successfully server=4222 max_payload=10485760
2026-06-17T19:24:57.511518Z  INFO mq_bench::roles::subscriber: Subscribed to key expression key=topic_8
2026-06-17T19:24:57.511519Z  INFO async_nats: event: connected
2026-06-17T19:24:58.116190Z  INFO mq_bench::roles::subscriber: Starting subscriber engine=Nats key=topic_8 endpoint=None crash_enabled=false
2026-06-17T19:24:58.116274Z  INFO mq_bench::roles::subscriber: Connected via transport engine=Nats
2026-06-17T19:24:58.118344Z  INFO async_nats::connector: connected successfully server=4222 max_payload=10485760
2026-06-17T19:24:58.118435Z  INFO mq_bench::roles::subscriber: Subscribed to key expression key=topic_8
2026-06-17T19:24:58.118442Z  INFO async_nats: event: connected
2026-06-17T19:24:58.724100Z  INFO mq_bench::roles::subscriber: Starting subscriber engine=Nats key=topic_8 endpoint=None crash_enabled=false
2026-06-17T19:24:58.724146Z  INFO mq_bench::roles::subscriber: Connected via transport engine=Nats
2026-06-17T19:24:58.726250Z  INFO async_nats::connector: connected successfully server=4222 max_payload=10485760
2026-06-17T19:24:58.726323Z  INFO mq_bench::roles::subscriber: Subscribed to key expression key=topic_8
2026-06-17T19:24:58.726330Z  INFO async_nats: event: connected
2026-06-17T19:24:59.331910Z  INFO mq_bench::roles::subscriber: Starting subscriber engine=Nats key=topic_8 endpoint=None crash_enabled=false
2026-06-17T19:24:59.331950Z  INFO mq_bench::roles::subscriber: Connected via transport engine=Nats
2026-06-17T19:24:59.332959Z  INFO async_nats::connector: connected successfully server=4222 max_payload=10485760
2026-06-17T19:24:59.333083Z  INFO mq_bench::roles::subscriber: Subscribed to key expression key=topic_8
2026-06-17T19:24:59.333088Z  INFO async_nats: event: connected
2026-06-17T19:24:59.938899Z  INFO mq_bench::roles::subscriber: Starting subscriber engine=Nats key=topic_8 endpoint=None crash_enabled=false
2026-06-17T19:24:59.938941Z  INFO mq_bench::roles::subscriber: Connected via transport engine=Nats
2026-06-17T19:24:59.940144Z  INFO async_nats::connector: connected successfully server=4222 max_payload=10485760
2026-06-17T19:24:59.940263Z  INFO mq_bench::roles::subscriber: Subscribed to key expression key=topic_8
2026-06-17T19:24:59.940264Z  INFO async_nats: event: connected
2026-06-17T19:25:00.545516Z  INFO mq_bench::roles::subscriber: Starting subscriber engine=Nats key=topic_8 endpoint=None crash_enabled=false
2026-06-17T19:25:00.545557Z  INFO mq_bench::roles::subscriber: Connected via transport engine=Nats
2026-06-17T19:25:00.547642Z  INFO async_nats::connector: connected successfully server=4222 max_payload=10485760
2026-06-17T19:25:00.547727Z  INFO mq_bench::roles::subscriber: Subscribed to key expression key=topic_8
2026-06-17T19:25:00.547736Z  INFO async_nats: event: connected
2026-06-17T19:25:01.152854Z  INFO mq_bench::roles::subscriber: Starting subscriber engine=Nats key=topic_8 endpoint=None crash_enabled=false
2026-06-17T19:25:01.152900Z  INFO mq_bench::roles::subscriber: Connected via transport engine=Nats
2026-06-17T19:25:01.155176Z  INFO async_nats::connector: connected successfully server=4222 max_payload=10485760
2026-06-17T19:25:01.155303Z  INFO mq_bench::roles::subscriber: Subscribed to key expression key=topic_8
2026-06-17T19:25:01.155311Z  INFO async_nats: event: connected
2026-06-17T19:25:01.759914Z  INFO mq_bench::roles::subscriber: Starting subscriber engine=Nats key=topic_8 endpoint=None crash_enabled=false
2026-06-17T19:25:01.759955Z  INFO mq_bench::roles::subscriber: Connected via transport engine=Nats
2026-06-17T19:25:01.761138Z  INFO async_nats::connector: connected successfully server=4222 max_payload=10485760
2026-06-17T19:25:01.761240Z  INFO mq_bench::roles::subscriber: Subscribed to key expression key=topic_8
2026-06-17T19:25:01.761248Z  INFO async_nats: event: connected
2026-06-17T19:25:02.366580Z  INFO mq_bench::roles::subscriber: Starting subscriber engine=Nats key=topic_8 endpoint=None crash_enabled=false
2026-06-17T19:25:02.366613Z  INFO mq_bench::roles::subscriber: Connected via transport engine=Nats
2026-06-17T19:25:02.368923Z  INFO async_nats::connector: connected successfully server=4222 max_payload=10485760
2026-06-17T19:25:02.369006Z  INFO mq_bench::roles::subscriber: Subscribed to key expression key=topic_8
2026-06-17T19:25:02.369012Z  INFO async_nats: event: connected
2026-06-17T19:25:02.973510Z  INFO mq_bench::roles::subscriber: Starting subscriber engine=Nats key=topic_8 endpoint=None crash_enabled=false
2026-06-17T19:25:02.973546Z  INFO mq_bench::roles::subscriber: Connected via transport engine=Nats
2026-06-17T19:25:02.975746Z  INFO async_nats::connector: connected successfully server=4222 max_payload=10485760
2026-06-17T19:25:02.975817Z  INFO mq_bench::roles::subscriber: Subscribed to key expression key=topic_8
2026-06-17T19:25:02.975824Z  INFO async_nats: event: connected
2026-06-17T19:25:03.581099Z  INFO mq_bench::roles::subscriber: Starting subscriber engine=Nats key=topic_8 endpoint=None crash_enabled=false
2026-06-17T19:25:03.581130Z  INFO mq_bench::roles::subscriber: Connected via transport engine=Nats
2026-06-17T19:25:03.583295Z  INFO async_nats::connector: connected successfully server=4222 max_payload=10485760
2026-06-17T19:25:03.583378Z  INFO mq_bench::roles::subscriber: Subscribed to key expression key=topic_8
2026-06-17T19:25:03.583378Z  INFO async_nats: event: connected
2026-06-17T19:25:04.188922Z  INFO mq_bench::roles::subscriber: Starting subscriber engine=Nats key=topic_8 endpoint=None crash_enabled=false
2026-06-17T19:25:04.188961Z  INFO mq_bench::roles::subscriber: Connected via transport engine=Nats
2026-06-17T19:25:04.190236Z  INFO async_nats::connector: connected successfully server=4222 max_payload=10485760
2026-06-17T19:25:04.190311Z  INFO mq_bench::roles::subscriber: Subscribed to key expression key=topic_8
2026-06-17T19:25:04.190323Z  INFO async_nats: event: connected
2026-06-17T19:25:04.795696Z  INFO mq_bench::roles::subscriber: Starting subscriber engine=Nats key=topic_8 endpoint=None crash_enabled=false
2026-06-17T19:25:04.795732Z  INFO mq_bench::roles::subscriber: Connected via transport engine=Nats
2026-06-17T19:25:04.797993Z  INFO async_nats::connector: connected successfully server=4222 max_payload=10485760
2026-06-17T19:25:04.798060Z  INFO mq_bench::roles::subscriber: Subscribed to key expression key=topic_8
2026-06-17T19:25:04.798065Z  INFO async_nats: event: connected
2026-06-17T19:25:05.402330Z  INFO mq_bench::roles::subscriber: Starting subscriber engine=Nats key=topic_8 endpoint=None crash_enabled=false
2026-06-17T19:25:05.402362Z  INFO mq_bench::roles::subscriber: Connected via transport engine=Nats
2026-06-17T19:25:05.404493Z  INFO async_nats::connector: connected successfully server=4222 max_payload=10485760
2026-06-17T19:25:05.404575Z  INFO async_nats: event: connected
2026-06-17T19:25:05.404575Z  INFO mq_bench::roles::subscriber: Subscribed to key expression key=topic_8
2026-06-17T19:25:06.010088Z  INFO mq_bench::roles::subscriber: Starting subscriber engine=Nats key=topic_8 endpoint=None crash_enabled=false
2026-06-17T19:25:06.010118Z  INFO mq_bench::roles::subscriber: Connected via transport engine=Nats
2026-06-17T19:25:06.012289Z  INFO async_nats::connector: connected successfully server=4222 max_payload=10485760
2026-06-17T19:25:06.012368Z  INFO async_nats: event: connected
2026-06-17T19:25:06.012369Z  INFO mq_bench::roles::subscriber: Subscribed to key expression key=topic_8
2026-06-17T19:25:06.617923Z  INFO mq_bench::roles::subscriber: Starting subscriber engine=Nats key=topic_8 endpoint=None crash_enabled=false
2026-06-17T19:25:06.617973Z  INFO mq_bench::roles::subscriber: Connected via transport engine=Nats
2026-06-17T19:25:06.620146Z  INFO async_nats::connector: connected successfully server=4222 max_payload=10485760
2026-06-17T19:25:06.620258Z  INFO mq_bench::roles::subscriber: Subscribed to key expression key=topic_8
2026-06-17T19:25:06.620260Z  INFO async_nats: event: connected
2026-06-17T19:25:07.225057Z  INFO mq_bench::roles::subscriber: Starting subscriber engine=Nats key=topic_8 endpoint=None crash_enabled=false
2026-06-17T19:25:07.225104Z  INFO mq_bench::roles::subscriber: Connected via transport engine=Nats
2026-06-17T19:25:07.227496Z  INFO async_nats::connector: connected successfully server=4222 max_payload=10485760
2026-06-17T19:25:07.227589Z  INFO mq_bench::roles::subscriber: Subscribed to key expression key=topic_8
2026-06-17T19:25:07.227596Z  INFO async_nats: event: connected
2026-06-17T19:25:07.832688Z  INFO mq_bench::roles::subscriber: Starting subscriber engine=Nats key=topic_8 endpoint=None crash_enabled=false
2026-06-17T19:25:07.832730Z  INFO mq_bench::roles::subscriber: Connected via transport engine=Nats
2026-06-17T19:25:07.834987Z  INFO async_nats::connector: connected successfully server=4222 max_payload=10485760
2026-06-17T19:25:07.835068Z  INFO mq_bench::roles::subscriber: Subscribed to key expression key=topic_8
2026-06-17T19:25:07.835073Z  INFO async_nats: event: connected
2026-06-17T19:25:08.439558Z  INFO mq_bench::roles::subscriber: Starting subscriber engine=Nats key=topic_8 endpoint=None crash_enabled=false
2026-06-17T19:25:08.439590Z  INFO mq_bench::roles::subscriber: Connected via transport engine=Nats
2026-06-17T19:25:08.442087Z  INFO async_nats::connector: connected successfully server=4222 max_payload=10485760
2026-06-17T19:25:08.442170Z  INFO mq_bench::roles::subscriber: Subscribed to key expression key=topic_8
2026-06-17T19:25:08.442176Z  INFO async_nats: event: connected
2026-06-17T19:25:09.046117Z  INFO mq_bench::roles::subscriber: Starting subscriber engine=Nats key=topic_8 endpoint=None crash_enabled=false
2026-06-17T19:25:09.046150Z  INFO mq_bench::roles::subscriber: Connected via transport engine=Nats
2026-06-17T19:25:09.048387Z  INFO async_nats::connector: connected successfully server=4222 max_payload=10485760
2026-06-17T19:25:09.048472Z  INFO mq_bench::roles::subscriber: Subscribed to key expression key=topic_8
2026-06-17T19:25:09.048479Z  INFO async_nats: event: connected
2026-06-17T19:25:09.654041Z  INFO mq_bench::roles::subscriber: Starting subscriber engine=Nats key=topic_8 endpoint=None crash_enabled=false
2026-06-17T19:25:09.654077Z  INFO mq_bench::roles::subscriber: Connected via transport engine=Nats
2026-06-17T19:25:09.656262Z  INFO async_nats::connector: connected successfully server=4222 max_payload=10485760
2026-06-17T19:25:09.656360Z  INFO mq_bench::roles::subscriber: Subscribed to key expression key=topic_8
2026-06-17T19:25:09.656368Z  INFO async_nats: event: connected
2026-06-17T19:25:10.262059Z  INFO mq_bench::roles::subscriber: Starting subscriber engine=Nats key=topic_8 endpoint=None crash_enabled=false
2026-06-17T19:25:10.262087Z  INFO mq_bench::roles::subscriber: Connected via transport engine=Nats
2026-06-17T19:25:10.264221Z  INFO async_nats::connector: connected successfully server=4222 max_payload=10485760
2026-06-17T19:25:10.264299Z  INFO mq_bench::roles::subscriber: Subscribed to key expression key=topic_8
2026-06-17T19:25:10.264307Z  INFO async_nats: event: connected
2026-06-17T19:25:10.869846Z  INFO mq_bench::roles::subscriber: Starting subscriber engine=Nats key=topic_8 endpoint=None crash_enabled=false
2026-06-17T19:25:10.869909Z  INFO mq_bench::roles::subscriber: Connected via transport engine=Nats
2026-06-17T19:25:10.872130Z  INFO async_nats::connector: connected successfully server=4222 max_payload=10485760
2026-06-17T19:25:10.872236Z  INFO mq_bench::roles::subscriber: Subscribed to key expression key=topic_8
2026-06-17T19:25:10.872243Z  INFO async_nats: event: connected
2026-06-17T19:25:11.476306Z  INFO mq_bench::roles::subscriber: Starting subscriber engine=Nats key=topic_8 endpoint=None crash_enabled=false
2026-06-17T19:25:11.476337Z  INFO mq_bench::roles::subscriber: Connected via transport engine=Nats
2026-06-17T19:25:11.478691Z  INFO async_nats::connector: connected successfully server=4222 max_payload=10485760
2026-06-17T19:25:11.478770Z  INFO mq_bench::roles::subscriber: Subscribed to key expression key=topic_8
2026-06-17T19:25:11.478775Z  INFO async_nats: event: connected
2026-06-17T19:25:12.083932Z  INFO mq_bench::roles::subscriber: Starting subscriber engine=Nats key=topic_8 endpoint=None crash_enabled=false
2026-06-17T19:25:12.083964Z  INFO mq_bench::roles::subscriber: Connected via transport engine=Nats
2026-06-17T19:25:12.085096Z  INFO async_nats::connector: connected successfully server=4222 max_payload=10485760
2026-06-17T19:25:12.085177Z  INFO mq_bench::roles::subscriber: Subscribed to key expression key=topic_8
2026-06-17T19:25:12.085180Z  INFO async_nats: event: connected
2026-06-17T19:25:12.690962Z  INFO mq_bench::roles::subscriber: Starting subscriber engine=Nats key=topic_8 endpoint=None crash_enabled=false
2026-06-17T19:25:12.690999Z  INFO mq_bench::roles::subscriber: Connected via transport engine=Nats
2026-06-17T19:25:12.693296Z  INFO async_nats::connector: connected successfully server=4222 max_payload=10485760
2026-06-17T19:25:12.693384Z  INFO mq_bench::roles::subscriber: Subscribed to key expression key=topic_8
2026-06-17T19:25:12.693390Z  INFO async_nats: event: connected
2026-06-17T19:25:13.297282Z  INFO mq_bench::roles::subscriber: Starting subscriber engine=Nats key=topic_8 endpoint=None crash_enabled=false
2026-06-17T19:25:13.297326Z  INFO mq_bench::roles::subscriber: Connected via transport engine=Nats
2026-06-17T19:25:13.299695Z  INFO async_nats::connector: connected successfully server=4222 max_payload=10485760
2026-06-17T19:25:13.299769Z  INFO mq_bench::roles::subscriber: Subscribed to key expression key=topic_8
2026-06-17T19:25:13.299776Z  INFO async_nats: event: connected
2026-06-17T19:25:13.904185Z  INFO mq_bench::roles::subscriber: Starting subscriber engine=Nats key=topic_8 endpoint=None crash_enabled=false
2026-06-17T19:25:13.904228Z  INFO mq_bench::roles::subscriber: Connected via transport engine=Nats
2026-06-17T19:25:13.906474Z  INFO async_nats::connector: connected successfully server=4222 max_payload=10485760
2026-06-17T19:25:13.906555Z  INFO mq_bench::roles::subscriber: Subscribed to key expression key=topic_8
2026-06-17T19:25:13.906564Z  INFO async_nats: event: connected
