mq-bench starting with run_id: auto
Writing CSV output to: artifacts/fanout_bursty_20260629_230718_nats_p64_s1000_u10_bursty/fanout_singlesite/sub_1_1.csv
2026-06-29T23:07:18.300995Z  INFO mq_bench::roles::subscriber: Starting subscriber engine=Nats key=topic_1 endpoint=None crash_enabled=false
2026-06-29T23:07:18.301044Z  INFO mq_bench::roles::subscriber: Connected via transport engine=Nats
2026-06-29T23:07:18.303430Z  INFO async_nats::connector: connected successfully server=4222 max_payload=10485760
2026-06-29T23:07:18.303480Z  INFO mq_bench::roles::subscriber: Subscribed to key expression key=topic_1
2026-06-29T23:07:18.303484Z  INFO async_nats: event: connected
2026-06-29T23:07:24.968655Z  INFO mq_bench::roles::subscriber: Starting subscriber engine=Nats key=topic_1 endpoint=None crash_enabled=false
2026-06-29T23:07:24.968746Z  INFO mq_bench::roles::subscriber: Connected via transport engine=Nats
2026-06-29T23:07:24.971150Z  INFO async_nats::connector: connected successfully server=4222 max_payload=10485760
2026-06-29T23:07:24.971265Z  INFO mq_bench::roles::subscriber: Subscribed to key expression key=topic_1
2026-06-29T23:07:24.971275Z  INFO async_nats: event: connected
2026-06-29T23:07:31.636329Z  INFO mq_bench::roles::subscriber: Starting subscriber engine=Nats key=topic_1 endpoint=None crash_enabled=false
2026-06-29T23:07:31.636456Z  INFO mq_bench::roles::subscriber: Connected via transport engine=Nats
2026-06-29T23:07:31.638962Z  INFO async_nats::connector: connected successfully server=4222 max_payload=10485760
2026-06-29T23:07:31.639061Z  INFO mq_bench::roles::subscriber: Subscribed to key expression key=topic_1
2026-06-29T23:07:31.639066Z  INFO async_nats: event: connected
2026-06-29T23:07:38.304041Z  INFO mq_bench::roles::subscriber: Starting subscriber engine=Nats key=topic_1 endpoint=None crash_enabled=false
2026-06-29T23:07:38.304089Z  INFO mq_bench::roles::subscriber: Connected via transport engine=Nats
2026-06-29T23:07:38.306474Z  INFO async_nats::connector: connected successfully server=4222 max_payload=10485760
2026-06-29T23:07:38.306569Z  INFO mq_bench::roles::subscriber: Subscribed to key expression key=topic_1
2026-06-29T23:07:38.306575Z  INFO async_nats: event: connected
2026-06-29T23:07:44.972280Z  INFO mq_bench::roles::subscriber: Starting subscriber engine=Nats key=topic_1 endpoint=None crash_enabled=false
2026-06-29T23:07:44.972329Z  INFO mq_bench::roles::subscriber: Connected via transport engine=Nats
2026-06-29T23:07:44.974791Z  INFO async_nats::connector: connected successfully server=4222 max_payload=10485760
2026-06-29T23:07:44.974889Z  INFO mq_bench::roles::subscriber: Subscribed to key expression key=topic_1
2026-06-29T23:07:44.974892Z  INFO async_nats: event: connected
2026-06-29T23:07:51.639674Z  INFO mq_bench::roles::subscriber: Starting subscriber engine=Nats key=topic_1 endpoint=None crash_enabled=false
2026-06-29T23:07:51.639720Z  INFO mq_bench::roles::subscriber: Connected via transport engine=Nats
2026-06-29T23:07:51.642104Z  INFO async_nats::connector: connected successfully server=4222 max_payload=10485760
2026-06-29T23:07:51.642224Z  INFO async_nats: event: connected
2026-06-29T23:07:51.642240Z  INFO mq_bench::roles::subscriber: Subscribed to key expression key=topic_1
2026-06-29T23:07:58.306523Z  INFO mq_bench::roles::subscriber: Starting subscriber engine=Nats key=topic_1 endpoint=None crash_enabled=false
2026-06-29T23:07:58.306572Z  INFO mq_bench::roles::subscriber: Connected via transport engine=Nats
2026-06-29T23:07:58.308857Z  INFO async_nats::connector: connected successfully server=4222 max_payload=10485760
2026-06-29T23:07:58.308974Z  INFO mq_bench::roles::subscriber: Subscribed to key expression key=topic_1
2026-06-29T23:07:58.308979Z  INFO async_nats: event: connected
2026-06-29T23:08:04.973514Z  INFO mq_bench::roles::subscriber: Starting subscriber engine=Nats key=topic_1 endpoint=None crash_enabled=false
2026-06-29T23:08:04.973565Z  INFO mq_bench::roles::subscriber: Connected via transport engine=Nats
2026-06-29T23:08:04.975733Z  INFO async_nats::connector: connected successfully server=4222 max_payload=10485760
2026-06-29T23:08:04.975860Z  INFO mq_bench::roles::subscriber: Subscribed to key expression key=topic_1
2026-06-29T23:08:04.975864Z  INFO async_nats: event: connected
2026-06-29T23:08:11.640590Z  INFO mq_bench::roles::subscriber: Starting subscriber engine=Nats key=topic_1 endpoint=None crash_enabled=false
2026-06-29T23:08:11.640631Z  INFO mq_bench::roles::subscriber: Connected via transport engine=Nats
2026-06-29T23:08:11.642911Z  INFO async_nats::connector: connected successfully server=4222 max_payload=10485760
2026-06-29T23:08:11.643004Z  INFO async_nats: event: connected
2026-06-29T23:08:11.643007Z  INFO mq_bench::roles::subscriber: Subscribed to key expression key=topic_1
2026-06-29T23:08:18.308022Z  INFO mq_bench::roles::subscriber: Starting subscriber engine=Nats key=topic_1 endpoint=None crash_enabled=false
2026-06-29T23:08:18.308069Z  INFO mq_bench::roles::subscriber: Connected via transport engine=Nats
2026-06-29T23:08:18.310541Z  INFO async_nats::connector: connected successfully server=4222 max_payload=10485760
2026-06-29T23:08:18.310635Z  INFO mq_bench::roles::subscriber: Subscribed to key expression key=topic_1
2026-06-29T23:08:18.310639Z  INFO async_nats: event: connected
