mq-bench starting with run_id: auto
Writing CSV output to: artifacts/fanout_bursty_20260629_230718_nats_p64_s1000_u10_bursty/fanout_singlesite/sub_0_7.csv
2026-06-29T23:07:18.285848Z  INFO mq_bench::roles::subscriber: Starting subscriber engine=Nats key=topic_0 endpoint=None crash_enabled=false
2026-06-29T23:07:18.285899Z  INFO mq_bench::roles::subscriber: Connected via transport engine=Nats
2026-06-29T23:07:18.288132Z  INFO async_nats::connector: connected successfully server=4222 max_payload=10485760
2026-06-29T23:07:18.288184Z  INFO mq_bench::roles::subscriber: Subscribed to key expression key=topic_0
2026-06-29T23:07:18.288185Z  INFO async_nats: event: connected
2026-06-29T23:07:24.953084Z  INFO mq_bench::roles::subscriber: Starting subscriber engine=Nats key=topic_0 endpoint=None crash_enabled=false
2026-06-29T23:07:24.953145Z  INFO mq_bench::roles::subscriber: Connected via transport engine=Nats
2026-06-29T23:07:24.955575Z  INFO async_nats::connector: connected successfully server=4222 max_payload=10485760
2026-06-29T23:07:24.955677Z  INFO mq_bench::roles::subscriber: Subscribed to key expression key=topic_0
2026-06-29T23:07:24.955685Z  INFO async_nats: event: connected
2026-06-29T23:07:31.621197Z  INFO mq_bench::roles::subscriber: Starting subscriber engine=Nats key=topic_0 endpoint=None crash_enabled=false
2026-06-29T23:07:31.621278Z  INFO mq_bench::roles::subscriber: Connected via transport engine=Nats
2026-06-29T23:07:31.623513Z  INFO async_nats::connector: connected successfully server=4222 max_payload=10485760
2026-06-29T23:07:31.623626Z  INFO mq_bench::roles::subscriber: Subscribed to key expression key=topic_0
2026-06-29T23:07:31.623630Z  INFO async_nats: event: connected
2026-06-29T23:07:38.289046Z  INFO mq_bench::roles::subscriber: Starting subscriber engine=Nats key=topic_0 endpoint=None crash_enabled=false
2026-06-29T23:07:38.289097Z  INFO mq_bench::roles::subscriber: Connected via transport engine=Nats
2026-06-29T23:07:38.291336Z  INFO async_nats::connector: connected successfully server=4222 max_payload=10485760
2026-06-29T23:07:38.291449Z  INFO async_nats: event: connected
2026-06-29T23:07:38.291449Z  INFO mq_bench::roles::subscriber: Subscribed to key expression key=topic_0
2026-06-29T23:07:44.957733Z  INFO mq_bench::roles::subscriber: Starting subscriber engine=Nats key=topic_0 endpoint=None crash_enabled=false
2026-06-29T23:07:44.957783Z  INFO mq_bench::roles::subscriber: Connected via transport engine=Nats
2026-06-29T23:07:44.960120Z  INFO async_nats::connector: connected successfully server=4222 max_payload=10485760
2026-06-29T23:07:44.960234Z  INFO mq_bench::roles::subscriber: Subscribed to key expression key=topic_0
2026-06-29T23:07:44.960257Z  INFO async_nats: event: connected
2026-06-29T23:07:51.625635Z  INFO mq_bench::roles::subscriber: Starting subscriber engine=Nats key=topic_0 endpoint=None crash_enabled=false
2026-06-29T23:07:51.625677Z  INFO mq_bench::roles::subscriber: Connected via transport engine=Nats
2026-06-29T23:07:51.627960Z  INFO async_nats::connector: connected successfully server=4222 max_payload=10485760
2026-06-29T23:07:51.628066Z  INFO mq_bench::roles::subscriber: Subscribed to key expression key=topic_0
2026-06-29T23:07:51.628073Z  INFO async_nats: event: connected
2026-06-29T23:07:58.293178Z  INFO mq_bench::roles::subscriber: Starting subscriber engine=Nats key=topic_0 endpoint=None crash_enabled=false
2026-06-29T23:07:58.293273Z  INFO mq_bench::roles::subscriber: Connected via transport engine=Nats
2026-06-29T23:07:58.295505Z  INFO async_nats::connector: connected successfully server=4222 max_payload=10485760
2026-06-29T23:07:58.295606Z  INFO mq_bench::roles::subscriber: Subscribed to key expression key=topic_0
2026-06-29T23:07:58.295615Z  INFO async_nats: event: connected
2026-06-29T23:08:04.961229Z  INFO mq_bench::roles::subscriber: Starting subscriber engine=Nats key=topic_0 endpoint=None crash_enabled=false
2026-06-29T23:08:04.961275Z  INFO mq_bench::roles::subscriber: Connected via transport engine=Nats
2026-06-29T23:08:04.963597Z  INFO async_nats::connector: connected successfully server=4222 max_payload=10485760
2026-06-29T23:08:04.963713Z  INFO async_nats: event: connected
2026-06-29T23:08:04.963715Z  INFO mq_bench::roles::subscriber: Subscribed to key expression key=topic_0
2026-06-29T23:08:11.629175Z  INFO mq_bench::roles::subscriber: Starting subscriber engine=Nats key=topic_0 endpoint=None crash_enabled=false
2026-06-29T23:08:11.629255Z  INFO mq_bench::roles::subscriber: Connected via transport engine=Nats
2026-06-29T23:08:11.631557Z  INFO async_nats::connector: connected successfully server=4222 max_payload=10485760
2026-06-29T23:08:11.631658Z  INFO mq_bench::roles::subscriber: Subscribed to key expression key=topic_0
2026-06-29T23:08:11.631665Z  INFO async_nats: event: connected
2026-06-29T23:08:18.297284Z  INFO mq_bench::roles::subscriber: Starting subscriber engine=Nats key=topic_0 endpoint=None crash_enabled=false
2026-06-29T23:08:18.297331Z  INFO mq_bench::roles::subscriber: Connected via transport engine=Nats
2026-06-29T23:08:18.301555Z  INFO async_nats::connector: connected successfully server=4222 max_payload=10485760
2026-06-29T23:08:18.301659Z  INFO async_nats: event: connected
2026-06-29T23:08:18.301659Z  INFO mq_bench::roles::subscriber: Subscribed to key expression key=topic_0
