mq-bench starting with run_id: auto
Writing CSV output to: artifacts/fanout_bursty_20260629_230718_nats_p64_s1000_u10_bursty/fanout_singlesite/sub_9_8.csv
2026-06-29T23:07:18.639038Z  INFO mq_bench::roles::subscriber: Starting subscriber engine=Nats key=topic_9 endpoint=None crash_enabled=false
2026-06-29T23:07:18.639086Z  INFO mq_bench::roles::subscriber: Connected via transport engine=Nats
2026-06-29T23:07:18.641474Z  INFO async_nats::connector: connected successfully server=4222 max_payload=10485760
2026-06-29T23:07:18.641524Z  INFO mq_bench::roles::subscriber: Subscribed to key expression key=topic_9
2026-06-29T23:07:18.641525Z  INFO async_nats: event: connected
2026-06-29T23:07:25.307581Z  INFO mq_bench::roles::subscriber: Starting subscriber engine=Nats key=topic_9 endpoint=None crash_enabled=false
2026-06-29T23:07:25.307626Z  INFO mq_bench::roles::subscriber: Connected via transport engine=Nats
2026-06-29T23:07:25.309964Z  INFO async_nats::connector: connected successfully server=4222 max_payload=10485760
2026-06-29T23:07:25.310060Z  INFO mq_bench::roles::subscriber: Subscribed to key expression key=topic_9
2026-06-29T23:07:25.310064Z  INFO async_nats: event: connected
2026-06-29T23:07:31.975063Z  INFO mq_bench::roles::subscriber: Starting subscriber engine=Nats key=topic_9 endpoint=None crash_enabled=false
2026-06-29T23:07:31.975122Z  INFO mq_bench::roles::subscriber: Connected via transport engine=Nats
2026-06-29T23:07:31.977431Z  INFO async_nats::connector: connected successfully server=4222 max_payload=10485760
2026-06-29T23:07:31.977522Z  INFO mq_bench::roles::subscriber: Subscribed to key expression key=topic_9
2026-06-29T23:07:31.977525Z  INFO async_nats: event: connected
2026-06-29T23:07:38.643271Z  INFO mq_bench::roles::subscriber: Starting subscriber engine=Nats key=topic_9 endpoint=None crash_enabled=false
2026-06-29T23:07:38.643338Z  INFO mq_bench::roles::subscriber: Connected via transport engine=Nats
2026-06-29T23:07:38.645556Z  INFO async_nats::connector: connected successfully server=4222 max_payload=10485760
2026-06-29T23:07:38.645651Z  INFO mq_bench::roles::subscriber: Subscribed to key expression key=topic_9
2026-06-29T23:07:38.645657Z  INFO async_nats: event: connected
2026-06-29T23:07:45.311412Z  INFO mq_bench::roles::subscriber: Starting subscriber engine=Nats key=topic_9 endpoint=None crash_enabled=false
2026-06-29T23:07:45.311454Z  INFO mq_bench::roles::subscriber: Connected via transport engine=Nats
2026-06-29T23:07:45.313980Z  INFO async_nats::connector: connected successfully server=4222 max_payload=10485760
2026-06-29T23:07:45.314065Z  INFO mq_bench::roles::subscriber: Subscribed to key expression key=topic_9
2026-06-29T23:07:45.314071Z  INFO async_nats: event: connected
2026-06-29T23:07:51.978799Z  INFO mq_bench::roles::subscriber: Starting subscriber engine=Nats key=topic_9 endpoint=None crash_enabled=false
2026-06-29T23:07:51.978859Z  INFO mq_bench::roles::subscriber: Connected via transport engine=Nats
2026-06-29T23:07:51.981048Z  INFO async_nats::connector: connected successfully server=4222 max_payload=10485760
2026-06-29T23:07:51.981137Z  INFO mq_bench::roles::subscriber: Subscribed to key expression key=topic_9
2026-06-29T23:07:51.981141Z  INFO async_nats: event: connected
2026-06-29T23:07:58.646071Z  INFO mq_bench::roles::subscriber: Starting subscriber engine=Nats key=topic_9 endpoint=None crash_enabled=false
2026-06-29T23:07:58.646111Z  INFO mq_bench::roles::subscriber: Connected via transport engine=Nats
2026-06-29T23:07:58.648198Z  INFO async_nats::connector: connected successfully server=4222 max_payload=10485760
2026-06-29T23:07:58.648337Z  INFO mq_bench::roles::subscriber: Subscribed to key expression key=topic_9
2026-06-29T23:07:58.648342Z  INFO async_nats: event: connected
2026-06-29T23:08:05.313719Z  INFO mq_bench::roles::subscriber: Starting subscriber engine=Nats key=topic_9 endpoint=None crash_enabled=false
2026-06-29T23:08:05.313763Z  INFO mq_bench::roles::subscriber: Connected via transport engine=Nats
2026-06-29T23:08:05.315888Z  INFO async_nats::connector: connected successfully server=4222 max_payload=10485760
2026-06-29T23:08:05.315976Z  INFO mq_bench::roles::subscriber: Subscribed to key expression key=topic_9
2026-06-29T23:08:05.315979Z  INFO async_nats: event: connected
2026-06-29T23:08:11.981050Z  INFO mq_bench::roles::subscriber: Starting subscriber engine=Nats key=topic_9 endpoint=None crash_enabled=false
2026-06-29T23:08:11.981087Z  INFO mq_bench::roles::subscriber: Connected via transport engine=Nats
2026-06-29T23:08:11.983376Z  INFO async_nats::connector: connected successfully server=4222 max_payload=10485760
2026-06-29T23:08:11.983467Z  INFO mq_bench::roles::subscriber: Subscribed to key expression key=topic_9
2026-06-29T23:08:11.983472Z  INFO async_nats: event: connected
2026-06-29T23:08:18.648875Z  INFO mq_bench::roles::subscriber: Starting subscriber engine=Nats key=topic_9 endpoint=None crash_enabled=false
2026-06-29T23:08:18.648923Z  INFO mq_bench::roles::subscriber: Connected via transport engine=Nats
2026-06-29T23:08:18.651085Z  INFO async_nats::connector: connected successfully server=4222 max_payload=10485760
2026-06-29T23:08:18.651175Z  INFO mq_bench::roles::subscriber: Subscribed to key expression key=topic_9
2026-06-29T23:08:18.651181Z  INFO async_nats: event: connected
