mq-bench starting with run_id: auto
Writing CSV output to: artifacts/fanout_bursty_20260629_230718_nats_p64_s1000_u10_bursty/fanout_singlesite/sub_4_8.csv
2026-06-29T23:07:18.443194Z  INFO mq_bench::roles::subscriber: Starting subscriber engine=Nats key=topic_4 endpoint=None crash_enabled=false
2026-06-29T23:07:18.443246Z  INFO mq_bench::roles::subscriber: Connected via transport engine=Nats
2026-06-29T23:07:18.445668Z  INFO async_nats::connector: connected successfully server=4222 max_payload=10485760
2026-06-29T23:07:18.445712Z  INFO mq_bench::roles::subscriber: Subscribed to key expression key=topic_4
2026-06-29T23:07:18.445717Z  INFO async_nats: event: connected
2026-06-29T23:07:25.110517Z  INFO mq_bench::roles::subscriber: Starting subscriber engine=Nats key=topic_4 endpoint=None crash_enabled=false
2026-06-29T23:07:25.110591Z  INFO mq_bench::roles::subscriber: Connected via transport engine=Nats
2026-06-29T23:07:25.112773Z  INFO async_nats::connector: connected successfully server=4222 max_payload=10485760
2026-06-29T23:07:25.112860Z  INFO mq_bench::roles::subscriber: Subscribed to key expression key=topic_4
2026-06-29T23:07:25.112868Z  INFO async_nats: event: connected
2026-06-29T23:07:31.777493Z  INFO mq_bench::roles::subscriber: Starting subscriber engine=Nats key=topic_4 endpoint=None crash_enabled=false
2026-06-29T23:07:31.777536Z  INFO mq_bench::roles::subscriber: Connected via transport engine=Nats
2026-06-29T23:07:31.779876Z  INFO async_nats::connector: connected successfully server=4222 max_payload=10485760
2026-06-29T23:07:31.779970Z  INFO mq_bench::roles::subscriber: Subscribed to key expression key=topic_4
2026-06-29T23:07:31.779977Z  INFO async_nats: event: connected
2026-06-29T23:07:38.444635Z  INFO mq_bench::roles::subscriber: Starting subscriber engine=Nats key=topic_4 endpoint=None crash_enabled=false
2026-06-29T23:07:38.444679Z  INFO mq_bench::roles::subscriber: Connected via transport engine=Nats
2026-06-29T23:07:38.447067Z  INFO async_nats::connector: connected successfully server=4222 max_payload=10485760
2026-06-29T23:07:38.447166Z  INFO mq_bench::roles::subscriber: Subscribed to key expression key=topic_4
2026-06-29T23:07:38.447173Z  INFO async_nats: event: connected
2026-06-29T23:07:45.113349Z  INFO mq_bench::roles::subscriber: Starting subscriber engine=Nats key=topic_4 endpoint=None crash_enabled=false
2026-06-29T23:07:45.113404Z  INFO mq_bench::roles::subscriber: Connected via transport engine=Nats
2026-06-29T23:07:45.115715Z  INFO async_nats::connector: connected successfully server=4222 max_payload=10485760
2026-06-29T23:07:45.115844Z  INFO mq_bench::roles::subscriber: Subscribed to key expression key=topic_4
2026-06-29T23:07:45.115845Z  INFO async_nats: event: connected
2026-06-29T23:07:51.780316Z  INFO mq_bench::roles::subscriber: Starting subscriber engine=Nats key=topic_4 endpoint=None crash_enabled=false
2026-06-29T23:07:51.780381Z  INFO mq_bench::roles::subscriber: Connected via transport engine=Nats
2026-06-29T23:07:51.782753Z  INFO async_nats::connector: connected successfully server=4222 max_payload=10485760
2026-06-29T23:07:51.782845Z  INFO mq_bench::roles::subscriber: Subscribed to key expression key=topic_4
2026-06-29T23:07:51.782851Z  INFO async_nats: event: connected
2026-06-29T23:07:58.448126Z  INFO mq_bench::roles::subscriber: Starting subscriber engine=Nats key=topic_4 endpoint=None crash_enabled=false
2026-06-29T23:07:58.448170Z  INFO mq_bench::roles::subscriber: Connected via transport engine=Nats
2026-06-29T23:07:58.449514Z  INFO async_nats::connector: connected successfully server=4222 max_payload=10485760
2026-06-29T23:07:58.449606Z  INFO mq_bench::roles::subscriber: Subscribed to key expression key=topic_4
2026-06-29T23:07:58.449613Z  INFO async_nats: event: connected
2026-06-29T23:08:05.116233Z  INFO mq_bench::roles::subscriber: Starting subscriber engine=Nats key=topic_4 endpoint=None crash_enabled=false
2026-06-29T23:08:05.116290Z  INFO mq_bench::roles::subscriber: Connected via transport engine=Nats
2026-06-29T23:08:05.118386Z  INFO async_nats::connector: connected successfully server=4222 max_payload=10485760
2026-06-29T23:08:05.118499Z  INFO mq_bench::roles::subscriber: Subscribed to key expression key=topic_4
2026-06-29T23:08:05.118507Z  INFO async_nats: event: connected
2026-06-29T23:08:11.783766Z  INFO mq_bench::roles::subscriber: Starting subscriber engine=Nats key=topic_4 endpoint=None crash_enabled=false
2026-06-29T23:08:11.783805Z  INFO mq_bench::roles::subscriber: Connected via transport engine=Nats
2026-06-29T23:08:11.786037Z  INFO async_nats::connector: connected successfully server=4222 max_payload=10485760
2026-06-29T23:08:11.786145Z  INFO async_nats: event: connected
2026-06-29T23:08:11.786145Z  INFO mq_bench::roles::subscriber: Subscribed to key expression key=topic_4
2026-06-29T23:08:18.451593Z  INFO mq_bench::roles::subscriber: Starting subscriber engine=Nats key=topic_4 endpoint=None crash_enabled=false
2026-06-29T23:08:18.451638Z  INFO mq_bench::roles::subscriber: Connected via transport engine=Nats
2026-06-29T23:08:18.453968Z  INFO async_nats::connector: connected successfully server=4222 max_payload=10485760
2026-06-29T23:08:18.454074Z  INFO mq_bench::roles::subscriber: Subscribed to key expression key=topic_4
2026-06-29T23:08:18.454079Z  INFO async_nats: event: connected
