mq-bench starting with run_id: auto
Writing CSV output to: artifacts/fanout_bursty_20260629_230718_nats_p64_s1000_u10_bursty/fanout_singlesite/sub_0_5.csv
2026-06-29T23:07:18.279148Z  INFO mq_bench::roles::subscriber: Starting subscriber engine=Nats key=topic_0 endpoint=None crash_enabled=false
2026-06-29T23:07:18.279198Z  INFO mq_bench::roles::subscriber: Connected via transport engine=Nats
2026-06-29T23:07:18.281476Z  INFO async_nats::connector: connected successfully server=4222 max_payload=10485760
2026-06-29T23:07:18.281522Z  INFO mq_bench::roles::subscriber: Subscribed to key expression key=topic_0
2026-06-29T23:07:18.281523Z  INFO async_nats: event: connected
2026-06-29T23:07:24.947740Z  INFO mq_bench::roles::subscriber: Starting subscriber engine=Nats key=topic_0 endpoint=None crash_enabled=false
2026-06-29T23:07:24.947807Z  INFO mq_bench::roles::subscriber: Connected via transport engine=Nats
2026-06-29T23:07:24.950295Z  INFO async_nats::connector: connected successfully server=4222 max_payload=10485760
2026-06-29T23:07:24.950393Z  INFO mq_bench::roles::subscriber: Subscribed to key expression key=topic_0
2026-06-29T23:07:24.950399Z  INFO async_nats: event: connected
2026-06-29T23:07:31.614873Z  INFO mq_bench::roles::subscriber: Starting subscriber engine=Nats key=topic_0 endpoint=None crash_enabled=false
2026-06-29T23:07:31.614964Z  INFO mq_bench::roles::subscriber: Connected via transport engine=Nats
2026-06-29T23:07:31.617344Z  INFO async_nats::connector: connected successfully server=4222 max_payload=10485760
2026-06-29T23:07:31.617432Z  INFO mq_bench::roles::subscriber: Subscribed to key expression key=topic_0
2026-06-29T23:07:31.617437Z  INFO async_nats: event: connected
2026-06-29T23:07:38.282764Z  INFO mq_bench::roles::subscriber: Starting subscriber engine=Nats key=topic_0 endpoint=None crash_enabled=false
2026-06-29T23:07:38.282830Z  INFO mq_bench::roles::subscriber: Connected via transport engine=Nats
2026-06-29T23:07:38.285186Z  INFO async_nats::connector: connected successfully server=4222 max_payload=10485760
2026-06-29T23:07:38.285298Z  INFO mq_bench::roles::subscriber: Subscribed to key expression key=topic_0
2026-06-29T23:07:38.285307Z  INFO async_nats: event: connected
2026-06-29T23:07:44.950131Z  INFO mq_bench::roles::subscriber: Starting subscriber engine=Nats key=topic_0 endpoint=None crash_enabled=false
2026-06-29T23:07:44.950185Z  INFO mq_bench::roles::subscriber: Connected via transport engine=Nats
2026-06-29T23:07:44.952489Z  INFO async_nats::connector: connected successfully server=4222 max_payload=10485760
2026-06-29T23:07:44.952589Z  INFO mq_bench::roles::subscriber: Subscribed to key expression key=topic_0
2026-06-29T23:07:44.952597Z  INFO async_nats: event: connected
2026-06-29T23:07:51.618355Z  INFO mq_bench::roles::subscriber: Starting subscriber engine=Nats key=topic_0 endpoint=None crash_enabled=false
2026-06-29T23:07:51.618404Z  INFO mq_bench::roles::subscriber: Connected via transport engine=Nats
2026-06-29T23:07:51.625091Z  INFO async_nats::connector: connected successfully server=4222 max_payload=10485760
2026-06-29T23:07:51.625194Z  INFO mq_bench::roles::subscriber: Subscribed to key expression key=topic_0
2026-06-29T23:07:51.625235Z  INFO async_nats: event: connected
2026-06-29T23:07:58.286261Z  INFO mq_bench::roles::subscriber: Starting subscriber engine=Nats key=topic_0 endpoint=None crash_enabled=false
2026-06-29T23:07:58.286300Z  INFO mq_bench::roles::subscriber: Connected via transport engine=Nats
2026-06-29T23:07:58.288500Z  INFO async_nats::connector: connected successfully server=4222 max_payload=10485760
2026-06-29T23:07:58.288600Z  INFO mq_bench::roles::subscriber: Subscribed to key expression key=topic_0
2026-06-29T23:07:58.288610Z  INFO async_nats: event: connected
2026-06-29T23:08:04.954095Z  INFO mq_bench::roles::subscriber: Starting subscriber engine=Nats key=topic_0 endpoint=None crash_enabled=false
2026-06-29T23:08:04.954143Z  INFO mq_bench::roles::subscriber: Connected via transport engine=Nats
2026-06-29T23:08:04.956617Z  INFO async_nats::connector: connected successfully server=4222 max_payload=10485760
2026-06-29T23:08:04.956751Z  INFO async_nats: event: connected
2026-06-29T23:08:04.956751Z  INFO mq_bench::roles::subscriber: Subscribed to key expression key=topic_0
2026-06-29T23:08:11.622417Z  INFO mq_bench::roles::subscriber: Starting subscriber engine=Nats key=topic_0 endpoint=None crash_enabled=false
2026-06-29T23:08:11.622467Z  INFO mq_bench::roles::subscriber: Connected via transport engine=Nats
2026-06-29T23:08:11.624683Z  INFO async_nats::connector: connected successfully server=4222 max_payload=10485760
2026-06-29T23:08:11.624774Z  INFO mq_bench::roles::subscriber: Subscribed to key expression key=topic_0
2026-06-29T23:08:11.624779Z  INFO async_nats: event: connected
2026-06-29T23:08:18.290263Z  INFO mq_bench::roles::subscriber: Starting subscriber engine=Nats key=topic_0 endpoint=None crash_enabled=false
2026-06-29T23:08:18.290304Z  INFO mq_bench::roles::subscriber: Connected via transport engine=Nats
2026-06-29T23:08:18.294052Z  INFO async_nats::connector: connected successfully server=4222 max_payload=10485760
2026-06-29T23:08:18.294167Z  INFO mq_bench::roles::subscriber: Subscribed to key expression key=topic_0
2026-06-29T23:08:18.294173Z  INFO async_nats: event: connected
