mq-bench starting with run_id: auto
Writing CSV output to: artifacts/fanout_bursty_20260629_230718_nats_p64_s1000_u10_bursty/fanout_singlesite/sub_0_1.csv
2026-06-29T23:07:18.263683Z  INFO mq_bench::roles::subscriber: Starting subscriber engine=Nats key=topic_0 endpoint=None crash_enabled=false
2026-06-29T23:07:18.263741Z  INFO mq_bench::roles::subscriber: Connected via transport engine=Nats
2026-06-29T23:07:18.266230Z  INFO async_nats::connector: connected successfully server=4222 max_payload=10485760
2026-06-29T23:07:18.266284Z  INFO mq_bench::roles::subscriber: Subscribed to key expression key=topic_0
2026-06-29T23:07:18.266285Z  INFO async_nats: event: connected
2026-06-29T23:07:24.931292Z  INFO mq_bench::roles::subscriber: Starting subscriber engine=Nats key=topic_0 endpoint=None crash_enabled=false
2026-06-29T23:07:24.931469Z  INFO mq_bench::roles::subscriber: Connected via transport engine=Nats
2026-06-29T23:07:24.933941Z  INFO async_nats::connector: connected successfully server=4222 max_payload=10485760
2026-06-29T23:07:24.934051Z  INFO mq_bench::roles::subscriber: Subscribed to key expression key=topic_0
2026-06-29T23:07:24.934050Z  INFO async_nats: event: connected
2026-06-29T23:07:31.599513Z  INFO mq_bench::roles::subscriber: Starting subscriber engine=Nats key=topic_0 endpoint=None crash_enabled=false
2026-06-29T23:07:31.599559Z  INFO mq_bench::roles::subscriber: Connected via transport engine=Nats
2026-06-29T23:07:31.602049Z  INFO async_nats::connector: connected successfully server=4222 max_payload=10485760
2026-06-29T23:07:31.602142Z  INFO mq_bench::roles::subscriber: Subscribed to key expression key=topic_0
2026-06-29T23:07:31.602144Z  INFO async_nats: event: connected
2026-06-29T23:07:38.267018Z  INFO mq_bench::roles::subscriber: Starting subscriber engine=Nats key=topic_0 endpoint=None crash_enabled=false
2026-06-29T23:07:38.267065Z  INFO mq_bench::roles::subscriber: Connected via transport engine=Nats
2026-06-29T23:07:38.269455Z  INFO async_nats::connector: connected successfully server=4222 max_payload=10485760
2026-06-29T23:07:38.269548Z  INFO mq_bench::roles::subscriber: Subscribed to key expression key=topic_0
2026-06-29T23:07:38.269553Z  INFO async_nats: event: connected
2026-06-29T23:07:44.934734Z  INFO mq_bench::roles::subscriber: Starting subscriber engine=Nats key=topic_0 endpoint=None crash_enabled=false
2026-06-29T23:07:44.934823Z  INFO mq_bench::roles::subscriber: Connected via transport engine=Nats
2026-06-29T23:07:44.937269Z  INFO async_nats::connector: connected successfully server=4222 max_payload=10485760
2026-06-29T23:07:44.937356Z  INFO mq_bench::roles::subscriber: Subscribed to key expression key=topic_0
2026-06-29T23:07:44.937378Z  INFO async_nats: event: connected
2026-06-29T23:07:51.601620Z  INFO mq_bench::roles::subscriber: Starting subscriber engine=Nats key=topic_0 endpoint=None crash_enabled=false
2026-06-29T23:07:51.601681Z  INFO mq_bench::roles::subscriber: Connected via transport engine=Nats
2026-06-29T23:07:51.604447Z  INFO async_nats::connector: connected successfully server=4222 max_payload=10485760
2026-06-29T23:07:51.604580Z  INFO async_nats: event: connected
2026-06-29T23:07:51.604581Z  INFO mq_bench::roles::subscriber: Subscribed to key expression key=topic_0
2026-06-29T23:07:58.269259Z  INFO mq_bench::roles::subscriber: Starting subscriber engine=Nats key=topic_0 endpoint=None crash_enabled=false
2026-06-29T23:07:58.269320Z  INFO mq_bench::roles::subscriber: Connected via transport engine=Nats
2026-06-29T23:07:58.271659Z  INFO async_nats::connector: connected successfully server=4222 max_payload=10485760
2026-06-29T23:07:58.271778Z  INFO async_nats: event: connected
2026-06-29T23:07:58.271779Z  INFO mq_bench::roles::subscriber: Subscribed to key expression key=topic_0
2026-06-29T23:08:04.936571Z  INFO mq_bench::roles::subscriber: Starting subscriber engine=Nats key=topic_0 endpoint=None crash_enabled=false
2026-06-29T23:08:04.936640Z  INFO mq_bench::roles::subscriber: Connected via transport engine=Nats
2026-06-29T23:08:04.939000Z  INFO async_nats::connector: connected successfully server=4222 max_payload=10485760
2026-06-29T23:08:04.939146Z  INFO mq_bench::roles::subscriber: Subscribed to key expression key=topic_0
2026-06-29T23:08:04.939146Z  INFO async_nats: event: connected
2026-06-29T23:08:11.604226Z  INFO mq_bench::roles::subscriber: Starting subscriber engine=Nats key=topic_0 endpoint=None crash_enabled=false
2026-06-29T23:08:11.604296Z  INFO mq_bench::roles::subscriber: Connected via transport engine=Nats
2026-06-29T23:08:11.606966Z  INFO async_nats::connector: connected successfully server=4222 max_payload=10485760
2026-06-29T23:08:11.607064Z  INFO mq_bench::roles::subscriber: Subscribed to key expression key=topic_0
2026-06-29T23:08:11.607068Z  INFO async_nats: event: connected
2026-06-29T23:08:18.272435Z  INFO mq_bench::roles::subscriber: Starting subscriber engine=Nats key=topic_0 endpoint=None crash_enabled=false
2026-06-29T23:08:18.272484Z  INFO mq_bench::roles::subscriber: Connected via transport engine=Nats
2026-06-29T23:08:18.274910Z  INFO async_nats::connector: connected successfully server=4222 max_payload=10485760
2026-06-29T23:08:18.275049Z  INFO async_nats: event: connected
2026-06-29T23:08:18.275061Z  INFO mq_bench::roles::subscriber: Subscribed to key expression key=topic_0
