mq-bench starting with run_id: auto
Writing CSV output to: artifacts/fanout_bursty_20260629_230718_nats_p64_s1000_u10_bursty/fanout_singlesite/sub_4_6.csv
2026-06-29T23:07:18.434825Z  INFO mq_bench::roles::subscriber: Starting subscriber engine=Nats key=topic_4 endpoint=None crash_enabled=false
2026-06-29T23:07:18.434869Z  INFO mq_bench::roles::subscriber: Connected via transport engine=Nats
2026-06-29T23:07:18.437322Z  INFO async_nats::connector: connected successfully server=4222 max_payload=10485760
2026-06-29T23:07:18.437385Z  INFO async_nats: event: connected
2026-06-29T23:07:18.437388Z  INFO mq_bench::roles::subscriber: Subscribed to key expression key=topic_4
2026-06-29T23:07:25.102870Z  INFO mq_bench::roles::subscriber: Starting subscriber engine=Nats key=topic_4 endpoint=None crash_enabled=false
2026-06-29T23:07:25.102911Z  INFO mq_bench::roles::subscriber: Connected via transport engine=Nats
2026-06-29T23:07:25.105281Z  INFO async_nats::connector: connected successfully server=4222 max_payload=10485760
2026-06-29T23:07:25.105383Z  INFO mq_bench::roles::subscriber: Subscribed to key expression key=topic_4
2026-06-29T23:07:25.105387Z  INFO async_nats: event: connected
2026-06-29T23:07:31.771342Z  INFO mq_bench::roles::subscriber: Starting subscriber engine=Nats key=topic_4 endpoint=None crash_enabled=false
2026-06-29T23:07:31.771384Z  INFO mq_bench::roles::subscriber: Connected via transport engine=Nats
2026-06-29T23:07:31.773686Z  INFO async_nats::connector: connected successfully server=4222 max_payload=10485760
2026-06-29T23:07:31.773764Z  INFO mq_bench::roles::subscriber: Subscribed to key expression key=topic_4
2026-06-29T23:07:31.773773Z  INFO async_nats: event: connected
2026-06-29T23:07:38.439466Z  INFO mq_bench::roles::subscriber: Starting subscriber engine=Nats key=topic_4 endpoint=None crash_enabled=false
2026-06-29T23:07:38.439531Z  INFO mq_bench::roles::subscriber: Connected via transport engine=Nats
2026-06-29T23:07:38.441716Z  INFO async_nats::connector: connected successfully server=4222 max_payload=10485760
2026-06-29T23:07:38.441823Z  INFO mq_bench::roles::subscriber: Subscribed to key expression key=topic_4
2026-06-29T23:07:38.441831Z  INFO async_nats: event: connected
2026-06-29T23:07:45.106950Z  INFO mq_bench::roles::subscriber: Starting subscriber engine=Nats key=topic_4 endpoint=None crash_enabled=false
2026-06-29T23:07:45.107004Z  INFO mq_bench::roles::subscriber: Connected via transport engine=Nats
2026-06-29T23:07:45.109139Z  INFO async_nats::connector: connected successfully server=4222 max_payload=10485760
2026-06-29T23:07:45.109239Z  INFO mq_bench::roles::subscriber: Subscribed to key expression key=topic_4
2026-06-29T23:07:45.109242Z  INFO async_nats: event: connected
2026-06-29T23:07:51.774762Z  INFO mq_bench::roles::subscriber: Starting subscriber engine=Nats key=topic_4 endpoint=None crash_enabled=false
2026-06-29T23:07:51.774829Z  INFO mq_bench::roles::subscriber: Connected via transport engine=Nats
2026-06-29T23:07:51.777148Z  INFO async_nats::connector: connected successfully server=4222 max_payload=10485760
2026-06-29T23:07:51.777258Z  INFO mq_bench::roles::subscriber: Subscribed to key expression key=topic_4
2026-06-29T23:07:51.777265Z  INFO async_nats: event: connected
2026-06-29T23:07:58.442796Z  INFO mq_bench::roles::subscriber: Starting subscriber engine=Nats key=topic_4 endpoint=None crash_enabled=false
2026-06-29T23:07:58.442844Z  INFO mq_bench::roles::subscriber: Connected via transport engine=Nats
2026-06-29T23:07:58.445387Z  INFO async_nats::connector: connected successfully server=4222 max_payload=10485760
2026-06-29T23:07:58.445476Z  INFO mq_bench::roles::subscriber: Subscribed to key expression key=topic_4
2026-06-29T23:07:58.445483Z  INFO async_nats: event: connected
2026-06-29T23:08:05.110590Z  INFO mq_bench::roles::subscriber: Starting subscriber engine=Nats key=topic_4 endpoint=None crash_enabled=false
2026-06-29T23:08:05.110642Z  INFO mq_bench::roles::subscriber: Connected via transport engine=Nats
2026-06-29T23:08:05.112832Z  INFO async_nats::connector: connected successfully server=4222 max_payload=10485760
2026-06-29T23:08:05.112961Z  INFO async_nats: event: connected
2026-06-29T23:08:05.112962Z  INFO mq_bench::roles::subscriber: Subscribed to key expression key=topic_4
2026-06-29T23:08:11.778099Z  INFO mq_bench::roles::subscriber: Starting subscriber engine=Nats key=topic_4 endpoint=None crash_enabled=false
2026-06-29T23:08:11.778138Z  INFO mq_bench::roles::subscriber: Connected via transport engine=Nats
2026-06-29T23:08:11.780343Z  INFO async_nats::connector: connected successfully server=4222 max_payload=10485760
2026-06-29T23:08:11.780444Z  INFO async_nats: event: connected
2026-06-29T23:08:11.780447Z  INFO mq_bench::roles::subscriber: Subscribed to key expression key=topic_4
2026-06-29T23:08:18.446489Z  INFO mq_bench::roles::subscriber: Starting subscriber engine=Nats key=topic_4 endpoint=None crash_enabled=false
2026-06-29T23:08:18.446547Z  INFO mq_bench::roles::subscriber: Connected via transport engine=Nats
2026-06-29T23:08:18.448765Z  INFO async_nats::connector: connected successfully server=4222 max_payload=10485760
2026-06-29T23:08:18.448876Z  INFO mq_bench::roles::subscriber: Subscribed to key expression key=topic_4
2026-06-29T23:08:18.448888Z  INFO async_nats: event: connected
