mq-bench starting with run_id: auto
Writing CSV output to: artifacts/fanout_bursty_20260629_230718_nats_p64_s1000_u10_bursty/fanout_singlesite/sub_7_6.csv
2026-06-29T23:07:18.552685Z  INFO mq_bench::roles::subscriber: Starting subscriber engine=Nats key=topic_7 endpoint=None crash_enabled=false
2026-06-29T23:07:18.552733Z  INFO mq_bench::roles::subscriber: Connected via transport engine=Nats
2026-06-29T23:07:18.554978Z  INFO async_nats::connector: connected successfully server=4222 max_payload=10485760
2026-06-29T23:07:18.555021Z  INFO mq_bench::roles::subscriber: Subscribed to key expression key=topic_7
2026-06-29T23:07:18.555022Z  INFO async_nats: event: connected
2026-06-29T23:07:25.220279Z  INFO mq_bench::roles::subscriber: Starting subscriber engine=Nats key=topic_7 endpoint=None crash_enabled=false
2026-06-29T23:07:25.220328Z  INFO mq_bench::roles::subscriber: Connected via transport engine=Nats
2026-06-29T23:07:25.222732Z  INFO async_nats::connector: connected successfully server=4222 max_payload=10485760
2026-06-29T23:07:25.222827Z  INFO mq_bench::roles::subscriber: Subscribed to key expression key=topic_7
2026-06-29T23:07:25.222830Z  INFO async_nats: event: connected
2026-06-29T23:07:31.888261Z  INFO mq_bench::roles::subscriber: Starting subscriber engine=Nats key=topic_7 endpoint=None crash_enabled=false
2026-06-29T23:07:31.888330Z  INFO mq_bench::roles::subscriber: Connected via transport engine=Nats
2026-06-29T23:07:31.890497Z  INFO async_nats::connector: connected successfully server=4222 max_payload=10485760
2026-06-29T23:07:31.890600Z  INFO mq_bench::roles::subscriber: Subscribed to key expression key=topic_7
2026-06-29T23:07:31.890604Z  INFO async_nats: event: connected
2026-06-29T23:07:38.556158Z  INFO mq_bench::roles::subscriber: Starting subscriber engine=Nats key=topic_7 endpoint=None crash_enabled=false
2026-06-29T23:07:38.556237Z  INFO mq_bench::roles::subscriber: Connected via transport engine=Nats
2026-06-29T23:07:38.558599Z  INFO async_nats::connector: connected successfully server=4222 max_payload=10485760
2026-06-29T23:07:38.558696Z  INFO async_nats: event: connected
2026-06-29T23:07:38.558714Z  INFO mq_bench::roles::subscriber: Subscribed to key expression key=topic_7
2026-06-29T23:07:45.223735Z  INFO mq_bench::roles::subscriber: Starting subscriber engine=Nats key=topic_7 endpoint=None crash_enabled=false
2026-06-29T23:07:45.223789Z  INFO mq_bench::roles::subscriber: Connected via transport engine=Nats
2026-06-29T23:07:45.226192Z  INFO async_nats::connector: connected successfully server=4222 max_payload=10485760
2026-06-29T23:07:45.226317Z  INFO mq_bench::roles::subscriber: Subscribed to key expression key=topic_7
2026-06-29T23:07:45.226326Z  INFO async_nats: event: connected
2026-06-29T23:07:51.891256Z  INFO mq_bench::roles::subscriber: Starting subscriber engine=Nats key=topic_7 endpoint=None crash_enabled=false
2026-06-29T23:07:51.891301Z  INFO mq_bench::roles::subscriber: Connected via transport engine=Nats
2026-06-29T23:07:51.893436Z  INFO async_nats::connector: connected successfully server=4222 max_payload=10485760
2026-06-29T23:07:51.893533Z  INFO mq_bench::roles::subscriber: Subscribed to key expression key=topic_7
2026-06-29T23:07:51.893539Z  INFO async_nats: event: connected
2026-06-29T23:07:58.559416Z  INFO mq_bench::roles::subscriber: Starting subscriber engine=Nats key=topic_7 endpoint=None crash_enabled=false
2026-06-29T23:07:58.559457Z  INFO mq_bench::roles::subscriber: Connected via transport engine=Nats
2026-06-29T23:07:58.561604Z  INFO async_nats::connector: connected successfully server=4222 max_payload=10485760
2026-06-29T23:07:58.561696Z  INFO mq_bench::roles::subscriber: Subscribed to key expression key=topic_7
2026-06-29T23:07:58.561700Z  INFO async_nats: event: connected
2026-06-29T23:08:05.227411Z  INFO mq_bench::roles::subscriber: Starting subscriber engine=Nats key=topic_7 endpoint=None crash_enabled=false
2026-06-29T23:08:05.227458Z  INFO mq_bench::roles::subscriber: Connected via transport engine=Nats
2026-06-29T23:08:05.228566Z  INFO async_nats::connector: connected successfully server=4222 max_payload=10485760
2026-06-29T23:08:05.228668Z  INFO mq_bench::roles::subscriber: Subscribed to key expression key=topic_7
2026-06-29T23:08:05.228674Z  INFO async_nats: event: connected
2026-06-29T23:08:11.895415Z  INFO mq_bench::roles::subscriber: Starting subscriber engine=Nats key=topic_7 endpoint=None crash_enabled=false
2026-06-29T23:08:11.895461Z  INFO mq_bench::roles::subscriber: Connected via transport engine=Nats
2026-06-29T23:08:11.896623Z  INFO async_nats::connector: connected successfully server=4222 max_payload=10485760
2026-06-29T23:08:11.896707Z  INFO mq_bench::roles::subscriber: Subscribed to key expression key=topic_7
2026-06-29T23:08:11.896711Z  INFO async_nats: event: connected
2026-06-29T23:08:18.562965Z  INFO mq_bench::roles::subscriber: Starting subscriber engine=Nats key=topic_7 endpoint=None crash_enabled=false
2026-06-29T23:08:18.563007Z  INFO mq_bench::roles::subscriber: Connected via transport engine=Nats
2026-06-29T23:08:18.565185Z  INFO async_nats::connector: connected successfully server=4222 max_payload=10485760
2026-06-29T23:08:18.565282Z  INFO mq_bench::roles::subscriber: Subscribed to key expression key=topic_7
2026-06-29T23:08:18.565285Z  INFO async_nats: event: connected
