mq-bench starting with run_id: auto
Writing CSV output to: artifacts/fanout_bursty_20260629_230718_nats_p64_s1000_u10_bursty/fanout_singlesite/sub_4_1.csv
2026-06-29T23:07:18.416481Z  INFO mq_bench::roles::subscriber: Starting subscriber engine=Nats key=topic_4 endpoint=None crash_enabled=false
2026-06-29T23:07:18.416531Z  INFO mq_bench::roles::subscriber: Connected via transport engine=Nats
2026-06-29T23:07:18.419680Z  INFO async_nats::connector: connected successfully server=4222 max_payload=10485760
2026-06-29T23:07:18.419732Z  INFO mq_bench::roles::subscriber: Subscribed to key expression key=topic_4
2026-06-29T23:07:18.419742Z  INFO async_nats: event: connected
2026-06-29T23:07:25.083868Z  INFO mq_bench::roles::subscriber: Starting subscriber engine=Nats key=topic_4 endpoint=None crash_enabled=false
2026-06-29T23:07:25.083939Z  INFO mq_bench::roles::subscriber: Connected via transport engine=Nats
2026-06-29T23:07:25.086355Z  INFO async_nats::connector: connected successfully server=4222 max_payload=10485760
2026-06-29T23:07:25.086482Z  INFO mq_bench::roles::subscriber: Subscribed to key expression key=topic_4
2026-06-29T23:07:25.086490Z  INFO async_nats: event: connected
2026-06-29T23:07:31.751510Z  INFO mq_bench::roles::subscriber: Starting subscriber engine=Nats key=topic_4 endpoint=None crash_enabled=false
2026-06-29T23:07:31.751619Z  INFO mq_bench::roles::subscriber: Connected via transport engine=Nats
2026-06-29T23:07:31.753972Z  INFO async_nats::connector: connected successfully server=4222 max_payload=10485760
2026-06-29T23:07:31.754076Z  INFO mq_bench::roles::subscriber: Subscribed to key expression key=topic_4
2026-06-29T23:07:31.754083Z  INFO async_nats: event: connected
2026-06-29T23:07:38.419344Z  INFO mq_bench::roles::subscriber: Starting subscriber engine=Nats key=topic_4 endpoint=None crash_enabled=false
2026-06-29T23:07:38.419407Z  INFO mq_bench::roles::subscriber: Connected via transport engine=Nats
2026-06-29T23:07:38.421595Z  INFO async_nats::connector: connected successfully server=4222 max_payload=10485760
2026-06-29T23:07:38.421672Z  INFO mq_bench::roles::subscriber: Subscribed to key expression key=topic_4
2026-06-29T23:07:38.421681Z  INFO async_nats: event: connected
2026-06-29T23:07:45.087406Z  INFO mq_bench::roles::subscriber: Starting subscriber engine=Nats key=topic_4 endpoint=None crash_enabled=false
2026-06-29T23:07:45.087451Z  INFO mq_bench::roles::subscriber: Connected via transport engine=Nats
2026-06-29T23:07:45.089803Z  INFO async_nats::connector: connected successfully server=4222 max_payload=10485760
2026-06-29T23:07:45.089912Z  INFO async_nats: event: connected
2026-06-29T23:07:45.089913Z  INFO mq_bench::roles::subscriber: Subscribed to key expression key=topic_4
2026-06-29T23:07:51.755066Z  INFO mq_bench::roles::subscriber: Starting subscriber engine=Nats key=topic_4 endpoint=None crash_enabled=false
2026-06-29T23:07:51.755130Z  INFO mq_bench::roles::subscriber: Connected via transport engine=Nats
2026-06-29T23:07:51.757312Z  INFO async_nats::connector: connected successfully server=4222 max_payload=10485760
2026-06-29T23:07:51.757402Z  INFO mq_bench::roles::subscriber: Subscribed to key expression key=topic_4
2026-06-29T23:07:51.757408Z  INFO async_nats: event: connected
2026-06-29T23:07:58.422768Z  INFO mq_bench::roles::subscriber: Starting subscriber engine=Nats key=topic_4 endpoint=None crash_enabled=false
2026-06-29T23:07:58.422816Z  INFO mq_bench::roles::subscriber: Connected via transport engine=Nats
2026-06-29T23:07:58.425017Z  INFO async_nats::connector: connected successfully server=4222 max_payload=10485760
2026-06-29T23:07:58.425101Z  INFO mq_bench::roles::subscriber: Subscribed to key expression key=topic_4
2026-06-29T23:07:58.425115Z  INFO async_nats: event: connected
2026-06-29T23:08:05.090432Z  INFO mq_bench::roles::subscriber: Starting subscriber engine=Nats key=topic_4 endpoint=None crash_enabled=false
2026-06-29T23:08:05.090477Z  INFO mq_bench::roles::subscriber: Connected via transport engine=Nats
2026-06-29T23:08:05.092688Z  INFO async_nats::connector: connected successfully server=4222 max_payload=10485760
2026-06-29T23:08:05.092790Z  INFO mq_bench::roles::subscriber: Subscribed to key expression key=topic_4
2026-06-29T23:08:05.092795Z  INFO async_nats: event: connected
2026-06-29T23:08:11.758263Z  INFO mq_bench::roles::subscriber: Starting subscriber engine=Nats key=topic_4 endpoint=None crash_enabled=false
2026-06-29T23:08:11.758306Z  INFO mq_bench::roles::subscriber: Connected via transport engine=Nats
2026-06-29T23:08:11.760656Z  INFO async_nats::connector: connected successfully server=4222 max_payload=10485760
2026-06-29T23:08:11.760761Z  INFO async_nats: event: connected
2026-06-29T23:08:11.760763Z  INFO mq_bench::roles::subscriber: Subscribed to key expression key=topic_4
2026-06-29T23:08:18.426034Z  INFO mq_bench::roles::subscriber: Starting subscriber engine=Nats key=topic_4 endpoint=None crash_enabled=false
2026-06-29T23:08:18.426090Z  INFO mq_bench::roles::subscriber: Connected via transport engine=Nats
2026-06-29T23:08:18.428224Z  INFO async_nats::connector: connected successfully server=4222 max_payload=10485760
2026-06-29T23:08:18.428325Z  INFO mq_bench::roles::subscriber: Subscribed to key expression key=topic_4
2026-06-29T23:08:18.428333Z  INFO async_nats: event: connected
