mq-bench starting with run_id: auto
Writing CSV output to: artifacts/fanout_bursty_20260629_230718_nats_p64_s1000_u10_bursty/fanout_singlesite/sub_2_9.csv
2026-06-29T23:07:18.368638Z  INFO mq_bench::roles::subscriber: Starting subscriber engine=Nats key=topic_2 endpoint=None crash_enabled=false
2026-06-29T23:07:18.368684Z  INFO mq_bench::roles::subscriber: Connected via transport engine=Nats
2026-06-29T23:07:18.371176Z  INFO async_nats::connector: connected successfully server=4222 max_payload=10485760
2026-06-29T23:07:18.371228Z  INFO mq_bench::roles::subscriber: Subscribed to key expression key=topic_2
2026-06-29T23:07:18.371233Z  INFO async_nats: event: connected
2026-06-29T23:07:25.036257Z  INFO mq_bench::roles::subscriber: Starting subscriber engine=Nats key=topic_2 endpoint=None crash_enabled=false
2026-06-29T23:07:25.036358Z  INFO mq_bench::roles::subscriber: Connected via transport engine=Nats
2026-06-29T23:07:25.038812Z  INFO async_nats::connector: connected successfully server=4222 max_payload=10485760
2026-06-29T23:07:25.038900Z  INFO mq_bench::roles::subscriber: Subscribed to key expression key=topic_2
2026-06-29T23:07:25.038897Z  INFO async_nats: event: connected
2026-06-29T23:07:31.703882Z  INFO mq_bench::roles::subscriber: Starting subscriber engine=Nats key=topic_2 endpoint=None crash_enabled=false
2026-06-29T23:07:31.703922Z  INFO mq_bench::roles::subscriber: Connected via transport engine=Nats
2026-06-29T23:07:31.706305Z  INFO async_nats::connector: connected successfully server=4222 max_payload=10485760
2026-06-29T23:07:31.706399Z  INFO mq_bench::roles::subscriber: Subscribed to key expression key=topic_2
2026-06-29T23:07:31.706409Z  INFO async_nats: event: connected
2026-06-29T23:07:38.372414Z  INFO mq_bench::roles::subscriber: Starting subscriber engine=Nats key=topic_2 endpoint=None crash_enabled=false
2026-06-29T23:07:38.372482Z  INFO mq_bench::roles::subscriber: Connected via transport engine=Nats
2026-06-29T23:07:38.374628Z  INFO async_nats::connector: connected successfully server=4222 max_payload=10485760
2026-06-29T23:07:38.374719Z  INFO mq_bench::roles::subscriber: Subscribed to key expression key=topic_2
2026-06-29T23:07:38.374725Z  INFO async_nats: event: connected
2026-06-29T23:07:45.039704Z  INFO mq_bench::roles::subscriber: Starting subscriber engine=Nats key=topic_2 endpoint=None crash_enabled=false
2026-06-29T23:07:45.039756Z  INFO mq_bench::roles::subscriber: Connected via transport engine=Nats
2026-06-29T23:07:45.041947Z  INFO async_nats::connector: connected successfully server=4222 max_payload=10485760
2026-06-29T23:07:45.042055Z  INFO mq_bench::roles::subscriber: Subscribed to key expression key=topic_2
2026-06-29T23:07:45.042061Z  INFO async_nats: event: connected
2026-06-29T23:07:51.707545Z  INFO mq_bench::roles::subscriber: Starting subscriber engine=Nats key=topic_2 endpoint=None crash_enabled=false
2026-06-29T23:07:51.707589Z  INFO mq_bench::roles::subscriber: Connected via transport engine=Nats
2026-06-29T23:07:51.709848Z  INFO async_nats::connector: connected successfully server=4222 max_payload=10485760
2026-06-29T23:07:51.709935Z  INFO mq_bench::roles::subscriber: Subscribed to key expression key=topic_2
2026-06-29T23:07:51.709941Z  INFO async_nats: event: connected
2026-06-29T23:07:58.374787Z  INFO mq_bench::roles::subscriber: Starting subscriber engine=Nats key=topic_2 endpoint=None crash_enabled=false
2026-06-29T23:07:58.374851Z  INFO mq_bench::roles::subscriber: Connected via transport engine=Nats
2026-06-29T23:07:58.376985Z  INFO async_nats::connector: connected successfully server=4222 max_payload=10485760
2026-06-29T23:07:58.377084Z  INFO mq_bench::roles::subscriber: Subscribed to key expression key=topic_2
2026-06-29T23:07:58.377092Z  INFO async_nats: event: connected
2026-06-29T23:08:05.042731Z  INFO mq_bench::roles::subscriber: Starting subscriber engine=Nats key=topic_2 endpoint=None crash_enabled=false
2026-06-29T23:08:05.042796Z  INFO mq_bench::roles::subscriber: Connected via transport engine=Nats
2026-06-29T23:08:05.045035Z  INFO async_nats::connector: connected successfully server=4222 max_payload=10485760
2026-06-29T23:08:05.045150Z  INFO mq_bench::roles::subscriber: Subscribed to key expression key=topic_2
2026-06-29T23:08:05.045155Z  INFO async_nats: event: connected
2026-06-29T23:08:11.711389Z  INFO mq_bench::roles::subscriber: Starting subscriber engine=Nats key=topic_2 endpoint=None crash_enabled=false
2026-06-29T23:08:11.711434Z  INFO mq_bench::roles::subscriber: Connected via transport engine=Nats
2026-06-29T23:08:11.713722Z  INFO async_nats::connector: connected successfully server=4222 max_payload=10485760
2026-06-29T23:08:11.713827Z  INFO async_nats: event: connected
2026-06-29T23:08:11.713829Z  INFO mq_bench::roles::subscriber: Subscribed to key expression key=topic_2
2026-06-29T23:08:18.378535Z  INFO mq_bench::roles::subscriber: Starting subscriber engine=Nats key=topic_2 endpoint=None crash_enabled=false
2026-06-29T23:08:18.378587Z  INFO mq_bench::roles::subscriber: Connected via transport engine=Nats
2026-06-29T23:08:18.380851Z  INFO async_nats::connector: connected successfully server=4222 max_payload=10485760
2026-06-29T23:08:18.380949Z  INFO mq_bench::roles::subscriber: Subscribed to key expression key=topic_2
2026-06-29T23:08:18.380952Z  INFO async_nats: event: connected
