mq-bench starting with run_id: auto
Writing CSV output to: artifacts/fanout_bursty_20260629_230718_nats_p64_s1000_u10_bursty/fanout_singlesite/sub_9_6.csv
2026-06-29T23:07:18.631062Z  INFO mq_bench::roles::subscriber: Starting subscriber engine=Nats key=topic_9 endpoint=None crash_enabled=false
2026-06-29T23:07:18.631116Z  INFO mq_bench::roles::subscriber: Connected via transport engine=Nats
2026-06-29T23:07:18.633470Z  INFO async_nats::connector: connected successfully server=4222 max_payload=10485760
2026-06-29T23:07:18.633519Z  INFO mq_bench::roles::subscriber: Subscribed to key expression key=topic_9
2026-06-29T23:07:18.633522Z  INFO async_nats: event: connected
2026-06-29T23:07:25.299256Z  INFO mq_bench::roles::subscriber: Starting subscriber engine=Nats key=topic_9 endpoint=None crash_enabled=false
2026-06-29T23:07:25.299327Z  INFO mq_bench::roles::subscriber: Connected via transport engine=Nats
2026-06-29T23:07:25.301683Z  INFO async_nats::connector: connected successfully server=4222 max_payload=10485760
2026-06-29T23:07:25.301777Z  INFO mq_bench::roles::subscriber: Subscribed to key expression key=topic_9
2026-06-29T23:07:25.301781Z  INFO async_nats: event: connected
2026-06-29T23:07:31.967028Z  INFO mq_bench::roles::subscriber: Starting subscriber engine=Nats key=topic_9 endpoint=None crash_enabled=false
2026-06-29T23:07:31.967075Z  INFO mq_bench::roles::subscriber: Connected via transport engine=Nats
2026-06-29T23:07:31.969280Z  INFO async_nats::connector: connected successfully server=4222 max_payload=10485760
2026-06-29T23:07:31.969372Z  INFO mq_bench::roles::subscriber: Subscribed to key expression key=topic_9
2026-06-29T23:07:31.969381Z  INFO async_nats: event: connected
2026-06-29T23:07:38.634645Z  INFO mq_bench::roles::subscriber: Starting subscriber engine=Nats key=topic_9 endpoint=None crash_enabled=false
2026-06-29T23:07:38.634707Z  INFO mq_bench::roles::subscriber: Connected via transport engine=Nats
2026-06-29T23:07:38.637020Z  INFO async_nats::connector: connected successfully server=4222 max_payload=10485760
2026-06-29T23:07:38.637111Z  INFO mq_bench::roles::subscriber: Subscribed to key expression key=topic_9
2026-06-29T23:07:38.637116Z  INFO async_nats: event: connected
2026-06-29T23:07:45.301931Z  INFO mq_bench::roles::subscriber: Starting subscriber engine=Nats key=topic_9 endpoint=None crash_enabled=false
2026-06-29T23:07:45.301978Z  INFO mq_bench::roles::subscriber: Connected via transport engine=Nats
2026-06-29T23:07:45.304278Z  INFO async_nats::connector: connected successfully server=4222 max_payload=10485760
2026-06-29T23:07:45.304381Z  INFO mq_bench::roles::subscriber: Subscribed to key expression key=topic_9
2026-06-29T23:07:45.304387Z  INFO async_nats: event: connected
2026-06-29T23:07:51.969678Z  INFO mq_bench::roles::subscriber: Starting subscriber engine=Nats key=topic_9 endpoint=None crash_enabled=false
2026-06-29T23:07:51.969727Z  INFO mq_bench::roles::subscriber: Connected via transport engine=Nats
2026-06-29T23:07:51.972037Z  INFO async_nats::connector: connected successfully server=4222 max_payload=10485760
2026-06-29T23:07:51.972129Z  INFO mq_bench::roles::subscriber: Subscribed to key expression key=topic_9
2026-06-29T23:07:51.972135Z  INFO async_nats: event: connected
2026-06-29T23:07:58.637242Z  INFO mq_bench::roles::subscriber: Starting subscriber engine=Nats key=topic_9 endpoint=None crash_enabled=false
2026-06-29T23:07:58.637291Z  INFO mq_bench::roles::subscriber: Connected via transport engine=Nats
2026-06-29T23:07:58.639421Z  INFO async_nats::connector: connected successfully server=4222 max_payload=10485760
2026-06-29T23:07:58.639520Z  INFO mq_bench::roles::subscriber: Subscribed to key expression key=topic_9
2026-06-29T23:07:58.639526Z  INFO async_nats: event: connected
2026-06-29T23:08:05.305274Z  INFO mq_bench::roles::subscriber: Starting subscriber engine=Nats key=topic_9 endpoint=None crash_enabled=false
2026-06-29T23:08:05.305326Z  INFO mq_bench::roles::subscriber: Connected via transport engine=Nats
2026-06-29T23:08:05.307636Z  INFO async_nats::connector: connected successfully server=4222 max_payload=10485760
2026-06-29T23:08:05.307742Z  INFO mq_bench::roles::subscriber: Subscribed to key expression key=topic_9
2026-06-29T23:08:05.307749Z  INFO async_nats: event: connected
2026-06-29T23:08:11.973382Z  INFO mq_bench::roles::subscriber: Starting subscriber engine=Nats key=topic_9 endpoint=None crash_enabled=false
2026-06-29T23:08:11.973422Z  INFO mq_bench::roles::subscriber: Connected via transport engine=Nats
2026-06-29T23:08:11.975737Z  INFO async_nats::connector: connected successfully server=4222 max_payload=10485760
2026-06-29T23:08:11.975833Z  INFO mq_bench::roles::subscriber: Subscribed to key expression key=topic_9
2026-06-29T23:08:11.975843Z  INFO async_nats: event: connected
2026-06-29T23:08:18.641290Z  INFO mq_bench::roles::subscriber: Starting subscriber engine=Nats key=topic_9 endpoint=None crash_enabled=false
2026-06-29T23:08:18.641337Z  INFO mq_bench::roles::subscriber: Connected via transport engine=Nats
2026-06-29T23:08:18.643469Z  INFO async_nats::connector: connected successfully server=4222 max_payload=10485760
2026-06-29T23:08:18.643568Z  INFO mq_bench::roles::subscriber: Subscribed to key expression key=topic_9
2026-06-29T23:08:18.643573Z  INFO async_nats: event: connected
