mq-bench starting with run_id: auto
Writing CSV output to: artifacts/fanout_bursty_20260629_230718_nats_p64_s1000_u10_bursty/fanout_singlesite/sub_3_2.csv
2026-06-29T23:07:18.381015Z  INFO mq_bench::roles::subscriber: Starting subscriber engine=Nats key=topic_3 endpoint=None crash_enabled=false
2026-06-29T23:07:18.381063Z  INFO mq_bench::roles::subscriber: Connected via transport engine=Nats
2026-06-29T23:07:18.383183Z  INFO async_nats::connector: connected successfully server=4222 max_payload=10485760
2026-06-29T23:07:18.383239Z  INFO mq_bench::roles::subscriber: Subscribed to key expression key=topic_3
2026-06-29T23:07:18.383251Z  INFO async_nats: event: connected
2026-06-29T23:07:25.049365Z  INFO mq_bench::roles::subscriber: Starting subscriber engine=Nats key=topic_3 endpoint=None crash_enabled=false
2026-06-29T23:07:25.049439Z  INFO mq_bench::roles::subscriber: Connected via transport engine=Nats
2026-06-29T23:07:25.051802Z  INFO async_nats::connector: connected successfully server=4222 max_payload=10485760
2026-06-29T23:07:25.051888Z  INFO mq_bench::roles::subscriber: Subscribed to key expression key=topic_3
2026-06-29T23:07:25.051898Z  INFO async_nats: event: connected
2026-06-29T23:07:31.717108Z  INFO mq_bench::roles::subscriber: Starting subscriber engine=Nats key=topic_3 endpoint=None crash_enabled=false
2026-06-29T23:07:31.717158Z  INFO mq_bench::roles::subscriber: Connected via transport engine=Nats
2026-06-29T23:07:31.719348Z  INFO async_nats::connector: connected successfully server=4222 max_payload=10485760
2026-06-29T23:07:31.719441Z  INFO mq_bench::roles::subscriber: Subscribed to key expression key=topic_3
2026-06-29T23:07:31.719447Z  INFO async_nats: event: connected
2026-06-29T23:07:38.385276Z  INFO mq_bench::roles::subscriber: Starting subscriber engine=Nats key=topic_3 endpoint=None crash_enabled=false
2026-06-29T23:07:38.385326Z  INFO mq_bench::roles::subscriber: Connected via transport engine=Nats
2026-06-29T23:07:38.387354Z  INFO async_nats::connector: connected successfully server=4222 max_payload=10485760
2026-06-29T23:07:38.387458Z  INFO mq_bench::roles::subscriber: Subscribed to key expression key=topic_3
2026-06-29T23:07:38.387470Z  INFO async_nats: event: connected
2026-06-29T23:07:45.053304Z  INFO mq_bench::roles::subscriber: Starting subscriber engine=Nats key=topic_3 endpoint=None crash_enabled=false
2026-06-29T23:07:45.053352Z  INFO mq_bench::roles::subscriber: Connected via transport engine=Nats
2026-06-29T23:07:45.055611Z  INFO async_nats::connector: connected successfully server=4222 max_payload=10485760
2026-06-29T23:07:45.055705Z  INFO mq_bench::roles::subscriber: Subscribed to key expression key=topic_3
2026-06-29T23:07:45.055711Z  INFO async_nats: event: connected
2026-06-29T23:07:51.720776Z  INFO mq_bench::roles::subscriber: Starting subscriber engine=Nats key=topic_3 endpoint=None crash_enabled=false
2026-06-29T23:07:51.720826Z  INFO mq_bench::roles::subscriber: Connected via transport engine=Nats
2026-06-29T23:07:51.723418Z  INFO async_nats::connector: connected successfully server=4222 max_payload=10485760
2026-06-29T23:07:51.723505Z  INFO mq_bench::roles::subscriber: Subscribed to key expression key=topic_3
2026-06-29T23:07:51.723510Z  INFO async_nats: event: connected
2026-06-29T23:07:58.387852Z  INFO mq_bench::roles::subscriber: Starting subscriber engine=Nats key=topic_3 endpoint=None crash_enabled=false
2026-06-29T23:07:58.387896Z  INFO mq_bench::roles::subscriber: Connected via transport engine=Nats
2026-06-29T23:07:58.390121Z  INFO async_nats::connector: connected successfully server=4222 max_payload=10485760
2026-06-29T23:07:58.390234Z  INFO mq_bench::roles::subscriber: Subscribed to key expression key=topic_3
2026-06-29T23:07:58.390237Z  INFO async_nats: event: connected
2026-06-29T23:08:05.055175Z  INFO mq_bench::roles::subscriber: Starting subscriber engine=Nats key=topic_3 endpoint=None crash_enabled=false
2026-06-29T23:08:05.055251Z  INFO mq_bench::roles::subscriber: Connected via transport engine=Nats
2026-06-29T23:08:05.057414Z  INFO async_nats::connector: connected successfully server=4222 max_payload=10485760
2026-06-29T23:08:05.057519Z  INFO mq_bench::roles::subscriber: Subscribed to key expression key=topic_3
2026-06-29T23:08:05.057524Z  INFO async_nats: event: connected
2026-06-29T23:08:11.723439Z  INFO mq_bench::roles::subscriber: Starting subscriber engine=Nats key=topic_3 endpoint=None crash_enabled=false
2026-06-29T23:08:11.723503Z  INFO mq_bench::roles::subscriber: Connected via transport engine=Nats
2026-06-29T23:08:11.725723Z  INFO async_nats::connector: connected successfully server=4222 max_payload=10485760
2026-06-29T23:08:11.725823Z  INFO mq_bench::roles::subscriber: Subscribed to key expression key=topic_3
2026-06-29T23:08:11.725830Z  INFO async_nats: event: connected
2026-06-29T23:08:18.391146Z  INFO mq_bench::roles::subscriber: Starting subscriber engine=Nats key=topic_3 endpoint=None crash_enabled=false
2026-06-29T23:08:18.391189Z  INFO mq_bench::roles::subscriber: Connected via transport engine=Nats
2026-06-29T23:08:18.393495Z  INFO async_nats::connector: connected successfully server=4222 max_payload=10485760
2026-06-29T23:08:18.393590Z  INFO mq_bench::roles::subscriber: Subscribed to key expression key=topic_3
2026-06-29T23:08:18.393596Z  INFO async_nats: event: connected
