mq-bench starting with run_id: auto
Writing CSV output to: artifacts/fanout_bursty_20260629_230718_nats_p64_s1000_u10_bursty/fanout_singlesite/sub_0_8.csv
2026-06-29T23:07:18.289023Z  INFO mq_bench::roles::subscriber: Starting subscriber engine=Nats key=topic_0 endpoint=None crash_enabled=false
2026-06-29T23:07:18.289066Z  INFO mq_bench::roles::subscriber: Connected via transport engine=Nats
2026-06-29T23:07:18.291421Z  INFO async_nats::connector: connected successfully server=4222 max_payload=10485760
2026-06-29T23:07:18.291557Z  INFO mq_bench::roles::subscriber: Subscribed to key expression key=topic_0
2026-06-29T23:07:18.291559Z  INFO async_nats: event: connected
2026-06-29T23:07:24.956654Z  INFO mq_bench::roles::subscriber: Starting subscriber engine=Nats key=topic_0 endpoint=None crash_enabled=false
2026-06-29T23:07:24.956727Z  INFO mq_bench::roles::subscriber: Connected via transport engine=Nats
2026-06-29T23:07:24.959043Z  INFO async_nats::connector: connected successfully server=4222 max_payload=10485760
2026-06-29T23:07:24.959144Z  INFO mq_bench::roles::subscriber: Subscribed to key expression key=topic_0
2026-06-29T23:07:24.959152Z  INFO async_nats: event: connected
2026-06-29T23:07:31.624957Z  INFO mq_bench::roles::subscriber: Starting subscriber engine=Nats key=topic_0 endpoint=None crash_enabled=false
2026-06-29T23:07:31.625003Z  INFO mq_bench::roles::subscriber: Connected via transport engine=Nats
2026-06-29T23:07:31.626404Z  INFO async_nats::connector: connected successfully server=4222 max_payload=10485760
2026-06-29T23:07:31.626497Z  INFO mq_bench::roles::subscriber: Subscribed to key expression key=topic_0
2026-06-29T23:07:31.626496Z  INFO async_nats: event: connected
2026-06-29T23:07:38.292540Z  INFO mq_bench::roles::subscriber: Starting subscriber engine=Nats key=topic_0 endpoint=None crash_enabled=false
2026-06-29T23:07:38.292600Z  INFO mq_bench::roles::subscriber: Connected via transport engine=Nats
2026-06-29T23:07:38.294931Z  INFO async_nats::connector: connected successfully server=4222 max_payload=10485760
2026-06-29T23:07:38.295069Z  INFO async_nats: event: connected
2026-06-29T23:07:38.295076Z  INFO mq_bench::roles::subscriber: Subscribed to key expression key=topic_0
2026-06-29T23:07:44.960661Z  INFO mq_bench::roles::subscriber: Starting subscriber engine=Nats key=topic_0 endpoint=None crash_enabled=false
2026-06-29T23:07:44.960688Z  INFO mq_bench::roles::subscriber: Connected via transport engine=Nats
2026-06-29T23:07:44.962800Z  INFO async_nats::connector: connected successfully server=4222 max_payload=10485760
2026-06-29T23:07:44.962919Z  INFO mq_bench::roles::subscriber: Subscribed to key expression key=topic_0
2026-06-29T23:07:44.962921Z  INFO async_nats: event: connected
2026-06-29T23:07:51.628659Z  INFO mq_bench::roles::subscriber: Starting subscriber engine=Nats key=topic_0 endpoint=None crash_enabled=false
2026-06-29T23:07:51.628769Z  INFO mq_bench::roles::subscriber: Connected via transport engine=Nats
2026-06-29T23:07:51.631010Z  INFO async_nats::connector: connected successfully server=4222 max_payload=10485760
2026-06-29T23:07:51.631110Z  INFO mq_bench::roles::subscriber: Subscribed to key expression key=topic_0
2026-06-29T23:07:51.631120Z  INFO async_nats: event: connected
2026-06-29T23:07:58.296516Z  INFO mq_bench::roles::subscriber: Starting subscriber engine=Nats key=topic_0 endpoint=None crash_enabled=false
2026-06-29T23:07:58.296566Z  INFO mq_bench::roles::subscriber: Connected via transport engine=Nats
2026-06-29T23:07:58.298824Z  INFO async_nats::connector: connected successfully server=4222 max_payload=10485760
2026-06-29T23:07:58.298919Z  INFO mq_bench::roles::subscriber: Subscribed to key expression key=topic_0
2026-06-29T23:07:58.298926Z  INFO async_nats: event: connected
2026-06-29T23:08:04.964493Z  INFO mq_bench::roles::subscriber: Starting subscriber engine=Nats key=topic_0 endpoint=None crash_enabled=false
2026-06-29T23:08:04.964564Z  INFO mq_bench::roles::subscriber: Connected via transport engine=Nats
2026-06-29T23:08:04.967001Z  INFO async_nats::connector: connected successfully server=4222 max_payload=10485760
2026-06-29T23:08:04.967128Z  INFO async_nats: event: connected
2026-06-29T23:08:04.967129Z  INFO mq_bench::roles::subscriber: Subscribed to key expression key=topic_0
2026-06-29T23:08:11.632401Z  INFO mq_bench::roles::subscriber: Starting subscriber engine=Nats key=topic_0 endpoint=None crash_enabled=false
2026-06-29T23:08:11.632447Z  INFO mq_bench::roles::subscriber: Connected via transport engine=Nats
2026-06-29T23:08:11.634938Z  INFO async_nats::connector: connected successfully server=4222 max_payload=10485760
2026-06-29T23:08:11.635053Z  INFO async_nats: event: connected
2026-06-29T23:08:11.635056Z  INFO mq_bench::roles::subscriber: Subscribed to key expression key=topic_0
2026-06-29T23:08:18.299877Z  INFO mq_bench::roles::subscriber: Starting subscriber engine=Nats key=topic_0 endpoint=None crash_enabled=false
2026-06-29T23:08:18.299918Z  INFO mq_bench::roles::subscriber: Connected via transport engine=Nats
2026-06-29T23:08:18.302453Z  INFO async_nats::connector: connected successfully server=4222 max_payload=10485760
2026-06-29T23:08:18.302591Z  INFO async_nats: event: connected
2026-06-29T23:08:18.302598Z  INFO mq_bench::roles::subscriber: Subscribed to key expression key=topic_0
