mq-bench starting with run_id: auto
Writing CSV output to: artifacts/fanout_bursty_20260629_230718_nats_p64_s1000_u10_bursty/fanout_singlesite/sub_7_8.csv
2026-06-29T23:07:18.560167Z  INFO mq_bench::roles::subscriber: Starting subscriber engine=Nats key=topic_7 endpoint=None crash_enabled=false
2026-06-29T23:07:18.560230Z  INFO mq_bench::roles::subscriber: Connected via transport engine=Nats
2026-06-29T23:07:18.562497Z  INFO async_nats::connector: connected successfully server=4222 max_payload=10485760
2026-06-29T23:07:18.562549Z  INFO mq_bench::roles::subscriber: Subscribed to key expression key=topic_7
2026-06-29T23:07:18.562555Z  INFO async_nats: event: connected
2026-06-29T23:07:25.228235Z  INFO mq_bench::roles::subscriber: Starting subscriber engine=Nats key=topic_7 endpoint=None crash_enabled=false
2026-06-29T23:07:25.228305Z  INFO mq_bench::roles::subscriber: Connected via transport engine=Nats
2026-06-29T23:07:25.230694Z  INFO async_nats::connector: connected successfully server=4222 max_payload=10485760
2026-06-29T23:07:25.230788Z  INFO mq_bench::roles::subscriber: Subscribed to key expression key=topic_7
2026-06-29T23:07:25.230795Z  INFO async_nats: event: connected
2026-06-29T23:07:31.896003Z  INFO mq_bench::roles::subscriber: Starting subscriber engine=Nats key=topic_7 endpoint=None crash_enabled=false
2026-06-29T23:07:31.896048Z  INFO mq_bench::roles::subscriber: Connected via transport engine=Nats
2026-06-29T23:07:31.898272Z  INFO async_nats::connector: connected successfully server=4222 max_payload=10485760
2026-06-29T23:07:31.898360Z  INFO mq_bench::roles::subscriber: Subscribed to key expression key=topic_7
2026-06-29T23:07:31.898369Z  INFO async_nats: event: connected
2026-06-29T23:07:38.563583Z  INFO mq_bench::roles::subscriber: Starting subscriber engine=Nats key=topic_7 endpoint=None crash_enabled=false
2026-06-29T23:07:38.563655Z  INFO mq_bench::roles::subscriber: Connected via transport engine=Nats
2026-06-29T23:07:38.565943Z  INFO async_nats::connector: connected successfully server=4222 max_payload=10485760
2026-06-29T23:07:38.566052Z  INFO mq_bench::roles::subscriber: Subscribed to key expression key=topic_7
2026-06-29T23:07:38.566056Z  INFO async_nats: event: connected
2026-06-29T23:07:45.231292Z  INFO mq_bench::roles::subscriber: Starting subscriber engine=Nats key=topic_7 endpoint=None crash_enabled=false
2026-06-29T23:07:45.231338Z  INFO mq_bench::roles::subscriber: Connected via transport engine=Nats
2026-06-29T23:07:45.233549Z  INFO async_nats::connector: connected successfully server=4222 max_payload=10485760
2026-06-29T23:07:45.233649Z  INFO mq_bench::roles::subscriber: Subscribed to key expression key=topic_7
2026-06-29T23:07:45.233654Z  INFO async_nats: event: connected
2026-06-29T23:07:51.898730Z  INFO mq_bench::roles::subscriber: Starting subscriber engine=Nats key=topic_7 endpoint=None crash_enabled=false
2026-06-29T23:07:51.898777Z  INFO mq_bench::roles::subscriber: Connected via transport engine=Nats
2026-06-29T23:07:51.900936Z  INFO async_nats::connector: connected successfully server=4222 max_payload=10485760
2026-06-29T23:07:51.901044Z  INFO async_nats: event: connected
2026-06-29T23:07:51.901054Z  INFO mq_bench::roles::subscriber: Subscribed to key expression key=topic_7
2026-06-29T23:07:58.566536Z  INFO mq_bench::roles::subscriber: Starting subscriber engine=Nats key=topic_7 endpoint=None crash_enabled=false
2026-06-29T23:07:58.566585Z  INFO mq_bench::roles::subscriber: Connected via transport engine=Nats
2026-06-29T23:07:58.568830Z  INFO async_nats::connector: connected successfully server=4222 max_payload=10485760
2026-06-29T23:07:58.568932Z  INFO async_nats: event: connected
2026-06-29T23:07:58.568939Z  INFO mq_bench::roles::subscriber: Subscribed to key expression key=topic_7
2026-06-29T23:08:05.234814Z  INFO mq_bench::roles::subscriber: Starting subscriber engine=Nats key=topic_7 endpoint=None crash_enabled=false
2026-06-29T23:08:05.234863Z  INFO mq_bench::roles::subscriber: Connected via transport engine=Nats
2026-06-29T23:08:05.236993Z  INFO async_nats::connector: connected successfully server=4222 max_payload=10485760
2026-06-29T23:08:05.237110Z  INFO async_nats: event: connected
2026-06-29T23:08:05.237112Z  INFO mq_bench::roles::subscriber: Subscribed to key expression key=topic_7
2026-06-29T23:08:11.903076Z  INFO mq_bench::roles::subscriber: Starting subscriber engine=Nats key=topic_7 endpoint=None crash_enabled=false
2026-06-29T23:08:11.903125Z  INFO mq_bench::roles::subscriber: Connected via transport engine=Nats
2026-06-29T23:08:11.905328Z  INFO async_nats::connector: connected successfully server=4222 max_payload=10485760
2026-06-29T23:08:11.905416Z  INFO mq_bench::roles::subscriber: Subscribed to key expression key=topic_7
2026-06-29T23:08:11.905426Z  INFO async_nats: event: connected
2026-06-29T23:08:18.570434Z  INFO mq_bench::roles::subscriber: Starting subscriber engine=Nats key=topic_7 endpoint=None crash_enabled=false
2026-06-29T23:08:18.570478Z  INFO mq_bench::roles::subscriber: Connected via transport engine=Nats
2026-06-29T23:08:18.572876Z  INFO async_nats::connector: connected successfully server=4222 max_payload=10485760
2026-06-29T23:08:18.572974Z  INFO mq_bench::roles::subscriber: Subscribed to key expression key=topic_7
2026-06-29T23:08:18.572981Z  INFO async_nats: event: connected
