mq-bench starting with run_id: auto
Writing CSV output to: artifacts/fanout_bursty_20260629_230718_nats_p64_s1000_u10_bursty/fanout_singlesite/sub_8_6.csv
2026-06-29T23:07:18.592156Z  INFO mq_bench::roles::subscriber: Starting subscriber engine=Nats key=topic_8 endpoint=None crash_enabled=false
2026-06-29T23:07:18.592206Z  INFO mq_bench::roles::subscriber: Connected via transport engine=Nats
2026-06-29T23:07:18.594415Z  INFO async_nats::connector: connected successfully server=4222 max_payload=10485760
2026-06-29T23:07:18.594461Z  INFO mq_bench::roles::subscriber: Subscribed to key expression key=topic_8
2026-06-29T23:07:18.594466Z  INFO async_nats: event: connected
2026-06-29T23:07:25.260371Z  INFO mq_bench::roles::subscriber: Starting subscriber engine=Nats key=topic_8 endpoint=None crash_enabled=false
2026-06-29T23:07:25.260428Z  INFO mq_bench::roles::subscriber: Connected via transport engine=Nats
2026-06-29T23:07:25.263267Z  INFO async_nats::connector: connected successfully server=4222 max_payload=10485760
2026-06-29T23:07:25.263357Z  INFO mq_bench::roles::subscriber: Subscribed to key expression key=topic_8
2026-06-29T23:07:25.263366Z  INFO async_nats: event: connected
2026-06-29T23:07:31.928160Z  INFO mq_bench::roles::subscriber: Starting subscriber engine=Nats key=topic_8 endpoint=None crash_enabled=false
2026-06-29T23:07:31.928237Z  INFO mq_bench::roles::subscriber: Connected via transport engine=Nats
2026-06-29T23:07:31.930320Z  INFO async_nats::connector: connected successfully server=4222 max_payload=10485760
2026-06-29T23:07:31.930422Z  INFO mq_bench::roles::subscriber: Subscribed to key expression key=topic_8
2026-06-29T23:07:31.930428Z  INFO async_nats: event: connected
2026-06-29T23:07:38.595780Z  INFO mq_bench::roles::subscriber: Starting subscriber engine=Nats key=topic_8 endpoint=None crash_enabled=false
2026-06-29T23:07:38.595822Z  INFO mq_bench::roles::subscriber: Connected via transport engine=Nats
2026-06-29T23:07:38.598221Z  INFO async_nats::connector: connected successfully server=4222 max_payload=10485760
2026-06-29T23:07:38.598324Z  INFO async_nats: event: connected
2026-06-29T23:07:38.598325Z  INFO mq_bench::roles::subscriber: Subscribed to key expression key=topic_8
2026-06-29T23:07:45.262877Z  INFO mq_bench::roles::subscriber: Starting subscriber engine=Nats key=topic_8 endpoint=None crash_enabled=false
2026-06-29T23:07:45.262930Z  INFO mq_bench::roles::subscriber: Connected via transport engine=Nats
2026-06-29T23:07:45.265237Z  INFO async_nats::connector: connected successfully server=4222 max_payload=10485760
2026-06-29T23:07:45.265337Z  INFO async_nats: event: connected
2026-06-29T23:07:45.265346Z  INFO mq_bench::roles::subscriber: Subscribed to key expression key=topic_8
2026-06-29T23:07:51.931391Z  INFO mq_bench::roles::subscriber: Starting subscriber engine=Nats key=topic_8 endpoint=None crash_enabled=false
2026-06-29T23:07:51.931437Z  INFO mq_bench::roles::subscriber: Connected via transport engine=Nats
2026-06-29T23:07:51.932955Z  INFO async_nats::connector: connected successfully server=4222 max_payload=10485760
2026-06-29T23:07:51.933045Z  INFO mq_bench::roles::subscriber: Subscribed to key expression key=topic_8
2026-06-29T23:07:51.933054Z  INFO async_nats: event: connected
2026-06-29T23:07:58.598912Z  INFO mq_bench::roles::subscriber: Starting subscriber engine=Nats key=topic_8 endpoint=None crash_enabled=false
2026-06-29T23:07:58.598955Z  INFO mq_bench::roles::subscriber: Connected via transport engine=Nats
2026-06-29T23:07:58.601172Z  INFO async_nats::connector: connected successfully server=4222 max_payload=10485760
2026-06-29T23:07:58.601270Z  INFO mq_bench::roles::subscriber: Subscribed to key expression key=topic_8
2026-06-29T23:07:58.601278Z  INFO async_nats: event: connected
2026-06-29T23:08:05.266931Z  INFO mq_bench::roles::subscriber: Starting subscriber engine=Nats key=topic_8 endpoint=None crash_enabled=false
2026-06-29T23:08:05.266982Z  INFO mq_bench::roles::subscriber: Connected via transport engine=Nats
2026-06-29T23:08:05.269187Z  INFO async_nats::connector: connected successfully server=4222 max_payload=10485760
2026-06-29T23:08:05.269320Z  INFO mq_bench::roles::subscriber: Subscribed to key expression key=topic_8
2026-06-29T23:08:05.269326Z  INFO async_nats: event: connected
2026-06-29T23:08:11.934694Z  INFO mq_bench::roles::subscriber: Starting subscriber engine=Nats key=topic_8 endpoint=None crash_enabled=false
2026-06-29T23:08:11.934745Z  INFO mq_bench::roles::subscriber: Connected via transport engine=Nats
2026-06-29T23:08:11.937464Z  INFO async_nats::connector: connected successfully server=4222 max_payload=10485760
2026-06-29T23:08:11.937563Z  INFO async_nats: event: connected
2026-06-29T23:08:11.937563Z  INFO mq_bench::roles::subscriber: Subscribed to key expression key=topic_8
2026-06-29T23:08:18.601972Z  INFO mq_bench::roles::subscriber: Starting subscriber engine=Nats key=topic_8 endpoint=None crash_enabled=false
2026-06-29T23:08:18.602013Z  INFO mq_bench::roles::subscriber: Connected via transport engine=Nats
2026-06-29T23:08:18.604282Z  INFO async_nats::connector: connected successfully server=4222 max_payload=10485760
2026-06-29T23:08:18.604385Z  INFO async_nats: event: connected
2026-06-29T23:08:18.604385Z  INFO mq_bench::roles::subscriber: Subscribed to key expression key=topic_8
