mq-bench starting with run_id: auto
Writing CSV output to: artifacts/fanout_bursty_20260629_230718_nats_p64_s1000_u10_bursty/fanout_singlesite/sub_6_3.csv
2026-06-29T23:07:18.500415Z  INFO mq_bench::roles::subscriber: Starting subscriber engine=Nats key=topic_6 endpoint=None crash_enabled=false
2026-06-29T23:07:18.500467Z  INFO mq_bench::roles::subscriber: Connected via transport engine=Nats
2026-06-29T23:07:18.502885Z  INFO async_nats::connector: connected successfully server=4222 max_payload=10485760
2026-06-29T23:07:18.502932Z  INFO mq_bench::roles::subscriber: Subscribed to key expression key=topic_6
2026-06-29T23:07:18.502933Z  INFO async_nats: event: connected
2026-06-29T23:07:25.168807Z  INFO mq_bench::roles::subscriber: Starting subscriber engine=Nats key=topic_6 endpoint=None crash_enabled=false
2026-06-29T23:07:25.168865Z  INFO mq_bench::roles::subscriber: Connected via transport engine=Nats
2026-06-29T23:07:25.171319Z  INFO async_nats::connector: connected successfully server=4222 max_payload=10485760
2026-06-29T23:07:25.171405Z  INFO mq_bench::roles::subscriber: Subscribed to key expression key=topic_6
2026-06-29T23:07:25.171411Z  INFO async_nats: event: connected
2026-06-29T23:07:31.836406Z  INFO mq_bench::roles::subscriber: Starting subscriber engine=Nats key=topic_6 endpoint=None crash_enabled=false
2026-06-29T23:07:31.836457Z  INFO mq_bench::roles::subscriber: Connected via transport engine=Nats
2026-06-29T23:07:31.838785Z  INFO async_nats::connector: connected successfully server=4222 max_payload=10485760
2026-06-29T23:07:31.838880Z  INFO mq_bench::roles::subscriber: Subscribed to key expression key=topic_6
2026-06-29T23:07:31.838884Z  INFO async_nats: event: connected
2026-06-29T23:07:38.504610Z  INFO mq_bench::roles::subscriber: Starting subscriber engine=Nats key=topic_6 endpoint=None crash_enabled=false
2026-06-29T23:07:38.504658Z  INFO mq_bench::roles::subscriber: Connected via transport engine=Nats
2026-06-29T23:07:38.506967Z  INFO async_nats::connector: connected successfully server=4222 max_payload=10485760
2026-06-29T23:07:38.507079Z  INFO async_nats: event: connected
2026-06-29T23:07:38.507081Z  INFO mq_bench::roles::subscriber: Subscribed to key expression key=topic_6
2026-06-29T23:07:45.172029Z  INFO mq_bench::roles::subscriber: Starting subscriber engine=Nats key=topic_6 endpoint=None crash_enabled=false
2026-06-29T23:07:45.172072Z  INFO mq_bench::roles::subscriber: Connected via transport engine=Nats
2026-06-29T23:07:45.174345Z  INFO async_nats::connector: connected successfully server=4222 max_payload=10485760
2026-06-29T23:07:45.174438Z  INFO async_nats: event: connected
2026-06-29T23:07:45.174436Z  INFO mq_bench::roles::subscriber: Subscribed to key expression key=topic_6
2026-06-29T23:07:51.840533Z  INFO mq_bench::roles::subscriber: Starting subscriber engine=Nats key=topic_6 endpoint=None crash_enabled=false
2026-06-29T23:07:51.840582Z  INFO mq_bench::roles::subscriber: Connected via transport engine=Nats
2026-06-29T23:07:51.842898Z  INFO async_nats::connector: connected successfully server=4222 max_payload=10485760
2026-06-29T23:07:51.842995Z  INFO mq_bench::roles::subscriber: Subscribed to key expression key=topic_6
2026-06-29T23:07:51.843000Z  INFO async_nats: event: connected
2026-06-29T23:07:58.508450Z  INFO mq_bench::roles::subscriber: Starting subscriber engine=Nats key=topic_6 endpoint=None crash_enabled=false
2026-06-29T23:07:58.508491Z  INFO mq_bench::roles::subscriber: Connected via transport engine=Nats
2026-06-29T23:07:58.510723Z  INFO async_nats::connector: connected successfully server=4222 max_payload=10485760
2026-06-29T23:07:58.510822Z  INFO mq_bench::roles::subscriber: Subscribed to key expression key=topic_6
2026-06-29T23:07:58.510827Z  INFO async_nats: event: connected
2026-06-29T23:08:05.176476Z  INFO mq_bench::roles::subscriber: Starting subscriber engine=Nats key=topic_6 endpoint=None crash_enabled=false
2026-06-29T23:08:05.176525Z  INFO mq_bench::roles::subscriber: Connected via transport engine=Nats
2026-06-29T23:08:05.178669Z  INFO async_nats::connector: connected successfully server=4222 max_payload=10485760
2026-06-29T23:08:05.178782Z  INFO async_nats: event: connected
2026-06-29T23:08:05.178783Z  INFO mq_bench::roles::subscriber: Subscribed to key expression key=topic_6
2026-06-29T23:08:11.844034Z  INFO mq_bench::roles::subscriber: Starting subscriber engine=Nats key=topic_6 endpoint=None crash_enabled=false
2026-06-29T23:08:11.844107Z  INFO mq_bench::roles::subscriber: Connected via transport engine=Nats
2026-06-29T23:08:11.846278Z  INFO async_nats::connector: connected successfully server=4222 max_payload=10485760
2026-06-29T23:08:11.846376Z  INFO mq_bench::roles::subscriber: Subscribed to key expression key=topic_6
2026-06-29T23:08:11.846384Z  INFO async_nats: event: connected
2026-06-29T23:08:18.511918Z  INFO mq_bench::roles::subscriber: Starting subscriber engine=Nats key=topic_6 endpoint=None crash_enabled=false
2026-06-29T23:08:18.511963Z  INFO mq_bench::roles::subscriber: Connected via transport engine=Nats
2026-06-29T23:08:18.514103Z  INFO async_nats::connector: connected successfully server=4222 max_payload=10485760
2026-06-29T23:08:18.514215Z  INFO mq_bench::roles::subscriber: Subscribed to key expression key=topic_6
2026-06-29T23:08:18.514236Z  INFO async_nats: event: connected
