mq-bench starting with run_id: auto
Writing CSV output to: artifacts/fanout_bursty_20260629_230718_nats_p64_s1000_u10_bursty/fanout_singlesite/sub_5_1.csv
2026-06-29T23:07:18.454674Z  INFO mq_bench::roles::subscriber: Starting subscriber engine=Nats key=topic_5 endpoint=None crash_enabled=false
2026-06-29T23:07:18.454726Z  INFO mq_bench::roles::subscriber: Connected via transport engine=Nats
2026-06-29T23:07:18.457395Z  INFO async_nats::connector: connected successfully server=4222 max_payload=10485760
2026-06-29T23:07:18.457439Z  INFO mq_bench::roles::subscriber: Subscribed to key expression key=topic_5
2026-06-29T23:07:18.457442Z  INFO async_nats: event: connected
2026-06-29T23:07:25.122529Z  INFO mq_bench::roles::subscriber: Starting subscriber engine=Nats key=topic_5 endpoint=None crash_enabled=false
2026-06-29T23:07:25.122580Z  INFO mq_bench::roles::subscriber: Connected via transport engine=Nats
2026-06-29T23:07:25.124975Z  INFO async_nats::connector: connected successfully server=4222 max_payload=10485760
2026-06-29T23:07:25.125071Z  INFO mq_bench::roles::subscriber: Subscribed to key expression key=topic_5
2026-06-29T23:07:25.125076Z  INFO async_nats: event: connected
2026-06-29T23:07:31.790164Z  INFO mq_bench::roles::subscriber: Starting subscriber engine=Nats key=topic_5 endpoint=None crash_enabled=false
2026-06-29T23:07:31.790256Z  INFO mq_bench::roles::subscriber: Connected via transport engine=Nats
2026-06-29T23:07:31.792556Z  INFO async_nats::connector: connected successfully server=4222 max_payload=10485760
2026-06-29T23:07:31.792643Z  INFO mq_bench::roles::subscriber: Subscribed to key expression key=topic_5
2026-06-29T23:07:31.792648Z  INFO async_nats: event: connected
2026-06-29T23:07:38.457835Z  INFO mq_bench::roles::subscriber: Starting subscriber engine=Nats key=topic_5 endpoint=None crash_enabled=false
2026-06-29T23:07:38.457877Z  INFO mq_bench::roles::subscriber: Connected via transport engine=Nats
2026-06-29T23:07:38.460999Z  INFO async_nats::connector: connected successfully server=4222 max_payload=10485760
2026-06-29T23:07:38.461110Z  INFO mq_bench::roles::subscriber: Subscribed to key expression key=topic_5
2026-06-29T23:07:38.461112Z  INFO async_nats: event: connected
2026-06-29T23:07:45.125365Z  INFO mq_bench::roles::subscriber: Starting subscriber engine=Nats key=topic_5 endpoint=None crash_enabled=false
2026-06-29T23:07:45.125418Z  INFO mq_bench::roles::subscriber: Connected via transport engine=Nats
2026-06-29T23:07:45.127658Z  INFO async_nats::connector: connected successfully server=4222 max_payload=10485760
2026-06-29T23:07:45.127751Z  INFO mq_bench::roles::subscriber: Subscribed to key expression key=topic_5
2026-06-29T23:07:45.127758Z  INFO async_nats: event: connected
2026-06-29T23:07:51.793836Z  INFO mq_bench::roles::subscriber: Starting subscriber engine=Nats key=topic_5 endpoint=None crash_enabled=false
2026-06-29T23:07:51.793880Z  INFO mq_bench::roles::subscriber: Connected via transport engine=Nats
2026-06-29T23:07:51.796116Z  INFO async_nats::connector: connected successfully server=4222 max_payload=10485760
2026-06-29T23:07:51.796226Z  INFO mq_bench::roles::subscriber: Subscribed to key expression key=topic_5
2026-06-29T23:07:51.796240Z  INFO async_nats: event: connected
2026-06-29T23:07:58.461630Z  INFO mq_bench::roles::subscriber: Starting subscriber engine=Nats key=topic_5 endpoint=None crash_enabled=false
2026-06-29T23:07:58.461687Z  INFO mq_bench::roles::subscriber: Connected via transport engine=Nats
2026-06-29T23:07:58.464023Z  INFO async_nats::connector: connected successfully server=4222 max_payload=10485760
2026-06-29T23:07:58.464109Z  INFO mq_bench::roles::subscriber: Subscribed to key expression key=topic_5
2026-06-29T23:07:58.464114Z  INFO async_nats: event: connected
2026-06-29T23:08:05.130029Z  INFO mq_bench::roles::subscriber: Starting subscriber engine=Nats key=topic_5 endpoint=None crash_enabled=false
2026-06-29T23:08:05.130079Z  INFO mq_bench::roles::subscriber: Connected via transport engine=Nats
2026-06-29T23:08:05.132193Z  INFO async_nats::connector: connected successfully server=4222 max_payload=10485760
2026-06-29T23:08:05.132342Z  INFO async_nats: event: connected
2026-06-29T23:08:05.132345Z  INFO mq_bench::roles::subscriber: Subscribed to key expression key=topic_5
2026-06-29T23:08:11.798002Z  INFO mq_bench::roles::subscriber: Starting subscriber engine=Nats key=topic_5 endpoint=None crash_enabled=false
2026-06-29T23:08:11.798048Z  INFO mq_bench::roles::subscriber: Connected via transport engine=Nats
2026-06-29T23:08:11.800500Z  INFO async_nats::connector: connected successfully server=4222 max_payload=10485760
2026-06-29T23:08:11.800595Z  INFO mq_bench::roles::subscriber: Subscribed to key expression key=topic_5
2026-06-29T23:08:11.800603Z  INFO async_nats: event: connected
2026-06-29T23:08:18.465574Z  INFO mq_bench::roles::subscriber: Starting subscriber engine=Nats key=topic_5 endpoint=None crash_enabled=false
2026-06-29T23:08:18.465619Z  INFO mq_bench::roles::subscriber: Connected via transport engine=Nats
2026-06-29T23:08:18.467807Z  INFO async_nats::connector: connected successfully server=4222 max_payload=10485760
2026-06-29T23:08:18.467903Z  INFO mq_bench::roles::subscriber: Subscribed to key expression key=topic_5
2026-06-29T23:08:18.467911Z  INFO async_nats: event: connected
