mq-bench starting with run_id: auto
Writing CSV output to: artifacts/fanout_bursty_20260629_230718_nats_p64_s1000_u10_bursty/fanout_singlesite/sub_5_6.csv
2026-06-29T23:07:18.473153Z  INFO mq_bench::roles::subscriber: Starting subscriber engine=Nats key=topic_5 endpoint=None crash_enabled=false
2026-06-29T23:07:18.473212Z  INFO mq_bench::roles::subscriber: Connected via transport engine=Nats
2026-06-29T23:07:18.476131Z  INFO async_nats::connector: connected successfully server=4222 max_payload=10485760
2026-06-29T23:07:18.476179Z  INFO mq_bench::roles::subscriber: Subscribed to key expression key=topic_5
2026-06-29T23:07:18.476182Z  INFO async_nats: event: connected
2026-06-29T23:07:25.140824Z  INFO mq_bench::roles::subscriber: Starting subscriber engine=Nats key=topic_5 endpoint=None crash_enabled=false
2026-06-29T23:07:25.140903Z  INFO mq_bench::roles::subscriber: Connected via transport engine=Nats
2026-06-29T23:07:25.143230Z  INFO async_nats::connector: connected successfully server=4222 max_payload=10485760
2026-06-29T23:07:25.143318Z  INFO mq_bench::roles::subscriber: Subscribed to key expression key=topic_5
2026-06-29T23:07:25.143323Z  INFO async_nats: event: connected
2026-06-29T23:07:31.808406Z  INFO mq_bench::roles::subscriber: Starting subscriber engine=Nats key=topic_5 endpoint=None crash_enabled=false
2026-06-29T23:07:31.808452Z  INFO mq_bench::roles::subscriber: Connected via transport engine=Nats
2026-06-29T23:07:31.810632Z  INFO async_nats::connector: connected successfully server=4222 max_payload=10485760
2026-06-29T23:07:31.810730Z  INFO async_nats: event: connected
2026-06-29T23:07:31.810733Z  INFO mq_bench::roles::subscriber: Subscribed to key expression key=topic_5
2026-06-29T23:07:38.476717Z  INFO mq_bench::roles::subscriber: Starting subscriber engine=Nats key=topic_5 endpoint=None crash_enabled=false
2026-06-29T23:07:38.476787Z  INFO mq_bench::roles::subscriber: Connected via transport engine=Nats
2026-06-29T23:07:38.478831Z  INFO async_nats::connector: connected successfully server=4222 max_payload=10485760
2026-06-29T23:07:38.478925Z  INFO mq_bench::roles::subscriber: Subscribed to key expression key=topic_5
2026-06-29T23:07:38.478935Z  INFO async_nats: event: connected
2026-06-29T23:07:45.144923Z  INFO mq_bench::roles::subscriber: Starting subscriber engine=Nats key=topic_5 endpoint=None crash_enabled=false
2026-06-29T23:07:45.144970Z  INFO mq_bench::roles::subscriber: Connected via transport engine=Nats
2026-06-29T23:07:45.147130Z  INFO async_nats::connector: connected successfully server=4222 max_payload=10485760
2026-06-29T23:07:45.147233Z  INFO mq_bench::roles::subscriber: Subscribed to key expression key=topic_5
2026-06-29T23:07:45.147238Z  INFO async_nats: event: connected
2026-06-29T23:07:51.812734Z  INFO mq_bench::roles::subscriber: Starting subscriber engine=Nats key=topic_5 endpoint=None crash_enabled=false
2026-06-29T23:07:51.812776Z  INFO mq_bench::roles::subscriber: Connected via transport engine=Nats
2026-06-29T23:07:51.813851Z  INFO async_nats::connector: connected successfully server=4222 max_payload=10485760
2026-06-29T23:07:51.813924Z  INFO mq_bench::roles::subscriber: Subscribed to key expression key=topic_5
2026-06-29T23:07:51.813932Z  INFO async_nats: event: connected
2026-06-29T23:07:58.480714Z  INFO mq_bench::roles::subscriber: Starting subscriber engine=Nats key=topic_5 endpoint=None crash_enabled=false
2026-06-29T23:07:58.480761Z  INFO mq_bench::roles::subscriber: Connected via transport engine=Nats
2026-06-29T23:07:58.482942Z  INFO async_nats::connector: connected successfully server=4222 max_payload=10485760
2026-06-29T23:07:58.483048Z  INFO async_nats: event: connected
2026-06-29T23:07:58.483051Z  INFO mq_bench::roles::subscriber: Subscribed to key expression key=topic_5
2026-06-29T23:08:05.148298Z  INFO mq_bench::roles::subscriber: Starting subscriber engine=Nats key=topic_5 endpoint=None crash_enabled=false
2026-06-29T23:08:05.148346Z  INFO mq_bench::roles::subscriber: Connected via transport engine=Nats
2026-06-29T23:08:05.150524Z  INFO async_nats::connector: connected successfully server=4222 max_payload=10485760
2026-06-29T23:08:05.150641Z  INFO mq_bench::roles::subscriber: Subscribed to key expression key=topic_5
2026-06-29T23:08:05.150647Z  INFO async_nats: event: connected
2026-06-29T23:08:11.816786Z  INFO mq_bench::roles::subscriber: Starting subscriber engine=Nats key=topic_5 endpoint=None crash_enabled=false
2026-06-29T23:08:11.816835Z  INFO mq_bench::roles::subscriber: Connected via transport engine=Nats
2026-06-29T23:08:11.819042Z  INFO async_nats::connector: connected successfully server=4222 max_payload=10485760
2026-06-29T23:08:11.819142Z  INFO async_nats: event: connected
2026-06-29T23:08:11.819142Z  INFO mq_bench::roles::subscriber: Subscribed to key expression key=topic_5
2026-06-29T23:08:18.484600Z  INFO mq_bench::roles::subscriber: Starting subscriber engine=Nats key=topic_5 endpoint=None crash_enabled=false
2026-06-29T23:08:18.484638Z  INFO mq_bench::roles::subscriber: Connected via transport engine=Nats
2026-06-29T23:08:18.486889Z  INFO async_nats::connector: connected successfully server=4222 max_payload=10485760
2026-06-29T23:08:18.486994Z  INFO async_nats: event: connected
2026-06-29T23:08:18.487002Z  INFO mq_bench::roles::subscriber: Subscribed to key expression key=topic_5
