mq-bench starting with run_id: auto
Writing CSV output to: artifacts/fanout_bursty_20260629_230718_nats_p64_s1000_u10_bursty/fanout_singlesite/sub_6_2.csv
2026-06-29T23:07:18.496724Z  INFO mq_bench::roles::subscriber: Starting subscriber engine=Nats key=topic_6 endpoint=None crash_enabled=false
2026-06-29T23:07:18.496768Z  INFO mq_bench::roles::subscriber: Connected via transport engine=Nats
2026-06-29T23:07:18.498898Z  INFO async_nats::connector: connected successfully server=4222 max_payload=10485760
2026-06-29T23:07:18.498949Z  INFO mq_bench::roles::subscriber: Subscribed to key expression key=topic_6
2026-06-29T23:07:18.498951Z  INFO async_nats: event: connected
2026-06-29T23:07:25.164850Z  INFO mq_bench::roles::subscriber: Starting subscriber engine=Nats key=topic_6 endpoint=None crash_enabled=false
2026-06-29T23:07:25.164921Z  INFO mq_bench::roles::subscriber: Connected via transport engine=Nats
2026-06-29T23:07:25.167061Z  INFO async_nats::connector: connected successfully server=4222 max_payload=10485760
2026-06-29T23:07:25.167154Z  INFO mq_bench::roles::subscriber: Subscribed to key expression key=topic_6
2026-06-29T23:07:25.167157Z  INFO async_nats: event: connected
2026-06-29T23:07:31.832416Z  INFO mq_bench::roles::subscriber: Starting subscriber engine=Nats key=topic_6 endpoint=None crash_enabled=false
2026-06-29T23:07:31.832487Z  INFO mq_bench::roles::subscriber: Connected via transport engine=Nats
2026-06-29T23:07:31.834540Z  INFO async_nats::connector: connected successfully server=4222 max_payload=10485760
2026-06-29T23:07:31.834649Z  INFO mq_bench::roles::subscriber: Subscribed to key expression key=topic_6
2026-06-29T23:07:31.834655Z  INFO async_nats: event: connected
2026-06-29T23:07:38.499890Z  INFO mq_bench::roles::subscriber: Starting subscriber engine=Nats key=topic_6 endpoint=None crash_enabled=false
2026-06-29T23:07:38.499935Z  INFO mq_bench::roles::subscriber: Connected via transport engine=Nats
2026-06-29T23:07:38.502082Z  INFO async_nats::connector: connected successfully server=4222 max_payload=10485760
2026-06-29T23:07:38.502173Z  INFO async_nats: event: connected
2026-06-29T23:07:38.502183Z  INFO mq_bench::roles::subscriber: Subscribed to key expression key=topic_6
2026-06-29T23:07:45.167858Z  INFO mq_bench::roles::subscriber: Starting subscriber engine=Nats key=topic_6 endpoint=None crash_enabled=false
2026-06-29T23:07:45.167905Z  INFO mq_bench::roles::subscriber: Connected via transport engine=Nats
2026-06-29T23:07:45.170050Z  INFO async_nats::connector: connected successfully server=4222 max_payload=10485760
2026-06-29T23:07:45.170151Z  INFO async_nats: event: connected
2026-06-29T23:07:45.170153Z  INFO mq_bench::roles::subscriber: Subscribed to key expression key=topic_6
2026-06-29T23:07:51.835459Z  INFO mq_bench::roles::subscriber: Starting subscriber engine=Nats key=topic_6 endpoint=None crash_enabled=false
2026-06-29T23:07:51.835508Z  INFO mq_bench::roles::subscriber: Connected via transport engine=Nats
2026-06-29T23:07:51.837874Z  INFO async_nats::connector: connected successfully server=4222 max_payload=10485760
2026-06-29T23:07:51.837962Z  INFO mq_bench::roles::subscriber: Subscribed to key expression key=topic_6
2026-06-29T23:07:51.837966Z  INFO async_nats: event: connected
2026-06-29T23:07:58.502974Z  INFO mq_bench::roles::subscriber: Starting subscriber engine=Nats key=topic_6 endpoint=None crash_enabled=false
2026-06-29T23:07:58.503016Z  INFO mq_bench::roles::subscriber: Connected via transport engine=Nats
2026-06-29T23:07:58.505147Z  INFO async_nats::connector: connected successfully server=4222 max_payload=10485760
2026-06-29T23:07:58.505262Z  INFO mq_bench::roles::subscriber: Subscribed to key expression key=topic_6
2026-06-29T23:07:58.505266Z  INFO async_nats: event: connected
2026-06-29T23:08:05.170577Z  INFO mq_bench::roles::subscriber: Starting subscriber engine=Nats key=topic_6 endpoint=None crash_enabled=false
2026-06-29T23:08:05.170620Z  INFO mq_bench::roles::subscriber: Connected via transport engine=Nats
2026-06-29T23:08:05.172788Z  INFO async_nats::connector: connected successfully server=4222 max_payload=10485760
2026-06-29T23:08:05.172896Z  INFO mq_bench::roles::subscriber: Subscribed to key expression key=topic_6
2026-06-29T23:08:05.172902Z  INFO async_nats: event: connected
2026-06-29T23:08:11.838499Z  INFO mq_bench::roles::subscriber: Starting subscriber engine=Nats key=topic_6 endpoint=None crash_enabled=false
2026-06-29T23:08:11.838546Z  INFO mq_bench::roles::subscriber: Connected via transport engine=Nats
2026-06-29T23:08:11.841088Z  INFO async_nats::connector: connected successfully server=4222 max_payload=10485760
2026-06-29T23:08:11.841181Z  INFO mq_bench::roles::subscriber: Subscribed to key expression key=topic_6
2026-06-29T23:08:11.841184Z  INFO async_nats: event: connected
2026-06-29T23:08:18.505936Z  INFO mq_bench::roles::subscriber: Starting subscriber engine=Nats key=topic_6 endpoint=None crash_enabled=false
2026-06-29T23:08:18.505978Z  INFO mq_bench::roles::subscriber: Connected via transport engine=Nats
2026-06-29T23:08:18.508117Z  INFO async_nats::connector: connected successfully server=4222 max_payload=10485760
2026-06-29T23:08:18.508228Z  INFO async_nats: event: connected
2026-06-29T23:08:18.508227Z  INFO mq_bench::roles::subscriber: Subscribed to key expression key=topic_6
