mq-bench starting with run_id: auto
Writing CSV output to: artifacts/fanout_bursty_20260611_233726_zenoh_p256_s1000_u10_bursty/fanout_singlesite/pub_1.csv
2026-06-11T23:38:27.222434Z  INFO mq_bench::roles::publisher: Starting publisher engine=Zenoh key=topic_1 payload_size=256 rate=None rate_profile=Some(RateProfile { phases: [RatePhase { name: "warmup", duration: 60s, rate_per_sec: 20.0 }, RatePhase { name: "baseline", duration: 60s, rate_per_sec: 20.0 }, RatePhase { name: "burst", duration: 120s, rate_per_sec: 1000.0 }, RatePhase { name: "recovery", duration: 90s, rate_per_sec: 20.0 }, RatePhase { name: "burst", duration: 120s, rate_per_sec: 2000.0 }, RatePhase { name: "recovery", duration: 90s, rate_per_sec: 20.0 }, RatePhase { name: "burst", duration: 120s, rate_per_sec: 3000.0 }, RatePhase { name: "recovery", duration: 90s, rate_per_sec: 20.0 }, RatePhase { name: "burst", duration: 120s, rate_per_sec: 4000.0 }, RatePhase { name: "recovery", duration: 90s, rate_per_sec: 20.0 }, RatePhase { name: "burst", duration: 120s, rate_per_sec: 6000.0 }, RatePhase { name: "recovery", duration: 180s, rate_per_sec: 20.0 }], cumulative_ends: [60s, 120s, 240s, 330s, 450s, 540s, 660s, 750s, 870s, 960s, 1080s, 1260s] }) duration_secs=Some(1260) endpoint=Some("tcp/192.168.0.245:7447") crash_enabled=false sequence_start=0 sequence_step=1
2026-06-11T23:38:27.222805Z  INFO zenoh::net::runtime: Using ZID: 364c9aa4357ce61aa06afc270631444
2026-06-11T23:38:27.224766Z  INFO mq_bench::roles::publisher: Connected via transport engine=Zenoh
2026-06-11T23:38:27.224834Z  INFO mq_bench::roles::publisher: Publisher rate profile phase entered phase=warmup rate=20.0 elapsed_secs=0.002353472
2026-06-11T23:39:27.225480Z  INFO mq_bench::roles::publisher: Publisher rate profile phase entered phase=baseline rate=20.0 elapsed_secs=60.002995007
2026-06-11T23:40:27.227409Z  INFO mq_bench::roles::publisher: Publisher rate profile phase entered phase=burst rate=1000.0 elapsed_secs=120.004926431
2026-06-11T23:42:27.229322Z  INFO mq_bench::roles::publisher: Publisher rate profile phase entered phase=recovery rate=20.0 elapsed_secs=240.00682559
2026-06-11T23:43:57.230741Z  INFO mq_bench::roles::publisher: Publisher rate profile phase entered phase=burst rate=2000.0 elapsed_secs=330.008258133
2026-06-11T23:45:57.232188Z  INFO mq_bench::roles::publisher: Publisher rate profile phase entered phase=recovery rate=20.0 elapsed_secs=450.009688046
2026-06-11T23:47:27.232687Z  INFO mq_bench::roles::publisher: Publisher rate profile phase entered phase=burst rate=3000.0 elapsed_secs=540.010205214
2026-06-11T23:49:27.223562Z  INFO mq_bench::roles::publisher: Publisher rate profile phase entered phase=recovery rate=20.0 elapsed_secs=660.001061199
2026-06-11T23:50:57.225178Z  INFO mq_bench::roles::publisher: Publisher rate profile phase entered phase=burst rate=4000.0 elapsed_secs=750.002693007
2026-06-11T23:52:57.225621Z  INFO mq_bench::roles::publisher: Publisher rate profile phase entered phase=recovery rate=20.0 elapsed_secs=870.00313864
2026-06-11T23:54:27.227059Z  INFO mq_bench::roles::publisher: Publisher rate profile phase entered phase=burst rate=6000.0 elapsed_secs=960.004576148
2026-06-11T23:56:27.227845Z  INFO mq_bench::roles::publisher: Publisher rate profile phase entered phase=recovery rate=20.0 elapsed_secs=1080.005362474
2026-06-11T23:59:27.228922Z  INFO mq_bench::roles::publisher: Duration limit reached, stopping publisher
2026-06-11T23:59:27.228979Z  INFO zenoh::api::session: close session zid=364c9aa4357ce61aa06afc270631444
2026-06-11T23:59:27.233296Z  INFO mq_bench::roles::publisher: Final Publisher Statistics sent=1933194 errors=0 crashes=0 reconnects=0 avg_rate="1534.27" duration="1260.01s"
