mq-bench starting with run_id: auto
Writing CSV output to: artifacts/fanout_bursty_20260611_233726_zenoh_p256_s1000_u10_bursty/fanout_singlesite/pub_3.csv
2026-06-11T23:38:27.230582Z  INFO mq_bench::roles::publisher: Starting publisher engine=Zenoh key=topic_3 payload_size=256 rate=None rate_profile=Some(RateProfile { phases: [RatePhase { name: "warmup", duration: 60s, rate_per_sec: 20.0 }, RatePhase { name: "baseline", duration: 60s, rate_per_sec: 20.0 }, RatePhase { name: "burst", duration: 120s, rate_per_sec: 1000.0 }, RatePhase { name: "recovery", duration: 90s, rate_per_sec: 20.0 }, RatePhase { name: "burst", duration: 120s, rate_per_sec: 2000.0 }, RatePhase { name: "recovery", duration: 90s, rate_per_sec: 20.0 }, RatePhase { name: "burst", duration: 120s, rate_per_sec: 3000.0 }, RatePhase { name: "recovery", duration: 90s, rate_per_sec: 20.0 }, RatePhase { name: "burst", duration: 120s, rate_per_sec: 4000.0 }, RatePhase { name: "recovery", duration: 90s, rate_per_sec: 20.0 }, RatePhase { name: "burst", duration: 120s, rate_per_sec: 6000.0 }, RatePhase { name: "recovery", duration: 180s, rate_per_sec: 20.0 }], cumulative_ends: [60s, 120s, 240s, 330s, 450s, 540s, 660s, 750s, 870s, 960s, 1080s, 1260s] }) duration_secs=Some(1260) endpoint=Some("tcp/192.168.0.245:7447") crash_enabled=false sequence_start=0 sequence_step=1
2026-06-11T23:38:27.231093Z  INFO zenoh::net::runtime: Using ZID: e3de22c2962fdc49931eb749cd05eff9
2026-06-11T23:38:27.233513Z  INFO mq_bench::roles::publisher: Connected via transport engine=Zenoh
2026-06-11T23:38:27.233581Z  INFO mq_bench::roles::publisher: Publisher rate profile phase entered phase=warmup rate=20.0 elapsed_secs=0.002779992
2026-06-11T23:39:27.235240Z  INFO mq_bench::roles::publisher: Publisher rate profile phase entered phase=baseline rate=20.0 elapsed_secs=60.004433985
2026-06-11T23:40:27.236020Z  INFO mq_bench::roles::publisher: Publisher rate profile phase entered phase=burst rate=1000.0 elapsed_secs=120.005216861
2026-06-11T23:42:27.237424Z  INFO mq_bench::roles::publisher: Publisher rate profile phase entered phase=recovery rate=20.0 elapsed_secs=240.006580678
2026-06-11T23:43:57.238567Z  INFO mq_bench::roles::publisher: Publisher rate profile phase entered phase=burst rate=2000.0 elapsed_secs=330.007764272
2026-06-11T23:45:57.240133Z  INFO mq_bench::roles::publisher: Publisher rate profile phase entered phase=recovery rate=20.0 elapsed_secs=450.009309936
2026-06-11T23:47:27.240745Z  INFO mq_bench::roles::publisher: Publisher rate profile phase entered phase=burst rate=3000.0 elapsed_secs=540.009941753
2026-06-11T23:49:27.232284Z  INFO mq_bench::roles::publisher: Publisher rate profile phase entered phase=recovery rate=20.0 elapsed_secs=660.001461171
2026-06-11T23:50:57.232447Z  INFO mq_bench::roles::publisher: Publisher rate profile phase entered phase=burst rate=4000.0 elapsed_secs=750.001641645
2026-06-11T23:52:57.234032Z  INFO mq_bench::roles::publisher: Publisher rate profile phase entered phase=recovery rate=20.0 elapsed_secs=870.003229101
2026-06-11T23:54:27.234712Z  INFO mq_bench::roles::publisher: Publisher rate profile phase entered phase=burst rate=6000.0 elapsed_secs=960.003909049
2026-06-11T23:56:27.235753Z  INFO mq_bench::roles::publisher: Publisher rate profile phase entered phase=recovery rate=20.0 elapsed_secs=1080.004949918
2026-06-11T23:59:27.236955Z  INFO mq_bench::roles::publisher: Duration limit reached, stopping publisher
2026-06-11T23:59:27.237014Z  INFO zenoh::api::session: close session zid=e3de22c2962fdc49931eb749cd05eff9
2026-06-11T23:59:27.241590Z  INFO mq_bench::roles::publisher: Final Publisher Statistics sent=1933194 errors=0 crashes=0 reconnects=0 avg_rate="1534.27" duration="1260.01s"
