mq-bench starting with run_id: auto
Writing CSV output to: artifacts/fanout_bursty_20260617_203418_nats_p64_s1000_u10_bursty/fanout_singlesite/sub_8.csv
2026-06-17T20:34:18.957174Z  INFO mq_bench::roles::subscriber: Starting subscriber engine=Nats key=topic_8 endpoint=None crash_enabled=false
2026-06-17T20:34:18.957233Z  INFO mq_bench::roles::subscriber: Connected via transport engine=Nats
2026-06-17T20:34:18.959473Z  INFO async_nats::connector: connected successfully server=4222 max_payload=10485760
2026-06-17T20:34:18.959667Z  INFO mq_bench::roles::subscriber: Subscribed to key expression key=topic_8
2026-06-17T20:34:18.959668Z  INFO async_nats: event: connected
2026-06-17T20:34:19.564440Z  INFO mq_bench::roles::subscriber: Starting subscriber engine=Nats key=topic_8 endpoint=None crash_enabled=false
2026-06-17T20:34:19.564500Z  INFO mq_bench::roles::subscriber: Connected via transport engine=Nats
2026-06-17T20:34:19.566012Z  INFO async_nats::connector: connected successfully server=4222 max_payload=10485760
2026-06-17T20:34:19.566088Z  INFO mq_bench::roles::subscriber: Subscribed to key expression key=topic_8
2026-06-17T20:34:19.566089Z  INFO async_nats: event: connected
2026-06-17T20:34:20.170723Z  INFO mq_bench::roles::subscriber: Starting subscriber engine=Nats key=topic_8 endpoint=None crash_enabled=false
2026-06-17T20:34:20.170758Z  INFO mq_bench::roles::subscriber: Connected via transport engine=Nats
2026-06-17T20:34:20.173194Z  INFO async_nats::connector: connected successfully server=4222 max_payload=10485760
2026-06-17T20:34:20.173292Z  INFO mq_bench::roles::subscriber: Subscribed to key expression key=topic_8
2026-06-17T20:34:20.173301Z  INFO async_nats: event: connected
2026-06-17T20:34:20.778183Z  INFO mq_bench::roles::subscriber: Starting subscriber engine=Nats key=topic_8 endpoint=None crash_enabled=false
2026-06-17T20:34:20.778254Z  INFO mq_bench::roles::subscriber: Connected via transport engine=Nats
2026-06-17T20:34:20.780419Z  INFO async_nats::connector: connected successfully server=4222 max_payload=10485760
2026-06-17T20:34:20.780504Z  INFO mq_bench::roles::subscriber: Subscribed to key expression key=topic_8
2026-06-17T20:34:20.780505Z  INFO async_nats: event: connected
2026-06-17T20:34:21.385535Z  INFO mq_bench::roles::subscriber: Starting subscriber engine=Nats key=topic_8 endpoint=None crash_enabled=false
2026-06-17T20:34:21.385571Z  INFO mq_bench::roles::subscriber: Connected via transport engine=Nats
2026-06-17T20:34:21.387848Z  INFO async_nats::connector: connected successfully server=4222 max_payload=10485760
2026-06-17T20:34:21.387936Z  INFO mq_bench::roles::subscriber: Subscribed to key expression key=topic_8
2026-06-17T20:34:21.387941Z  INFO async_nats: event: connected
2026-06-17T20:34:21.993026Z  INFO mq_bench::roles::subscriber: Starting subscriber engine=Nats key=topic_8 endpoint=None crash_enabled=false
2026-06-17T20:34:21.993069Z  INFO mq_bench::roles::subscriber: Connected via transport engine=Nats
2026-06-17T20:34:22.005532Z  INFO async_nats::connector: connected successfully server=4222 max_payload=10485760
2026-06-17T20:34:22.005608Z  INFO mq_bench::roles::subscriber: Subscribed to key expression key=topic_8
2026-06-17T20:34:22.005608Z  INFO async_nats: event: connected
2026-06-17T20:34:22.600528Z  INFO mq_bench::roles::subscriber: Starting subscriber engine=Nats key=topic_8 endpoint=None crash_enabled=false
2026-06-17T20:34:22.600580Z  INFO mq_bench::roles::subscriber: Connected via transport engine=Nats
2026-06-17T20:34:22.602977Z  INFO async_nats::connector: connected successfully server=4222 max_payload=10485760
2026-06-17T20:34:22.603080Z  INFO mq_bench::roles::subscriber: Subscribed to key expression key=topic_8
2026-06-17T20:34:22.603087Z  INFO async_nats: event: connected
2026-06-17T20:34:23.208572Z  INFO mq_bench::roles::subscriber: Starting subscriber engine=Nats key=topic_8 endpoint=None crash_enabled=false
2026-06-17T20:34:23.208614Z  INFO mq_bench::roles::subscriber: Connected via transport engine=Nats
2026-06-17T20:34:23.210837Z  INFO async_nats::connector: connected successfully server=4222 max_payload=10485760
2026-06-17T20:34:23.210953Z  INFO async_nats: event: connected
2026-06-17T20:34:23.210955Z  INFO mq_bench::roles::subscriber: Subscribed to key expression key=topic_8
2026-06-17T20:34:23.816427Z  INFO mq_bench::roles::subscriber: Starting subscriber engine=Nats key=topic_8 endpoint=None crash_enabled=false
2026-06-17T20:34:23.816459Z  INFO mq_bench::roles::subscriber: Connected via transport engine=Nats
2026-06-17T20:34:23.818641Z  INFO async_nats::connector: connected successfully server=4222 max_payload=10485760
2026-06-17T20:34:23.818734Z  INFO mq_bench::roles::subscriber: Subscribed to key expression key=topic_8
2026-06-17T20:34:23.818737Z  INFO async_nats: event: connected
2026-06-17T20:34:24.423186Z  INFO mq_bench::roles::subscriber: Starting subscriber engine=Nats key=topic_8 endpoint=None crash_enabled=false
2026-06-17T20:34:24.423263Z  INFO mq_bench::roles::subscriber: Connected via transport engine=Nats
2026-06-17T20:34:24.426700Z  INFO async_nats::connector: connected successfully server=4222 max_payload=10485760
2026-06-17T20:34:24.426789Z  INFO mq_bench::roles::subscriber: Subscribed to key expression key=topic_8
2026-06-17T20:34:24.426792Z  INFO async_nats: event: connected
2026-06-17T20:34:25.030041Z  INFO mq_bench::roles::subscriber: Starting subscriber engine=Nats key=topic_8 endpoint=None crash_enabled=false
2026-06-17T20:34:25.030083Z  INFO mq_bench::roles::subscriber: Connected via transport engine=Nats
2026-06-17T20:34:25.032281Z  INFO async_nats::connector: connected successfully server=4222 max_payload=10485760
2026-06-17T20:34:25.032355Z  INFO mq_bench::roles::subscriber: Subscribed to key expression key=topic_8
2026-06-17T20:34:25.032361Z  INFO async_nats: event: connected
2026-06-17T20:34:25.637557Z  INFO mq_bench::roles::subscriber: Starting subscriber engine=Nats key=topic_8 endpoint=None crash_enabled=false
2026-06-17T20:34:25.637593Z  INFO mq_bench::roles::subscriber: Connected via transport engine=Nats
2026-06-17T20:34:25.639833Z  INFO async_nats::connector: connected successfully server=4222 max_payload=10485760
2026-06-17T20:34:25.639922Z  INFO mq_bench::roles::subscriber: Subscribed to key expression key=topic_8
2026-06-17T20:34:25.639926Z  INFO async_nats: event: connected
2026-06-17T20:34:26.245382Z  INFO mq_bench::roles::subscriber: Starting subscriber engine=Nats key=topic_8 endpoint=None crash_enabled=false
2026-06-17T20:34:26.245424Z  INFO mq_bench::roles::subscriber: Connected via transport engine=Nats
2026-06-17T20:34:26.247514Z  INFO async_nats::connector: connected successfully server=4222 max_payload=10485760
2026-06-17T20:34:26.247600Z  INFO mq_bench::roles::subscriber: Subscribed to key expression key=topic_8
2026-06-17T20:34:26.247604Z  INFO async_nats: event: connected
2026-06-17T20:34:26.851975Z  INFO mq_bench::roles::subscriber: Starting subscriber engine=Nats key=topic_8 endpoint=None crash_enabled=false
2026-06-17T20:34:26.852007Z  INFO mq_bench::roles::subscriber: Connected via transport engine=Nats
2026-06-17T20:34:26.854182Z  INFO async_nats::connector: connected successfully server=4222 max_payload=10485760
2026-06-17T20:34:26.854273Z  INFO mq_bench::roles::subscriber: Subscribed to key expression key=topic_8
2026-06-17T20:34:26.854280Z  INFO async_nats: event: connected
2026-06-17T20:34:27.459645Z  INFO mq_bench::roles::subscriber: Starting subscriber engine=Nats key=topic_8 endpoint=None crash_enabled=false
2026-06-17T20:34:27.459688Z  INFO mq_bench::roles::subscriber: Connected via transport engine=Nats
2026-06-17T20:34:27.461875Z  INFO async_nats::connector: connected successfully server=4222 max_payload=10485760
2026-06-17T20:34:27.461970Z  INFO mq_bench::roles::subscriber: Subscribed to key expression key=topic_8
2026-06-17T20:34:27.461978Z  INFO async_nats: event: connected
2026-06-17T20:34:28.067158Z  INFO mq_bench::roles::subscriber: Starting subscriber engine=Nats key=topic_8 endpoint=None crash_enabled=false
2026-06-17T20:34:28.067197Z  INFO mq_bench::roles::subscriber: Connected via transport engine=Nats
2026-06-17T20:34:28.069427Z  INFO async_nats::connector: connected successfully server=4222 max_payload=10485760
2026-06-17T20:34:28.069514Z  INFO async_nats: event: connected
2026-06-17T20:34:28.069516Z  INFO mq_bench::roles::subscriber: Subscribed to key expression key=topic_8
2026-06-17T20:34:28.674548Z  INFO mq_bench::roles::subscriber: Starting subscriber engine=Nats key=topic_8 endpoint=None crash_enabled=false
2026-06-17T20:34:28.674585Z  INFO mq_bench::roles::subscriber: Connected via transport engine=Nats
2026-06-17T20:34:28.677569Z  INFO async_nats::connector: connected successfully server=4222 max_payload=10485760
2026-06-17T20:34:28.677653Z  INFO mq_bench::roles::subscriber: Subscribed to key expression key=topic_8
2026-06-17T20:34:28.677658Z  INFO async_nats: event: connected
2026-06-17T20:34:29.281857Z  INFO mq_bench::roles::subscriber: Starting subscriber engine=Nats key=topic_8 endpoint=None crash_enabled=false
2026-06-17T20:34:29.281897Z  INFO mq_bench::roles::subscriber: Connected via transport engine=Nats
2026-06-17T20:34:29.284137Z  INFO async_nats::connector: connected successfully server=4222 max_payload=10485760
2026-06-17T20:34:29.284255Z  INFO mq_bench::roles::subscriber: Subscribed to key expression key=topic_8
2026-06-17T20:34:29.284260Z  INFO async_nats: event: connected
2026-06-17T20:34:29.889285Z  INFO mq_bench::roles::subscriber: Starting subscriber engine=Nats key=topic_8 endpoint=None crash_enabled=false
2026-06-17T20:34:29.889318Z  INFO mq_bench::roles::subscriber: Connected via transport engine=Nats
2026-06-17T20:34:29.891558Z  INFO async_nats::connector: connected successfully server=4222 max_payload=10485760
2026-06-17T20:34:29.891645Z  INFO mq_bench::roles::subscriber: Subscribed to key expression key=topic_8
2026-06-17T20:34:29.891649Z  INFO async_nats: event: connected
2026-06-17T20:34:30.496632Z  INFO mq_bench::roles::subscriber: Starting subscriber engine=Nats key=topic_8 endpoint=None crash_enabled=false
2026-06-17T20:34:30.496665Z  INFO mq_bench::roles::subscriber: Connected via transport engine=Nats
2026-06-17T20:34:30.498748Z  INFO async_nats::connector: connected successfully server=4222 max_payload=10485760
2026-06-17T20:34:30.498824Z  INFO mq_bench::roles::subscriber: Subscribed to key expression key=topic_8
2026-06-17T20:34:30.498830Z  INFO async_nats: event: connected
2026-06-17T20:34:31.104005Z  INFO mq_bench::roles::subscriber: Starting subscriber engine=Nats key=topic_8 endpoint=None crash_enabled=false
2026-06-17T20:34:31.104037Z  INFO mq_bench::roles::subscriber: Connected via transport engine=Nats
2026-06-17T20:34:31.106316Z  INFO async_nats::connector: connected successfully server=4222 max_payload=10485760
2026-06-17T20:34:31.106397Z  INFO mq_bench::roles::subscriber: Subscribed to key expression key=topic_8
2026-06-17T20:34:31.106402Z  INFO async_nats: event: connected
2026-06-17T20:34:31.710691Z  INFO mq_bench::roles::subscriber: Starting subscriber engine=Nats key=topic_8 endpoint=None crash_enabled=false
2026-06-17T20:34:31.710722Z  INFO mq_bench::roles::subscriber: Connected via transport engine=Nats
2026-06-17T20:34:31.712969Z  INFO async_nats::connector: connected successfully server=4222 max_payload=10485760
2026-06-17T20:34:31.713046Z  INFO mq_bench::roles::subscriber: Subscribed to key expression key=topic_8
2026-06-17T20:34:31.713053Z  INFO async_nats: event: connected
2026-06-17T20:34:32.318323Z  INFO mq_bench::roles::subscriber: Starting subscriber engine=Nats key=topic_8 endpoint=None crash_enabled=false
2026-06-17T20:34:32.318361Z  INFO mq_bench::roles::subscriber: Connected via transport engine=Nats
2026-06-17T20:34:32.320548Z  INFO async_nats::connector: connected successfully server=4222 max_payload=10485760
2026-06-17T20:34:32.320639Z  INFO mq_bench::roles::subscriber: Subscribed to key expression key=topic_8
2026-06-17T20:34:32.320644Z  INFO async_nats: event: connected
2026-06-17T20:34:32.925550Z  INFO mq_bench::roles::subscriber: Starting subscriber engine=Nats key=topic_8 endpoint=None crash_enabled=false
2026-06-17T20:34:32.925593Z  INFO mq_bench::roles::subscriber: Connected via transport engine=Nats
2026-06-17T20:34:32.928059Z  INFO async_nats::connector: connected successfully server=4222 max_payload=10485760
2026-06-17T20:34:32.928151Z  INFO mq_bench::roles::subscriber: Subscribed to key expression key=topic_8
2026-06-17T20:34:32.928155Z  INFO async_nats: event: connected
2026-06-17T20:34:33.532856Z  INFO mq_bench::roles::subscriber: Starting subscriber engine=Nats key=topic_8 endpoint=None crash_enabled=false
2026-06-17T20:34:33.532888Z  INFO mq_bench::roles::subscriber: Connected via transport engine=Nats
2026-06-17T20:34:33.535166Z  INFO async_nats::connector: connected successfully server=4222 max_payload=10485760
2026-06-17T20:34:33.535276Z  INFO async_nats: event: connected
2026-06-17T20:34:33.535279Z  INFO mq_bench::roles::subscriber: Subscribed to key expression key=topic_8
2026-06-17T20:34:34.139930Z  INFO mq_bench::roles::subscriber: Starting subscriber engine=Nats key=topic_8 endpoint=None crash_enabled=false
2026-06-17T20:34:34.139959Z  INFO mq_bench::roles::subscriber: Connected via transport engine=Nats
2026-06-17T20:34:34.142329Z  INFO async_nats::connector: connected successfully server=4222 max_payload=10485760
2026-06-17T20:34:34.142416Z  INFO mq_bench::roles::subscriber: Subscribed to key expression key=topic_8
2026-06-17T20:34:34.142421Z  INFO async_nats: event: connected
2026-06-17T20:34:34.746921Z  INFO mq_bench::roles::subscriber: Starting subscriber engine=Nats key=topic_8 endpoint=None crash_enabled=false
2026-06-17T20:34:34.746949Z  INFO mq_bench::roles::subscriber: Connected via transport engine=Nats
2026-06-17T20:34:34.749091Z  INFO async_nats::connector: connected successfully server=4222 max_payload=10485760
2026-06-17T20:34:34.749176Z  INFO mq_bench::roles::subscriber: Subscribed to key expression key=topic_8
2026-06-17T20:34:34.749180Z  INFO async_nats: event: connected
2026-06-17T20:34:35.354250Z  INFO mq_bench::roles::subscriber: Starting subscriber engine=Nats key=topic_8 endpoint=None crash_enabled=false
2026-06-17T20:34:35.354281Z  INFO mq_bench::roles::subscriber: Connected via transport engine=Nats
2026-06-17T20:34:35.356337Z  INFO async_nats::connector: connected successfully server=4222 max_payload=10485760
2026-06-17T20:34:35.356414Z  INFO async_nats: event: connected
2026-06-17T20:34:35.356428Z  INFO mq_bench::roles::subscriber: Subscribed to key expression key=topic_8
2026-06-17T20:34:35.960876Z  INFO mq_bench::roles::subscriber: Starting subscriber engine=Nats key=topic_8 endpoint=None crash_enabled=false
2026-06-17T20:34:35.960907Z  INFO mq_bench::roles::subscriber: Connected via transport engine=Nats
2026-06-17T20:34:35.963079Z  INFO async_nats::connector: connected successfully server=4222 max_payload=10485760
2026-06-17T20:34:35.963160Z  INFO mq_bench::roles::subscriber: Subscribed to key expression key=topic_8
2026-06-17T20:34:35.963164Z  INFO async_nats: event: connected
2026-06-17T20:34:36.567910Z  INFO mq_bench::roles::subscriber: Starting subscriber engine=Nats key=topic_8 endpoint=None crash_enabled=false
2026-06-17T20:34:36.567965Z  INFO mq_bench::roles::subscriber: Connected via transport engine=Nats
2026-06-17T20:34:36.570182Z  INFO async_nats::connector: connected successfully server=4222 max_payload=10485760
2026-06-17T20:34:36.570284Z  INFO mq_bench::roles::subscriber: Subscribed to key expression key=topic_8
2026-06-17T20:34:36.570291Z  INFO async_nats: event: connected
2026-06-17T20:34:37.174789Z  INFO mq_bench::roles::subscriber: Starting subscriber engine=Nats key=topic_8 endpoint=None crash_enabled=false
2026-06-17T20:34:37.174829Z  INFO mq_bench::roles::subscriber: Connected via transport engine=Nats
2026-06-17T20:34:37.177087Z  INFO async_nats::connector: connected successfully server=4222 max_payload=10485760
2026-06-17T20:34:37.177176Z  INFO mq_bench::roles::subscriber: Subscribed to key expression key=topic_8
2026-06-17T20:34:37.177180Z  INFO async_nats: event: connected
2026-06-17T20:34:37.782158Z  INFO mq_bench::roles::subscriber: Starting subscriber engine=Nats key=topic_8 endpoint=None crash_enabled=false
2026-06-17T20:34:37.782243Z  INFO mq_bench::roles::subscriber: Connected via transport engine=Nats
2026-06-17T20:34:37.784392Z  INFO async_nats::connector: connected successfully server=4222 max_payload=10485760
2026-06-17T20:34:37.784466Z  INFO mq_bench::roles::subscriber: Subscribed to key expression key=topic_8
2026-06-17T20:34:37.784473Z  INFO async_nats: event: connected
2026-06-17T20:34:38.389254Z  INFO mq_bench::roles::subscriber: Starting subscriber engine=Nats key=topic_8 endpoint=None crash_enabled=false
2026-06-17T20:34:38.389300Z  INFO mq_bench::roles::subscriber: Connected via transport engine=Nats
2026-06-17T20:34:38.391635Z  INFO async_nats::connector: connected successfully server=4222 max_payload=10485760
2026-06-17T20:34:38.391727Z  INFO mq_bench::roles::subscriber: Subscribed to key expression key=topic_8
2026-06-17T20:34:38.391732Z  INFO async_nats: event: connected
2026-06-17T20:34:38.996619Z  INFO mq_bench::roles::subscriber: Starting subscriber engine=Nats key=topic_8 endpoint=None crash_enabled=false
2026-06-17T20:34:38.996656Z  INFO mq_bench::roles::subscriber: Connected via transport engine=Nats
2026-06-17T20:34:38.998955Z  INFO async_nats::connector: connected successfully server=4222 max_payload=10485760
2026-06-17T20:34:38.999043Z  INFO mq_bench::roles::subscriber: Subscribed to key expression key=topic_8
2026-06-17T20:34:38.999047Z  INFO async_nats: event: connected
2026-06-17T20:34:39.604055Z  INFO mq_bench::roles::subscriber: Starting subscriber engine=Nats key=topic_8 endpoint=None crash_enabled=false
2026-06-17T20:34:39.604084Z  INFO mq_bench::roles::subscriber: Connected via transport engine=Nats
2026-06-17T20:34:39.606357Z  INFO async_nats::connector: connected successfully server=4222 max_payload=10485760
2026-06-17T20:34:39.606442Z  INFO async_nats: event: connected
2026-06-17T20:34:39.606445Z  INFO mq_bench::roles::subscriber: Subscribed to key expression key=topic_8
2026-06-17T20:34:40.211476Z  INFO mq_bench::roles::subscriber: Starting subscriber engine=Nats key=topic_8 endpoint=None crash_enabled=false
2026-06-17T20:34:40.211520Z  INFO mq_bench::roles::subscriber: Connected via transport engine=Nats
2026-06-17T20:34:40.213657Z  INFO async_nats::connector: connected successfully server=4222 max_payload=10485760
2026-06-17T20:34:40.213743Z  INFO async_nats: event: connected
2026-06-17T20:34:40.213744Z  INFO mq_bench::roles::subscriber: Subscribed to key expression key=topic_8
2026-06-17T20:34:40.817737Z  INFO mq_bench::roles::subscriber: Starting subscriber engine=Nats key=topic_8 endpoint=None crash_enabled=false
2026-06-17T20:34:40.817768Z  INFO mq_bench::roles::subscriber: Connected via transport engine=Nats
2026-06-17T20:34:40.819911Z  INFO async_nats::connector: connected successfully server=4222 max_payload=10485760
2026-06-17T20:34:40.819995Z  INFO async_nats: event: connected
2026-06-17T20:34:40.819997Z  INFO mq_bench::roles::subscriber: Subscribed to key expression key=topic_8
2026-06-17T20:34:41.424910Z  INFO mq_bench::roles::subscriber: Starting subscriber engine=Nats key=topic_8 endpoint=None crash_enabled=false
2026-06-17T20:34:41.424946Z  INFO mq_bench::roles::subscriber: Connected via transport engine=Nats
2026-06-17T20:34:41.427142Z  INFO async_nats::connector: connected successfully server=4222 max_payload=10485760
2026-06-17T20:34:41.427248Z  INFO mq_bench::roles::subscriber: Subscribed to key expression key=topic_8
2026-06-17T20:34:41.427255Z  INFO async_nats: event: connected
2026-06-17T20:34:42.031759Z  INFO mq_bench::roles::subscriber: Starting subscriber engine=Nats key=topic_8 endpoint=None crash_enabled=false
2026-06-17T20:34:42.031792Z  INFO mq_bench::roles::subscriber: Connected via transport engine=Nats
2026-06-17T20:34:42.033984Z  INFO async_nats::connector: connected successfully server=4222 max_payload=10485760
2026-06-17T20:34:42.034075Z  INFO mq_bench::roles::subscriber: Subscribed to key expression key=topic_8
2026-06-17T20:34:42.034079Z  INFO async_nats: event: connected
2026-06-17T20:34:42.638762Z  INFO mq_bench::roles::subscriber: Starting subscriber engine=Nats key=topic_8 endpoint=None crash_enabled=false
2026-06-17T20:34:42.638814Z  INFO mq_bench::roles::subscriber: Connected via transport engine=Nats
2026-06-17T20:34:42.640985Z  INFO async_nats::connector: connected successfully server=4222 max_payload=10485760
2026-06-17T20:34:42.641059Z  INFO mq_bench::roles::subscriber: Subscribed to key expression key=topic_8
2026-06-17T20:34:42.641065Z  INFO async_nats: event: connected
2026-06-17T20:34:43.245977Z  INFO mq_bench::roles::subscriber: Starting subscriber engine=Nats key=topic_8 endpoint=None crash_enabled=false
2026-06-17T20:34:43.246016Z  INFO mq_bench::roles::subscriber: Connected via transport engine=Nats
2026-06-17T20:34:43.248147Z  INFO async_nats::connector: connected successfully server=4222 max_payload=10485760
2026-06-17T20:34:43.248236Z  INFO mq_bench::roles::subscriber: Subscribed to key expression key=topic_8
2026-06-17T20:34:43.248241Z  INFO async_nats: event: connected
2026-06-17T20:34:43.852870Z  INFO mq_bench::roles::subscriber: Starting subscriber engine=Nats key=topic_8 endpoint=None crash_enabled=false
2026-06-17T20:34:43.852907Z  INFO mq_bench::roles::subscriber: Connected via transport engine=Nats
2026-06-17T20:34:43.855111Z  INFO async_nats::connector: connected successfully server=4222 max_payload=10485760
2026-06-17T20:34:43.855223Z  INFO async_nats: event: connected
2026-06-17T20:34:43.855261Z  INFO mq_bench::roles::subscriber: Subscribed to key expression key=topic_8
2026-06-17T20:34:44.459711Z  INFO mq_bench::roles::subscriber: Starting subscriber engine=Nats key=topic_8 endpoint=None crash_enabled=false
2026-06-17T20:34:44.459748Z  INFO mq_bench::roles::subscriber: Connected via transport engine=Nats
2026-06-17T20:34:44.461896Z  INFO async_nats::connector: connected successfully server=4222 max_payload=10485760
2026-06-17T20:34:44.461987Z  INFO async_nats: event: connected
2026-06-17T20:34:44.461987Z  INFO mq_bench::roles::subscriber: Subscribed to key expression key=topic_8
2026-06-17T20:34:45.066941Z  INFO mq_bench::roles::subscriber: Starting subscriber engine=Nats key=topic_8 endpoint=None crash_enabled=false
2026-06-17T20:34:45.066973Z  INFO mq_bench::roles::subscriber: Connected via transport engine=Nats
2026-06-17T20:34:45.069077Z  INFO async_nats::connector: connected successfully server=4222 max_payload=10485760
2026-06-17T20:34:45.069166Z  INFO async_nats: event: connected
2026-06-17T20:34:45.069166Z  INFO mq_bench::roles::subscriber: Subscribed to key expression key=topic_8
2026-06-17T20:34:45.674113Z  INFO mq_bench::roles::subscriber: Starting subscriber engine=Nats key=topic_8 endpoint=None crash_enabled=false
2026-06-17T20:34:45.674148Z  INFO mq_bench::roles::subscriber: Connected via transport engine=Nats
2026-06-17T20:34:45.676303Z  INFO async_nats::connector: connected successfully server=4222 max_payload=10485760
2026-06-17T20:34:45.676388Z  INFO async_nats: event: connected
2026-06-17T20:34:45.676388Z  INFO mq_bench::roles::subscriber: Subscribed to key expression key=topic_8
2026-06-17T20:34:46.281364Z  INFO mq_bench::roles::subscriber: Starting subscriber engine=Nats key=topic_8 endpoint=None crash_enabled=false
2026-06-17T20:34:46.281404Z  INFO mq_bench::roles::subscriber: Connected via transport engine=Nats
2026-06-17T20:34:46.283548Z  INFO async_nats::connector: connected successfully server=4222 max_payload=10485760
2026-06-17T20:34:46.283630Z  INFO mq_bench::roles::subscriber: Subscribed to key expression key=topic_8
2026-06-17T20:34:46.283638Z  INFO async_nats: event: connected
2026-06-17T20:34:46.887960Z  INFO mq_bench::roles::subscriber: Starting subscriber engine=Nats key=topic_8 endpoint=None crash_enabled=false
2026-06-17T20:34:46.887991Z  INFO mq_bench::roles::subscriber: Connected via transport engine=Nats
2026-06-17T20:34:46.890241Z  INFO async_nats::connector: connected successfully server=4222 max_payload=10485760
2026-06-17T20:34:46.890335Z  INFO mq_bench::roles::subscriber: Subscribed to key expression key=topic_8
2026-06-17T20:34:46.890339Z  INFO async_nats: event: connected
2026-06-17T20:34:47.495068Z  INFO mq_bench::roles::subscriber: Starting subscriber engine=Nats key=topic_8 endpoint=None crash_enabled=false
2026-06-17T20:34:47.495108Z  INFO mq_bench::roles::subscriber: Connected via transport engine=Nats
2026-06-17T20:34:47.497303Z  INFO async_nats::connector: connected successfully server=4222 max_payload=10485760
2026-06-17T20:34:47.497384Z  INFO mq_bench::roles::subscriber: Subscribed to key expression key=topic_8
2026-06-17T20:34:47.497385Z  INFO async_nats: event: connected
2026-06-17T20:34:48.101868Z  INFO mq_bench::roles::subscriber: Starting subscriber engine=Nats key=topic_8 endpoint=None crash_enabled=false
2026-06-17T20:34:48.101916Z  INFO mq_bench::roles::subscriber: Connected via transport engine=Nats
2026-06-17T20:34:48.104149Z  INFO async_nats::connector: connected successfully server=4222 max_payload=10485760
2026-06-17T20:34:48.104258Z  INFO mq_bench::roles::subscriber: Subscribed to key expression key=topic_8
2026-06-17T20:34:48.104265Z  INFO async_nats: event: connected
2026-06-17T20:34:48.709615Z  INFO mq_bench::roles::subscriber: Starting subscriber engine=Nats key=topic_8 endpoint=None crash_enabled=false
2026-06-17T20:34:48.709653Z  INFO mq_bench::roles::subscriber: Connected via transport engine=Nats
2026-06-17T20:34:48.711905Z  INFO async_nats::connector: connected successfully server=4222 max_payload=10485760
2026-06-17T20:34:48.711982Z  INFO mq_bench::roles::subscriber: Subscribed to key expression key=topic_8
2026-06-17T20:34:48.711986Z  INFO async_nats: event: connected
2026-06-17T20:34:49.317103Z  INFO mq_bench::roles::subscriber: Starting subscriber engine=Nats key=topic_8 endpoint=None crash_enabled=false
2026-06-17T20:34:49.317145Z  INFO mq_bench::roles::subscriber: Connected via transport engine=Nats
2026-06-17T20:34:49.319682Z  INFO async_nats::connector: connected successfully server=4222 max_payload=10485760
2026-06-17T20:34:49.319763Z  INFO mq_bench::roles::subscriber: Subscribed to key expression key=topic_8
2026-06-17T20:34:49.319769Z  INFO async_nats: event: connected
2026-06-17T20:34:49.923743Z  INFO mq_bench::roles::subscriber: Starting subscriber engine=Nats key=topic_8 endpoint=None crash_enabled=false
2026-06-17T20:34:49.923775Z  INFO mq_bench::roles::subscriber: Connected via transport engine=Nats
2026-06-17T20:34:49.926095Z  INFO async_nats::connector: connected successfully server=4222 max_payload=10485760
2026-06-17T20:34:49.926185Z  INFO mq_bench::roles::subscriber: Subscribed to key expression key=topic_8
2026-06-17T20:34:49.926190Z  INFO async_nats: event: connected
2026-06-17T20:34:50.531000Z  INFO mq_bench::roles::subscriber: Starting subscriber engine=Nats key=topic_8 endpoint=None crash_enabled=false
2026-06-17T20:34:50.531038Z  INFO mq_bench::roles::subscriber: Connected via transport engine=Nats
2026-06-17T20:34:50.533305Z  INFO async_nats::connector: connected successfully server=4222 max_payload=10485760
2026-06-17T20:34:50.533394Z  INFO async_nats: event: connected
2026-06-17T20:34:50.533396Z  INFO mq_bench::roles::subscriber: Subscribed to key expression key=topic_8
2026-06-17T20:34:51.137883Z  INFO mq_bench::roles::subscriber: Starting subscriber engine=Nats key=topic_8 endpoint=None crash_enabled=false
2026-06-17T20:34:51.137916Z  INFO mq_bench::roles::subscriber: Connected via transport engine=Nats
2026-06-17T20:34:51.140072Z  INFO async_nats::connector: connected successfully server=4222 max_payload=10485760
2026-06-17T20:34:51.140160Z  INFO async_nats: event: connected
2026-06-17T20:34:51.140167Z  INFO mq_bench::roles::subscriber: Subscribed to key expression key=topic_8
2026-06-17T20:34:51.745618Z  INFO mq_bench::roles::subscriber: Starting subscriber engine=Nats key=topic_8 endpoint=None crash_enabled=false
2026-06-17T20:34:51.745650Z  INFO mq_bench::roles::subscriber: Connected via transport engine=Nats
2026-06-17T20:34:51.747966Z  INFO async_nats::connector: connected successfully server=4222 max_payload=10485760
2026-06-17T20:34:51.748063Z  INFO mq_bench::roles::subscriber: Subscribed to key expression key=topic_8
2026-06-17T20:34:51.748068Z  INFO async_nats: event: connected
2026-06-17T20:34:52.353111Z  INFO mq_bench::roles::subscriber: Starting subscriber engine=Nats key=topic_8 endpoint=None crash_enabled=false
2026-06-17T20:34:52.353152Z  INFO mq_bench::roles::subscriber: Connected via transport engine=Nats
2026-06-17T20:34:52.355341Z  INFO async_nats::connector: connected successfully server=4222 max_payload=10485760
2026-06-17T20:34:52.355414Z  INFO mq_bench::roles::subscriber: Subscribed to key expression key=topic_8
2026-06-17T20:34:52.355418Z  INFO async_nats: event: connected
2026-06-17T20:34:52.960154Z  INFO mq_bench::roles::subscriber: Starting subscriber engine=Nats key=topic_8 endpoint=None crash_enabled=false
2026-06-17T20:34:52.960236Z  INFO mq_bench::roles::subscriber: Connected via transport engine=Nats
2026-06-17T20:34:52.962522Z  INFO async_nats::connector: connected successfully server=4222 max_payload=10485760
2026-06-17T20:34:52.962611Z  INFO mq_bench::roles::subscriber: Subscribed to key expression key=topic_8
2026-06-17T20:34:52.962617Z  INFO async_nats: event: connected
2026-06-17T20:34:53.566701Z  INFO mq_bench::roles::subscriber: Starting subscriber engine=Nats key=topic_8 endpoint=None crash_enabled=false
2026-06-17T20:34:53.566739Z  INFO mq_bench::roles::subscriber: Connected via transport engine=Nats
2026-06-17T20:34:53.568926Z  INFO async_nats::connector: connected successfully server=4222 max_payload=10485760
2026-06-17T20:34:53.569004Z  INFO mq_bench::roles::subscriber: Subscribed to key expression key=topic_8
2026-06-17T20:34:53.569009Z  INFO async_nats: event: connected
2026-06-17T20:34:54.173751Z  INFO mq_bench::roles::subscriber: Starting subscriber engine=Nats key=topic_8 endpoint=None crash_enabled=false
2026-06-17T20:34:54.173785Z  INFO mq_bench::roles::subscriber: Connected via transport engine=Nats
2026-06-17T20:34:54.175865Z  INFO async_nats::connector: connected successfully server=4222 max_payload=10485760
2026-06-17T20:34:54.175954Z  INFO async_nats: event: connected
2026-06-17T20:34:54.175955Z  INFO mq_bench::roles::subscriber: Subscribed to key expression key=topic_8
2026-06-17T20:34:54.781474Z  INFO mq_bench::roles::subscriber: Starting subscriber engine=Nats key=topic_8 endpoint=None crash_enabled=false
2026-06-17T20:34:54.781506Z  INFO mq_bench::roles::subscriber: Connected via transport engine=Nats
2026-06-17T20:34:54.783588Z  INFO async_nats::connector: connected successfully server=4222 max_payload=10485760
2026-06-17T20:34:54.783674Z  INFO mq_bench::roles::subscriber: Subscribed to key expression key=topic_8
2026-06-17T20:34:54.783680Z  INFO async_nats: event: connected
2026-06-17T20:34:55.388518Z  INFO mq_bench::roles::subscriber: Starting subscriber engine=Nats key=topic_8 endpoint=None crash_enabled=false
2026-06-17T20:34:55.388581Z  INFO mq_bench::roles::subscriber: Connected via transport engine=Nats
2026-06-17T20:34:55.390685Z  INFO async_nats::connector: connected successfully server=4222 max_payload=10485760
2026-06-17T20:34:55.390766Z  INFO mq_bench::roles::subscriber: Subscribed to key expression key=topic_8
2026-06-17T20:34:55.390771Z  INFO async_nats: event: connected
2026-06-17T20:34:55.996635Z  INFO mq_bench::roles::subscriber: Starting subscriber engine=Nats key=topic_8 endpoint=None crash_enabled=false
2026-06-17T20:34:55.996674Z  INFO mq_bench::roles::subscriber: Connected via transport engine=Nats
2026-06-17T20:34:55.999057Z  INFO async_nats::connector: connected successfully server=4222 max_payload=10485760
2026-06-17T20:34:55.999134Z  INFO mq_bench::roles::subscriber: Subscribed to key expression key=topic_8
2026-06-17T20:34:55.999140Z  INFO async_nats: event: connected
2026-06-17T20:34:56.603687Z  INFO mq_bench::roles::subscriber: Starting subscriber engine=Nats key=topic_8 endpoint=None crash_enabled=false
2026-06-17T20:34:56.603724Z  INFO mq_bench::roles::subscriber: Connected via transport engine=Nats
2026-06-17T20:34:56.605872Z  INFO async_nats::connector: connected successfully server=4222 max_payload=10485760
2026-06-17T20:34:56.605951Z  INFO async_nats: event: connected
2026-06-17T20:34:56.605955Z  INFO mq_bench::roles::subscriber: Subscribed to key expression key=topic_8
2026-06-17T20:34:57.210868Z  INFO mq_bench::roles::subscriber: Starting subscriber engine=Nats key=topic_8 endpoint=None crash_enabled=false
2026-06-17T20:34:57.210911Z  INFO mq_bench::roles::subscriber: Connected via transport engine=Nats
2026-06-17T20:34:57.213026Z  INFO async_nats::connector: connected successfully server=4222 max_payload=10485760
2026-06-17T20:34:57.213106Z  INFO mq_bench::roles::subscriber: Subscribed to key expression key=topic_8
2026-06-17T20:34:57.213113Z  INFO async_nats: event: connected
2026-06-17T20:34:57.818598Z  INFO mq_bench::roles::subscriber: Starting subscriber engine=Nats key=topic_8 endpoint=None crash_enabled=false
2026-06-17T20:34:57.818629Z  INFO mq_bench::roles::subscriber: Connected via transport engine=Nats
2026-06-17T20:34:57.820678Z  INFO async_nats::connector: connected successfully server=4222 max_payload=10485760
2026-06-17T20:34:57.820754Z  INFO async_nats: event: connected
2026-06-17T20:34:57.820757Z  INFO mq_bench::roles::subscriber: Subscribed to key expression key=topic_8
2026-06-17T20:34:58.425823Z  INFO mq_bench::roles::subscriber: Starting subscriber engine=Nats key=topic_8 endpoint=None crash_enabled=false
2026-06-17T20:34:58.425860Z  INFO mq_bench::roles::subscriber: Connected via transport engine=Nats
2026-06-17T20:34:58.428124Z  INFO async_nats::connector: connected successfully server=4222 max_payload=10485760
2026-06-17T20:34:58.428198Z  INFO mq_bench::roles::subscriber: Subscribed to key expression key=topic_8
2026-06-17T20:34:58.428226Z  INFO async_nats: event: connected
2026-06-17T20:34:59.033575Z  INFO mq_bench::roles::subscriber: Starting subscriber engine=Nats key=topic_8 endpoint=None crash_enabled=false
2026-06-17T20:34:59.033612Z  INFO mq_bench::roles::subscriber: Connected via transport engine=Nats
2026-06-17T20:34:59.035825Z  INFO async_nats::connector: connected successfully server=4222 max_payload=10485760
2026-06-17T20:34:59.035904Z  INFO mq_bench::roles::subscriber: Subscribed to key expression key=topic_8
2026-06-17T20:34:59.035909Z  INFO async_nats: event: connected
2026-06-17T20:34:59.641251Z  INFO mq_bench::roles::subscriber: Starting subscriber engine=Nats key=topic_8 endpoint=None crash_enabled=false
2026-06-17T20:34:59.641285Z  INFO mq_bench::roles::subscriber: Connected via transport engine=Nats
2026-06-17T20:34:59.643623Z  INFO async_nats::connector: connected successfully server=4222 max_payload=10485760
2026-06-17T20:34:59.643698Z  INFO mq_bench::roles::subscriber: Subscribed to key expression key=topic_8
2026-06-17T20:34:59.643704Z  INFO async_nats: event: connected
2026-06-17T20:35:00.248562Z  INFO mq_bench::roles::subscriber: Starting subscriber engine=Nats key=topic_8 endpoint=None crash_enabled=false
2026-06-17T20:35:00.248594Z  INFO mq_bench::roles::subscriber: Connected via transport engine=Nats
2026-06-17T20:35:00.250719Z  INFO async_nats::connector: connected successfully server=4222 max_payload=10485760
2026-06-17T20:35:00.250807Z  INFO async_nats: event: connected
2026-06-17T20:35:00.250808Z  INFO mq_bench::roles::subscriber: Subscribed to key expression key=topic_8
2026-06-17T20:35:00.856067Z  INFO mq_bench::roles::subscriber: Starting subscriber engine=Nats key=topic_8 endpoint=None crash_enabled=false
2026-06-17T20:35:00.856102Z  INFO mq_bench::roles::subscriber: Connected via transport engine=Nats
2026-06-17T20:35:00.858170Z  INFO async_nats::connector: connected successfully server=4222 max_payload=10485760
2026-06-17T20:35:00.858269Z  INFO async_nats: event: connected
2026-06-17T20:35:00.858272Z  INFO mq_bench::roles::subscriber: Subscribed to key expression key=topic_8
2026-06-17T20:35:01.463542Z  INFO mq_bench::roles::subscriber: Starting subscriber engine=Nats key=topic_8 endpoint=None crash_enabled=false
2026-06-17T20:35:01.463579Z  INFO mq_bench::roles::subscriber: Connected via transport engine=Nats
2026-06-17T20:35:01.465701Z  INFO async_nats::connector: connected successfully server=4222 max_payload=10485760
2026-06-17T20:35:01.465791Z  INFO mq_bench::roles::subscriber: Subscribed to key expression key=topic_8
2026-06-17T20:35:01.465797Z  INFO async_nats: event: connected
2026-06-17T20:35:02.070899Z  INFO mq_bench::roles::subscriber: Starting subscriber engine=Nats key=topic_8 endpoint=None crash_enabled=false
2026-06-17T20:35:02.070930Z  INFO mq_bench::roles::subscriber: Connected via transport engine=Nats
2026-06-17T20:35:02.073032Z  INFO async_nats::connector: connected successfully server=4222 max_payload=10485760
2026-06-17T20:35:02.073163Z  INFO async_nats: event: connected
2026-06-17T20:35:02.073166Z  INFO mq_bench::roles::subscriber: Subscribed to key expression key=topic_8
2026-06-17T20:35:02.677955Z  INFO mq_bench::roles::subscriber: Starting subscriber engine=Nats key=topic_8 endpoint=None crash_enabled=false
2026-06-17T20:35:02.677991Z  INFO mq_bench::roles::subscriber: Connected via transport engine=Nats
2026-06-17T20:35:02.680125Z  INFO async_nats::connector: connected successfully server=4222 max_payload=10485760
2026-06-17T20:35:02.680222Z  INFO async_nats: event: connected
2026-06-17T20:35:02.680224Z  INFO mq_bench::roles::subscriber: Subscribed to key expression key=topic_8
2026-06-17T20:35:03.285420Z  INFO mq_bench::roles::subscriber: Starting subscriber engine=Nats key=topic_8 endpoint=None crash_enabled=false
2026-06-17T20:35:03.285454Z  INFO mq_bench::roles::subscriber: Connected via transport engine=Nats
2026-06-17T20:35:03.287620Z  INFO async_nats::connector: connected successfully server=4222 max_payload=10485760
2026-06-17T20:35:03.287690Z  INFO mq_bench::roles::subscriber: Subscribed to key expression key=topic_8
2026-06-17T20:35:03.287694Z  INFO async_nats: event: connected
2026-06-17T20:35:03.891957Z  INFO mq_bench::roles::subscriber: Starting subscriber engine=Nats key=topic_8 endpoint=None crash_enabled=false
2026-06-17T20:35:03.891997Z  INFO mq_bench::roles::subscriber: Connected via transport engine=Nats
2026-06-17T20:35:03.894104Z  INFO async_nats::connector: connected successfully server=4222 max_payload=10485760
2026-06-17T20:35:03.894194Z  INFO mq_bench::roles::subscriber: Subscribed to key expression key=topic_8
2026-06-17T20:35:03.894199Z  INFO async_nats: event: connected
2026-06-17T20:35:04.499343Z  INFO mq_bench::roles::subscriber: Starting subscriber engine=Nats key=topic_8 endpoint=None crash_enabled=false
2026-06-17T20:35:04.499382Z  INFO mq_bench::roles::subscriber: Connected via transport engine=Nats
2026-06-17T20:35:04.501554Z  INFO async_nats::connector: connected successfully server=4222 max_payload=10485760
2026-06-17T20:35:04.501634Z  INFO mq_bench::roles::subscriber: Subscribed to key expression key=topic_8
2026-06-17T20:35:04.501636Z  INFO async_nats: event: connected
2026-06-17T20:35:05.106154Z  INFO mq_bench::roles::subscriber: Starting subscriber engine=Nats key=topic_8 endpoint=None crash_enabled=false
2026-06-17T20:35:05.106196Z  INFO mq_bench::roles::subscriber: Connected via transport engine=Nats
2026-06-17T20:35:05.108427Z  INFO async_nats::connector: connected successfully server=4222 max_payload=10485760
2026-06-17T20:35:05.108510Z  INFO mq_bench::roles::subscriber: Subscribed to key expression key=topic_8
2026-06-17T20:35:05.108516Z  INFO async_nats: event: connected
2026-06-17T20:35:05.712901Z  INFO mq_bench::roles::subscriber: Starting subscriber engine=Nats key=topic_8 endpoint=None crash_enabled=false
2026-06-17T20:35:05.712938Z  INFO mq_bench::roles::subscriber: Connected via transport engine=Nats
2026-06-17T20:35:05.715139Z  INFO async_nats::connector: connected successfully server=4222 max_payload=10485760
2026-06-17T20:35:05.715254Z  INFO async_nats: event: connected
2026-06-17T20:35:05.715257Z  INFO mq_bench::roles::subscriber: Subscribed to key expression key=topic_8
2026-06-17T20:35:06.320264Z  INFO mq_bench::roles::subscriber: Starting subscriber engine=Nats key=topic_8 endpoint=None crash_enabled=false
2026-06-17T20:35:06.320299Z  INFO mq_bench::roles::subscriber: Connected via transport engine=Nats
2026-06-17T20:35:06.322566Z  INFO async_nats::connector: connected successfully server=4222 max_payload=10485760
2026-06-17T20:35:06.322662Z  INFO mq_bench::roles::subscriber: Subscribed to key expression key=topic_8
2026-06-17T20:35:06.322668Z  INFO async_nats: event: connected
2026-06-17T20:35:06.926684Z  INFO mq_bench::roles::subscriber: Starting subscriber engine=Nats key=topic_8 endpoint=None crash_enabled=false
2026-06-17T20:35:06.926718Z  INFO mq_bench::roles::subscriber: Connected via transport engine=Nats
2026-06-17T20:35:06.928899Z  INFO async_nats::connector: connected successfully server=4222 max_payload=10485760
2026-06-17T20:35:06.928979Z  INFO mq_bench::roles::subscriber: Subscribed to key expression key=topic_8
2026-06-17T20:35:06.928985Z  INFO async_nats: event: connected
2026-06-17T20:35:07.534258Z  INFO mq_bench::roles::subscriber: Starting subscriber engine=Nats key=topic_8 endpoint=None crash_enabled=false
2026-06-17T20:35:07.534293Z  INFO mq_bench::roles::subscriber: Connected via transport engine=Nats
2026-06-17T20:35:07.536518Z  INFO async_nats::connector: connected successfully server=4222 max_payload=10485760
2026-06-17T20:35:07.536611Z  INFO async_nats: event: connected
2026-06-17T20:35:07.536615Z  INFO mq_bench::roles::subscriber: Subscribed to key expression key=topic_8
2026-06-17T20:35:08.141245Z  INFO mq_bench::roles::subscriber: Starting subscriber engine=Nats key=topic_8 endpoint=None crash_enabled=false
2026-06-17T20:35:08.141281Z  INFO mq_bench::roles::subscriber: Connected via transport engine=Nats
2026-06-17T20:35:08.143557Z  INFO async_nats::connector: connected successfully server=4222 max_payload=10485760
2026-06-17T20:35:08.143636Z  INFO mq_bench::roles::subscriber: Subscribed to key expression key=topic_8
2026-06-17T20:35:08.143640Z  INFO async_nats: event: connected
2026-06-17T20:35:08.747899Z  INFO mq_bench::roles::subscriber: Starting subscriber engine=Nats key=topic_8 endpoint=None crash_enabled=false
2026-06-17T20:35:08.747937Z  INFO mq_bench::roles::subscriber: Connected via transport engine=Nats
2026-06-17T20:35:08.750041Z  INFO async_nats::connector: connected successfully server=4222 max_payload=10485760
2026-06-17T20:35:08.750123Z  INFO mq_bench::roles::subscriber: Subscribed to key expression key=topic_8
2026-06-17T20:35:08.750128Z  INFO async_nats: event: connected
2026-06-17T20:35:09.354974Z  INFO mq_bench::roles::subscriber: Starting subscriber engine=Nats key=topic_8 endpoint=None crash_enabled=false
2026-06-17T20:35:09.355011Z  INFO mq_bench::roles::subscriber: Connected via transport engine=Nats
2026-06-17T20:35:09.357086Z  INFO async_nats::connector: connected successfully server=4222 max_payload=10485760
2026-06-17T20:35:09.357173Z  INFO mq_bench::roles::subscriber: Subscribed to key expression key=topic_8
2026-06-17T20:35:09.357179Z  INFO async_nats: event: connected
2026-06-17T20:35:09.962100Z  INFO mq_bench::roles::subscriber: Starting subscriber engine=Nats key=topic_8 endpoint=None crash_enabled=false
2026-06-17T20:35:09.962131Z  INFO mq_bench::roles::subscriber: Connected via transport engine=Nats
2026-06-17T20:35:09.964464Z  INFO async_nats::connector: connected successfully server=4222 max_payload=10485760
2026-06-17T20:35:09.964545Z  INFO async_nats: event: connected
2026-06-17T20:35:09.964546Z  INFO mq_bench::roles::subscriber: Subscribed to key expression key=topic_8
2026-06-17T20:35:10.569178Z  INFO mq_bench::roles::subscriber: Starting subscriber engine=Nats key=topic_8 endpoint=None crash_enabled=false
2026-06-17T20:35:10.569238Z  INFO mq_bench::roles::subscriber: Connected via transport engine=Nats
2026-06-17T20:35:10.571394Z  INFO async_nats::connector: connected successfully server=4222 max_payload=10485760
2026-06-17T20:35:10.571476Z  INFO mq_bench::roles::subscriber: Subscribed to key expression key=topic_8
2026-06-17T20:35:10.571482Z  INFO async_nats: event: connected
2026-06-17T20:35:11.176423Z  INFO mq_bench::roles::subscriber: Starting subscriber engine=Nats key=topic_8 endpoint=None crash_enabled=false
2026-06-17T20:35:11.176455Z  INFO mq_bench::roles::subscriber: Connected via transport engine=Nats
2026-06-17T20:35:11.178699Z  INFO async_nats::connector: connected successfully server=4222 max_payload=10485760
2026-06-17T20:35:11.178777Z  INFO mq_bench::roles::subscriber: Subscribed to key expression key=topic_8
2026-06-17T20:35:11.178783Z  INFO async_nats: event: connected
2026-06-17T20:35:11.783073Z  INFO mq_bench::roles::subscriber: Starting subscriber engine=Nats key=topic_8 endpoint=None crash_enabled=false
2026-06-17T20:35:11.783111Z  INFO mq_bench::roles::subscriber: Connected via transport engine=Nats
2026-06-17T20:35:11.785272Z  INFO async_nats::connector: connected successfully server=4222 max_payload=10485760
2026-06-17T20:35:11.785348Z  INFO async_nats: event: connected
2026-06-17T20:35:11.785349Z  INFO mq_bench::roles::subscriber: Subscribed to key expression key=topic_8
2026-06-17T20:35:12.389770Z  INFO mq_bench::roles::subscriber: Starting subscriber engine=Nats key=topic_8 endpoint=None crash_enabled=false
2026-06-17T20:35:12.389805Z  INFO mq_bench::roles::subscriber: Connected via transport engine=Nats
2026-06-17T20:35:12.392060Z  INFO async_nats::connector: connected successfully server=4222 max_payload=10485760
2026-06-17T20:35:12.392147Z  INFO async_nats: event: connected
2026-06-17T20:35:12.392149Z  INFO mq_bench::roles::subscriber: Subscribed to key expression key=topic_8
2026-06-17T20:35:12.996729Z  INFO mq_bench::roles::subscriber: Starting subscriber engine=Nats key=topic_8 endpoint=None crash_enabled=false
2026-06-17T20:35:12.996762Z  INFO mq_bench::roles::subscriber: Connected via transport engine=Nats
2026-06-17T20:35:12.998947Z  INFO async_nats::connector: connected successfully server=4222 max_payload=10485760
2026-06-17T20:35:12.999029Z  INFO async_nats: event: connected
2026-06-17T20:35:12.999031Z  INFO mq_bench::roles::subscriber: Subscribed to key expression key=topic_8
2026-06-17T20:35:13.603679Z  INFO mq_bench::roles::subscriber: Starting subscriber engine=Nats key=topic_8 endpoint=None crash_enabled=false
2026-06-17T20:35:13.603720Z  INFO mq_bench::roles::subscriber: Connected via transport engine=Nats
2026-06-17T20:35:13.605940Z  INFO async_nats::connector: connected successfully server=4222 max_payload=10485760
2026-06-17T20:35:13.606030Z  INFO async_nats: event: connected
2026-06-17T20:35:13.606032Z  INFO mq_bench::roles::subscriber: Subscribed to key expression key=topic_8
2026-06-17T20:35:14.210732Z  INFO mq_bench::roles::subscriber: Starting subscriber engine=Nats key=topic_8 endpoint=None crash_enabled=false
2026-06-17T20:35:14.210769Z  INFO mq_bench::roles::subscriber: Connected via transport engine=Nats
2026-06-17T20:35:14.213231Z  INFO async_nats::connector: connected successfully server=4222 max_payload=10485760
2026-06-17T20:35:14.213309Z  INFO mq_bench::roles::subscriber: Subscribed to key expression key=topic_8
2026-06-17T20:35:14.213314Z  INFO async_nats: event: connected
2026-06-17T20:35:14.818354Z  INFO mq_bench::roles::subscriber: Starting subscriber engine=Nats key=topic_8 endpoint=None crash_enabled=false
2026-06-17T20:35:14.818388Z  INFO mq_bench::roles::subscriber: Connected via transport engine=Nats
2026-06-17T20:35:14.820889Z  INFO async_nats::connector: connected successfully server=4222 max_payload=10485760
2026-06-17T20:35:14.820964Z  INFO mq_bench::roles::subscriber: Subscribed to key expression key=topic_8
2026-06-17T20:35:14.820969Z  INFO async_nats: event: connected
2026-06-17T20:35:15.424781Z  INFO mq_bench::roles::subscriber: Starting subscriber engine=Nats key=topic_8 endpoint=None crash_enabled=false
2026-06-17T20:35:15.424820Z  INFO mq_bench::roles::subscriber: Connected via transport engine=Nats
2026-06-17T20:35:15.427339Z  INFO async_nats::connector: connected successfully server=4222 max_payload=10485760
2026-06-17T20:35:15.427429Z  INFO mq_bench::roles::subscriber: Subscribed to key expression key=topic_8
2026-06-17T20:35:15.427432Z  INFO async_nats: event: connected
2026-06-17T20:35:16.032338Z  INFO mq_bench::roles::subscriber: Starting subscriber engine=Nats key=topic_8 endpoint=None crash_enabled=false
2026-06-17T20:35:16.032388Z  INFO mq_bench::roles::subscriber: Connected via transport engine=Nats
2026-06-17T20:35:16.034589Z  INFO async_nats::connector: connected successfully server=4222 max_payload=10485760
2026-06-17T20:35:16.034684Z  INFO mq_bench::roles::subscriber: Subscribed to key expression key=topic_8
2026-06-17T20:35:16.034693Z  INFO async_nats: event: connected
2026-06-17T20:35:16.638970Z  INFO mq_bench::roles::subscriber: Starting subscriber engine=Nats key=topic_8 endpoint=None crash_enabled=false
2026-06-17T20:35:16.639000Z  INFO mq_bench::roles::subscriber: Connected via transport engine=Nats
2026-06-17T20:35:16.641092Z  INFO async_nats::connector: connected successfully server=4222 max_payload=10485760
2026-06-17T20:35:16.641174Z  INFO async_nats: event: connected
2026-06-17T20:35:16.641178Z  INFO mq_bench::roles::subscriber: Subscribed to key expression key=topic_8
2026-06-17T20:35:17.245704Z  INFO mq_bench::roles::subscriber: Starting subscriber engine=Nats key=topic_8 endpoint=None crash_enabled=false
2026-06-17T20:35:17.245731Z  INFO mq_bench::roles::subscriber: Connected via transport engine=Nats
2026-06-17T20:35:17.247828Z  INFO async_nats::connector: connected successfully server=4222 max_payload=10485760
2026-06-17T20:35:17.247906Z  INFO mq_bench::roles::subscriber: Subscribed to key expression key=topic_8
2026-06-17T20:35:17.247912Z  INFO async_nats: event: connected
2026-06-17T20:35:17.853329Z  INFO mq_bench::roles::subscriber: Starting subscriber engine=Nats key=topic_8 endpoint=None crash_enabled=false
2026-06-17T20:35:17.853365Z  INFO mq_bench::roles::subscriber: Connected via transport engine=Nats
2026-06-17T20:35:17.855615Z  INFO async_nats::connector: connected successfully server=4222 max_payload=10485760
2026-06-17T20:35:17.855689Z  INFO mq_bench::roles::subscriber: Subscribed to key expression key=topic_8
2026-06-17T20:35:17.855693Z  INFO async_nats: event: connected
2026-06-17T20:35:18.459980Z  INFO mq_bench::roles::subscriber: Starting subscriber engine=Nats key=topic_8 endpoint=None crash_enabled=false
2026-06-17T20:35:18.460015Z  INFO mq_bench::roles::subscriber: Connected via transport engine=Nats
2026-06-17T20:35:18.462084Z  INFO async_nats::connector: connected successfully server=4222 max_payload=10485760
2026-06-17T20:35:18.462158Z  INFO mq_bench::roles::subscriber: Subscribed to key expression key=topic_8
2026-06-17T20:35:18.462164Z  INFO async_nats: event: connected
2026-06-17T20:35:19.067455Z  INFO mq_bench::roles::subscriber: Starting subscriber engine=Nats key=topic_8 endpoint=None crash_enabled=false
2026-06-17T20:35:19.067487Z  INFO mq_bench::roles::subscriber: Connected via transport engine=Nats
2026-06-17T20:35:19.068683Z  INFO async_nats::connector: connected successfully server=4222 max_payload=10485760
2026-06-17T20:35:19.068752Z  INFO mq_bench::roles::subscriber: Subscribed to key expression key=topic_8
2026-06-17T20:35:19.068759Z  INFO async_nats: event: connected
