mq-bench starting with run_id: auto
Writing CSV output to: artifacts/fanout_bursty_20260617_203418_nats_p64_s1000_u10_bursty/fanout_singlesite/sub_5.csv
2026-06-17T20:34:18.944963Z  INFO mq_bench::roles::subscriber: Starting subscriber engine=Nats key=topic_5 endpoint=None crash_enabled=false
2026-06-17T20:34:18.945149Z  INFO mq_bench::roles::subscriber: Connected via transport engine=Nats
2026-06-17T20:34:18.947630Z  INFO async_nats::connector: connected successfully server=4222 max_payload=10485760
2026-06-17T20:34:18.947677Z  INFO mq_bench::roles::subscriber: Subscribed to key expression key=topic_5
2026-06-17T20:34:18.947686Z  INFO async_nats: event: connected
2026-06-17T20:34:19.551458Z  INFO mq_bench::roles::subscriber: Starting subscriber engine=Nats key=topic_5 endpoint=None crash_enabled=false
2026-06-17T20:34:19.551521Z  INFO mq_bench::roles::subscriber: Connected via transport engine=Nats
2026-06-17T20:34:19.554084Z  INFO async_nats::connector: connected successfully server=4222 max_payload=10485760
2026-06-17T20:34:19.554184Z  INFO mq_bench::roles::subscriber: Subscribed to key expression key=topic_5
2026-06-17T20:34:19.554193Z  INFO async_nats: event: connected
2026-06-17T20:34:20.158904Z  INFO mq_bench::roles::subscriber: Starting subscriber engine=Nats key=topic_5 endpoint=None crash_enabled=false
2026-06-17T20:34:20.158964Z  INFO mq_bench::roles::subscriber: Connected via transport engine=Nats
2026-06-17T20:34:20.161542Z  INFO async_nats::connector: connected successfully server=4222 max_payload=10485760
2026-06-17T20:34:20.161642Z  INFO mq_bench::roles::subscriber: Subscribed to key expression key=topic_5
2026-06-17T20:34:20.161653Z  INFO async_nats: event: connected
2026-06-17T20:34:20.765531Z  INFO mq_bench::roles::subscriber: Starting subscriber engine=Nats key=topic_5 endpoint=None crash_enabled=false
2026-06-17T20:34:20.765573Z  INFO mq_bench::roles::subscriber: Connected via transport engine=Nats
2026-06-17T20:34:20.767871Z  INFO async_nats::connector: connected successfully server=4222 max_payload=10485760
2026-06-17T20:34:20.767958Z  INFO mq_bench::roles::subscriber: Subscribed to key expression key=topic_5
2026-06-17T20:34:20.767966Z  INFO async_nats: event: connected
2026-06-17T20:34:21.372502Z  INFO mq_bench::roles::subscriber: Starting subscriber engine=Nats key=topic_5 endpoint=None crash_enabled=false
2026-06-17T20:34:21.372566Z  INFO mq_bench::roles::subscriber: Connected via transport engine=Nats
2026-06-17T20:34:21.375992Z  INFO async_nats::connector: connected successfully server=4222 max_payload=10485760
2026-06-17T20:34:21.376071Z  INFO mq_bench::roles::subscriber: Subscribed to key expression key=topic_5
2026-06-17T20:34:21.376077Z  INFO async_nats: event: connected
2026-06-17T20:34:21.979702Z  INFO mq_bench::roles::subscriber: Starting subscriber engine=Nats key=topic_5 endpoint=None crash_enabled=false
2026-06-17T20:34:21.979745Z  INFO mq_bench::roles::subscriber: Connected via transport engine=Nats
2026-06-17T20:34:21.982038Z  INFO async_nats::connector: connected successfully server=4222 max_payload=10485760
2026-06-17T20:34:21.982138Z  INFO mq_bench::roles::subscriber: Subscribed to key expression key=topic_5
2026-06-17T20:34:21.982144Z  INFO async_nats: event: connected
2026-06-17T20:34:22.586555Z  INFO mq_bench::roles::subscriber: Starting subscriber engine=Nats key=topic_5 endpoint=None crash_enabled=false
2026-06-17T20:34:22.586599Z  INFO mq_bench::roles::subscriber: Connected via transport engine=Nats
2026-06-17T20:34:22.588926Z  INFO async_nats::connector: connected successfully server=4222 max_payload=10485760
2026-06-17T20:34:22.589008Z  INFO mq_bench::roles::subscriber: Subscribed to key expression key=topic_5
2026-06-17T20:34:22.589013Z  INFO async_nats: event: connected
2026-06-17T20:34:23.194065Z  INFO mq_bench::roles::subscriber: Starting subscriber engine=Nats key=topic_5 endpoint=None crash_enabled=false
2026-06-17T20:34:23.194110Z  INFO mq_bench::roles::subscriber: Connected via transport engine=Nats
2026-06-17T20:34:23.196463Z  INFO async_nats::connector: connected successfully server=4222 max_payload=10485760
2026-06-17T20:34:23.196583Z  INFO mq_bench::roles::subscriber: Subscribed to key expression key=topic_5
2026-06-17T20:34:23.196595Z  INFO async_nats: event: connected
2026-06-17T20:34:23.800975Z  INFO mq_bench::roles::subscriber: Starting subscriber engine=Nats key=topic_5 endpoint=None crash_enabled=false
2026-06-17T20:34:23.801013Z  INFO mq_bench::roles::subscriber: Connected via transport engine=Nats
2026-06-17T20:34:23.803380Z  INFO async_nats::connector: connected successfully server=4222 max_payload=10485760
2026-06-17T20:34:23.803480Z  INFO mq_bench::roles::subscriber: Subscribed to key expression key=topic_5
2026-06-17T20:34:23.803485Z  INFO async_nats: event: connected
2026-06-17T20:34:24.408199Z  INFO mq_bench::roles::subscriber: Starting subscriber engine=Nats key=topic_5 endpoint=None crash_enabled=false
2026-06-17T20:34:24.408271Z  INFO mq_bench::roles::subscriber: Connected via transport engine=Nats
2026-06-17T20:34:24.410636Z  INFO async_nats::connector: connected successfully server=4222 max_payload=10485760
2026-06-17T20:34:24.410713Z  INFO mq_bench::roles::subscriber: Subscribed to key expression key=topic_5
2026-06-17T20:34:24.410719Z  INFO async_nats: event: connected
2026-06-17T20:34:25.015445Z  INFO mq_bench::roles::subscriber: Starting subscriber engine=Nats key=topic_5 endpoint=None crash_enabled=false
2026-06-17T20:34:25.015477Z  INFO mq_bench::roles::subscriber: Connected via transport engine=Nats
2026-06-17T20:34:25.017882Z  INFO async_nats::connector: connected successfully server=4222 max_payload=10485760
2026-06-17T20:34:25.017986Z  INFO async_nats: event: connected
2026-06-17T20:34:25.017989Z  INFO mq_bench::roles::subscriber: Subscribed to key expression key=topic_5
2026-06-17T20:34:25.622911Z  INFO mq_bench::roles::subscriber: Starting subscriber engine=Nats key=topic_5 endpoint=None crash_enabled=false
2026-06-17T20:34:25.622946Z  INFO mq_bench::roles::subscriber: Connected via transport engine=Nats
2026-06-17T20:34:25.625031Z  INFO async_nats::connector: connected successfully server=4222 max_payload=10485760
2026-06-17T20:34:25.625118Z  INFO mq_bench::roles::subscriber: Subscribed to key expression key=topic_5
2026-06-17T20:34:25.625125Z  INFO async_nats: event: connected
2026-06-17T20:34:26.229890Z  INFO mq_bench::roles::subscriber: Starting subscriber engine=Nats key=topic_5 endpoint=None crash_enabled=false
2026-06-17T20:34:26.229923Z  INFO mq_bench::roles::subscriber: Connected via transport engine=Nats
2026-06-17T20:34:26.232065Z  INFO async_nats::connector: connected successfully server=4222 max_payload=10485760
2026-06-17T20:34:26.232151Z  INFO mq_bench::roles::subscriber: Subscribed to key expression key=topic_5
2026-06-17T20:34:26.232155Z  INFO async_nats: event: connected
2026-06-17T20:34:26.836437Z  INFO mq_bench::roles::subscriber: Starting subscriber engine=Nats key=topic_5 endpoint=None crash_enabled=false
2026-06-17T20:34:26.836464Z  INFO mq_bench::roles::subscriber: Connected via transport engine=Nats
2026-06-17T20:34:26.838848Z  INFO async_nats::connector: connected successfully server=4222 max_payload=10485760
2026-06-17T20:34:26.838942Z  INFO async_nats: event: connected
2026-06-17T20:34:26.838949Z  INFO mq_bench::roles::subscriber: Subscribed to key expression key=topic_5
2026-06-17T20:34:27.443959Z  INFO mq_bench::roles::subscriber: Starting subscriber engine=Nats key=topic_5 endpoint=None crash_enabled=false
2026-06-17T20:34:27.444006Z  INFO mq_bench::roles::subscriber: Connected via transport engine=Nats
2026-06-17T20:34:27.446224Z  INFO async_nats::connector: connected successfully server=4222 max_payload=10485760
2026-06-17T20:34:27.446306Z  INFO mq_bench::roles::subscriber: Subscribed to key expression key=topic_5
2026-06-17T20:34:27.446315Z  INFO async_nats: event: connected
2026-06-17T20:34:28.050273Z  INFO mq_bench::roles::subscriber: Starting subscriber engine=Nats key=topic_5 endpoint=None crash_enabled=false
2026-06-17T20:34:28.050314Z  INFO mq_bench::roles::subscriber: Connected via transport engine=Nats
2026-06-17T20:34:28.052591Z  INFO async_nats::connector: connected successfully server=4222 max_payload=10485760
2026-06-17T20:34:28.052678Z  INFO mq_bench::roles::subscriber: Subscribed to key expression key=topic_5
2026-06-17T20:34:28.052685Z  INFO async_nats: event: connected
2026-06-17T20:34:28.658263Z  INFO mq_bench::roles::subscriber: Starting subscriber engine=Nats key=topic_5 endpoint=None crash_enabled=false
2026-06-17T20:34:28.658294Z  INFO mq_bench::roles::subscriber: Connected via transport engine=Nats
2026-06-17T20:34:28.660452Z  INFO async_nats::connector: connected successfully server=4222 max_payload=10485760
2026-06-17T20:34:28.660540Z  INFO mq_bench::roles::subscriber: Subscribed to key expression key=topic_5
2026-06-17T20:34:28.660545Z  INFO async_nats: event: connected
2026-06-17T20:34:29.266048Z  INFO mq_bench::roles::subscriber: Starting subscriber engine=Nats key=topic_5 endpoint=None crash_enabled=false
2026-06-17T20:34:29.266078Z  INFO mq_bench::roles::subscriber: Connected via transport engine=Nats
2026-06-17T20:34:29.268588Z  INFO async_nats::connector: connected successfully server=4222 max_payload=10485760
2026-06-17T20:34:29.268668Z  INFO mq_bench::roles::subscriber: Subscribed to key expression key=topic_5
2026-06-17T20:34:29.268683Z  INFO async_nats: event: connected
2026-06-17T20:34:29.872259Z  INFO mq_bench::roles::subscriber: Starting subscriber engine=Nats key=topic_5 endpoint=None crash_enabled=false
2026-06-17T20:34:29.872319Z  INFO mq_bench::roles::subscriber: Connected via transport engine=Nats
2026-06-17T20:34:29.874789Z  INFO async_nats::connector: connected successfully server=4222 max_payload=10485760
2026-06-17T20:34:29.874899Z  INFO mq_bench::roles::subscriber: Subscribed to key expression key=topic_5
2026-06-17T20:34:29.874908Z  INFO async_nats: event: connected
2026-06-17T20:34:30.479985Z  INFO mq_bench::roles::subscriber: Starting subscriber engine=Nats key=topic_5 endpoint=None crash_enabled=false
2026-06-17T20:34:30.480020Z  INFO mq_bench::roles::subscriber: Connected via transport engine=Nats
2026-06-17T20:34:30.482462Z  INFO async_nats::connector: connected successfully server=4222 max_payload=10485760
2026-06-17T20:34:30.482548Z  INFO mq_bench::roles::subscriber: Subscribed to key expression key=topic_5
2026-06-17T20:34:30.482553Z  INFO async_nats: event: connected
2026-06-17T20:34:31.086610Z  INFO mq_bench::roles::subscriber: Starting subscriber engine=Nats key=topic_5 endpoint=None crash_enabled=false
2026-06-17T20:34:31.086659Z  INFO mq_bench::roles::subscriber: Connected via transport engine=Nats
2026-06-17T20:34:31.088965Z  INFO async_nats::connector: connected successfully server=4222 max_payload=10485760
2026-06-17T20:34:31.089067Z  INFO mq_bench::roles::subscriber: Subscribed to key expression key=topic_5
2026-06-17T20:34:31.089074Z  INFO async_nats: event: connected
2026-06-17T20:34:31.693274Z  INFO mq_bench::roles::subscriber: Starting subscriber engine=Nats key=topic_5 endpoint=None crash_enabled=false
2026-06-17T20:34:31.693305Z  INFO mq_bench::roles::subscriber: Connected via transport engine=Nats
2026-06-17T20:34:31.695552Z  INFO async_nats::connector: connected successfully server=4222 max_payload=10485760
2026-06-17T20:34:31.695626Z  INFO mq_bench::roles::subscriber: Subscribed to key expression key=topic_5
2026-06-17T20:34:31.695633Z  INFO async_nats: event: connected
2026-06-17T20:34:32.300716Z  INFO mq_bench::roles::subscriber: Starting subscriber engine=Nats key=topic_5 endpoint=None crash_enabled=false
2026-06-17T20:34:32.300769Z  INFO mq_bench::roles::subscriber: Connected via transport engine=Nats
2026-06-17T20:34:32.303141Z  INFO async_nats::connector: connected successfully server=4222 max_payload=10485760
2026-06-17T20:34:32.303255Z  INFO mq_bench::roles::subscriber: Subscribed to key expression key=topic_5
2026-06-17T20:34:32.303262Z  INFO async_nats: event: connected
2026-06-17T20:34:32.908075Z  INFO mq_bench::roles::subscriber: Starting subscriber engine=Nats key=topic_5 endpoint=None crash_enabled=false
2026-06-17T20:34:32.908115Z  INFO mq_bench::roles::subscriber: Connected via transport engine=Nats
2026-06-17T20:34:32.910747Z  INFO async_nats::connector: connected successfully server=4222 max_payload=10485760
2026-06-17T20:34:32.910835Z  INFO mq_bench::roles::subscriber: Subscribed to key expression key=topic_5
2026-06-17T20:34:32.910843Z  INFO async_nats: event: connected
2026-06-17T20:34:33.514481Z  INFO mq_bench::roles::subscriber: Starting subscriber engine=Nats key=topic_5 endpoint=None crash_enabled=false
2026-06-17T20:34:33.514522Z  INFO mq_bench::roles::subscriber: Connected via transport engine=Nats
2026-06-17T20:34:33.516841Z  INFO async_nats::connector: connected successfully server=4222 max_payload=10485760
2026-06-17T20:34:33.516913Z  INFO mq_bench::roles::subscriber: Subscribed to key expression key=topic_5
2026-06-17T20:34:33.516922Z  INFO async_nats: event: connected
2026-06-17T20:34:34.121571Z  INFO mq_bench::roles::subscriber: Starting subscriber engine=Nats key=topic_5 endpoint=None crash_enabled=false
2026-06-17T20:34:34.121609Z  INFO mq_bench::roles::subscriber: Connected via transport engine=Nats
2026-06-17T20:34:34.123900Z  INFO async_nats::connector: connected successfully server=4222 max_payload=10485760
2026-06-17T20:34:34.124008Z  INFO mq_bench::roles::subscriber: Subscribed to key expression key=topic_5
2026-06-17T20:34:34.124013Z  INFO async_nats: event: connected
2026-06-17T20:34:34.729147Z  INFO mq_bench::roles::subscriber: Starting subscriber engine=Nats key=topic_5 endpoint=None crash_enabled=false
2026-06-17T20:34:34.729181Z  INFO mq_bench::roles::subscriber: Connected via transport engine=Nats
2026-06-17T20:34:34.731308Z  INFO async_nats::connector: connected successfully server=4222 max_payload=10485760
2026-06-17T20:34:34.731393Z  INFO mq_bench::roles::subscriber: Subscribed to key expression key=topic_5
2026-06-17T20:34:34.731395Z  INFO async_nats: event: connected
2026-06-17T20:34:35.337258Z  INFO mq_bench::roles::subscriber: Starting subscriber engine=Nats key=topic_5 endpoint=None crash_enabled=false
2026-06-17T20:34:35.337305Z  INFO mq_bench::roles::subscriber: Connected via transport engine=Nats
2026-06-17T20:34:35.339608Z  INFO async_nats::connector: connected successfully server=4222 max_payload=10485760
2026-06-17T20:34:35.339689Z  INFO mq_bench::roles::subscriber: Subscribed to key expression key=topic_5
2026-06-17T20:34:35.339698Z  INFO async_nats: event: connected
2026-06-17T20:34:35.944947Z  INFO mq_bench::roles::subscriber: Starting subscriber engine=Nats key=topic_5 endpoint=None crash_enabled=false
2026-06-17T20:34:35.944977Z  INFO mq_bench::roles::subscriber: Connected via transport engine=Nats
2026-06-17T20:34:35.947089Z  INFO async_nats::connector: connected successfully server=4222 max_payload=10485760
2026-06-17T20:34:35.947163Z  INFO mq_bench::roles::subscriber: Subscribed to key expression key=topic_5
2026-06-17T20:34:35.947169Z  INFO async_nats: event: connected
2026-06-17T20:34:36.551394Z  INFO mq_bench::roles::subscriber: Starting subscriber engine=Nats key=topic_5 endpoint=None crash_enabled=false
2026-06-17T20:34:36.551449Z  INFO mq_bench::roles::subscriber: Connected via transport engine=Nats
2026-06-17T20:34:36.553636Z  INFO async_nats::connector: connected successfully server=4222 max_payload=10485760
2026-06-17T20:34:36.553713Z  INFO mq_bench::roles::subscriber: Subscribed to key expression key=topic_5
2026-06-17T20:34:36.553719Z  INFO async_nats: event: connected
2026-06-17T20:34:37.158760Z  INFO mq_bench::roles::subscriber: Starting subscriber engine=Nats key=topic_5 endpoint=None crash_enabled=false
2026-06-17T20:34:37.158797Z  INFO mq_bench::roles::subscriber: Connected via transport engine=Nats
2026-06-17T20:34:37.160991Z  INFO async_nats::connector: connected successfully server=4222 max_payload=10485760
2026-06-17T20:34:37.161085Z  INFO mq_bench::roles::subscriber: Subscribed to key expression key=topic_5
2026-06-17T20:34:37.161092Z  INFO async_nats: event: connected
2026-06-17T20:34:37.765554Z  INFO mq_bench::roles::subscriber: Starting subscriber engine=Nats key=topic_5 endpoint=None crash_enabled=false
2026-06-17T20:34:37.765619Z  INFO mq_bench::roles::subscriber: Connected via transport engine=Nats
2026-06-17T20:34:37.767725Z  INFO async_nats::connector: connected successfully server=4222 max_payload=10485760
2026-06-17T20:34:37.767799Z  INFO mq_bench::roles::subscriber: Subscribed to key expression key=topic_5
2026-06-17T20:34:37.767807Z  INFO async_nats: event: connected
2026-06-17T20:34:38.373134Z  INFO mq_bench::roles::subscriber: Starting subscriber engine=Nats key=topic_5 endpoint=None crash_enabled=false
2026-06-17T20:34:38.373170Z  INFO mq_bench::roles::subscriber: Connected via transport engine=Nats
2026-06-17T20:34:38.375568Z  INFO async_nats::connector: connected successfully server=4222 max_payload=10485760
2026-06-17T20:34:38.375662Z  INFO async_nats: event: connected
2026-06-17T20:34:38.375663Z  INFO mq_bench::roles::subscriber: Subscribed to key expression key=topic_5
2026-06-17T20:34:38.980397Z  INFO mq_bench::roles::subscriber: Starting subscriber engine=Nats key=topic_5 endpoint=None crash_enabled=false
2026-06-17T20:34:38.980433Z  INFO mq_bench::roles::subscriber: Connected via transport engine=Nats
2026-06-17T20:34:38.982809Z  INFO async_nats::connector: connected successfully server=4222 max_payload=10485760
2026-06-17T20:34:38.982899Z  INFO mq_bench::roles::subscriber: Subscribed to key expression key=topic_5
2026-06-17T20:34:38.982904Z  INFO async_nats: event: connected
2026-06-17T20:34:39.587853Z  INFO mq_bench::roles::subscriber: Starting subscriber engine=Nats key=topic_5 endpoint=None crash_enabled=false
2026-06-17T20:34:39.587884Z  INFO mq_bench::roles::subscriber: Connected via transport engine=Nats
2026-06-17T20:34:39.590234Z  INFO async_nats::connector: connected successfully server=4222 max_payload=10485760
2026-06-17T20:34:39.590328Z  INFO async_nats: event: connected
2026-06-17T20:34:39.590336Z  INFO mq_bench::roles::subscriber: Subscribed to key expression key=topic_5
2026-06-17T20:34:40.195134Z  INFO mq_bench::roles::subscriber: Starting subscriber engine=Nats key=topic_5 endpoint=None crash_enabled=false
2026-06-17T20:34:40.195197Z  INFO mq_bench::roles::subscriber: Connected via transport engine=Nats
2026-06-17T20:34:40.197320Z  INFO async_nats::connector: connected successfully server=4222 max_payload=10485760
2026-06-17T20:34:40.197402Z  INFO mq_bench::roles::subscriber: Subscribed to key expression key=topic_5
2026-06-17T20:34:40.197411Z  INFO async_nats: event: connected
2026-06-17T20:34:40.802835Z  INFO mq_bench::roles::subscriber: Starting subscriber engine=Nats key=topic_5 endpoint=None crash_enabled=false
2026-06-17T20:34:40.802871Z  INFO mq_bench::roles::subscriber: Connected via transport engine=Nats
2026-06-17T20:34:40.805021Z  INFO async_nats::connector: connected successfully server=4222 max_payload=10485760
2026-06-17T20:34:40.805120Z  INFO mq_bench::roles::subscriber: Subscribed to key expression key=topic_5
2026-06-17T20:34:40.805124Z  INFO async_nats: event: connected
2026-06-17T20:34:41.409817Z  INFO mq_bench::roles::subscriber: Starting subscriber engine=Nats key=topic_5 endpoint=None crash_enabled=false
2026-06-17T20:34:41.409849Z  INFO mq_bench::roles::subscriber: Connected via transport engine=Nats
2026-06-17T20:34:41.412037Z  INFO async_nats::connector: connected successfully server=4222 max_payload=10485760
2026-06-17T20:34:41.412132Z  INFO async_nats: event: connected
2026-06-17T20:34:41.412134Z  INFO mq_bench::roles::subscriber: Subscribed to key expression key=topic_5
2026-06-17T20:34:42.016662Z  INFO mq_bench::roles::subscriber: Starting subscriber engine=Nats key=topic_5 endpoint=None crash_enabled=false
2026-06-17T20:34:42.016700Z  INFO mq_bench::roles::subscriber: Connected via transport engine=Nats
2026-06-17T20:34:42.018854Z  INFO async_nats::connector: connected successfully server=4222 max_payload=10485760
2026-06-17T20:34:42.018944Z  INFO mq_bench::roles::subscriber: Subscribed to key expression key=topic_5
2026-06-17T20:34:42.018952Z  INFO async_nats: event: connected
2026-06-17T20:34:42.623719Z  INFO mq_bench::roles::subscriber: Starting subscriber engine=Nats key=topic_5 endpoint=None crash_enabled=false
2026-06-17T20:34:42.623775Z  INFO mq_bench::roles::subscriber: Connected via transport engine=Nats
2026-06-17T20:34:42.625990Z  INFO async_nats::connector: connected successfully server=4222 max_payload=10485760
2026-06-17T20:34:42.626078Z  INFO async_nats: event: connected
2026-06-17T20:34:42.626089Z  INFO mq_bench::roles::subscriber: Subscribed to key expression key=topic_5
2026-06-17T20:34:43.231128Z  INFO mq_bench::roles::subscriber: Starting subscriber engine=Nats key=topic_5 endpoint=None crash_enabled=false
2026-06-17T20:34:43.231175Z  INFO mq_bench::roles::subscriber: Connected via transport engine=Nats
2026-06-17T20:34:43.233322Z  INFO async_nats::connector: connected successfully server=4222 max_payload=10485760
2026-06-17T20:34:43.233420Z  INFO mq_bench::roles::subscriber: Subscribed to key expression key=topic_5
2026-06-17T20:34:43.233427Z  INFO async_nats: event: connected
2026-06-17T20:34:43.838806Z  INFO mq_bench::roles::subscriber: Starting subscriber engine=Nats key=topic_5 endpoint=None crash_enabled=false
2026-06-17T20:34:43.838847Z  INFO mq_bench::roles::subscriber: Connected via transport engine=Nats
2026-06-17T20:34:43.841016Z  INFO async_nats::connector: connected successfully server=4222 max_payload=10485760
2026-06-17T20:34:43.841102Z  INFO mq_bench::roles::subscriber: Subscribed to key expression key=topic_5
2026-06-17T20:34:43.841108Z  INFO async_nats: event: connected
2026-06-17T20:34:44.446110Z  INFO mq_bench::roles::subscriber: Starting subscriber engine=Nats key=topic_5 endpoint=None crash_enabled=false
2026-06-17T20:34:44.446145Z  INFO mq_bench::roles::subscriber: Connected via transport engine=Nats
2026-06-17T20:34:44.448418Z  INFO async_nats::connector: connected successfully server=4222 max_payload=10485760
2026-06-17T20:34:44.448512Z  INFO mq_bench::roles::subscriber: Subscribed to key expression key=topic_5
2026-06-17T20:34:44.448516Z  INFO async_nats: event: connected
2026-06-17T20:34:45.053385Z  INFO mq_bench::roles::subscriber: Starting subscriber engine=Nats key=topic_5 endpoint=None crash_enabled=false
2026-06-17T20:34:45.053422Z  INFO mq_bench::roles::subscriber: Connected via transport engine=Nats
2026-06-17T20:34:45.055706Z  INFO async_nats::connector: connected successfully server=4222 max_payload=10485760
2026-06-17T20:34:45.055806Z  INFO mq_bench::roles::subscriber: Subscribed to key expression key=topic_5
2026-06-17T20:34:45.055812Z  INFO async_nats: event: connected
2026-06-17T20:34:45.661231Z  INFO mq_bench::roles::subscriber: Starting subscriber engine=Nats key=topic_5 endpoint=None crash_enabled=false
2026-06-17T20:34:45.661277Z  INFO mq_bench::roles::subscriber: Connected via transport engine=Nats
2026-06-17T20:34:45.663511Z  INFO async_nats::connector: connected successfully server=4222 max_payload=10485760
2026-06-17T20:34:45.663593Z  INFO mq_bench::roles::subscriber: Subscribed to key expression key=topic_5
2026-06-17T20:34:45.663600Z  INFO async_nats: event: connected
2026-06-17T20:34:46.269020Z  INFO mq_bench::roles::subscriber: Starting subscriber engine=Nats key=topic_5 endpoint=None crash_enabled=false
2026-06-17T20:34:46.269059Z  INFO mq_bench::roles::subscriber: Connected via transport engine=Nats
2026-06-17T20:34:46.271291Z  INFO async_nats::connector: connected successfully server=4222 max_payload=10485760
2026-06-17T20:34:46.271383Z  INFO mq_bench::roles::subscriber: Subscribed to key expression key=topic_5
2026-06-17T20:34:46.271385Z  INFO async_nats: event: connected
2026-06-17T20:34:46.875918Z  INFO mq_bench::roles::subscriber: Starting subscriber engine=Nats key=topic_5 endpoint=None crash_enabled=false
2026-06-17T20:34:46.875961Z  INFO mq_bench::roles::subscriber: Connected via transport engine=Nats
2026-06-17T20:34:46.878242Z  INFO async_nats::connector: connected successfully server=4222 max_payload=10485760
2026-06-17T20:34:46.878319Z  INFO mq_bench::roles::subscriber: Subscribed to key expression key=topic_5
2026-06-17T20:34:46.878327Z  INFO async_nats: event: connected
2026-06-17T20:34:47.482789Z  INFO mq_bench::roles::subscriber: Starting subscriber engine=Nats key=topic_5 endpoint=None crash_enabled=false
2026-06-17T20:34:47.482830Z  INFO mq_bench::roles::subscriber: Connected via transport engine=Nats
2026-06-17T20:34:47.485050Z  INFO async_nats::connector: connected successfully server=4222 max_payload=10485760
2026-06-17T20:34:47.485131Z  INFO mq_bench::roles::subscriber: Subscribed to key expression key=topic_5
2026-06-17T20:34:47.485141Z  INFO async_nats: event: connected
2026-06-17T20:34:48.089434Z  INFO mq_bench::roles::subscriber: Starting subscriber engine=Nats key=topic_5 endpoint=None crash_enabled=false
2026-06-17T20:34:48.089481Z  INFO mq_bench::roles::subscriber: Connected via transport engine=Nats
2026-06-17T20:34:48.091714Z  INFO async_nats::connector: connected successfully server=4222 max_payload=10485760
2026-06-17T20:34:48.091802Z  INFO async_nats: event: connected
2026-06-17T20:34:48.091805Z  INFO mq_bench::roles::subscriber: Subscribed to key expression key=topic_5
2026-06-17T20:34:48.696782Z  INFO mq_bench::roles::subscriber: Starting subscriber engine=Nats key=topic_5 endpoint=None crash_enabled=false
2026-06-17T20:34:48.696825Z  INFO mq_bench::roles::subscriber: Connected via transport engine=Nats
2026-06-17T20:34:48.699080Z  INFO async_nats::connector: connected successfully server=4222 max_payload=10485760
2026-06-17T20:34:48.699157Z  INFO mq_bench::roles::subscriber: Subscribed to key expression key=topic_5
2026-06-17T20:34:48.699164Z  INFO async_nats: event: connected
2026-06-17T20:34:49.303787Z  INFO mq_bench::roles::subscriber: Starting subscriber engine=Nats key=topic_5 endpoint=None crash_enabled=false
2026-06-17T20:34:49.303820Z  INFO mq_bench::roles::subscriber: Connected via transport engine=Nats
2026-06-17T20:34:49.313653Z  INFO async_nats::connector: connected successfully server=4222 max_payload=10485760
2026-06-17T20:34:49.313740Z  INFO mq_bench::roles::subscriber: Subscribed to key expression key=topic_5
2026-06-17T20:34:49.313746Z  INFO async_nats: event: connected
2026-06-17T20:34:49.910714Z  INFO mq_bench::roles::subscriber: Starting subscriber engine=Nats key=topic_5 endpoint=None crash_enabled=false
2026-06-17T20:34:49.910765Z  INFO mq_bench::roles::subscriber: Connected via transport engine=Nats
2026-06-17T20:34:49.912934Z  INFO async_nats::connector: connected successfully server=4222 max_payload=10485760
2026-06-17T20:34:49.913033Z  INFO async_nats: event: connected
2026-06-17T20:34:49.913034Z  INFO mq_bench::roles::subscriber: Subscribed to key expression key=topic_5
2026-06-17T20:34:50.518011Z  INFO mq_bench::roles::subscriber: Starting subscriber engine=Nats key=topic_5 endpoint=None crash_enabled=false
2026-06-17T20:34:50.518058Z  INFO mq_bench::roles::subscriber: Connected via transport engine=Nats
2026-06-17T20:34:50.520290Z  INFO async_nats::connector: connected successfully server=4222 max_payload=10485760
2026-06-17T20:34:50.520391Z  INFO mq_bench::roles::subscriber: Subscribed to key expression key=topic_5
2026-06-17T20:34:50.520392Z  INFO async_nats: event: connected
2026-06-17T20:34:51.124916Z  INFO mq_bench::roles::subscriber: Starting subscriber engine=Nats key=topic_5 endpoint=None crash_enabled=false
2026-06-17T20:34:51.124956Z  INFO mq_bench::roles::subscriber: Connected via transport engine=Nats
2026-06-17T20:34:51.127163Z  INFO async_nats::connector: connected successfully server=4222 max_payload=10485760
2026-06-17T20:34:51.127272Z  INFO mq_bench::roles::subscriber: Subscribed to key expression key=topic_5
2026-06-17T20:34:51.127276Z  INFO async_nats: event: connected
2026-06-17T20:34:51.732000Z  INFO mq_bench::roles::subscriber: Starting subscriber engine=Nats key=topic_5 endpoint=None crash_enabled=false
2026-06-17T20:34:51.732035Z  INFO mq_bench::roles::subscriber: Connected via transport engine=Nats
2026-06-17T20:34:51.734425Z  INFO async_nats::connector: connected successfully server=4222 max_payload=10485760
2026-06-17T20:34:51.734512Z  INFO mq_bench::roles::subscriber: Subscribed to key expression key=topic_5
2026-06-17T20:34:51.734519Z  INFO async_nats: event: connected
2026-06-17T20:34:52.338492Z  INFO mq_bench::roles::subscriber: Starting subscriber engine=Nats key=topic_5 endpoint=None crash_enabled=false
2026-06-17T20:34:52.338531Z  INFO mq_bench::roles::subscriber: Connected via transport engine=Nats
2026-06-17T20:34:52.340812Z  INFO async_nats::connector: connected successfully server=4222 max_payload=10485760
2026-06-17T20:34:52.340891Z  INFO mq_bench::roles::subscriber: Subscribed to key expression key=topic_5
2026-06-17T20:34:52.340896Z  INFO async_nats: event: connected
2026-06-17T20:34:52.945711Z  INFO mq_bench::roles::subscriber: Starting subscriber engine=Nats key=topic_5 endpoint=None crash_enabled=false
2026-06-17T20:34:52.945751Z  INFO mq_bench::roles::subscriber: Connected via transport engine=Nats
2026-06-17T20:34:52.948142Z  INFO async_nats::connector: connected successfully server=4222 max_payload=10485760
2026-06-17T20:34:52.948232Z  INFO mq_bench::roles::subscriber: Subscribed to key expression key=topic_5
2026-06-17T20:34:52.948237Z  INFO async_nats: event: connected
2026-06-17T20:34:53.552832Z  INFO mq_bench::roles::subscriber: Starting subscriber engine=Nats key=topic_5 endpoint=None crash_enabled=false
2026-06-17T20:34:53.552880Z  INFO mq_bench::roles::subscriber: Connected via transport engine=Nats
2026-06-17T20:34:53.555296Z  INFO async_nats::connector: connected successfully server=4222 max_payload=10485760
2026-06-17T20:34:53.555371Z  INFO mq_bench::roles::subscriber: Subscribed to key expression key=topic_5
2026-06-17T20:34:53.555378Z  INFO async_nats: event: connected
2026-06-17T20:34:54.159972Z  INFO mq_bench::roles::subscriber: Starting subscriber engine=Nats key=topic_5 endpoint=None crash_enabled=false
2026-06-17T20:34:54.160015Z  INFO mq_bench::roles::subscriber: Connected via transport engine=Nats
2026-06-17T20:34:54.162221Z  INFO async_nats::connector: connected successfully server=4222 max_payload=10485760
2026-06-17T20:34:54.162306Z  INFO mq_bench::roles::subscriber: Subscribed to key expression key=topic_5
2026-06-17T20:34:54.162313Z  INFO async_nats: event: connected
2026-06-17T20:34:54.766329Z  INFO mq_bench::roles::subscriber: Starting subscriber engine=Nats key=topic_5 endpoint=None crash_enabled=false
2026-06-17T20:34:54.766362Z  INFO mq_bench::roles::subscriber: Connected via transport engine=Nats
2026-06-17T20:34:54.768629Z  INFO async_nats::connector: connected successfully server=4222 max_payload=10485760
2026-06-17T20:34:54.768716Z  INFO mq_bench::roles::subscriber: Subscribed to key expression key=topic_5
2026-06-17T20:34:54.768721Z  INFO async_nats: event: connected
2026-06-17T20:34:55.373789Z  INFO mq_bench::roles::subscriber: Starting subscriber engine=Nats key=topic_5 endpoint=None crash_enabled=false
2026-06-17T20:34:55.373828Z  INFO mq_bench::roles::subscriber: Connected via transport engine=Nats
2026-06-17T20:34:55.375972Z  INFO async_nats::connector: connected successfully server=4222 max_payload=10485760
2026-06-17T20:34:55.376052Z  INFO mq_bench::roles::subscriber: Subscribed to key expression key=topic_5
2026-06-17T20:34:55.376057Z  INFO async_nats: event: connected
2026-06-17T20:34:55.981099Z  INFO mq_bench::roles::subscriber: Starting subscriber engine=Nats key=topic_5 endpoint=None crash_enabled=false
2026-06-17T20:34:55.981146Z  INFO mq_bench::roles::subscriber: Connected via transport engine=Nats
2026-06-17T20:34:55.983566Z  INFO async_nats::connector: connected successfully server=4222 max_payload=10485760
2026-06-17T20:34:55.983651Z  INFO mq_bench::roles::subscriber: Subscribed to key expression key=topic_5
2026-06-17T20:34:55.983657Z  INFO async_nats: event: connected
2026-06-17T20:34:56.588116Z  INFO mq_bench::roles::subscriber: Starting subscriber engine=Nats key=topic_5 endpoint=None crash_enabled=false
2026-06-17T20:34:56.588154Z  INFO mq_bench::roles::subscriber: Connected via transport engine=Nats
2026-06-17T20:34:56.590456Z  INFO async_nats::connector: connected successfully server=4222 max_payload=10485760
2026-06-17T20:34:56.590538Z  INFO mq_bench::roles::subscriber: Subscribed to key expression key=topic_5
2026-06-17T20:34:56.590546Z  INFO async_nats: event: connected
2026-06-17T20:34:57.195284Z  INFO mq_bench::roles::subscriber: Starting subscriber engine=Nats key=topic_5 endpoint=None crash_enabled=false
2026-06-17T20:34:57.195326Z  INFO mq_bench::roles::subscriber: Connected via transport engine=Nats
2026-06-17T20:34:57.197525Z  INFO async_nats::connector: connected successfully server=4222 max_payload=10485760
2026-06-17T20:34:57.197603Z  INFO mq_bench::roles::subscriber: Subscribed to key expression key=topic_5
2026-06-17T20:34:57.197610Z  INFO async_nats: event: connected
2026-06-17T20:34:57.802768Z  INFO mq_bench::roles::subscriber: Starting subscriber engine=Nats key=topic_5 endpoint=None crash_enabled=false
2026-06-17T20:34:57.802805Z  INFO mq_bench::roles::subscriber: Connected via transport engine=Nats
2026-06-17T20:34:57.804915Z  INFO async_nats::connector: connected successfully server=4222 max_payload=10485760
2026-06-17T20:34:57.805008Z  INFO mq_bench::roles::subscriber: Subscribed to key expression key=topic_5
2026-06-17T20:34:57.805013Z  INFO async_nats: event: connected
2026-06-17T20:34:58.409769Z  INFO mq_bench::roles::subscriber: Starting subscriber engine=Nats key=topic_5 endpoint=None crash_enabled=false
2026-06-17T20:34:58.409807Z  INFO mq_bench::roles::subscriber: Connected via transport engine=Nats
2026-06-17T20:34:58.411965Z  INFO async_nats::connector: connected successfully server=4222 max_payload=10485760
2026-06-17T20:34:58.412044Z  INFO mq_bench::roles::subscriber: Subscribed to key expression key=topic_5
2026-06-17T20:34:58.412049Z  INFO async_nats: event: connected
2026-06-17T20:34:59.016885Z  INFO mq_bench::roles::subscriber: Starting subscriber engine=Nats key=topic_5 endpoint=None crash_enabled=false
2026-06-17T20:34:59.016929Z  INFO mq_bench::roles::subscriber: Connected via transport engine=Nats
2026-06-17T20:34:59.019168Z  INFO async_nats::connector: connected successfully server=4222 max_payload=10485760
2026-06-17T20:34:59.019270Z  INFO mq_bench::roles::subscriber: Subscribed to key expression key=topic_5
2026-06-17T20:34:59.019276Z  INFO async_nats: event: connected
2026-06-17T20:34:59.623667Z  INFO mq_bench::roles::subscriber: Starting subscriber engine=Nats key=topic_5 endpoint=None crash_enabled=false
2026-06-17T20:34:59.623711Z  INFO mq_bench::roles::subscriber: Connected via transport engine=Nats
2026-06-17T20:34:59.625908Z  INFO async_nats::connector: connected successfully server=4222 max_payload=10485760
2026-06-17T20:34:59.625991Z  INFO mq_bench::roles::subscriber: Subscribed to key expression key=topic_5
2026-06-17T20:34:59.626000Z  INFO async_nats: event: connected
2026-06-17T20:35:00.230314Z  INFO mq_bench::roles::subscriber: Starting subscriber engine=Nats key=topic_5 endpoint=None crash_enabled=false
2026-06-17T20:35:00.230356Z  INFO mq_bench::roles::subscriber: Connected via transport engine=Nats
2026-06-17T20:35:00.232495Z  INFO async_nats::connector: connected successfully server=4222 max_payload=10485760
2026-06-17T20:35:00.232579Z  INFO mq_bench::roles::subscriber: Subscribed to key expression key=topic_5
2026-06-17T20:35:00.232585Z  INFO async_nats: event: connected
2026-06-17T20:35:00.837550Z  INFO mq_bench::roles::subscriber: Starting subscriber engine=Nats key=topic_5 endpoint=None crash_enabled=false
2026-06-17T20:35:00.837588Z  INFO mq_bench::roles::subscriber: Connected via transport engine=Nats
2026-06-17T20:35:00.839688Z  INFO async_nats::connector: connected successfully server=4222 max_payload=10485760
2026-06-17T20:35:00.839766Z  INFO mq_bench::roles::subscriber: Subscribed to key expression key=topic_5
2026-06-17T20:35:00.839772Z  INFO async_nats: event: connected
2026-06-17T20:35:01.444510Z  INFO mq_bench::roles::subscriber: Starting subscriber engine=Nats key=topic_5 endpoint=None crash_enabled=false
2026-06-17T20:35:01.444559Z  INFO mq_bench::roles::subscriber: Connected via transport engine=Nats
2026-06-17T20:35:01.446675Z  INFO async_nats::connector: connected successfully server=4222 max_payload=10485760
2026-06-17T20:35:01.446776Z  INFO mq_bench::roles::subscriber: Subscribed to key expression key=topic_5
2026-06-17T20:35:01.446782Z  INFO async_nats: event: connected
2026-06-17T20:35:02.051885Z  INFO mq_bench::roles::subscriber: Starting subscriber engine=Nats key=topic_5 endpoint=None crash_enabled=false
2026-06-17T20:35:02.051928Z  INFO mq_bench::roles::subscriber: Connected via transport engine=Nats
2026-06-17T20:35:02.054033Z  INFO async_nats::connector: connected successfully server=4222 max_payload=10485760
2026-06-17T20:35:02.054130Z  INFO async_nats: event: connected
2026-06-17T20:35:02.054129Z  INFO mq_bench::roles::subscriber: Subscribed to key expression key=topic_5
2026-06-17T20:35:02.658654Z  INFO mq_bench::roles::subscriber: Starting subscriber engine=Nats key=topic_5 endpoint=None crash_enabled=false
2026-06-17T20:35:02.658746Z  INFO mq_bench::roles::subscriber: Connected via transport engine=Nats
2026-06-17T20:35:02.660889Z  INFO async_nats::connector: connected successfully server=4222 max_payload=10485760
2026-06-17T20:35:02.660975Z  INFO mq_bench::roles::subscriber: Subscribed to key expression key=topic_5
2026-06-17T20:35:02.660984Z  INFO async_nats: event: connected
2026-06-17T20:35:03.266134Z  INFO mq_bench::roles::subscriber: Starting subscriber engine=Nats key=topic_5 endpoint=None crash_enabled=false
2026-06-17T20:35:03.266171Z  INFO mq_bench::roles::subscriber: Connected via transport engine=Nats
2026-06-17T20:35:03.268781Z  INFO async_nats::connector: connected successfully server=4222 max_payload=10485760
2026-06-17T20:35:03.268878Z  INFO mq_bench::roles::subscriber: Subscribed to key expression key=topic_5
2026-06-17T20:35:03.268885Z  INFO async_nats: event: connected
2026-06-17T20:35:03.874182Z  INFO mq_bench::roles::subscriber: Starting subscriber engine=Nats key=topic_5 endpoint=None crash_enabled=false
2026-06-17T20:35:03.874228Z  INFO mq_bench::roles::subscriber: Connected via transport engine=Nats
2026-06-17T20:35:03.876349Z  INFO async_nats::connector: connected successfully server=4222 max_payload=10485760
2026-06-17T20:35:03.876427Z  INFO mq_bench::roles::subscriber: Subscribed to key expression key=topic_5
2026-06-17T20:35:03.876435Z  INFO async_nats: event: connected
2026-06-17T20:35:04.481336Z  INFO mq_bench::roles::subscriber: Starting subscriber engine=Nats key=topic_5 endpoint=None crash_enabled=false
2026-06-17T20:35:04.481368Z  INFO mq_bench::roles::subscriber: Connected via transport engine=Nats
2026-06-17T20:35:04.483459Z  INFO async_nats::connector: connected successfully server=4222 max_payload=10485760
2026-06-17T20:35:04.483548Z  INFO mq_bench::roles::subscriber: Subscribed to key expression key=topic_5
2026-06-17T20:35:04.483554Z  INFO async_nats: event: connected
2026-06-17T20:35:05.088952Z  INFO mq_bench::roles::subscriber: Starting subscriber engine=Nats key=topic_5 endpoint=None crash_enabled=false
2026-06-17T20:35:05.088989Z  INFO mq_bench::roles::subscriber: Connected via transport engine=Nats
2026-06-17T20:35:05.091176Z  INFO async_nats::connector: connected successfully server=4222 max_payload=10485760
2026-06-17T20:35:05.091271Z  INFO mq_bench::roles::subscriber: Subscribed to key expression key=topic_5
2026-06-17T20:35:05.091276Z  INFO async_nats: event: connected
2026-06-17T20:35:05.695395Z  INFO mq_bench::roles::subscriber: Starting subscriber engine=Nats key=topic_5 endpoint=None crash_enabled=false
2026-06-17T20:35:05.695439Z  INFO mq_bench::roles::subscriber: Connected via transport engine=Nats
2026-06-17T20:35:05.697763Z  INFO async_nats::connector: connected successfully server=4222 max_payload=10485760
2026-06-17T20:35:05.697848Z  INFO mq_bench::roles::subscriber: Subscribed to key expression key=topic_5
2026-06-17T20:35:05.697856Z  INFO async_nats: event: connected
2026-06-17T20:35:06.303181Z  INFO mq_bench::roles::subscriber: Starting subscriber engine=Nats key=topic_5 endpoint=None crash_enabled=false
2026-06-17T20:35:06.303248Z  INFO mq_bench::roles::subscriber: Connected via transport engine=Nats
2026-06-17T20:35:06.305568Z  INFO async_nats::connector: connected successfully server=4222 max_payload=10485760
2026-06-17T20:35:06.305673Z  INFO mq_bench::roles::subscriber: Subscribed to key expression key=topic_5
2026-06-17T20:35:06.305676Z  INFO async_nats: event: connected
2026-06-17T20:35:06.911103Z  INFO mq_bench::roles::subscriber: Starting subscriber engine=Nats key=topic_5 endpoint=None crash_enabled=false
2026-06-17T20:35:06.911145Z  INFO mq_bench::roles::subscriber: Connected via transport engine=Nats
2026-06-17T20:35:06.913509Z  INFO async_nats::connector: connected successfully server=4222 max_payload=10485760
2026-06-17T20:35:06.913586Z  INFO mq_bench::roles::subscriber: Subscribed to key expression key=topic_5
2026-06-17T20:35:06.913593Z  INFO async_nats: event: connected
2026-06-17T20:35:07.518259Z  INFO mq_bench::roles::subscriber: Starting subscriber engine=Nats key=topic_5 endpoint=None crash_enabled=false
2026-06-17T20:35:07.518296Z  INFO mq_bench::roles::subscriber: Connected via transport engine=Nats
2026-06-17T20:35:07.520543Z  INFO async_nats::connector: connected successfully server=4222 max_payload=10485760
2026-06-17T20:35:07.520630Z  INFO async_nats: event: connected
2026-06-17T20:35:07.520631Z  INFO mq_bench::roles::subscriber: Subscribed to key expression key=topic_5
2026-06-17T20:35:08.125856Z  INFO mq_bench::roles::subscriber: Starting subscriber engine=Nats key=topic_5 endpoint=None crash_enabled=false
2026-06-17T20:35:08.125896Z  INFO mq_bench::roles::subscriber: Connected via transport engine=Nats
2026-06-17T20:35:08.128241Z  INFO async_nats::connector: connected successfully server=4222 max_payload=10485760
2026-06-17T20:35:08.128306Z  INFO mq_bench::roles::subscriber: Subscribed to key expression key=topic_5
2026-06-17T20:35:08.128311Z  INFO async_nats: event: connected
2026-06-17T20:35:08.732815Z  INFO mq_bench::roles::subscriber: Starting subscriber engine=Nats key=topic_5 endpoint=None crash_enabled=false
2026-06-17T20:35:08.732856Z  INFO mq_bench::roles::subscriber: Connected via transport engine=Nats
2026-06-17T20:35:08.735262Z  INFO async_nats::connector: connected successfully server=4222 max_payload=10485760
2026-06-17T20:35:08.735398Z  INFO async_nats: event: connected
2026-06-17T20:35:08.735397Z  INFO mq_bench::roles::subscriber: Subscribed to key expression key=topic_5
2026-06-17T20:35:09.339560Z  INFO mq_bench::roles::subscriber: Starting subscriber engine=Nats key=topic_5 endpoint=None crash_enabled=false
2026-06-17T20:35:09.339600Z  INFO mq_bench::roles::subscriber: Connected via transport engine=Nats
2026-06-17T20:35:09.341783Z  INFO async_nats::connector: connected successfully server=4222 max_payload=10485760
2026-06-17T20:35:09.341877Z  INFO mq_bench::roles::subscriber: Subscribed to key expression key=topic_5
2026-06-17T20:35:09.341882Z  INFO async_nats: event: connected
2026-06-17T20:35:09.946738Z  INFO mq_bench::roles::subscriber: Starting subscriber engine=Nats key=topic_5 endpoint=None crash_enabled=false
2026-06-17T20:35:09.946771Z  INFO mq_bench::roles::subscriber: Connected via transport engine=Nats
2026-06-17T20:35:09.949216Z  INFO async_nats::connector: connected successfully server=4222 max_payload=10485760
2026-06-17T20:35:09.949299Z  INFO mq_bench::roles::subscriber: Subscribed to key expression key=topic_5
2026-06-17T20:35:09.949304Z  INFO async_nats: event: connected
2026-06-17T20:35:10.554262Z  INFO mq_bench::roles::subscriber: Starting subscriber engine=Nats key=topic_5 endpoint=None crash_enabled=false
2026-06-17T20:35:10.554303Z  INFO mq_bench::roles::subscriber: Connected via transport engine=Nats
2026-06-17T20:35:10.556538Z  INFO async_nats::connector: connected successfully server=4222 max_payload=10485760
2026-06-17T20:35:10.556643Z  INFO async_nats: event: connected
2026-06-17T20:35:10.556644Z  INFO mq_bench::roles::subscriber: Subscribed to key expression key=topic_5
2026-06-17T20:35:11.161794Z  INFO mq_bench::roles::subscriber: Starting subscriber engine=Nats key=topic_5 endpoint=None crash_enabled=false
2026-06-17T20:35:11.161830Z  INFO mq_bench::roles::subscriber: Connected via transport engine=Nats
2026-06-17T20:35:11.164028Z  INFO async_nats::connector: connected successfully server=4222 max_payload=10485760
2026-06-17T20:35:11.164106Z  INFO mq_bench::roles::subscriber: Subscribed to key expression key=topic_5
2026-06-17T20:35:11.164112Z  INFO async_nats: event: connected
2026-06-17T20:35:11.768362Z  INFO mq_bench::roles::subscriber: Starting subscriber engine=Nats key=topic_5 endpoint=None crash_enabled=false
2026-06-17T20:35:11.768413Z  INFO mq_bench::roles::subscriber: Connected via transport engine=Nats
2026-06-17T20:35:11.770638Z  INFO async_nats::connector: connected successfully server=4222 max_payload=10485760
2026-06-17T20:35:11.770719Z  INFO mq_bench::roles::subscriber: Subscribed to key expression key=topic_5
2026-06-17T20:35:11.770729Z  INFO async_nats: event: connected
2026-06-17T20:35:12.376045Z  INFO mq_bench::roles::subscriber: Starting subscriber engine=Nats key=topic_5 endpoint=None crash_enabled=false
2026-06-17T20:35:12.376086Z  INFO mq_bench::roles::subscriber: Connected via transport engine=Nats
2026-06-17T20:35:12.378307Z  INFO async_nats::connector: connected successfully server=4222 max_payload=10485760
2026-06-17T20:35:12.378402Z  INFO mq_bench::roles::subscriber: Subscribed to key expression key=topic_5
2026-06-17T20:35:12.378405Z  INFO async_nats: event: connected
2026-06-17T20:35:12.982298Z  INFO mq_bench::roles::subscriber: Starting subscriber engine=Nats key=topic_5 endpoint=None crash_enabled=false
2026-06-17T20:35:12.982334Z  INFO mq_bench::roles::subscriber: Connected via transport engine=Nats
2026-06-17T20:35:12.984496Z  INFO async_nats::connector: connected successfully server=4222 max_payload=10485760
2026-06-17T20:35:12.984577Z  INFO mq_bench::roles::subscriber: Subscribed to key expression key=topic_5
2026-06-17T20:35:12.984583Z  INFO async_nats: event: connected
2026-06-17T20:35:13.590125Z  INFO mq_bench::roles::subscriber: Starting subscriber engine=Nats key=topic_5 endpoint=None crash_enabled=false
2026-06-17T20:35:13.590155Z  INFO mq_bench::roles::subscriber: Connected via transport engine=Nats
2026-06-17T20:35:13.592332Z  INFO async_nats::connector: connected successfully server=4222 max_payload=10485760
2026-06-17T20:35:13.592407Z  INFO mq_bench::roles::subscriber: Subscribed to key expression key=topic_5
2026-06-17T20:35:13.592407Z  INFO async_nats: event: connected
2026-06-17T20:35:14.197418Z  INFO mq_bench::roles::subscriber: Starting subscriber engine=Nats key=topic_5 endpoint=None crash_enabled=false
2026-06-17T20:35:14.197452Z  INFO mq_bench::roles::subscriber: Connected via transport engine=Nats
2026-06-17T20:35:14.199686Z  INFO async_nats::connector: connected successfully server=4222 max_payload=10485760
2026-06-17T20:35:14.199773Z  INFO mq_bench::roles::subscriber: Subscribed to key expression key=topic_5
2026-06-17T20:35:14.199775Z  INFO async_nats: event: connected
2026-06-17T20:35:14.804761Z  INFO mq_bench::roles::subscriber: Starting subscriber engine=Nats key=topic_5 endpoint=None crash_enabled=false
2026-06-17T20:35:14.804791Z  INFO mq_bench::roles::subscriber: Connected via transport engine=Nats
2026-06-17T20:35:14.807018Z  INFO async_nats::connector: connected successfully server=4222 max_payload=10485760
2026-06-17T20:35:14.807116Z  INFO mq_bench::roles::subscriber: Subscribed to key expression key=topic_5
2026-06-17T20:35:14.807121Z  INFO async_nats: event: connected
2026-06-17T20:35:15.411408Z  INFO mq_bench::roles::subscriber: Starting subscriber engine=Nats key=topic_5 endpoint=None crash_enabled=false
2026-06-17T20:35:15.411450Z  INFO mq_bench::roles::subscriber: Connected via transport engine=Nats
2026-06-17T20:35:15.413735Z  INFO async_nats::connector: connected successfully server=4222 max_payload=10485760
2026-06-17T20:35:15.413828Z  INFO async_nats: event: connected
2026-06-17T20:35:15.413829Z  INFO mq_bench::roles::subscriber: Subscribed to key expression key=topic_5
2026-06-17T20:35:16.019222Z  INFO mq_bench::roles::subscriber: Starting subscriber engine=Nats key=topic_5 endpoint=None crash_enabled=false
2026-06-17T20:35:16.019265Z  INFO mq_bench::roles::subscriber: Connected via transport engine=Nats
2026-06-17T20:35:16.021957Z  INFO async_nats::connector: connected successfully server=4222 max_payload=10485760
2026-06-17T20:35:16.022053Z  INFO mq_bench::roles::subscriber: Subscribed to key expression key=topic_5
2026-06-17T20:35:16.022058Z  INFO async_nats: event: connected
2026-06-17T20:35:16.627264Z  INFO mq_bench::roles::subscriber: Starting subscriber engine=Nats key=topic_5 endpoint=None crash_enabled=false
2026-06-17T20:35:16.627295Z  INFO mq_bench::roles::subscriber: Connected via transport engine=Nats
2026-06-17T20:35:16.629551Z  INFO async_nats::connector: connected successfully server=4222 max_payload=10485760
2026-06-17T20:35:16.629635Z  INFO mq_bench::roles::subscriber: Subscribed to key expression key=topic_5
2026-06-17T20:35:16.629641Z  INFO async_nats: event: connected
2026-06-17T20:35:17.234843Z  INFO mq_bench::roles::subscriber: Starting subscriber engine=Nats key=topic_5 endpoint=None crash_enabled=false
2026-06-17T20:35:17.234875Z  INFO mq_bench::roles::subscriber: Connected via transport engine=Nats
2026-06-17T20:35:17.236988Z  INFO async_nats::connector: connected successfully server=4222 max_payload=10485760
2026-06-17T20:35:17.237074Z  INFO mq_bench::roles::subscriber: Subscribed to key expression key=topic_5
2026-06-17T20:35:17.237079Z  INFO async_nats: event: connected
2026-06-17T20:35:17.841892Z  INFO mq_bench::roles::subscriber: Starting subscriber engine=Nats key=topic_5 endpoint=None crash_enabled=false
2026-06-17T20:35:17.841922Z  INFO mq_bench::roles::subscriber: Connected via transport engine=Nats
2026-06-17T20:35:17.844013Z  INFO async_nats::connector: connected successfully server=4222 max_payload=10485760
2026-06-17T20:35:17.844119Z  INFO async_nats: event: connected
2026-06-17T20:35:17.844119Z  INFO mq_bench::roles::subscriber: Subscribed to key expression key=topic_5
2026-06-17T20:35:18.448431Z  INFO mq_bench::roles::subscriber: Starting subscriber engine=Nats key=topic_5 endpoint=None crash_enabled=false
2026-06-17T20:35:18.448477Z  INFO mq_bench::roles::subscriber: Connected via transport engine=Nats
2026-06-17T20:35:18.450532Z  INFO async_nats::connector: connected successfully server=4222 max_payload=10485760
2026-06-17T20:35:18.450613Z  INFO mq_bench::roles::subscriber: Subscribed to key expression key=topic_5
2026-06-17T20:35:18.450621Z  INFO async_nats: event: connected
2026-06-17T20:35:19.055454Z  INFO mq_bench::roles::subscriber: Starting subscriber engine=Nats key=topic_5 endpoint=None crash_enabled=false
2026-06-17T20:35:19.055487Z  INFO mq_bench::roles::subscriber: Connected via transport engine=Nats
2026-06-17T20:35:19.057629Z  INFO async_nats::connector: connected successfully server=4222 max_payload=10485760
2026-06-17T20:35:19.057715Z  INFO mq_bench::roles::subscriber: Subscribed to key expression key=topic_5
2026-06-17T20:35:19.057720Z  INFO async_nats: event: connected
