mq-bench starting with run_id: auto
Writing CSV output to: artifacts/fanout_bursty_20260617_203418_nats_p64_s1000_u10_bursty/fanout_singlesite/sub_7.csv
2026-06-17T20:34:18.953515Z  INFO mq_bench::roles::subscriber: Starting subscriber engine=Nats key=topic_7 endpoint=None crash_enabled=false
2026-06-17T20:34:18.953565Z  INFO mq_bench::roles::subscriber: Connected via transport engine=Nats
2026-06-17T20:34:18.955731Z  INFO async_nats::connector: connected successfully server=4222 max_payload=10485760
2026-06-17T20:34:18.955774Z  INFO mq_bench::roles::subscriber: Subscribed to key expression key=topic_7
2026-06-17T20:34:18.955776Z  INFO async_nats: event: connected
2026-06-17T20:34:19.560567Z  INFO mq_bench::roles::subscriber: Starting subscriber engine=Nats key=topic_7 endpoint=None crash_enabled=false
2026-06-17T20:34:19.560599Z  INFO mq_bench::roles::subscriber: Connected via transport engine=Nats
2026-06-17T20:34:19.562962Z  INFO async_nats::connector: connected successfully server=4222 max_payload=10485760
2026-06-17T20:34:19.563044Z  INFO mq_bench::roles::subscriber: Subscribed to key expression key=topic_7
2026-06-17T20:34:19.563061Z  INFO async_nats: event: connected
2026-06-17T20:34:20.167751Z  INFO mq_bench::roles::subscriber: Starting subscriber engine=Nats key=topic_7 endpoint=None crash_enabled=false
2026-06-17T20:34:20.167821Z  INFO mq_bench::roles::subscriber: Connected via transport engine=Nats
2026-06-17T20:34:20.170150Z  INFO async_nats::connector: connected successfully server=4222 max_payload=10485760
2026-06-17T20:34:20.170270Z  INFO mq_bench::roles::subscriber: Subscribed to key expression key=topic_7
2026-06-17T20:34:20.170273Z  INFO async_nats: event: connected
2026-06-17T20:34:20.775172Z  INFO mq_bench::roles::subscriber: Starting subscriber engine=Nats key=topic_7 endpoint=None crash_enabled=false
2026-06-17T20:34:20.775278Z  INFO mq_bench::roles::subscriber: Connected via transport engine=Nats
2026-06-17T20:34:20.777754Z  INFO async_nats::connector: connected successfully server=4222 max_payload=10485760
2026-06-17T20:34:20.777836Z  INFO mq_bench::roles::subscriber: Subscribed to key expression key=topic_7
2026-06-17T20:34:20.777844Z  INFO async_nats: event: connected
2026-06-17T20:34:21.382696Z  INFO mq_bench::roles::subscriber: Starting subscriber engine=Nats key=topic_7 endpoint=None crash_enabled=false
2026-06-17T20:34:21.382737Z  INFO mq_bench::roles::subscriber: Connected via transport engine=Nats
2026-06-17T20:34:21.385198Z  INFO async_nats::connector: connected successfully server=4222 max_payload=10485760
2026-06-17T20:34:21.385297Z  INFO mq_bench::roles::subscriber: Subscribed to key expression key=topic_7
2026-06-17T20:34:21.385302Z  INFO async_nats: event: connected
2026-06-17T20:34:21.990044Z  INFO mq_bench::roles::subscriber: Starting subscriber engine=Nats key=topic_7 endpoint=None crash_enabled=false
2026-06-17T20:34:21.990086Z  INFO mq_bench::roles::subscriber: Connected via transport engine=Nats
2026-06-17T20:34:22.005047Z  INFO async_nats::connector: connected successfully server=4222 max_payload=10485760
2026-06-17T20:34:22.005149Z  INFO async_nats: event: connected
2026-06-17T20:34:22.005152Z  INFO mq_bench::roles::subscriber: Subscribed to key expression key=topic_7
2026-06-17T20:34:22.596966Z  INFO mq_bench::roles::subscriber: Starting subscriber engine=Nats key=topic_7 endpoint=None crash_enabled=false
2026-06-17T20:34:22.596999Z  INFO mq_bench::roles::subscriber: Connected via transport engine=Nats
2026-06-17T20:34:22.599169Z  INFO async_nats::connector: connected successfully server=4222 max_payload=10485760
2026-06-17T20:34:22.599294Z  INFO mq_bench::roles::subscriber: Subscribed to key expression key=topic_7
2026-06-17T20:34:22.599297Z  INFO async_nats: event: connected
2026-06-17T20:34:23.204618Z  INFO mq_bench::roles::subscriber: Starting subscriber engine=Nats key=topic_7 endpoint=None crash_enabled=false
2026-06-17T20:34:23.204656Z  INFO mq_bench::roles::subscriber: Connected via transport engine=Nats
2026-06-17T20:34:23.206913Z  INFO async_nats::connector: connected successfully server=4222 max_payload=10485760
2026-06-17T20:34:23.207008Z  INFO mq_bench::roles::subscriber: Subscribed to key expression key=topic_7
2026-06-17T20:34:23.207011Z  INFO async_nats: event: connected
2026-06-17T20:34:23.811774Z  INFO mq_bench::roles::subscriber: Starting subscriber engine=Nats key=topic_7 endpoint=None crash_enabled=false
2026-06-17T20:34:23.811809Z  INFO mq_bench::roles::subscriber: Connected via transport engine=Nats
2026-06-17T20:34:23.814037Z  INFO async_nats::connector: connected successfully server=4222 max_payload=10485760
2026-06-17T20:34:23.814132Z  INFO mq_bench::roles::subscriber: Subscribed to key expression key=topic_7
2026-06-17T20:34:23.814138Z  INFO async_nats: event: connected
2026-06-17T20:34:24.419003Z  INFO mq_bench::roles::subscriber: Starting subscriber engine=Nats key=topic_7 endpoint=None crash_enabled=false
2026-06-17T20:34:24.419041Z  INFO mq_bench::roles::subscriber: Connected via transport engine=Nats
2026-06-17T20:34:24.422526Z  INFO async_nats::connector: connected successfully server=4222 max_payload=10485760
2026-06-17T20:34:24.422613Z  INFO mq_bench::roles::subscriber: Subscribed to key expression key=topic_7
2026-06-17T20:34:24.422617Z  INFO async_nats: event: connected
2026-06-17T20:34:25.026591Z  INFO mq_bench::roles::subscriber: Starting subscriber engine=Nats key=topic_7 endpoint=None crash_enabled=false
2026-06-17T20:34:25.026632Z  INFO mq_bench::roles::subscriber: Connected via transport engine=Nats
2026-06-17T20:34:25.028910Z  INFO async_nats::connector: connected successfully server=4222 max_payload=10485760
2026-06-17T20:34:25.028991Z  INFO mq_bench::roles::subscriber: Subscribed to key expression key=topic_7
2026-06-17T20:34:25.028996Z  INFO async_nats: event: connected
2026-06-17T20:34:25.633664Z  INFO mq_bench::roles::subscriber: Starting subscriber engine=Nats key=topic_7 endpoint=None crash_enabled=false
2026-06-17T20:34:25.633697Z  INFO mq_bench::roles::subscriber: Connected via transport engine=Nats
2026-06-17T20:34:25.635828Z  INFO async_nats::connector: connected successfully server=4222 max_payload=10485760
2026-06-17T20:34:25.635916Z  INFO mq_bench::roles::subscriber: Subscribed to key expression key=topic_7
2026-06-17T20:34:25.635922Z  INFO async_nats: event: connected
2026-06-17T20:34:26.241740Z  INFO mq_bench::roles::subscriber: Starting subscriber engine=Nats key=topic_7 endpoint=None crash_enabled=false
2026-06-17T20:34:26.241775Z  INFO mq_bench::roles::subscriber: Connected via transport engine=Nats
2026-06-17T20:34:26.243868Z  INFO async_nats::connector: connected successfully server=4222 max_payload=10485760
2026-06-17T20:34:26.243953Z  INFO mq_bench::roles::subscriber: Subscribed to key expression key=topic_7
2026-06-17T20:34:26.243957Z  INFO async_nats: event: connected
2026-06-17T20:34:26.849073Z  INFO mq_bench::roles::subscriber: Starting subscriber engine=Nats key=topic_7 endpoint=None crash_enabled=false
2026-06-17T20:34:26.849107Z  INFO mq_bench::roles::subscriber: Connected via transport engine=Nats
2026-06-17T20:34:26.851247Z  INFO async_nats::connector: connected successfully server=4222 max_payload=10485760
2026-06-17T20:34:26.851336Z  INFO mq_bench::roles::subscriber: Subscribed to key expression key=topic_7
2026-06-17T20:34:26.851340Z  INFO async_nats: event: connected
2026-06-17T20:34:27.456551Z  INFO mq_bench::roles::subscriber: Starting subscriber engine=Nats key=topic_7 endpoint=None crash_enabled=false
2026-06-17T20:34:27.456592Z  INFO mq_bench::roles::subscriber: Connected via transport engine=Nats
2026-06-17T20:34:27.457741Z  INFO async_nats::connector: connected successfully server=4222 max_payload=10485760
2026-06-17T20:34:27.457826Z  INFO mq_bench::roles::subscriber: Subscribed to key expression key=topic_7
2026-06-17T20:34:27.457833Z  INFO async_nats: event: connected
2026-06-17T20:34:28.062821Z  INFO mq_bench::roles::subscriber: Starting subscriber engine=Nats key=topic_7 endpoint=None crash_enabled=false
2026-06-17T20:34:28.062864Z  INFO mq_bench::roles::subscriber: Connected via transport engine=Nats
2026-06-17T20:34:28.065186Z  INFO async_nats::connector: connected successfully server=4222 max_payload=10485760
2026-06-17T20:34:28.065292Z  INFO mq_bench::roles::subscriber: Subscribed to key expression key=topic_7
2026-06-17T20:34:28.065298Z  INFO async_nats: event: connected
2026-06-17T20:34:28.669940Z  INFO mq_bench::roles::subscriber: Starting subscriber engine=Nats key=topic_7 endpoint=None crash_enabled=false
2026-06-17T20:34:28.669976Z  INFO mq_bench::roles::subscriber: Connected via transport engine=Nats
2026-06-17T20:34:28.672585Z  INFO async_nats::connector: connected successfully server=4222 max_payload=10485760
2026-06-17T20:34:28.672674Z  INFO mq_bench::roles::subscriber: Subscribed to key expression key=topic_7
2026-06-17T20:34:28.672678Z  INFO async_nats: event: connected
2026-06-17T20:34:29.277558Z  INFO mq_bench::roles::subscriber: Starting subscriber engine=Nats key=topic_7 endpoint=None crash_enabled=false
2026-06-17T20:34:29.277598Z  INFO mq_bench::roles::subscriber: Connected via transport engine=Nats
2026-06-17T20:34:29.278743Z  INFO async_nats::connector: connected successfully server=4222 max_payload=10485760
2026-06-17T20:34:29.278823Z  INFO async_nats: event: connected
2026-06-17T20:34:29.278825Z  INFO mq_bench::roles::subscriber: Subscribed to key expression key=topic_7
2026-06-17T20:34:29.883758Z  INFO mq_bench::roles::subscriber: Starting subscriber engine=Nats key=topic_7 endpoint=None crash_enabled=false
2026-06-17T20:34:29.883791Z  INFO mq_bench::roles::subscriber: Connected via transport engine=Nats
2026-06-17T20:34:29.886070Z  INFO async_nats::connector: connected successfully server=4222 max_payload=10485760
2026-06-17T20:34:29.886146Z  INFO mq_bench::roles::subscriber: Subscribed to key expression key=topic_7
2026-06-17T20:34:29.886151Z  INFO async_nats: event: connected
2026-06-17T20:34:30.491501Z  INFO mq_bench::roles::subscriber: Starting subscriber engine=Nats key=topic_7 endpoint=None crash_enabled=false
2026-06-17T20:34:30.491537Z  INFO mq_bench::roles::subscriber: Connected via transport engine=Nats
2026-06-17T20:34:30.493784Z  INFO async_nats::connector: connected successfully server=4222 max_payload=10485760
2026-06-17T20:34:30.493868Z  INFO async_nats: event: connected
2026-06-17T20:34:30.493869Z  INFO mq_bench::roles::subscriber: Subscribed to key expression key=topic_7
2026-06-17T20:34:31.098488Z  INFO mq_bench::roles::subscriber: Starting subscriber engine=Nats key=topic_7 endpoint=None crash_enabled=false
2026-06-17T20:34:31.098548Z  INFO mq_bench::roles::subscriber: Connected via transport engine=Nats
2026-06-17T20:34:31.100749Z  INFO async_nats::connector: connected successfully server=4222 max_payload=10485760
2026-06-17T20:34:31.100835Z  INFO mq_bench::roles::subscriber: Subscribed to key expression key=topic_7
2026-06-17T20:34:31.100841Z  INFO async_nats: event: connected
2026-06-17T20:34:31.705265Z  INFO mq_bench::roles::subscriber: Starting subscriber engine=Nats key=topic_7 endpoint=None crash_enabled=false
2026-06-17T20:34:31.705298Z  INFO mq_bench::roles::subscriber: Connected via transport engine=Nats
2026-06-17T20:34:31.707415Z  INFO async_nats::connector: connected successfully server=4222 max_payload=10485760
2026-06-17T20:34:31.707493Z  INFO mq_bench::roles::subscriber: Subscribed to key expression key=topic_7
2026-06-17T20:34:31.707498Z  INFO async_nats: event: connected
2026-06-17T20:34:32.312047Z  INFO mq_bench::roles::subscriber: Starting subscriber engine=Nats key=topic_7 endpoint=None crash_enabled=false
2026-06-17T20:34:32.312086Z  INFO mq_bench::roles::subscriber: Connected via transport engine=Nats
2026-06-17T20:34:32.314321Z  INFO async_nats::connector: connected successfully server=4222 max_payload=10485760
2026-06-17T20:34:32.314402Z  INFO mq_bench::roles::subscriber: Subscribed to key expression key=topic_7
2026-06-17T20:34:32.314407Z  INFO async_nats: event: connected
2026-06-17T20:34:32.919075Z  INFO mq_bench::roles::subscriber: Starting subscriber engine=Nats key=topic_7 endpoint=None crash_enabled=false
2026-06-17T20:34:32.919114Z  INFO mq_bench::roles::subscriber: Connected via transport engine=Nats
2026-06-17T20:34:32.921297Z  INFO async_nats::connector: connected successfully server=4222 max_payload=10485760
2026-06-17T20:34:32.921371Z  INFO async_nats: event: connected
2026-06-17T20:34:32.921374Z  INFO mq_bench::roles::subscriber: Subscribed to key expression key=topic_7
2026-06-17T20:34:33.526346Z  INFO mq_bench::roles::subscriber: Starting subscriber engine=Nats key=topic_7 endpoint=None crash_enabled=false
2026-06-17T20:34:33.526388Z  INFO mq_bench::roles::subscriber: Connected via transport engine=Nats
2026-06-17T20:34:33.528673Z  INFO async_nats::connector: connected successfully server=4222 max_payload=10485760
2026-06-17T20:34:33.528761Z  INFO mq_bench::roles::subscriber: Subscribed to key expression key=topic_7
2026-06-17T20:34:33.528761Z  INFO async_nats: event: connected
2026-06-17T20:34:34.133478Z  INFO mq_bench::roles::subscriber: Starting subscriber engine=Nats key=topic_7 endpoint=None crash_enabled=false
2026-06-17T20:34:34.133514Z  INFO mq_bench::roles::subscriber: Connected via transport engine=Nats
2026-06-17T20:34:34.135724Z  INFO async_nats::connector: connected successfully server=4222 max_payload=10485760
2026-06-17T20:34:34.135814Z  INFO mq_bench::roles::subscriber: Subscribed to key expression key=topic_7
2026-06-17T20:34:34.135819Z  INFO async_nats: event: connected
2026-06-17T20:34:34.739973Z  INFO mq_bench::roles::subscriber: Starting subscriber engine=Nats key=topic_7 endpoint=None crash_enabled=false
2026-06-17T20:34:34.740005Z  INFO mq_bench::roles::subscriber: Connected via transport engine=Nats
2026-06-17T20:34:34.742235Z  INFO async_nats::connector: connected successfully server=4222 max_payload=10485760
2026-06-17T20:34:34.742319Z  INFO async_nats: event: connected
2026-06-17T20:34:34.742325Z  INFO mq_bench::roles::subscriber: Subscribed to key expression key=topic_7
2026-06-17T20:34:35.346781Z  INFO mq_bench::roles::subscriber: Starting subscriber engine=Nats key=topic_7 endpoint=None crash_enabled=false
2026-06-17T20:34:35.346818Z  INFO mq_bench::roles::subscriber: Connected via transport engine=Nats
2026-06-17T20:34:35.348881Z  INFO async_nats::connector: connected successfully server=4222 max_payload=10485760
2026-06-17T20:34:35.348966Z  INFO async_nats: event: connected
2026-06-17T20:34:35.348967Z  INFO mq_bench::roles::subscriber: Subscribed to key expression key=topic_7
2026-06-17T20:34:35.954574Z  INFO mq_bench::roles::subscriber: Starting subscriber engine=Nats key=topic_7 endpoint=None crash_enabled=false
2026-06-17T20:34:35.954602Z  INFO mq_bench::roles::subscriber: Connected via transport engine=Nats
2026-06-17T20:34:35.955768Z  INFO async_nats::connector: connected successfully server=4222 max_payload=10485760
2026-06-17T20:34:35.955843Z  INFO mq_bench::roles::subscriber: Subscribed to key expression key=topic_7
2026-06-17T20:34:35.955843Z  INFO async_nats: event: connected
2026-06-17T20:34:36.560926Z  INFO mq_bench::roles::subscriber: Starting subscriber engine=Nats key=topic_7 endpoint=None crash_enabled=false
2026-06-17T20:34:36.560958Z  INFO mq_bench::roles::subscriber: Connected via transport engine=Nats
2026-06-17T20:34:36.563240Z  INFO async_nats::connector: connected successfully server=4222 max_payload=10485760
2026-06-17T20:34:36.563338Z  INFO mq_bench::roles::subscriber: Subscribed to key expression key=topic_7
2026-06-17T20:34:36.563343Z  INFO async_nats: event: connected
2026-06-17T20:34:37.168408Z  INFO mq_bench::roles::subscriber: Starting subscriber engine=Nats key=topic_7 endpoint=None crash_enabled=false
2026-06-17T20:34:37.168442Z  INFO mq_bench::roles::subscriber: Connected via transport engine=Nats
2026-06-17T20:34:37.170679Z  INFO async_nats::connector: connected successfully server=4222 max_payload=10485760
2026-06-17T20:34:37.170767Z  INFO mq_bench::roles::subscriber: Subscribed to key expression key=topic_7
2026-06-17T20:34:37.170771Z  INFO async_nats: event: connected
2026-06-17T20:34:37.775338Z  INFO mq_bench::roles::subscriber: Starting subscriber engine=Nats key=topic_7 endpoint=None crash_enabled=false
2026-06-17T20:34:37.775391Z  INFO mq_bench::roles::subscriber: Connected via transport engine=Nats
2026-06-17T20:34:37.777526Z  INFO async_nats::connector: connected successfully server=4222 max_payload=10485760
2026-06-17T20:34:37.777609Z  INFO mq_bench::roles::subscriber: Subscribed to key expression key=topic_7
2026-06-17T20:34:37.777614Z  INFO async_nats: event: connected
2026-06-17T20:34:38.382692Z  INFO mq_bench::roles::subscriber: Starting subscriber engine=Nats key=topic_7 endpoint=None crash_enabled=false
2026-06-17T20:34:38.382723Z  INFO mq_bench::roles::subscriber: Connected via transport engine=Nats
2026-06-17T20:34:38.384887Z  INFO async_nats::connector: connected successfully server=4222 max_payload=10485760
2026-06-17T20:34:38.384980Z  INFO mq_bench::roles::subscriber: Subscribed to key expression key=topic_7
2026-06-17T20:34:38.384985Z  INFO async_nats: event: connected
2026-06-17T20:34:38.989984Z  INFO mq_bench::roles::subscriber: Starting subscriber engine=Nats key=topic_7 endpoint=None crash_enabled=false
2026-06-17T20:34:38.990016Z  INFO mq_bench::roles::subscriber: Connected via transport engine=Nats
2026-06-17T20:34:38.992415Z  INFO async_nats::connector: connected successfully server=4222 max_payload=10485760
2026-06-17T20:34:38.992497Z  INFO async_nats: event: connected
2026-06-17T20:34:38.992498Z  INFO mq_bench::roles::subscriber: Subscribed to key expression key=topic_7
2026-06-17T20:34:39.597657Z  INFO mq_bench::roles::subscriber: Starting subscriber engine=Nats key=topic_7 endpoint=None crash_enabled=false
2026-06-17T20:34:39.597687Z  INFO mq_bench::roles::subscriber: Connected via transport engine=Nats
2026-06-17T20:34:39.599847Z  INFO async_nats::connector: connected successfully server=4222 max_payload=10485760
2026-06-17T20:34:39.599919Z  INFO mq_bench::roles::subscriber: Subscribed to key expression key=topic_7
2026-06-17T20:34:39.599927Z  INFO async_nats: event: connected
2026-06-17T20:34:40.204850Z  INFO mq_bench::roles::subscriber: Starting subscriber engine=Nats key=topic_7 endpoint=None crash_enabled=false
2026-06-17T20:34:40.204880Z  INFO mq_bench::roles::subscriber: Connected via transport engine=Nats
2026-06-17T20:34:40.208811Z  INFO async_nats::connector: connected successfully server=4222 max_payload=10485760
2026-06-17T20:34:40.208895Z  INFO mq_bench::roles::subscriber: Subscribed to key expression key=topic_7
2026-06-17T20:34:40.208899Z  INFO async_nats: event: connected
2026-06-17T20:34:40.812441Z  INFO mq_bench::roles::subscriber: Starting subscriber engine=Nats key=topic_7 endpoint=None crash_enabled=false
2026-06-17T20:34:40.812478Z  INFO mq_bench::roles::subscriber: Connected via transport engine=Nats
2026-06-17T20:34:40.814618Z  INFO async_nats::connector: connected successfully server=4222 max_payload=10485760
2026-06-17T20:34:40.814694Z  INFO mq_bench::roles::subscriber: Subscribed to key expression key=topic_7
2026-06-17T20:34:40.814700Z  INFO async_nats: event: connected
2026-06-17T20:34:41.418969Z  INFO mq_bench::roles::subscriber: Starting subscriber engine=Nats key=topic_7 endpoint=None crash_enabled=false
2026-06-17T20:34:41.419005Z  INFO mq_bench::roles::subscriber: Connected via transport engine=Nats
2026-06-17T20:34:41.421265Z  INFO async_nats::connector: connected successfully server=4222 max_payload=10485760
2026-06-17T20:34:41.421345Z  INFO mq_bench::roles::subscriber: Subscribed to key expression key=topic_7
2026-06-17T20:34:41.421352Z  INFO async_nats: event: connected
2026-06-17T20:34:42.026265Z  INFO mq_bench::roles::subscriber: Starting subscriber engine=Nats key=topic_7 endpoint=None crash_enabled=false
2026-06-17T20:34:42.026298Z  INFO mq_bench::roles::subscriber: Connected via transport engine=Nats
2026-06-17T20:34:42.028420Z  INFO async_nats::connector: connected successfully server=4222 max_payload=10485760
2026-06-17T20:34:42.028508Z  INFO mq_bench::roles::subscriber: Subscribed to key expression key=topic_7
2026-06-17T20:34:42.028513Z  INFO async_nats: event: connected
2026-06-17T20:34:42.633409Z  INFO mq_bench::roles::subscriber: Starting subscriber engine=Nats key=topic_7 endpoint=None crash_enabled=false
2026-06-17T20:34:42.633464Z  INFO mq_bench::roles::subscriber: Connected via transport engine=Nats
2026-06-17T20:34:42.635653Z  INFO async_nats::connector: connected successfully server=4222 max_payload=10485760
2026-06-17T20:34:42.635736Z  INFO mq_bench::roles::subscriber: Subscribed to key expression key=topic_7
2026-06-17T20:34:42.635741Z  INFO async_nats: event: connected
2026-06-17T20:34:43.240558Z  INFO mq_bench::roles::subscriber: Starting subscriber engine=Nats key=topic_7 endpoint=None crash_enabled=false
2026-06-17T20:34:43.240604Z  INFO mq_bench::roles::subscriber: Connected via transport engine=Nats
2026-06-17T20:34:43.242770Z  INFO async_nats::connector: connected successfully server=4222 max_payload=10485760
2026-06-17T20:34:43.242841Z  INFO mq_bench::roles::subscriber: Subscribed to key expression key=topic_7
2026-06-17T20:34:43.242844Z  INFO async_nats: event: connected
2026-06-17T20:34:43.846900Z  INFO mq_bench::roles::subscriber: Starting subscriber engine=Nats key=topic_7 endpoint=None crash_enabled=false
2026-06-17T20:34:43.846940Z  INFO mq_bench::roles::subscriber: Connected via transport engine=Nats
2026-06-17T20:34:43.849071Z  INFO async_nats::connector: connected successfully server=4222 max_payload=10485760
2026-06-17T20:34:43.849148Z  INFO mq_bench::roles::subscriber: Subscribed to key expression key=topic_7
2026-06-17T20:34:43.849157Z  INFO async_nats: event: connected
2026-06-17T20:34:44.453850Z  INFO mq_bench::roles::subscriber: Starting subscriber engine=Nats key=topic_7 endpoint=None crash_enabled=false
2026-06-17T20:34:44.453886Z  INFO mq_bench::roles::subscriber: Connected via transport engine=Nats
2026-06-17T20:34:44.456067Z  INFO async_nats::connector: connected successfully server=4222 max_payload=10485760
2026-06-17T20:34:44.456147Z  INFO mq_bench::roles::subscriber: Subscribed to key expression key=topic_7
2026-06-17T20:34:44.456151Z  INFO async_nats: event: connected
2026-06-17T20:34:45.060956Z  INFO mq_bench::roles::subscriber: Starting subscriber engine=Nats key=topic_7 endpoint=None crash_enabled=false
2026-06-17T20:34:45.060996Z  INFO mq_bench::roles::subscriber: Connected via transport engine=Nats
2026-06-17T20:34:45.063233Z  INFO async_nats::connector: connected successfully server=4222 max_payload=10485760
2026-06-17T20:34:45.063314Z  INFO mq_bench::roles::subscriber: Subscribed to key expression key=topic_7
2026-06-17T20:34:45.063318Z  INFO async_nats: event: connected
2026-06-17T20:34:45.667809Z  INFO mq_bench::roles::subscriber: Starting subscriber engine=Nats key=topic_7 endpoint=None crash_enabled=false
2026-06-17T20:34:45.667848Z  INFO mq_bench::roles::subscriber: Connected via transport engine=Nats
2026-06-17T20:34:45.670032Z  INFO async_nats::connector: connected successfully server=4222 max_payload=10485760
2026-06-17T20:34:45.670120Z  INFO mq_bench::roles::subscriber: Subscribed to key expression key=topic_7
2026-06-17T20:34:45.670124Z  INFO async_nats: event: connected
2026-06-17T20:34:46.275587Z  INFO mq_bench::roles::subscriber: Starting subscriber engine=Nats key=topic_7 endpoint=None crash_enabled=false
2026-06-17T20:34:46.275624Z  INFO mq_bench::roles::subscriber: Connected via transport engine=Nats
2026-06-17T20:34:46.277868Z  INFO async_nats::connector: connected successfully server=4222 max_payload=10485760
2026-06-17T20:34:46.277949Z  INFO mq_bench::roles::subscriber: Subscribed to key expression key=topic_7
2026-06-17T20:34:46.277954Z  INFO async_nats: event: connected
2026-06-17T20:34:46.882680Z  INFO mq_bench::roles::subscriber: Starting subscriber engine=Nats key=topic_7 endpoint=None crash_enabled=false
2026-06-17T20:34:46.882718Z  INFO mq_bench::roles::subscriber: Connected via transport engine=Nats
2026-06-17T20:34:46.884894Z  INFO async_nats::connector: connected successfully server=4222 max_payload=10485760
2026-06-17T20:34:46.884975Z  INFO async_nats: event: connected
2026-06-17T20:34:46.884977Z  INFO mq_bench::roles::subscriber: Subscribed to key expression key=topic_7
2026-06-17T20:34:47.489907Z  INFO mq_bench::roles::subscriber: Starting subscriber engine=Nats key=topic_7 endpoint=None crash_enabled=false
2026-06-17T20:34:47.489938Z  INFO mq_bench::roles::subscriber: Connected via transport engine=Nats
2026-06-17T20:34:47.492080Z  INFO async_nats::connector: connected successfully server=4222 max_payload=10485760
2026-06-17T20:34:47.492169Z  INFO mq_bench::roles::subscriber: Subscribed to key expression key=topic_7
2026-06-17T20:34:47.492175Z  INFO async_nats: event: connected
2026-06-17T20:34:48.097708Z  INFO mq_bench::roles::subscriber: Starting subscriber engine=Nats key=topic_7 endpoint=None crash_enabled=false
2026-06-17T20:34:48.097746Z  INFO mq_bench::roles::subscriber: Connected via transport engine=Nats
2026-06-17T20:34:48.100018Z  INFO async_nats::connector: connected successfully server=4222 max_payload=10485760
2026-06-17T20:34:48.100115Z  INFO mq_bench::roles::subscriber: Subscribed to key expression key=topic_7
2026-06-17T20:34:48.100120Z  INFO async_nats: event: connected
2026-06-17T20:34:48.705425Z  INFO mq_bench::roles::subscriber: Starting subscriber engine=Nats key=topic_7 endpoint=None crash_enabled=false
2026-06-17T20:34:48.705464Z  INFO mq_bench::roles::subscriber: Connected via transport engine=Nats
2026-06-17T20:34:48.707790Z  INFO async_nats::connector: connected successfully server=4222 max_payload=10485760
2026-06-17T20:34:48.707876Z  INFO mq_bench::roles::subscriber: Subscribed to key expression key=topic_7
2026-06-17T20:34:48.707884Z  INFO async_nats: event: connected
2026-06-17T20:34:49.311842Z  INFO mq_bench::roles::subscriber: Starting subscriber engine=Nats key=topic_7 endpoint=None crash_enabled=false
2026-06-17T20:34:49.311877Z  INFO mq_bench::roles::subscriber: Connected via transport engine=Nats
2026-06-17T20:34:49.314456Z  INFO async_nats::connector: connected successfully server=4222 max_payload=10485760
2026-06-17T20:34:49.314549Z  INFO mq_bench::roles::subscriber: Subscribed to key expression key=topic_7
2026-06-17T20:34:49.314554Z  INFO async_nats: event: connected
2026-06-17T20:34:49.918909Z  INFO mq_bench::roles::subscriber: Starting subscriber engine=Nats key=topic_7 endpoint=None crash_enabled=false
2026-06-17T20:34:49.918943Z  INFO mq_bench::roles::subscriber: Connected via transport engine=Nats
2026-06-17T20:34:49.921111Z  INFO async_nats::connector: connected successfully server=4222 max_payload=10485760
2026-06-17T20:34:49.921189Z  INFO async_nats: event: connected
2026-06-17T20:34:49.921190Z  INFO mq_bench::roles::subscriber: Subscribed to key expression key=topic_7
2026-06-17T20:34:50.526348Z  INFO mq_bench::roles::subscriber: Starting subscriber engine=Nats key=topic_7 endpoint=None crash_enabled=false
2026-06-17T20:34:50.526390Z  INFO mq_bench::roles::subscriber: Connected via transport engine=Nats
2026-06-17T20:34:50.528658Z  INFO async_nats::connector: connected successfully server=4222 max_payload=10485760
2026-06-17T20:34:50.528735Z  INFO mq_bench::roles::subscriber: Subscribed to key expression key=topic_7
2026-06-17T20:34:50.528739Z  INFO async_nats: event: connected
2026-06-17T20:34:51.133394Z  INFO mq_bench::roles::subscriber: Starting subscriber engine=Nats key=topic_7 endpoint=None crash_enabled=false
2026-06-17T20:34:51.133429Z  INFO mq_bench::roles::subscriber: Connected via transport engine=Nats
2026-06-17T20:34:51.135720Z  INFO async_nats::connector: connected successfully server=4222 max_payload=10485760
2026-06-17T20:34:51.135804Z  INFO mq_bench::roles::subscriber: Subscribed to key expression key=topic_7
2026-06-17T20:34:51.135809Z  INFO async_nats: event: connected
2026-06-17T20:34:51.740348Z  INFO mq_bench::roles::subscriber: Starting subscriber engine=Nats key=topic_7 endpoint=None crash_enabled=false
2026-06-17T20:34:51.740385Z  INFO mq_bench::roles::subscriber: Connected via transport engine=Nats
2026-06-17T20:34:51.742959Z  INFO async_nats::connector: connected successfully server=4222 max_payload=10485760
2026-06-17T20:34:51.743054Z  INFO async_nats: event: connected
2026-06-17T20:34:51.743054Z  INFO mq_bench::roles::subscriber: Subscribed to key expression key=topic_7
2026-06-17T20:34:52.347559Z  INFO mq_bench::roles::subscriber: Starting subscriber engine=Nats key=topic_7 endpoint=None crash_enabled=false
2026-06-17T20:34:52.347597Z  INFO mq_bench::roles::subscriber: Connected via transport engine=Nats
2026-06-17T20:34:52.348883Z  INFO async_nats::connector: connected successfully server=4222 max_payload=10485760
2026-06-17T20:34:52.348965Z  INFO mq_bench::roles::subscriber: Subscribed to key expression key=topic_7
2026-06-17T20:34:52.348965Z  INFO async_nats: event: connected
2026-06-17T20:34:52.953896Z  INFO mq_bench::roles::subscriber: Starting subscriber engine=Nats key=topic_7 endpoint=None crash_enabled=false
2026-06-17T20:34:52.953928Z  INFO mq_bench::roles::subscriber: Connected via transport engine=Nats
2026-06-17T20:34:52.956226Z  INFO async_nats::connector: connected successfully server=4222 max_payload=10485760
2026-06-17T20:34:52.956300Z  INFO mq_bench::roles::subscriber: Subscribed to key expression key=topic_7
2026-06-17T20:34:52.956305Z  INFO async_nats: event: connected
2026-06-17T20:34:53.560908Z  INFO mq_bench::roles::subscriber: Starting subscriber engine=Nats key=topic_7 endpoint=None crash_enabled=false
2026-06-17T20:34:53.560945Z  INFO mq_bench::roles::subscriber: Connected via transport engine=Nats
2026-06-17T20:34:53.563170Z  INFO async_nats::connector: connected successfully server=4222 max_payload=10485760
2026-06-17T20:34:53.563280Z  INFO mq_bench::roles::subscriber: Subscribed to key expression key=topic_7
2026-06-17T20:34:53.563286Z  INFO async_nats: event: connected
2026-06-17T20:34:54.168703Z  INFO mq_bench::roles::subscriber: Starting subscriber engine=Nats key=topic_7 endpoint=None crash_enabled=false
2026-06-17T20:34:54.168742Z  INFO mq_bench::roles::subscriber: Connected via transport engine=Nats
2026-06-17T20:34:54.170851Z  INFO async_nats::connector: connected successfully server=4222 max_payload=10485760
2026-06-17T20:34:54.170926Z  INFO mq_bench::roles::subscriber: Subscribed to key expression key=topic_7
2026-06-17T20:34:54.170929Z  INFO async_nats: event: connected
2026-06-17T20:34:54.776168Z  INFO mq_bench::roles::subscriber: Starting subscriber engine=Nats key=topic_7 endpoint=None crash_enabled=false
2026-06-17T20:34:54.776231Z  INFO mq_bench::roles::subscriber: Connected via transport engine=Nats
2026-06-17T20:34:54.778330Z  INFO async_nats::connector: connected successfully server=4222 max_payload=10485760
2026-06-17T20:34:54.778412Z  INFO mq_bench::roles::subscriber: Subscribed to key expression key=topic_7
2026-06-17T20:34:54.778417Z  INFO async_nats: event: connected
2026-06-17T20:34:55.383110Z  INFO mq_bench::roles::subscriber: Starting subscriber engine=Nats key=topic_7 endpoint=None crash_enabled=false
2026-06-17T20:34:55.383150Z  INFO mq_bench::roles::subscriber: Connected via transport engine=Nats
2026-06-17T20:34:55.385270Z  INFO async_nats::connector: connected successfully server=4222 max_payload=10485760
2026-06-17T20:34:55.385354Z  INFO mq_bench::roles::subscriber: Subscribed to key expression key=topic_7
2026-06-17T20:34:55.385359Z  INFO async_nats: event: connected
2026-06-17T20:34:55.990488Z  INFO mq_bench::roles::subscriber: Starting subscriber engine=Nats key=topic_7 endpoint=None crash_enabled=false
2026-06-17T20:34:55.990525Z  INFO mq_bench::roles::subscriber: Connected via transport engine=Nats
2026-06-17T20:34:55.992949Z  INFO async_nats::connector: connected successfully server=4222 max_payload=10485760
2026-06-17T20:34:55.993029Z  INFO mq_bench::roles::subscriber: Subscribed to key expression key=topic_7
2026-06-17T20:34:55.993031Z  INFO async_nats: event: connected
2026-06-17T20:34:56.597017Z  INFO mq_bench::roles::subscriber: Starting subscriber engine=Nats key=topic_7 endpoint=None crash_enabled=false
2026-06-17T20:34:56.597047Z  INFO mq_bench::roles::subscriber: Connected via transport engine=Nats
2026-06-17T20:34:56.599288Z  INFO async_nats::connector: connected successfully server=4222 max_payload=10485760
2026-06-17T20:34:56.599378Z  INFO async_nats: event: connected
2026-06-17T20:34:56.599381Z  INFO mq_bench::roles::subscriber: Subscribed to key expression key=topic_7
2026-06-17T20:34:57.204270Z  INFO mq_bench::roles::subscriber: Starting subscriber engine=Nats key=topic_7 endpoint=None crash_enabled=false
2026-06-17T20:34:57.204302Z  INFO mq_bench::roles::subscriber: Connected via transport engine=Nats
2026-06-17T20:34:57.206349Z  INFO async_nats::connector: connected successfully server=4222 max_payload=10485760
2026-06-17T20:34:57.206437Z  INFO async_nats: event: connected
2026-06-17T20:34:57.206440Z  INFO mq_bench::roles::subscriber: Subscribed to key expression key=topic_7
2026-06-17T20:34:57.811264Z  INFO mq_bench::roles::subscriber: Starting subscriber engine=Nats key=topic_7 endpoint=None crash_enabled=false
2026-06-17T20:34:57.811322Z  INFO mq_bench::roles::subscriber: Connected via transport engine=Nats
2026-06-17T20:34:57.813499Z  INFO async_nats::connector: connected successfully server=4222 max_payload=10485760
2026-06-17T20:34:57.813595Z  INFO async_nats: event: connected
2026-06-17T20:34:57.813596Z  INFO mq_bench::roles::subscriber: Subscribed to key expression key=topic_7
2026-06-17T20:34:58.418417Z  INFO mq_bench::roles::subscriber: Starting subscriber engine=Nats key=topic_7 endpoint=None crash_enabled=false
2026-06-17T20:34:58.418449Z  INFO mq_bench::roles::subscriber: Connected via transport engine=Nats
2026-06-17T20:34:58.420649Z  INFO async_nats::connector: connected successfully server=4222 max_payload=10485760
2026-06-17T20:34:58.420730Z  INFO mq_bench::roles::subscriber: Subscribed to key expression key=topic_7
2026-06-17T20:34:58.420738Z  INFO async_nats: event: connected
2026-06-17T20:34:59.024845Z  INFO mq_bench::roles::subscriber: Starting subscriber engine=Nats key=topic_7 endpoint=None crash_enabled=false
2026-06-17T20:34:59.024884Z  INFO mq_bench::roles::subscriber: Connected via transport engine=Nats
2026-06-17T20:34:59.026988Z  INFO async_nats::connector: connected successfully server=4222 max_payload=10485760
2026-06-17T20:34:59.027067Z  INFO mq_bench::roles::subscriber: Subscribed to key expression key=topic_7
2026-06-17T20:34:59.027073Z  INFO async_nats: event: connected
2026-06-17T20:34:59.632677Z  INFO mq_bench::roles::subscriber: Starting subscriber engine=Nats key=topic_7 endpoint=None crash_enabled=false
2026-06-17T20:34:59.632717Z  INFO mq_bench::roles::subscriber: Connected via transport engine=Nats
2026-06-17T20:34:59.634844Z  INFO async_nats::connector: connected successfully server=4222 max_payload=10485760
2026-06-17T20:34:59.634960Z  INFO mq_bench::roles::subscriber: Subscribed to key expression key=topic_7
2026-06-17T20:34:59.634965Z  INFO async_nats: event: connected
2026-06-17T20:35:00.240685Z  INFO mq_bench::roles::subscriber: Starting subscriber engine=Nats key=topic_7 endpoint=None crash_enabled=false
2026-06-17T20:35:00.240749Z  INFO mq_bench::roles::subscriber: Connected via transport engine=Nats
2026-06-17T20:35:00.242850Z  INFO async_nats::connector: connected successfully server=4222 max_payload=10485760
2026-06-17T20:35:00.242936Z  INFO mq_bench::roles::subscriber: Subscribed to key expression key=topic_7
2026-06-17T20:35:00.242943Z  INFO async_nats: event: connected
2026-06-17T20:35:00.848479Z  INFO mq_bench::roles::subscriber: Starting subscriber engine=Nats key=topic_7 endpoint=None crash_enabled=false
2026-06-17T20:35:00.848515Z  INFO mq_bench::roles::subscriber: Connected via transport engine=Nats
2026-06-17T20:35:00.850666Z  INFO async_nats::connector: connected successfully server=4222 max_payload=10485760
2026-06-17T20:35:00.850748Z  INFO mq_bench::roles::subscriber: Subscribed to key expression key=topic_7
2026-06-17T20:35:00.850753Z  INFO async_nats: event: connected
2026-06-17T20:35:01.455715Z  INFO mq_bench::roles::subscriber: Starting subscriber engine=Nats key=topic_7 endpoint=None crash_enabled=false
2026-06-17T20:35:01.455755Z  INFO mq_bench::roles::subscriber: Connected via transport engine=Nats
2026-06-17T20:35:01.457846Z  INFO async_nats::connector: connected successfully server=4222 max_payload=10485760
2026-06-17T20:35:01.457931Z  INFO mq_bench::roles::subscriber: Subscribed to key expression key=topic_7
2026-06-17T20:35:01.457935Z  INFO async_nats: event: connected
2026-06-17T20:35:02.063705Z  INFO mq_bench::roles::subscriber: Starting subscriber engine=Nats key=topic_7 endpoint=None crash_enabled=false
2026-06-17T20:35:02.063746Z  INFO mq_bench::roles::subscriber: Connected via transport engine=Nats
2026-06-17T20:35:02.065940Z  INFO async_nats::connector: connected successfully server=4222 max_payload=10485760
2026-06-17T20:35:02.066021Z  INFO mq_bench::roles::subscriber: Subscribed to key expression key=topic_7
2026-06-17T20:35:02.066025Z  INFO async_nats: event: connected
2026-06-17T20:35:02.670890Z  INFO mq_bench::roles::subscriber: Starting subscriber engine=Nats key=topic_7 endpoint=None crash_enabled=false
2026-06-17T20:35:02.670925Z  INFO mq_bench::roles::subscriber: Connected via transport engine=Nats
2026-06-17T20:35:02.673113Z  INFO async_nats::connector: connected successfully server=4222 max_payload=10485760
2026-06-17T20:35:02.673214Z  INFO async_nats: event: connected
2026-06-17T20:35:02.673237Z  INFO mq_bench::roles::subscriber: Subscribed to key expression key=topic_7
2026-06-17T20:35:03.278695Z  INFO mq_bench::roles::subscriber: Starting subscriber engine=Nats key=topic_7 endpoint=None crash_enabled=false
2026-06-17T20:35:03.278732Z  INFO mq_bench::roles::subscriber: Connected via transport engine=Nats
2026-06-17T20:35:03.280876Z  INFO async_nats::connector: connected successfully server=4222 max_payload=10485760
2026-06-17T20:35:03.280948Z  INFO mq_bench::roles::subscriber: Subscribed to key expression key=topic_7
2026-06-17T20:35:03.280953Z  INFO async_nats: event: connected
2026-06-17T20:35:03.886646Z  INFO mq_bench::roles::subscriber: Starting subscriber engine=Nats key=topic_7 endpoint=None crash_enabled=false
2026-06-17T20:35:03.886682Z  INFO mq_bench::roles::subscriber: Connected via transport engine=Nats
2026-06-17T20:35:03.888827Z  INFO async_nats::connector: connected successfully server=4222 max_payload=10485760
2026-06-17T20:35:03.888903Z  INFO mq_bench::roles::subscriber: Subscribed to key expression key=topic_7
2026-06-17T20:35:03.888909Z  INFO async_nats: event: connected
2026-06-17T20:35:04.494677Z  INFO mq_bench::roles::subscriber: Starting subscriber engine=Nats key=topic_7 endpoint=None crash_enabled=false
2026-06-17T20:35:04.494714Z  INFO mq_bench::roles::subscriber: Connected via transport engine=Nats
2026-06-17T20:35:04.496839Z  INFO async_nats::connector: connected successfully server=4222 max_payload=10485760
2026-06-17T20:35:04.496911Z  INFO mq_bench::roles::subscriber: Subscribed to key expression key=topic_7
2026-06-17T20:35:04.496915Z  INFO async_nats: event: connected
2026-06-17T20:35:05.102228Z  INFO mq_bench::roles::subscriber: Starting subscriber engine=Nats key=topic_7 endpoint=None crash_enabled=false
2026-06-17T20:35:05.102259Z  INFO mq_bench::roles::subscriber: Connected via transport engine=Nats
2026-06-17T20:35:05.104463Z  INFO async_nats::connector: connected successfully server=4222 max_payload=10485760
2026-06-17T20:35:05.104548Z  INFO mq_bench::roles::subscriber: Subscribed to key expression key=topic_7
2026-06-17T20:35:05.104557Z  INFO async_nats: event: connected
2026-06-17T20:35:05.709351Z  INFO mq_bench::roles::subscriber: Starting subscriber engine=Nats key=topic_7 endpoint=None crash_enabled=false
2026-06-17T20:35:05.709391Z  INFO mq_bench::roles::subscriber: Connected via transport engine=Nats
2026-06-17T20:35:05.711778Z  INFO async_nats::connector: connected successfully server=4222 max_payload=10485760
2026-06-17T20:35:05.711866Z  INFO mq_bench::roles::subscriber: Subscribed to key expression key=topic_7
2026-06-17T20:35:05.711870Z  INFO async_nats: event: connected
2026-06-17T20:35:06.316662Z  INFO mq_bench::roles::subscriber: Starting subscriber engine=Nats key=topic_7 endpoint=None crash_enabled=false
2026-06-17T20:35:06.316693Z  INFO mq_bench::roles::subscriber: Connected via transport engine=Nats
2026-06-17T20:35:06.318800Z  INFO async_nats::connector: connected successfully server=4222 max_payload=10485760
2026-06-17T20:35:06.318890Z  INFO mq_bench::roles::subscriber: Subscribed to key expression key=topic_7
2026-06-17T20:35:06.318892Z  INFO async_nats: event: connected
2026-06-17T20:35:06.923748Z  INFO mq_bench::roles::subscriber: Starting subscriber engine=Nats key=topic_7 endpoint=None crash_enabled=false
2026-06-17T20:35:06.923788Z  INFO mq_bench::roles::subscriber: Connected via transport engine=Nats
2026-06-17T20:35:06.925996Z  INFO async_nats::connector: connected successfully server=4222 max_payload=10485760
2026-06-17T20:35:06.926081Z  INFO mq_bench::roles::subscriber: Subscribed to key expression key=topic_7
2026-06-17T20:35:06.926082Z  INFO async_nats: event: connected
2026-06-17T20:35:07.530878Z  INFO mq_bench::roles::subscriber: Starting subscriber engine=Nats key=topic_7 endpoint=None crash_enabled=false
2026-06-17T20:35:07.530912Z  INFO mq_bench::roles::subscriber: Connected via transport engine=Nats
2026-06-17T20:35:07.533383Z  INFO async_nats::connector: connected successfully server=4222 max_payload=10485760
2026-06-17T20:35:07.533464Z  INFO mq_bench::roles::subscriber: Subscribed to key expression key=topic_7
2026-06-17T20:35:07.533468Z  INFO async_nats: event: connected
2026-06-17T20:35:08.137818Z  INFO mq_bench::roles::subscriber: Starting subscriber engine=Nats key=topic_7 endpoint=None crash_enabled=false
2026-06-17T20:35:08.137850Z  INFO mq_bench::roles::subscriber: Connected via transport engine=Nats
2026-06-17T20:35:08.139995Z  INFO async_nats::connector: connected successfully server=4222 max_payload=10485760
2026-06-17T20:35:08.140066Z  INFO mq_bench::roles::subscriber: Subscribed to key expression key=topic_7
2026-06-17T20:35:08.140068Z  INFO async_nats: event: connected
2026-06-17T20:35:08.744905Z  INFO mq_bench::roles::subscriber: Starting subscriber engine=Nats key=topic_7 endpoint=None crash_enabled=false
2026-06-17T20:35:08.744966Z  INFO mq_bench::roles::subscriber: Connected via transport engine=Nats
2026-06-17T20:35:08.747138Z  INFO async_nats::connector: connected successfully server=4222 max_payload=10485760
2026-06-17T20:35:08.747248Z  INFO mq_bench::roles::subscriber: Subscribed to key expression key=topic_7
2026-06-17T20:35:08.747253Z  INFO async_nats: event: connected
2026-06-17T20:35:09.352081Z  INFO mq_bench::roles::subscriber: Starting subscriber engine=Nats key=topic_7 endpoint=None crash_enabled=false
2026-06-17T20:35:09.352117Z  INFO mq_bench::roles::subscriber: Connected via transport engine=Nats
2026-06-17T20:35:09.354251Z  INFO async_nats::connector: connected successfully server=4222 max_payload=10485760
2026-06-17T20:35:09.354329Z  INFO async_nats: event: connected
2026-06-17T20:35:09.354332Z  INFO mq_bench::roles::subscriber: Subscribed to key expression key=topic_7
2026-06-17T20:35:09.958878Z  INFO mq_bench::roles::subscriber: Starting subscriber engine=Nats key=topic_7 endpoint=None crash_enabled=false
2026-06-17T20:35:09.958913Z  INFO mq_bench::roles::subscriber: Connected via transport engine=Nats
2026-06-17T20:35:09.961090Z  INFO async_nats::connector: connected successfully server=4222 max_payload=10485760
2026-06-17T20:35:09.961175Z  INFO mq_bench::roles::subscriber: Subscribed to key expression key=topic_7
2026-06-17T20:35:09.961181Z  INFO async_nats: event: connected
2026-06-17T20:35:10.565816Z  INFO mq_bench::roles::subscriber: Starting subscriber engine=Nats key=topic_7 endpoint=None crash_enabled=false
2026-06-17T20:35:10.565849Z  INFO mq_bench::roles::subscriber: Connected via transport engine=Nats
2026-06-17T20:35:10.568076Z  INFO async_nats::connector: connected successfully server=4222 max_payload=10485760
2026-06-17T20:35:10.568151Z  INFO mq_bench::roles::subscriber: Subscribed to key expression key=topic_7
2026-06-17T20:35:10.568157Z  INFO async_nats: event: connected
2026-06-17T20:35:11.173576Z  INFO mq_bench::roles::subscriber: Starting subscriber engine=Nats key=topic_7 endpoint=None crash_enabled=false
2026-06-17T20:35:11.173617Z  INFO mq_bench::roles::subscriber: Connected via transport engine=Nats
2026-06-17T20:35:11.176006Z  INFO async_nats::connector: connected successfully server=4222 max_payload=10485760
2026-06-17T20:35:11.176076Z  INFO mq_bench::roles::subscriber: Subscribed to key expression key=topic_7
2026-06-17T20:35:11.176083Z  INFO async_nats: event: connected
2026-06-17T20:35:11.780002Z  INFO mq_bench::roles::subscriber: Starting subscriber engine=Nats key=topic_7 endpoint=None crash_enabled=false
2026-06-17T20:35:11.780038Z  INFO mq_bench::roles::subscriber: Connected via transport engine=Nats
2026-06-17T20:35:11.782198Z  INFO async_nats::connector: connected successfully server=4222 max_payload=10485760
2026-06-17T20:35:11.782287Z  INFO mq_bench::roles::subscriber: Subscribed to key expression key=topic_7
2026-06-17T20:35:11.782294Z  INFO async_nats: event: connected
2026-06-17T20:35:12.386823Z  INFO mq_bench::roles::subscriber: Starting subscriber engine=Nats key=topic_7 endpoint=None crash_enabled=false
2026-06-17T20:35:12.386861Z  INFO mq_bench::roles::subscriber: Connected via transport engine=Nats
2026-06-17T20:35:12.389042Z  INFO async_nats::connector: connected successfully server=4222 max_payload=10485760
2026-06-17T20:35:12.389124Z  INFO async_nats: event: connected
2026-06-17T20:35:12.389131Z  INFO mq_bench::roles::subscriber: Subscribed to key expression key=topic_7
2026-06-17T20:35:12.994733Z  INFO mq_bench::roles::subscriber: Starting subscriber engine=Nats key=topic_7 endpoint=None crash_enabled=false
2026-06-17T20:35:12.994773Z  INFO mq_bench::roles::subscriber: Connected via transport engine=Nats
2026-06-17T20:35:12.997081Z  INFO async_nats::connector: connected successfully server=4222 max_payload=10485760
2026-06-17T20:35:12.997165Z  INFO async_nats: event: connected
2026-06-17T20:35:12.997167Z  INFO mq_bench::roles::subscriber: Subscribed to key expression key=topic_7
2026-06-17T20:35:13.602694Z  INFO mq_bench::roles::subscriber: Starting subscriber engine=Nats key=topic_7 endpoint=None crash_enabled=false
2026-06-17T20:35:13.602725Z  INFO mq_bench::roles::subscriber: Connected via transport engine=Nats
2026-06-17T20:35:13.605061Z  INFO async_nats::connector: connected successfully server=4222 max_payload=10485760
2026-06-17T20:35:13.605146Z  INFO mq_bench::roles::subscriber: Subscribed to key expression key=topic_7
2026-06-17T20:35:13.605148Z  INFO async_nats: event: connected
2026-06-17T20:35:14.210719Z  INFO mq_bench::roles::subscriber: Starting subscriber engine=Nats key=topic_7 endpoint=None crash_enabled=false
2026-06-17T20:35:14.210755Z  INFO mq_bench::roles::subscriber: Connected via transport engine=Nats
2026-06-17T20:35:14.213124Z  INFO async_nats::connector: connected successfully server=4222 max_payload=10485760
2026-06-17T20:35:14.213220Z  INFO async_nats: event: connected
2026-06-17T20:35:14.213246Z  INFO mq_bench::roles::subscriber: Subscribed to key expression key=topic_7
2026-06-17T20:35:14.817843Z  INFO mq_bench::roles::subscriber: Starting subscriber engine=Nats key=topic_7 endpoint=None crash_enabled=false
2026-06-17T20:35:14.817875Z  INFO mq_bench::roles::subscriber: Connected via transport engine=Nats
2026-06-17T20:35:14.820064Z  INFO async_nats::connector: connected successfully server=4222 max_payload=10485760
2026-06-17T20:35:14.820139Z  INFO async_nats: event: connected
2026-06-17T20:35:14.820141Z  INFO mq_bench::roles::subscriber: Subscribed to key expression key=topic_7
2026-06-17T20:35:15.425404Z  INFO mq_bench::roles::subscriber: Starting subscriber engine=Nats key=topic_7 endpoint=None crash_enabled=false
2026-06-17T20:35:15.425440Z  INFO mq_bench::roles::subscriber: Connected via transport engine=Nats
2026-06-17T20:35:15.427902Z  INFO async_nats::connector: connected successfully server=4222 max_payload=10485760
2026-06-17T20:35:15.427973Z  INFO mq_bench::roles::subscriber: Subscribed to key expression key=topic_7
2026-06-17T20:35:15.427981Z  INFO async_nats: event: connected
2026-06-17T20:35:16.032740Z  INFO mq_bench::roles::subscriber: Starting subscriber engine=Nats key=topic_7 endpoint=None crash_enabled=false
2026-06-17T20:35:16.032792Z  INFO mq_bench::roles::subscriber: Connected via transport engine=Nats
2026-06-17T20:35:16.035073Z  INFO async_nats::connector: connected successfully server=4222 max_payload=10485760
2026-06-17T20:35:16.035155Z  INFO mq_bench::roles::subscriber: Subscribed to key expression key=topic_7
2026-06-17T20:35:16.035159Z  INFO async_nats: event: connected
2026-06-17T20:35:16.640542Z  INFO mq_bench::roles::subscriber: Starting subscriber engine=Nats key=topic_7 endpoint=None crash_enabled=false
2026-06-17T20:35:16.640576Z  INFO mq_bench::roles::subscriber: Connected via transport engine=Nats
2026-06-17T20:35:16.642666Z  INFO async_nats::connector: connected successfully server=4222 max_payload=10485760
2026-06-17T20:35:16.642748Z  INFO mq_bench::roles::subscriber: Subscribed to key expression key=topic_7
2026-06-17T20:35:16.642754Z  INFO async_nats: event: connected
2026-06-17T20:35:17.247167Z  INFO mq_bench::roles::subscriber: Starting subscriber engine=Nats key=topic_7 endpoint=None crash_enabled=false
2026-06-17T20:35:17.247197Z  INFO mq_bench::roles::subscriber: Connected via transport engine=Nats
2026-06-17T20:35:17.249191Z  INFO async_nats::connector: connected successfully server=4222 max_payload=10485760
2026-06-17T20:35:17.249281Z  INFO async_nats: event: connected
2026-06-17T20:35:17.249289Z  INFO mq_bench::roles::subscriber: Subscribed to key expression key=topic_7
2026-06-17T20:35:17.854537Z  INFO mq_bench::roles::subscriber: Starting subscriber engine=Nats key=topic_7 endpoint=None crash_enabled=false
2026-06-17T20:35:17.854569Z  INFO mq_bench::roles::subscriber: Connected via transport engine=Nats
2026-06-17T20:35:17.856638Z  INFO async_nats::connector: connected successfully server=4222 max_payload=10485760
2026-06-17T20:35:17.856715Z  INFO mq_bench::roles::subscriber: Subscribed to key expression key=topic_7
2026-06-17T20:35:17.856720Z  INFO async_nats: event: connected
2026-06-17T20:35:18.460955Z  INFO mq_bench::roles::subscriber: Starting subscriber engine=Nats key=topic_7 endpoint=None crash_enabled=false
2026-06-17T20:35:18.460999Z  INFO mq_bench::roles::subscriber: Connected via transport engine=Nats
2026-06-17T20:35:18.463026Z  INFO async_nats::connector: connected successfully server=4222 max_payload=10485760
2026-06-17T20:35:18.463104Z  INFO mq_bench::roles::subscriber: Subscribed to key expression key=topic_7
2026-06-17T20:35:18.463112Z  INFO async_nats: event: connected
2026-06-17T20:35:19.068190Z  INFO mq_bench::roles::subscriber: Starting subscriber engine=Nats key=topic_7 endpoint=None crash_enabled=false
2026-06-17T20:35:19.068234Z  INFO mq_bench::roles::subscriber: Connected via transport engine=Nats
2026-06-17T20:35:19.070400Z  INFO async_nats::connector: connected successfully server=4222 max_payload=10485760
2026-06-17T20:35:19.070476Z  INFO mq_bench::roles::subscriber: Subscribed to key expression key=topic_7
2026-06-17T20:35:19.070483Z  INFO async_nats: event: connected
