mq-bench starting with run_id: auto
Writing CSV output to: artifacts/fanout_bursty_20260619_044610_mqtt_hivemq_p64_s1000_u10_bursty/fanout_singlesite/sub_6_7.csv
2026-06-19T04:46:10.395052Z  INFO mq_bench::roles::subscriber: Starting subscriber engine=Mqtt key=topic_6 endpoint=None crash_enabled=false
2026-06-19T04:46:10.395101Z  INFO mq_bench::roles::subscriber: Connected via transport engine=Mqtt
2026-06-19T04:46:10.395136Z  INFO mq_bench::roles::subscriber: Subscribed to key expression key=topic_6
2026-06-19T04:46:17.062555Z  INFO mq_bench::roles::subscriber: Starting subscriber engine=Mqtt key=topic_6 endpoint=None crash_enabled=false
2026-06-19T04:46:17.062601Z  INFO mq_bench::roles::subscriber: Connected via transport engine=Mqtt
2026-06-19T04:46:17.062652Z  INFO mq_bench::roles::subscriber: Subscribed to key expression key=topic_6
2026-06-19T04:46:23.729659Z  INFO mq_bench::roles::subscriber: Starting subscriber engine=Mqtt key=topic_6 endpoint=None crash_enabled=false
2026-06-19T04:46:23.729762Z  INFO mq_bench::roles::subscriber: Connected via transport engine=Mqtt
2026-06-19T04:46:23.729820Z  INFO mq_bench::roles::subscriber: Subscribed to key expression key=topic_6
2026-06-19T04:46:30.398393Z  INFO mq_bench::roles::subscriber: Starting subscriber engine=Mqtt key=topic_6 endpoint=None crash_enabled=false
2026-06-19T04:46:30.398511Z  INFO mq_bench::roles::subscriber: Connected via transport engine=Mqtt
2026-06-19T04:46:30.398573Z  INFO mq_bench::roles::subscriber: Subscribed to key expression key=topic_6
2026-06-19T04:46:37.065859Z  INFO mq_bench::roles::subscriber: Starting subscriber engine=Mqtt key=topic_6 endpoint=None crash_enabled=false
2026-06-19T04:46:37.065912Z  INFO mq_bench::roles::subscriber: Connected via transport engine=Mqtt
2026-06-19T04:46:37.065990Z  INFO mq_bench::roles::subscriber: Subscribed to key expression key=topic_6
2026-06-19T04:46:43.734413Z  INFO mq_bench::roles::subscriber: Starting subscriber engine=Mqtt key=topic_6 endpoint=None crash_enabled=false
2026-06-19T04:46:43.734467Z  INFO mq_bench::roles::subscriber: Connected via transport engine=Mqtt
2026-06-19T04:46:43.734528Z  INFO mq_bench::roles::subscriber: Subscribed to key expression key=topic_6
2026-06-19T04:46:50.402157Z  INFO mq_bench::roles::subscriber: Starting subscriber engine=Mqtt key=topic_6 endpoint=None crash_enabled=false
2026-06-19T04:46:50.402240Z  INFO mq_bench::roles::subscriber: Connected via transport engine=Mqtt
2026-06-19T04:46:50.402329Z  INFO mq_bench::roles::subscriber: Subscribed to key expression key=topic_6
2026-06-19T04:46:57.069709Z  INFO mq_bench::roles::subscriber: Starting subscriber engine=Mqtt key=topic_6 endpoint=None crash_enabled=false
2026-06-19T04:46:57.069763Z  INFO mq_bench::roles::subscriber: Connected via transport engine=Mqtt
2026-06-19T04:46:57.069847Z  INFO mq_bench::roles::subscriber: Subscribed to key expression key=topic_6
2026-06-19T04:47:03.737859Z  INFO mq_bench::roles::subscriber: Starting subscriber engine=Mqtt key=topic_6 endpoint=None crash_enabled=false
2026-06-19T04:47:03.737912Z  INFO mq_bench::roles::subscriber: Connected via transport engine=Mqtt
2026-06-19T04:47:03.737994Z  INFO mq_bench::roles::subscriber: Subscribed to key expression key=topic_6
2026-06-19T04:47:10.405485Z  INFO mq_bench::roles::subscriber: Starting subscriber engine=Mqtt key=topic_6 endpoint=None crash_enabled=false
2026-06-19T04:47:10.405542Z  INFO mq_bench::roles::subscriber: Connected via transport engine=Mqtt
2026-06-19T04:47:10.405621Z  INFO mq_bench::roles::subscriber: Subscribed to key expression key=topic_6
2026-06-19T04:59:10.437624Z  WARN mq_bench::transport::mqtt: MQTT subscription eventloop error; continuing poll loop client_id=sub-mqb-5bfe15c8e69e4235-14551b08e4f14a8d9618f32cef0eacec error=Mqtt state: Last pingreq isn't acked
2026-06-19T04:59:10.451849Z  WARN mq_bench::transport::mqtt: MQTT subscription eventloop error; continuing poll loop client_id=sub-mqb-5bfe15c8e69e4235-ebe4dfd8424347fbb886a50e76700fb5 error=Mqtt state: Last pingreq isn't acked
2026-06-19T04:59:13.761847Z  WARN mq_bench::transport::mqtt: MQTT subscription eventloop error; continuing poll loop client_id=sub-mqb-5bfe15c8e69e4235-c26e073574744a489606529fe72b4de7 error=Mqtt state: Last pingreq isn't acked
