mq-bench starting with run_id: auto
Writing CSV output to: artifacts/fanout_bursty_20260619_044610_mqtt_hivemq_p64_s1000_u10_bursty/fanout_singlesite/sub_6_6.csv
2026-06-19T04:46:10.390888Z  INFO mq_bench::roles::subscriber: Starting subscriber engine=Mqtt key=topic_6 endpoint=None crash_enabled=false
2026-06-19T04:46:10.390940Z  INFO mq_bench::roles::subscriber: Connected via transport engine=Mqtt
2026-06-19T04:46:10.390976Z  INFO mq_bench::roles::subscriber: Subscribed to key expression key=topic_6
2026-06-19T04:46:17.058819Z  INFO mq_bench::roles::subscriber: Starting subscriber engine=Mqtt key=topic_6 endpoint=None crash_enabled=false
2026-06-19T04:46:17.058937Z  INFO mq_bench::roles::subscriber: Connected via transport engine=Mqtt
2026-06-19T04:46:17.058994Z  INFO mq_bench::roles::subscriber: Subscribed to key expression key=topic_6
2026-06-19T04:46:23.727139Z  INFO mq_bench::roles::subscriber: Starting subscriber engine=Mqtt key=topic_6 endpoint=None crash_enabled=false
2026-06-19T04:46:23.727285Z  INFO mq_bench::roles::subscriber: Connected via transport engine=Mqtt
2026-06-19T04:46:23.727350Z  INFO mq_bench::roles::subscriber: Subscribed to key expression key=topic_6
2026-06-19T04:46:30.394789Z  INFO mq_bench::roles::subscriber: Starting subscriber engine=Mqtt key=topic_6 endpoint=None crash_enabled=false
2026-06-19T04:46:30.394849Z  INFO mq_bench::roles::subscriber: Connected via transport engine=Mqtt
2026-06-19T04:46:30.394910Z  INFO mq_bench::roles::subscriber: Subscribed to key expression key=topic_6
2026-06-19T04:46:37.061832Z  INFO mq_bench::roles::subscriber: Starting subscriber engine=Mqtt key=topic_6 endpoint=None crash_enabled=false
2026-06-19T04:46:37.061940Z  INFO mq_bench::roles::subscriber: Connected via transport engine=Mqtt
2026-06-19T04:46:37.062025Z  INFO mq_bench::roles::subscriber: Subscribed to key expression key=topic_6
2026-06-19T04:46:43.730259Z  INFO mq_bench::roles::subscriber: Starting subscriber engine=Mqtt key=topic_6 endpoint=None crash_enabled=false
2026-06-19T04:46:43.730319Z  INFO mq_bench::roles::subscriber: Connected via transport engine=Mqtt
2026-06-19T04:46:43.730381Z  INFO mq_bench::roles::subscriber: Subscribed to key expression key=topic_6
2026-06-19T04:46:50.398106Z  INFO mq_bench::roles::subscriber: Starting subscriber engine=Mqtt key=topic_6 endpoint=None crash_enabled=false
2026-06-19T04:46:50.398157Z  INFO mq_bench::roles::subscriber: Connected via transport engine=Mqtt
2026-06-19T04:46:50.398292Z  INFO mq_bench::roles::subscriber: Subscribed to key expression key=topic_6
2026-06-19T04:46:57.066289Z  INFO mq_bench::roles::subscriber: Starting subscriber engine=Mqtt key=topic_6 endpoint=None crash_enabled=false
2026-06-19T04:46:57.066345Z  INFO mq_bench::roles::subscriber: Connected via transport engine=Mqtt
2026-06-19T04:46:57.066417Z  INFO mq_bench::roles::subscriber: Subscribed to key expression key=topic_6
2026-06-19T04:47:03.734527Z  INFO mq_bench::roles::subscriber: Starting subscriber engine=Mqtt key=topic_6 endpoint=None crash_enabled=false
2026-06-19T04:47:03.734587Z  INFO mq_bench::roles::subscriber: Connected via transport engine=Mqtt
2026-06-19T04:47:03.734676Z  INFO mq_bench::roles::subscriber: Subscribed to key expression key=topic_6
2026-06-19T04:47:10.401736Z  INFO mq_bench::roles::subscriber: Starting subscriber engine=Mqtt key=topic_6 endpoint=None crash_enabled=false
2026-06-19T04:47:10.401788Z  INFO mq_bench::roles::subscriber: Connected via transport engine=Mqtt
2026-06-19T04:47:10.401880Z  INFO mq_bench::roles::subscriber: Subscribed to key expression key=topic_6
2026-06-19T04:59:07.090642Z  WARN mq_bench::transport::mqtt: MQTT subscription eventloop error; continuing poll loop client_id=sub-mqb-5bfe15c8e69e4235-260239ab5c2f4037a0a527883d7fb781 error=Mqtt state: Last pingreq isn't acked
2026-06-19T04:59:10.429128Z  WARN mq_bench::transport::mqtt: MQTT subscription eventloop error; continuing poll loop client_id=sub-mqb-5bfe15c8e69e4235-b2bd17db6d13465e93a77d94cc23031d error=Mqtt state: Last pingreq isn't acked
2026-06-19T04:59:10.451322Z  WARN mq_bench::transport::mqtt: MQTT subscription eventloop error; continuing poll loop client_id=sub-mqb-5bfe15c8e69e4235-3cb136654c9d40ae8935e58d17cb006c error=Mqtt state: Last pingreq isn't acked
2026-06-19T04:59:13.093068Z  WARN mq_bench::transport::mqtt: MQTT subscription eventloop error; continuing poll loop client_id=sub-mqb-5bfe15c8e69e4235-260239ab5c2f4037a0a527883d7fb781 error=Network timeout
2026-06-19T04:59:13.758167Z  WARN mq_bench::transport::mqtt: MQTT subscription eventloop error; continuing poll loop client_id=sub-mqb-5bfe15c8e69e4235-c911baa1a3b74e05ba6b7bf52cce9398 error=Mqtt state: Last pingreq isn't acked
