mq-bench starting with run_id: auto
Writing CSV output to: artifacts/fanout_bursty_20260619_044610_mqtt_hivemq_p64_s1000_u10_bursty/fanout_singlesite/sub_3_5.csv
2026-06-19T04:46:10.271008Z  INFO mq_bench::roles::subscriber: Starting subscriber engine=Mqtt key=topic_3 endpoint=None crash_enabled=false
2026-06-19T04:46:10.271059Z  INFO mq_bench::roles::subscriber: Connected via transport engine=Mqtt
2026-06-19T04:46:10.271165Z  INFO mq_bench::roles::subscriber: Subscribed to key expression key=topic_3
2026-06-19T04:46:16.939587Z  INFO mq_bench::roles::subscriber: Starting subscriber engine=Mqtt key=topic_3 endpoint=None crash_enabled=false
2026-06-19T04:46:16.939702Z  INFO mq_bench::roles::subscriber: Connected via transport engine=Mqtt
2026-06-19T04:46:16.939761Z  INFO mq_bench::roles::subscriber: Subscribed to key expression key=topic_3
2026-06-19T04:46:23.607106Z  INFO mq_bench::roles::subscriber: Starting subscriber engine=Mqtt key=topic_3 endpoint=None crash_enabled=false
2026-06-19T04:46:23.607253Z  INFO mq_bench::roles::subscriber: Connected via transport engine=Mqtt
2026-06-19T04:46:23.607324Z  INFO mq_bench::roles::subscriber: Subscribed to key expression key=topic_3
2026-06-19T04:46:30.274800Z  INFO mq_bench::roles::subscriber: Starting subscriber engine=Mqtt key=topic_3 endpoint=None crash_enabled=false
2026-06-19T04:46:30.274859Z  INFO mq_bench::roles::subscriber: Connected via transport engine=Mqtt
2026-06-19T04:46:30.274922Z  INFO mq_bench::roles::subscriber: Subscribed to key expression key=topic_3
2026-06-19T04:46:36.942017Z  INFO mq_bench::roles::subscriber: Starting subscriber engine=Mqtt key=topic_3 endpoint=None crash_enabled=false
2026-06-19T04:46:36.942124Z  INFO mq_bench::roles::subscriber: Connected via transport engine=Mqtt
2026-06-19T04:46:36.942241Z  INFO mq_bench::roles::subscriber: Subscribed to key expression key=topic_3
2026-06-19T04:46:43.610572Z  INFO mq_bench::roles::subscriber: Starting subscriber engine=Mqtt key=topic_3 endpoint=None crash_enabled=false
2026-06-19T04:46:43.610649Z  INFO mq_bench::roles::subscriber: Connected via transport engine=Mqtt
2026-06-19T04:46:43.610771Z  INFO mq_bench::roles::subscriber: Subscribed to key expression key=topic_3
2026-06-19T04:46:50.277929Z  INFO mq_bench::roles::subscriber: Starting subscriber engine=Mqtt key=topic_3 endpoint=None crash_enabled=false
2026-06-19T04:46:50.277990Z  INFO mq_bench::roles::subscriber: Connected via transport engine=Mqtt
2026-06-19T04:46:50.278074Z  INFO mq_bench::roles::subscriber: Subscribed to key expression key=topic_3
2026-06-19T04:46:56.945679Z  INFO mq_bench::roles::subscriber: Starting subscriber engine=Mqtt key=topic_3 endpoint=None crash_enabled=false
2026-06-19T04:46:56.945732Z  INFO mq_bench::roles::subscriber: Connected via transport engine=Mqtt
2026-06-19T04:46:56.945855Z  INFO mq_bench::roles::subscriber: Subscribed to key expression key=topic_3
2026-06-19T04:47:03.612939Z  INFO mq_bench::roles::subscriber: Starting subscriber engine=Mqtt key=topic_3 endpoint=None crash_enabled=false
2026-06-19T04:47:03.613014Z  INFO mq_bench::roles::subscriber: Connected via transport engine=Mqtt
2026-06-19T04:47:03.613166Z  INFO mq_bench::roles::subscriber: Subscribed to key expression key=topic_3
2026-06-19T04:47:10.281122Z  INFO mq_bench::roles::subscriber: Starting subscriber engine=Mqtt key=topic_3 endpoint=None crash_enabled=false
2026-06-19T04:47:10.281188Z  INFO mq_bench::roles::subscriber: Connected via transport engine=Mqtt
2026-06-19T04:47:10.281332Z  INFO mq_bench::roles::subscriber: Subscribed to key expression key=topic_3
2026-06-19T04:59:10.309148Z  WARN mq_bench::transport::mqtt: MQTT subscription eventloop error; continuing poll loop client_id=sub-mqb-5bfe10c8e69e39b6-bc7cd6e510e14ae4b9753b0c6b1274d9 error=Mqtt state: Last pingreq isn't acked
2026-06-19T04:59:10.380415Z  WARN mq_bench::transport::mqtt: MQTT subscription eventloop error; continuing poll loop client_id=sub-mqb-5bfe10c8e69e39b6-d548a9e8e7d944019e68d02d4fe24072 error=Mqtt state: Last pingreq isn't acked
2026-06-19T04:59:13.641884Z  WARN mq_bench::transport::mqtt: MQTT subscription eventloop error; continuing poll loop client_id=sub-mqb-5bfe10c8e69e39b6-b23d3678b9aa4d7c9ab907c293433a6f error=Mqtt state: Last pingreq isn't acked
