mq-bench starting with run_id: auto
Writing CSV output to: artifacts/fanout_bursty_20260619_044610_mqtt_hivemq_p64_s1000_u10_bursty/fanout_singlesite/sub_8_0.csv
2026-06-19T04:46:10.445949Z  INFO mq_bench::roles::subscriber: Starting subscriber engine=Mqtt key=topic_8 endpoint=None crash_enabled=false
2026-06-19T04:46:10.445997Z  INFO mq_bench::roles::subscriber: Connected via transport engine=Mqtt
2026-06-19T04:46:10.446042Z  INFO mq_bench::roles::subscriber: Subscribed to key expression key=topic_8
2026-06-19T04:46:17.113773Z  INFO mq_bench::roles::subscriber: Starting subscriber engine=Mqtt key=topic_8 endpoint=None crash_enabled=false
2026-06-19T04:46:17.113885Z  INFO mq_bench::roles::subscriber: Connected via transport engine=Mqtt
2026-06-19T04:46:17.113944Z  INFO mq_bench::roles::subscriber: Subscribed to key expression key=topic_8
2026-06-19T04:46:23.781115Z  INFO mq_bench::roles::subscriber: Starting subscriber engine=Mqtt key=topic_8 endpoint=None crash_enabled=false
2026-06-19T04:46:23.781251Z  INFO mq_bench::roles::subscriber: Connected via transport engine=Mqtt
2026-06-19T04:46:23.781318Z  INFO mq_bench::roles::subscriber: Subscribed to key expression key=topic_8
2026-06-19T04:46:30.449696Z  INFO mq_bench::roles::subscriber: Starting subscriber engine=Mqtt key=topic_8 endpoint=None crash_enabled=false
2026-06-19T04:46:30.449804Z  INFO mq_bench::roles::subscriber: Connected via transport engine=Mqtt
2026-06-19T04:46:30.449865Z  INFO mq_bench::roles::subscriber: Subscribed to key expression key=topic_8
2026-06-19T04:46:37.116836Z  INFO mq_bench::roles::subscriber: Starting subscriber engine=Mqtt key=topic_8 endpoint=None crash_enabled=false
2026-06-19T04:46:37.116885Z  INFO mq_bench::roles::subscriber: Connected via transport engine=Mqtt
2026-06-19T04:46:37.116968Z  INFO mq_bench::roles::subscriber: Subscribed to key expression key=topic_8
2026-06-19T04:46:43.784110Z  INFO mq_bench::roles::subscriber: Starting subscriber engine=Mqtt key=topic_8 endpoint=None crash_enabled=false
2026-06-19T04:46:43.784163Z  INFO mq_bench::roles::subscriber: Connected via transport engine=Mqtt
2026-06-19T04:46:43.784261Z  INFO mq_bench::roles::subscriber: Subscribed to key expression key=topic_8
2026-06-19T04:46:50.452380Z  INFO mq_bench::roles::subscriber: Starting subscriber engine=Mqtt key=topic_8 endpoint=None crash_enabled=false
2026-06-19T04:46:50.452437Z  INFO mq_bench::roles::subscriber: Connected via transport engine=Mqtt
2026-06-19T04:46:50.452527Z  INFO mq_bench::roles::subscriber: Subscribed to key expression key=topic_8
2026-06-19T04:46:57.120610Z  INFO mq_bench::roles::subscriber: Starting subscriber engine=Mqtt key=topic_8 endpoint=None crash_enabled=false
2026-06-19T04:46:57.120667Z  INFO mq_bench::roles::subscriber: Connected via transport engine=Mqtt
2026-06-19T04:46:57.120744Z  INFO mq_bench::roles::subscriber: Subscribed to key expression key=topic_8
2026-06-19T04:47:03.788620Z  INFO mq_bench::roles::subscriber: Starting subscriber engine=Mqtt key=topic_8 endpoint=None crash_enabled=false
2026-06-19T04:47:03.788688Z  INFO mq_bench::roles::subscriber: Connected via transport engine=Mqtt
2026-06-19T04:47:03.788765Z  INFO mq_bench::roles::subscriber: Subscribed to key expression key=topic_8
2026-06-19T04:47:10.456337Z  INFO mq_bench::roles::subscriber: Starting subscriber engine=Mqtt key=topic_8 endpoint=None crash_enabled=false
2026-06-19T04:47:10.456413Z  INFO mq_bench::roles::subscriber: Connected via transport engine=Mqtt
2026-06-19T04:47:10.456483Z  INFO mq_bench::roles::subscriber: Subscribed to key expression key=topic_8
2026-06-19T04:58:57.148734Z  WARN mq_bench::transport::mqtt: MQTT subscription eventloop error; continuing poll loop client_id=sub-mqb-5bfe17c8e69e459b-6e466f2652214603a8d95abefac2e8bb error=Mqtt state: Last pingreq isn't acked
2026-06-19T04:59:00.490551Z  WARN mq_bench::transport::mqtt: MQTT subscription eventloop error; continuing poll loop client_id=sub-mqb-5bfe17c8e69e459b-99f0ede42bf24c00aa3dbb6b6bc31c46 error=Mqtt state: Last pingreq isn't acked
2026-06-19T04:59:03.151372Z  WARN mq_bench::transport::mqtt: MQTT subscription eventloop error; continuing poll loop client_id=sub-mqb-5bfe17c8e69e459b-6e466f2652214603a8d95abefac2e8bb error=Network timeout
2026-06-19T04:59:03.816755Z  WARN mq_bench::transport::mqtt: MQTT subscription eventloop error; continuing poll loop client_id=sub-mqb-5bfe17c8e69e459b-a73782fe69df46b3927a5aca042034e7 error=Mqtt state: Last pingreq isn't acked
2026-06-19T04:59:06.491815Z  WARN mq_bench::transport::mqtt: MQTT subscription eventloop error; continuing poll loop client_id=sub-mqb-5bfe17c8e69e459b-99f0ede42bf24c00aa3dbb6b6bc31c46 error=Network timeout
2026-06-19T04:59:07.146117Z  WARN mq_bench::transport::mqtt: MQTT subscription eventloop error; continuing poll loop client_id=sub-mqb-5bfe17c8e69e459b-d8efb74402af48a1941adae1cfb44d52 error=Mqtt state: Last pingreq isn't acked
2026-06-19T04:59:09.153364Z  WARN mq_bench::transport::mqtt: MQTT subscription eventloop error; continuing poll loop client_id=sub-mqb-5bfe17c8e69e459b-6e466f2652214603a8d95abefac2e8bb error=Network timeout
2026-06-19T04:59:09.819492Z  WARN mq_bench::transport::mqtt: MQTT subscription eventloop error; continuing poll loop client_id=sub-mqb-5bfe17c8e69e459b-a73782fe69df46b3927a5aca042034e7 error=Network timeout
2026-06-19T04:59:10.475952Z  WARN mq_bench::transport::mqtt: MQTT subscription eventloop error; continuing poll loop client_id=sub-mqb-5bfe17c8e69e459b-cde3ba0c488744918dd6bdd7769dc285 error=Mqtt state: Last pingreq isn't acked
2026-06-19T04:59:10.482154Z  WARN mq_bench::transport::mqtt: MQTT subscription eventloop error; continuing poll loop client_id=sub-mqb-5bfe17c8e69e459b-44e8ce013d384991ba30e5a945294fed error=Mqtt state: Last pingreq isn't acked
2026-06-19T04:59:12.494011Z  WARN mq_bench::transport::mqtt: MQTT subscription eventloop error; continuing poll loop client_id=sub-mqb-5bfe17c8e69e459b-99f0ede42bf24c00aa3dbb6b6bc31c46 error=Network timeout
2026-06-19T04:59:13.148320Z  WARN mq_bench::transport::mqtt: MQTT subscription eventloop error; continuing poll loop client_id=sub-mqb-5bfe17c8e69e459b-d8efb74402af48a1941adae1cfb44d52 error=Network timeout
2026-06-19T04:59:13.816822Z  WARN mq_bench::transport::mqtt: MQTT subscription eventloop error; continuing poll loop client_id=sub-mqb-5bfe17c8e69e459b-8a5e3f10ae5e481391a3e66d5b226b5c error=Mqtt state: Last pingreq isn't acked
