mq-bench starting with run_id: auto
Writing CSV output to: artifacts/fanout_bursty_20260619_044610_mqtt_hivemq_p64_s1000_u10_bursty/fanout_singlesite/sub_2_6.csv
2026-06-19T04:46:10.235659Z  INFO mq_bench::roles::subscriber: Starting subscriber engine=Mqtt key=topic_2 endpoint=None crash_enabled=false
2026-06-19T04:46:10.235710Z  INFO mq_bench::roles::subscriber: Connected via transport engine=Mqtt
2026-06-19T04:46:10.235750Z  INFO mq_bench::roles::subscriber: Subscribed to key expression key=topic_2
2026-06-19T04:46:16.903570Z  INFO mq_bench::roles::subscriber: Starting subscriber engine=Mqtt key=topic_2 endpoint=None crash_enabled=false
2026-06-19T04:46:16.903676Z  INFO mq_bench::roles::subscriber: Connected via transport engine=Mqtt
2026-06-19T04:46:16.903742Z  INFO mq_bench::roles::subscriber: Subscribed to key expression key=topic_2
2026-06-19T04:46:23.571147Z  INFO mq_bench::roles::subscriber: Starting subscriber engine=Mqtt key=topic_2 endpoint=None crash_enabled=false
2026-06-19T04:46:23.571286Z  INFO mq_bench::roles::subscriber: Connected via transport engine=Mqtt
2026-06-19T04:46:23.571350Z  INFO mq_bench::roles::subscriber: Subscribed to key expression key=topic_2
2026-06-19T04:46:30.239023Z  INFO mq_bench::roles::subscriber: Starting subscriber engine=Mqtt key=topic_2 endpoint=None crash_enabled=false
2026-06-19T04:46:30.239074Z  INFO mq_bench::roles::subscriber: Connected via transport engine=Mqtt
2026-06-19T04:46:30.239135Z  INFO mq_bench::roles::subscriber: Subscribed to key expression key=topic_2
2026-06-19T04:46:36.907037Z  INFO mq_bench::roles::subscriber: Starting subscriber engine=Mqtt key=topic_2 endpoint=None crash_enabled=false
2026-06-19T04:46:36.907144Z  INFO mq_bench::roles::subscriber: Connected via transport engine=Mqtt
2026-06-19T04:46:36.907278Z  INFO mq_bench::roles::subscriber: Subscribed to key expression key=topic_2
2026-06-19T04:46:43.575140Z  INFO mq_bench::roles::subscriber: Starting subscriber engine=Mqtt key=topic_2 endpoint=None crash_enabled=false
2026-06-19T04:46:43.575194Z  INFO mq_bench::roles::subscriber: Connected via transport engine=Mqtt
2026-06-19T04:46:43.575312Z  INFO mq_bench::roles::subscriber: Subscribed to key expression key=topic_2
2026-06-19T04:46:50.243267Z  INFO mq_bench::roles::subscriber: Starting subscriber engine=Mqtt key=topic_2 endpoint=None crash_enabled=false
2026-06-19T04:46:50.243323Z  INFO mq_bench::roles::subscriber: Connected via transport engine=Mqtt
2026-06-19T04:46:50.243405Z  INFO mq_bench::roles::subscriber: Subscribed to key expression key=topic_2
2026-06-19T04:46:56.911123Z  INFO mq_bench::roles::subscriber: Starting subscriber engine=Mqtt key=topic_2 endpoint=None crash_enabled=false
2026-06-19T04:46:56.911171Z  INFO mq_bench::roles::subscriber: Connected via transport engine=Mqtt
2026-06-19T04:46:56.911289Z  INFO mq_bench::roles::subscriber: Subscribed to key expression key=topic_2
2026-06-19T04:47:03.579256Z  INFO mq_bench::roles::subscriber: Starting subscriber engine=Mqtt key=topic_2 endpoint=None crash_enabled=false
2026-06-19T04:47:03.579321Z  INFO mq_bench::roles::subscriber: Connected via transport engine=Mqtt
2026-06-19T04:47:03.579429Z  INFO mq_bench::roles::subscriber: Subscribed to key expression key=topic_2
2026-06-19T04:47:10.246704Z  INFO mq_bench::roles::subscriber: Starting subscriber engine=Mqtt key=topic_2 endpoint=None crash_enabled=false
2026-06-19T04:47:10.246747Z  INFO mq_bench::roles::subscriber: Connected via transport engine=Mqtt
2026-06-19T04:47:10.246835Z  INFO mq_bench::roles::subscriber: Subscribed to key expression key=topic_2
2026-06-19T04:59:06.939117Z  WARN mq_bench::transport::mqtt: MQTT subscription eventloop error; continuing poll loop client_id=sub-mqb-5bfe11c8e69e3b69-f9be21c823a34bffb04849bba41d615d error=Mqtt state: Last pingreq isn't acked
2026-06-19T04:59:10.277491Z  WARN mq_bench::transport::mqtt: MQTT subscription eventloop error; continuing poll loop client_id=sub-mqb-5bfe11c8e69e3b69-cf225942b35c4a069b6117c11f55edc6 error=Mqtt state: Last pingreq isn't acked
2026-06-19T04:59:10.381907Z  WARN mq_bench::transport::mqtt: MQTT subscription eventloop error; continuing poll loop client_id=sub-mqb-5bfe11c8e69e3b69-276d4a703b3d41139eaafb1a8cc115a7 error=Mqtt state: Last pingreq isn't acked
2026-06-19T04:59:12.941363Z  WARN mq_bench::transport::mqtt: MQTT subscription eventloop error; continuing poll loop client_id=sub-mqb-5bfe11c8e69e3b69-f9be21c823a34bffb04849bba41d615d error=Network timeout
2026-06-19T04:59:13.604576Z  WARN mq_bench::transport::mqtt: MQTT subscription eventloop error; continuing poll loop client_id=sub-mqb-5bfe11c8e69e3b69-eb2b5f8bb9b848078372c46a7a334e1e error=Mqtt state: Last pingreq isn't acked
