mq-bench starting with run_id: auto
Writing CSV output to: artifacts/fanout_bursty_20260619_044610_mqtt_hivemq_p64_s1000_u10_bursty/fanout_singlesite/sub_2_5.csv
2026-06-19T04:46:10.232523Z  INFO mq_bench::roles::subscriber: Starting subscriber engine=Mqtt key=topic_2 endpoint=None crash_enabled=false
2026-06-19T04:46:10.232570Z  INFO mq_bench::roles::subscriber: Connected via transport engine=Mqtt
2026-06-19T04:46:10.232614Z  INFO mq_bench::roles::subscriber: Subscribed to key expression key=topic_2
2026-06-19T04:46:16.900480Z  INFO mq_bench::roles::subscriber: Starting subscriber engine=Mqtt key=topic_2 endpoint=None crash_enabled=false
2026-06-19T04:46:16.900596Z  INFO mq_bench::roles::subscriber: Connected via transport engine=Mqtt
2026-06-19T04:46:16.900656Z  INFO mq_bench::roles::subscriber: Subscribed to key expression key=topic_2
2026-06-19T04:46:23.568444Z  INFO mq_bench::roles::subscriber: Starting subscriber engine=Mqtt key=topic_2 endpoint=None crash_enabled=false
2026-06-19T04:46:23.568548Z  INFO mq_bench::roles::subscriber: Connected via transport engine=Mqtt
2026-06-19T04:46:23.568610Z  INFO mq_bench::roles::subscriber: Subscribed to key expression key=topic_2
2026-06-19T04:46:30.236286Z  INFO mq_bench::roles::subscriber: Starting subscriber engine=Mqtt key=topic_2 endpoint=None crash_enabled=false
2026-06-19T04:46:30.236344Z  INFO mq_bench::roles::subscriber: Connected via transport engine=Mqtt
2026-06-19T04:46:30.236404Z  INFO mq_bench::roles::subscriber: Subscribed to key expression key=topic_2
2026-06-19T04:46:36.903767Z  INFO mq_bench::roles::subscriber: Starting subscriber engine=Mqtt key=topic_2 endpoint=None crash_enabled=false
2026-06-19T04:46:36.903870Z  INFO mq_bench::roles::subscriber: Connected via transport engine=Mqtt
2026-06-19T04:46:36.903958Z  INFO mq_bench::roles::subscriber: Subscribed to key expression key=topic_2
2026-06-19T04:46:43.571657Z  INFO mq_bench::roles::subscriber: Starting subscriber engine=Mqtt key=topic_2 endpoint=None crash_enabled=false
2026-06-19T04:46:43.571729Z  INFO mq_bench::roles::subscriber: Connected via transport engine=Mqtt
2026-06-19T04:46:43.571812Z  INFO mq_bench::roles::subscriber: Subscribed to key expression key=topic_2
2026-06-19T04:46:50.239445Z  INFO mq_bench::roles::subscriber: Starting subscriber engine=Mqtt key=topic_2 endpoint=None crash_enabled=false
2026-06-19T04:46:50.239494Z  INFO mq_bench::roles::subscriber: Connected via transport engine=Mqtt
2026-06-19T04:46:50.239577Z  INFO mq_bench::roles::subscriber: Subscribed to key expression key=topic_2
2026-06-19T04:46:56.908075Z  INFO mq_bench::roles::subscriber: Starting subscriber engine=Mqtt key=topic_2 endpoint=None crash_enabled=false
2026-06-19T04:46:56.908126Z  INFO mq_bench::roles::subscriber: Connected via transport engine=Mqtt
2026-06-19T04:46:56.908251Z  INFO mq_bench::roles::subscriber: Subscribed to key expression key=topic_2
2026-06-19T04:47:03.575267Z  INFO mq_bench::roles::subscriber: Starting subscriber engine=Mqtt key=topic_2 endpoint=None crash_enabled=false
2026-06-19T04:47:03.575313Z  INFO mq_bench::roles::subscriber: Connected via transport engine=Mqtt
2026-06-19T04:47:03.575399Z  INFO mq_bench::roles::subscriber: Subscribed to key expression key=topic_2
2026-06-19T04:47:10.242142Z  INFO mq_bench::roles::subscriber: Starting subscriber engine=Mqtt key=topic_2 endpoint=None crash_enabled=false
2026-06-19T04:47:10.242227Z  INFO mq_bench::roles::subscriber: Connected via transport engine=Mqtt
2026-06-19T04:47:10.242310Z  INFO mq_bench::roles::subscriber: Subscribed to key expression key=topic_2
2026-06-19T04:58:53.599636Z  WARN mq_bench::transport::mqtt: MQTT subscription eventloop error; continuing poll loop client_id=sub-mqb-5bfe11c8e69e3b69-37608e049189416a98c7d1fb77c9bc3c error=Mqtt state: Last pingreq isn't acked
2026-06-19T04:58:59.601739Z  WARN mq_bench::transport::mqtt: MQTT subscription eventloop error; continuing poll loop client_id=sub-mqb-5bfe11c8e69e3b69-37608e049189416a98c7d1fb77c9bc3c error=Network timeout
2026-06-19T04:59:03.603731Z  WARN mq_bench::transport::mqtt: MQTT subscription eventloop error; continuing poll loop client_id=sub-mqb-5bfe11c8e69e3b69-a6f2e6463e424fcfad9d9bc186aa0d66 error=Mqtt state: Last pingreq isn't acked
2026-06-19T04:59:05.603435Z  WARN mq_bench::transport::mqtt: MQTT subscription eventloop error; continuing poll loop client_id=sub-mqb-5bfe11c8e69e3b69-37608e049189416a98c7d1fb77c9bc3c error=Network timeout
2026-06-19T04:59:06.934254Z  WARN mq_bench::transport::mqtt: MQTT subscription eventloop error; continuing poll loop client_id=sub-mqb-5bfe11c8e69e3b69-0450bad4cfbf496788620f6fb646225f error=Mqtt state: Last pingreq isn't acked
2026-06-19T04:59:09.606086Z  WARN mq_bench::transport::mqtt: MQTT subscription eventloop error; continuing poll loop client_id=sub-mqb-5bfe11c8e69e3b69-a6f2e6463e424fcfad9d9bc186aa0d66 error=Network timeout
2026-06-19T04:59:10.381662Z  WARN mq_bench::transport::mqtt: MQTT subscription eventloop error; continuing poll loop client_id=sub-mqb-5bfe11c8e69e3b69-4434108139b447f484554845d8d0da7a error=Mqtt state: Last pingreq isn't acked
2026-06-19T04:59:11.605102Z  WARN mq_bench::transport::mqtt: MQTT subscription eventloop error; continuing poll loop client_id=sub-mqb-5bfe11c8e69e3b69-37608e049189416a98c7d1fb77c9bc3c error=Network timeout
2026-06-19T04:59:12.937314Z  WARN mq_bench::transport::mqtt: MQTT subscription eventloop error; continuing poll loop client_id=sub-mqb-5bfe11c8e69e3b69-0450bad4cfbf496788620f6fb646225f error=Network timeout
2026-06-19T04:59:13.602635Z  WARN mq_bench::transport::mqtt: MQTT subscription eventloop error; continuing poll loop client_id=sub-mqb-5bfe11c8e69e3b69-8206bd17a625446dbcadb7171891e469 error=Mqtt state: Last pingreq isn't acked
