mq-bench starting with run_id: auto
Writing CSV output to: artifacts/fanout_bursty_20260619_044610_mqtt_hivemq_p64_s1000_u10_bursty/fanout_singlesite/sub_0_8.csv
2026-06-19T04:46:10.169016Z  INFO mq_bench::roles::subscriber: Starting subscriber engine=Mqtt key=topic_0 endpoint=None crash_enabled=false
2026-06-19T04:46:10.169067Z  INFO mq_bench::roles::subscriber: Connected via transport engine=Mqtt
2026-06-19T04:46:10.169110Z  INFO mq_bench::roles::subscriber: Subscribed to key expression key=topic_0
2026-06-19T04:46:16.836820Z  INFO mq_bench::roles::subscriber: Starting subscriber engine=Mqtt key=topic_0 endpoint=None crash_enabled=false
2026-06-19T04:46:16.836929Z  INFO mq_bench::roles::subscriber: Connected via transport engine=Mqtt
2026-06-19T04:46:16.836985Z  INFO mq_bench::roles::subscriber: Subscribed to key expression key=topic_0
2026-06-19T04:46:23.504094Z  INFO mq_bench::roles::subscriber: Starting subscriber engine=Mqtt key=topic_0 endpoint=None crash_enabled=false
2026-06-19T04:46:23.504247Z  INFO mq_bench::roles::subscriber: Connected via transport engine=Mqtt
2026-06-19T04:46:23.504314Z  INFO mq_bench::roles::subscriber: Subscribed to key expression key=topic_0
2026-06-19T04:46:30.171767Z  INFO mq_bench::roles::subscriber: Starting subscriber engine=Mqtt key=topic_0 endpoint=None crash_enabled=false
2026-06-19T04:46:30.171868Z  INFO mq_bench::roles::subscriber: Connected via transport engine=Mqtt
2026-06-19T04:46:30.171929Z  INFO mq_bench::roles::subscriber: Subscribed to key expression key=topic_0
2026-06-19T04:46:36.838867Z  INFO mq_bench::roles::subscriber: Starting subscriber engine=Mqtt key=topic_0 endpoint=None crash_enabled=false
2026-06-19T04:46:36.838924Z  INFO mq_bench::roles::subscriber: Connected via transport engine=Mqtt
2026-06-19T04:46:36.839010Z  INFO mq_bench::roles::subscriber: Subscribed to key expression key=topic_0
2026-06-19T04:46:43.507136Z  INFO mq_bench::roles::subscriber: Starting subscriber engine=Mqtt key=topic_0 endpoint=None crash_enabled=false
2026-06-19T04:46:43.507175Z  INFO mq_bench::roles::subscriber: Connected via transport engine=Mqtt
2026-06-19T04:46:43.507272Z  INFO mq_bench::roles::subscriber: Subscribed to key expression key=topic_0
2026-06-19T04:46:50.175288Z  INFO mq_bench::roles::subscriber: Starting subscriber engine=Mqtt key=topic_0 endpoint=None crash_enabled=false
2026-06-19T04:46:50.175333Z  INFO mq_bench::roles::subscriber: Connected via transport engine=Mqtt
2026-06-19T04:46:50.175419Z  INFO mq_bench::roles::subscriber: Subscribed to key expression key=topic_0
2026-06-19T04:46:56.843040Z  INFO mq_bench::roles::subscriber: Starting subscriber engine=Mqtt key=topic_0 endpoint=None crash_enabled=false
2026-06-19T04:46:56.843091Z  INFO mq_bench::roles::subscriber: Connected via transport engine=Mqtt
2026-06-19T04:46:56.843196Z  INFO mq_bench::roles::subscriber: Subscribed to key expression key=topic_0
2026-06-19T04:47:03.510941Z  INFO mq_bench::roles::subscriber: Starting subscriber engine=Mqtt key=topic_0 endpoint=None crash_enabled=false
2026-06-19T04:47:03.510987Z  INFO mq_bench::roles::subscriber: Connected via transport engine=Mqtt
2026-06-19T04:47:03.511074Z  INFO mq_bench::roles::subscriber: Subscribed to key expression key=topic_0
2026-06-19T04:47:10.179388Z  INFO mq_bench::roles::subscriber: Starting subscriber engine=Mqtt key=topic_0 endpoint=None crash_enabled=false
2026-06-19T04:47:10.179444Z  INFO mq_bench::roles::subscriber: Connected via transport engine=Mqtt
2026-06-19T04:47:10.179534Z  INFO mq_bench::roles::subscriber: Subscribed to key expression key=topic_0
2026-06-19T04:58:56.874357Z  WARN mq_bench::transport::mqtt: MQTT subscription eventloop error; continuing poll loop client_id=sub-mqb-5bfe0fc8e69e3803-413c8ec545884f8c8bba854a3f85a921 error=Mqtt state: Last pingreq isn't acked
2026-06-19T04:59:00.213719Z  WARN mq_bench::transport::mqtt: MQTT subscription eventloop error; continuing poll loop client_id=sub-mqb-5bfe0fc8e69e3803-1f487a1301364e7985664876b8960593 error=Mqtt state: Last pingreq isn't acked
2026-06-19T04:59:02.876485Z  WARN mq_bench::transport::mqtt: MQTT subscription eventloop error; continuing poll loop client_id=sub-mqb-5bfe0fc8e69e3803-413c8ec545884f8c8bba854a3f85a921 error=Network timeout
2026-06-19T04:59:03.541729Z  WARN mq_bench::transport::mqtt: MQTT subscription eventloop error; continuing poll loop client_id=sub-mqb-5bfe0fc8e69e3803-0205f3a9d378428c88ab86cba8a35437 error=Mqtt state: Last pingreq isn't acked
2026-06-19T04:59:06.215836Z  WARN mq_bench::transport::mqtt: MQTT subscription eventloop error; continuing poll loop client_id=sub-mqb-5bfe0fc8e69e3803-1f487a1301364e7985664876b8960593 error=Network timeout
2026-06-19T04:59:06.869243Z  WARN mq_bench::transport::mqtt: MQTT subscription eventloop error; continuing poll loop client_id=sub-mqb-5bfe0fc8e69e3803-7de861e62ef54c9ca2b909297411febd error=Mqtt state: Last pingreq isn't acked
2026-06-19T04:59:08.879486Z  WARN mq_bench::transport::mqtt: MQTT subscription eventloop error; continuing poll loop client_id=sub-mqb-5bfe0fc8e69e3803-413c8ec545884f8c8bba854a3f85a921 error=Network timeout
2026-06-19T04:59:09.543882Z  WARN mq_bench::transport::mqtt: MQTT subscription eventloop error; continuing poll loop client_id=sub-mqb-5bfe0fc8e69e3803-0205f3a9d378428c88ab86cba8a35437 error=Network timeout
2026-06-19T04:59:10.210611Z  WARN mq_bench::transport::mqtt: MQTT subscription eventloop error; continuing poll loop client_id=sub-mqb-5bfe0fc8e69e3803-8f1d1315c98f41fc92056f5985118cb2 error=Mqtt state: Last pingreq isn't acked
2026-06-19T04:59:10.385257Z  WARN mq_bench::transport::mqtt: MQTT subscription eventloop error; continuing poll loop client_id=sub-mqb-5bfe0fc8e69e3803-a9c44df61ce648c883fd72a9c7df29fa error=Mqtt state: Last pingreq isn't acked
2026-06-19T04:59:12.218047Z  WARN mq_bench::transport::mqtt: MQTT subscription eventloop error; continuing poll loop client_id=sub-mqb-5bfe0fc8e69e3803-1f487a1301364e7985664876b8960593 error=Network timeout
2026-06-19T04:59:12.871257Z  WARN mq_bench::transport::mqtt: MQTT subscription eventloop error; continuing poll loop client_id=sub-mqb-5bfe0fc8e69e3803-7de861e62ef54c9ca2b909297411febd error=Network timeout
2026-06-19T04:59:13.537650Z  WARN mq_bench::transport::mqtt: MQTT subscription eventloop error; continuing poll loop client_id=sub-mqb-5bfe0fc8e69e3803-fe9752b0f4b8431ea822dd9dae86d3a4 error=Mqtt state: Last pingreq isn't acked
