mq-bench starting with run_id: auto
Writing CSV output to: artifacts/fanout_bursty_20260619_044610_mqtt_hivemq_p64_s1000_u10_bursty/fanout_singlesite/sub_5_8.csv
2026-06-19T04:46:10.360161Z  INFO mq_bench::roles::subscriber: Starting subscriber engine=Mqtt key=topic_5 endpoint=None crash_enabled=false
2026-06-19T04:46:10.360223Z  INFO mq_bench::roles::subscriber: Connected via transport engine=Mqtt
2026-06-19T04:46:10.360269Z  INFO mq_bench::roles::subscriber: Subscribed to key expression key=topic_5
2026-06-19T04:46:17.028139Z  INFO mq_bench::roles::subscriber: Starting subscriber engine=Mqtt key=topic_5 endpoint=None crash_enabled=false
2026-06-19T04:46:17.028290Z  INFO mq_bench::roles::subscriber: Connected via transport engine=Mqtt
2026-06-19T04:46:17.028353Z  INFO mq_bench::roles::subscriber: Subscribed to key expression key=topic_5
2026-06-19T04:46:23.696069Z  INFO mq_bench::roles::subscriber: Starting subscriber engine=Mqtt key=topic_5 endpoint=None crash_enabled=false
2026-06-19T04:46:23.696194Z  INFO mq_bench::roles::subscriber: Connected via transport engine=Mqtt
2026-06-19T04:46:23.696298Z  INFO mq_bench::roles::subscriber: Subscribed to key expression key=topic_5
2026-06-19T04:46:30.363839Z  INFO mq_bench::roles::subscriber: Starting subscriber engine=Mqtt key=topic_5 endpoint=None crash_enabled=false
2026-06-19T04:46:30.363903Z  INFO mq_bench::roles::subscriber: Connected via transport engine=Mqtt
2026-06-19T04:46:30.363972Z  INFO mq_bench::roles::subscriber: Subscribed to key expression key=topic_5
2026-06-19T04:46:37.032536Z  INFO mq_bench::roles::subscriber: Starting subscriber engine=Mqtt key=topic_5 endpoint=None crash_enabled=false
2026-06-19T04:46:37.032584Z  INFO mq_bench::roles::subscriber: Connected via transport engine=Mqtt
2026-06-19T04:46:37.032644Z  INFO mq_bench::roles::subscriber: Subscribed to key expression key=topic_5
2026-06-19T04:46:43.699792Z  INFO mq_bench::roles::subscriber: Starting subscriber engine=Mqtt key=topic_5 endpoint=None crash_enabled=false
2026-06-19T04:46:43.699902Z  INFO mq_bench::roles::subscriber: Connected via transport engine=Mqtt
2026-06-19T04:46:43.699985Z  INFO mq_bench::roles::subscriber: Subscribed to key expression key=topic_5
2026-06-19T04:46:50.366826Z  INFO mq_bench::roles::subscriber: Starting subscriber engine=Mqtt key=topic_5 endpoint=None crash_enabled=false
2026-06-19T04:46:50.366876Z  INFO mq_bench::roles::subscriber: Connected via transport engine=Mqtt
2026-06-19T04:46:50.366952Z  INFO mq_bench::roles::subscriber: Subscribed to key expression key=topic_5
2026-06-19T04:46:57.034132Z  INFO mq_bench::roles::subscriber: Starting subscriber engine=Mqtt key=topic_5 endpoint=None crash_enabled=false
2026-06-19T04:46:57.034227Z  INFO mq_bench::roles::subscriber: Connected via transport engine=Mqtt
2026-06-19T04:46:57.034309Z  INFO mq_bench::roles::subscriber: Subscribed to key expression key=topic_5
2026-06-19T04:47:03.702360Z  INFO mq_bench::roles::subscriber: Starting subscriber engine=Mqtt key=topic_5 endpoint=None crash_enabled=false
2026-06-19T04:47:03.702416Z  INFO mq_bench::roles::subscriber: Connected via transport engine=Mqtt
2026-06-19T04:47:03.702500Z  INFO mq_bench::roles::subscriber: Subscribed to key expression key=topic_5
2026-06-19T04:47:10.369752Z  INFO mq_bench::roles::subscriber: Starting subscriber engine=Mqtt key=topic_5 endpoint=None crash_enabled=false
2026-06-19T04:47:10.369804Z  INFO mq_bench::roles::subscriber: Connected via transport engine=Mqtt
2026-06-19T04:47:10.369896Z  INFO mq_bench::roles::subscriber: Subscribed to key expression key=topic_5
2026-06-19T04:59:07.063781Z  WARN mq_bench::transport::mqtt: MQTT subscription eventloop error; continuing poll loop client_id=sub-mqb-5bfe12c8e69e3d1c-7c19027c295146b9b023b772895bacc8 error=Mqtt state: Last pingreq isn't acked
2026-06-19T04:59:10.399599Z  WARN mq_bench::transport::mqtt: MQTT subscription eventloop error; continuing poll loop client_id=sub-mqb-5bfe12c8e69e3d1c-f5a350d532914e338d4428ba46cd070b error=Mqtt state: Last pingreq isn't acked
2026-06-19T04:59:10.429779Z  WARN mq_bench::transport::mqtt: MQTT subscription eventloop error; continuing poll loop client_id=sub-mqb-5bfe12c8e69e3d1c-1035e06f59ea4fca82a4bac8ca7eee52 error=Mqtt state: Last pingreq isn't acked
2026-06-19T04:59:13.067480Z  WARN mq_bench::transport::mqtt: MQTT subscription eventloop error; continuing poll loop client_id=sub-mqb-5bfe12c8e69e3d1c-7c19027c295146b9b023b772895bacc8 error=Network timeout
2026-06-19T04:59:13.728610Z  WARN mq_bench::transport::mqtt: MQTT subscription eventloop error; continuing poll loop client_id=sub-mqb-5bfe12c8e69e3d1c-a3e8b58ece0b47128b710f433f22664c error=Mqtt state: Last pingreq isn't acked
