mq-bench starting with run_id: auto
Writing CSV output to: artifacts/fanout_bursty_20260619_044610_mqtt_hivemq_p64_s1000_u10_bursty/fanout_singlesite/sub_4_0.csv
2026-06-19T04:46:10.290797Z  INFO mq_bench::roles::subscriber: Starting subscriber engine=Mqtt key=topic_4 endpoint=None crash_enabled=false
2026-06-19T04:46:10.290847Z  INFO mq_bench::roles::subscriber: Connected via transport engine=Mqtt
2026-06-19T04:46:10.290878Z  INFO mq_bench::roles::subscriber: Subscribed to key expression key=topic_4
2026-06-19T04:46:16.958503Z  INFO mq_bench::roles::subscriber: Starting subscriber engine=Mqtt key=topic_4 endpoint=None crash_enabled=false
2026-06-19T04:46:16.958634Z  INFO mq_bench::roles::subscriber: Connected via transport engine=Mqtt
2026-06-19T04:46:16.958696Z  INFO mq_bench::roles::subscriber: Subscribed to key expression key=topic_4
2026-06-19T04:46:23.626311Z  INFO mq_bench::roles::subscriber: Starting subscriber engine=Mqtt key=topic_4 endpoint=None crash_enabled=false
2026-06-19T04:46:23.626362Z  INFO mq_bench::roles::subscriber: Connected via transport engine=Mqtt
2026-06-19T04:46:23.626435Z  INFO mq_bench::roles::subscriber: Subscribed to key expression key=topic_4
2026-06-19T04:46:30.293723Z  INFO mq_bench::roles::subscriber: Starting subscriber engine=Mqtt key=topic_4 endpoint=None crash_enabled=false
2026-06-19T04:46:30.293780Z  INFO mq_bench::roles::subscriber: Connected via transport engine=Mqtt
2026-06-19T04:46:30.293853Z  INFO mq_bench::roles::subscriber: Subscribed to key expression key=topic_4
2026-06-19T04:46:36.961822Z  INFO mq_bench::roles::subscriber: Starting subscriber engine=Mqtt key=topic_4 endpoint=None crash_enabled=false
2026-06-19T04:46:36.961951Z  INFO mq_bench::roles::subscriber: Connected via transport engine=Mqtt
2026-06-19T04:46:36.962033Z  INFO mq_bench::roles::subscriber: Subscribed to key expression key=topic_4
2026-06-19T04:46:43.629739Z  INFO mq_bench::roles::subscriber: Starting subscriber engine=Mqtt key=topic_4 endpoint=None crash_enabled=false
2026-06-19T04:46:43.629812Z  INFO mq_bench::roles::subscriber: Connected via transport engine=Mqtt
2026-06-19T04:46:43.629887Z  INFO mq_bench::roles::subscriber: Subscribed to key expression key=topic_4
2026-06-19T04:46:50.297662Z  INFO mq_bench::roles::subscriber: Starting subscriber engine=Mqtt key=topic_4 endpoint=None crash_enabled=false
2026-06-19T04:46:50.297721Z  INFO mq_bench::roles::subscriber: Connected via transport engine=Mqtt
2026-06-19T04:46:50.297810Z  INFO mq_bench::roles::subscriber: Subscribed to key expression key=topic_4
2026-06-19T04:46:56.966189Z  INFO mq_bench::roles::subscriber: Starting subscriber engine=Mqtt key=topic_4 endpoint=None crash_enabled=false
2026-06-19T04:46:56.966252Z  INFO mq_bench::roles::subscriber: Connected via transport engine=Mqtt
2026-06-19T04:46:56.966337Z  INFO mq_bench::roles::subscriber: Subscribed to key expression key=topic_4
2026-06-19T04:47:03.633867Z  INFO mq_bench::roles::subscriber: Starting subscriber engine=Mqtt key=topic_4 endpoint=None crash_enabled=false
2026-06-19T04:47:03.633934Z  INFO mq_bench::roles::subscriber: Connected via transport engine=Mqtt
2026-06-19T04:47:03.634035Z  INFO mq_bench::roles::subscriber: Subscribed to key expression key=topic_4
2026-06-19T04:47:10.301321Z  INFO mq_bench::roles::subscriber: Starting subscriber engine=Mqtt key=topic_4 endpoint=None crash_enabled=false
2026-06-19T04:47:10.301378Z  INFO mq_bench::roles::subscriber: Connected via transport engine=Mqtt
2026-06-19T04:47:10.301523Z  INFO mq_bench::roles::subscriber: Subscribed to key expression key=topic_4
2026-06-19T04:58:56.995650Z  WARN mq_bench::transport::mqtt: MQTT subscription eventloop error; continuing poll loop client_id=sub-mqb-5bfe13c8e69e3ecf-8f0b8f67b4d34f6e96d37b94822bbd15 error=Mqtt state: Last pingreq isn't acked
2026-06-19T04:59:00.328418Z  WARN mq_bench::transport::mqtt: MQTT subscription eventloop error; continuing poll loop client_id=sub-mqb-5bfe13c8e69e3ecf-d5f5a82f2ae54464a715fc2ba0f6a873 error=Mqtt state: Last pingreq isn't acked
2026-06-19T04:59:02.997902Z  WARN mq_bench::transport::mqtt: MQTT subscription eventloop error; continuing poll loop client_id=sub-mqb-5bfe13c8e69e3ecf-8f0b8f67b4d34f6e96d37b94822bbd15 error=Network timeout
2026-06-19T04:59:03.661267Z  WARN mq_bench::transport::mqtt: MQTT subscription eventloop error; continuing poll loop client_id=sub-mqb-5bfe13c8e69e3ecf-a7accc5ea6da43b89ae1733997cd2f11 error=Mqtt state: Last pingreq isn't acked
2026-06-19T04:59:06.330993Z  WARN mq_bench::transport::mqtt: MQTT subscription eventloop error; continuing poll loop client_id=sub-mqb-5bfe13c8e69e3ecf-d5f5a82f2ae54464a715fc2ba0f6a873 error=Network timeout
2026-06-19T04:59:06.990292Z  WARN mq_bench::transport::mqtt: MQTT subscription eventloop error; continuing poll loop client_id=sub-mqb-5bfe13c8e69e3ecf-6c936b3172e2413e9fa4a52fe5ceb54d error=Mqtt state: Last pingreq isn't acked
2026-06-19T04:59:08.999267Z  WARN mq_bench::transport::mqtt: MQTT subscription eventloop error; continuing poll loop client_id=sub-mqb-5bfe13c8e69e3ecf-8f0b8f67b4d34f6e96d37b94822bbd15 error=Network timeout
2026-06-19T04:59:09.663381Z  WARN mq_bench::transport::mqtt: MQTT subscription eventloop error; continuing poll loop client_id=sub-mqb-5bfe13c8e69e3ecf-a7accc5ea6da43b89ae1733997cd2f11 error=Network timeout
2026-06-19T04:59:10.330019Z  WARN mq_bench::transport::mqtt: MQTT subscription eventloop error; continuing poll loop client_id=sub-mqb-5bfe13c8e69e3ecf-a44b487d763d4ae0962fb0683f554794 error=Mqtt state: Last pingreq isn't acked
2026-06-19T04:59:10.375198Z  WARN mq_bench::transport::mqtt: MQTT subscription eventloop error; continuing poll loop client_id=sub-mqb-5bfe13c8e69e3ecf-d64de1249d3140298e80eb1d64d2696e error=Mqtt state: Last pingreq isn't acked
2026-06-19T04:59:12.333140Z  WARN mq_bench::transport::mqtt: MQTT subscription eventloop error; continuing poll loop client_id=sub-mqb-5bfe13c8e69e3ecf-d5f5a82f2ae54464a715fc2ba0f6a873 error=Network timeout
2026-06-19T04:59:12.992384Z  WARN mq_bench::transport::mqtt: MQTT subscription eventloop error; continuing poll loop client_id=sub-mqb-5bfe13c8e69e3ecf-6c936b3172e2413e9fa4a52fe5ceb54d error=Network timeout
