mq-bench starting with run_id: auto
Writing CSV output to: artifacts/fanout_bursty_20260619_044610_mqtt_hivemq_p64_s1000_u10_bursty/fanout_singlesite/sub_9_9.csv
2026-06-19T04:46:10.520292Z  INFO mq_bench::roles::subscriber: Starting subscriber engine=Mqtt key=topic_9 endpoint=None crash_enabled=false
2026-06-19T04:46:10.520339Z  INFO mq_bench::roles::subscriber: Connected via transport engine=Mqtt
2026-06-19T04:46:10.520386Z  INFO mq_bench::roles::subscriber: Subscribed to key expression key=topic_9
2026-06-19T04:46:17.187576Z  INFO mq_bench::roles::subscriber: Starting subscriber engine=Mqtt key=topic_9 endpoint=None crash_enabled=false
2026-06-19T04:46:17.187623Z  INFO mq_bench::roles::subscriber: Connected via transport engine=Mqtt
2026-06-19T04:46:17.187649Z  INFO mq_bench::roles::subscriber: Subscribed to key expression key=topic_9
2026-06-19T04:46:23.854751Z  INFO mq_bench::roles::subscriber: Starting subscriber engine=Mqtt key=topic_9 endpoint=None crash_enabled=false
2026-06-19T04:46:23.854804Z  INFO mq_bench::roles::subscriber: Connected via transport engine=Mqtt
2026-06-19T04:46:23.854912Z  INFO mq_bench::roles::subscriber: Subscribed to key expression key=topic_9
2026-06-19T04:46:30.521510Z  INFO mq_bench::roles::subscriber: Starting subscriber engine=Mqtt key=topic_9 endpoint=None crash_enabled=false
2026-06-19T04:46:30.521572Z  INFO mq_bench::roles::subscriber: Connected via transport engine=Mqtt
2026-06-19T04:46:30.521644Z  INFO mq_bench::roles::subscriber: Subscribed to key expression key=topic_9
2026-06-19T04:46:37.189276Z  INFO mq_bench::roles::subscriber: Starting subscriber engine=Mqtt key=topic_9 endpoint=None crash_enabled=false
2026-06-19T04:46:37.189383Z  INFO mq_bench::roles::subscriber: Connected via transport engine=Mqtt
2026-06-19T04:46:37.189458Z  INFO mq_bench::roles::subscriber: Subscribed to key expression key=topic_9
2026-06-19T04:46:43.856916Z  INFO mq_bench::roles::subscriber: Starting subscriber engine=Mqtt key=topic_9 endpoint=None crash_enabled=false
2026-06-19T04:46:43.856966Z  INFO mq_bench::roles::subscriber: Connected via transport engine=Mqtt
2026-06-19T04:46:43.857043Z  INFO mq_bench::roles::subscriber: Subscribed to key expression key=topic_9
2026-06-19T04:46:50.525346Z  INFO mq_bench::roles::subscriber: Starting subscriber engine=Mqtt key=topic_9 endpoint=None crash_enabled=false
2026-06-19T04:46:50.525398Z  INFO mq_bench::roles::subscriber: Connected via transport engine=Mqtt
2026-06-19T04:46:50.525479Z  INFO mq_bench::roles::subscriber: Subscribed to key expression key=topic_9
2026-06-19T04:46:57.193043Z  INFO mq_bench::roles::subscriber: Starting subscriber engine=Mqtt key=topic_9 endpoint=None crash_enabled=false
2026-06-19T04:46:57.193092Z  INFO mq_bench::roles::subscriber: Connected via transport engine=Mqtt
2026-06-19T04:46:57.193170Z  INFO mq_bench::roles::subscriber: Subscribed to key expression key=topic_9
2026-06-19T04:47:03.861500Z  INFO mq_bench::roles::subscriber: Starting subscriber engine=Mqtt key=topic_9 endpoint=None crash_enabled=false
2026-06-19T04:47:03.861555Z  INFO mq_bench::roles::subscriber: Connected via transport engine=Mqtt
2026-06-19T04:47:03.861635Z  INFO mq_bench::roles::subscriber: Subscribed to key expression key=topic_9
2026-06-19T04:47:10.529419Z  INFO mq_bench::roles::subscriber: Starting subscriber engine=Mqtt key=topic_9 endpoint=None crash_enabled=false
2026-06-19T04:47:10.529454Z  INFO mq_bench::roles::subscriber: Connected via transport engine=Mqtt
2026-06-19T04:47:10.529486Z  INFO mq_bench::roles::subscriber: Subscribed to key expression key=topic_9
2026-06-19T04:59:10.554153Z  WARN mq_bench::transport::mqtt: MQTT subscription eventloop error; continuing poll loop client_id=sub-mqb-5bfe16c8e69e43e8-3d4e926655f54675ad032ca485ded2c7 error=Mqtt state: Last pingreq isn't acked
2026-06-19T04:59:10.557392Z  WARN mq_bench::transport::mqtt: MQTT subscription eventloop error; continuing poll loop client_id=sub-mqb-5bfe16c8e69e43e8-63ae4e5b381947269ab514568c3ec2dc error=Mqtt state: Last pingreq isn't acked
2026-06-19T04:59:13.884625Z  WARN mq_bench::transport::mqtt: MQTT subscription eventloop error; continuing poll loop client_id=sub-mqb-5bfe16c8e69e43e8-665c6838d4d340349a327d25a32d3b92 error=Mqtt state: Last pingreq isn't acked
