mq-bench starting with run_id: auto
Writing CSV output to: artifacts/fanout_bursty_20260619_044610_mqtt_hivemq_p64_s1000_u10_bursty/fanout_singlesite/sub_9_4.csv
2026-06-19T04:46:10.500780Z  INFO mq_bench::roles::subscriber: Starting subscriber engine=Mqtt key=topic_9 endpoint=None crash_enabled=false
2026-06-19T04:46:10.500835Z  INFO mq_bench::roles::subscriber: Connected via transport engine=Mqtt
2026-06-19T04:46:10.500877Z  INFO mq_bench::roles::subscriber: Subscribed to key expression key=topic_9
2026-06-19T04:46:17.168982Z  INFO mq_bench::roles::subscriber: Starting subscriber engine=Mqtt key=topic_9 endpoint=None crash_enabled=false
2026-06-19T04:46:17.169095Z  INFO mq_bench::roles::subscriber: Connected via transport engine=Mqtt
2026-06-19T04:46:17.169151Z  INFO mq_bench::roles::subscriber: Subscribed to key expression key=topic_9
2026-06-19T04:46:23.837303Z  INFO mq_bench::roles::subscriber: Starting subscriber engine=Mqtt key=topic_9 endpoint=None crash_enabled=false
2026-06-19T04:46:23.837378Z  INFO mq_bench::roles::subscriber: Connected via transport engine=Mqtt
2026-06-19T04:46:23.837423Z  INFO mq_bench::roles::subscriber: Subscribed to key expression key=topic_9
2026-06-19T04:46:30.504860Z  INFO mq_bench::roles::subscriber: Starting subscriber engine=Mqtt key=topic_9 endpoint=None crash_enabled=false
2026-06-19T04:46:30.504905Z  INFO mq_bench::roles::subscriber: Connected via transport engine=Mqtt
2026-06-19T04:46:30.504967Z  INFO mq_bench::roles::subscriber: Subscribed to key expression key=topic_9
2026-06-19T04:46:37.172885Z  INFO mq_bench::roles::subscriber: Starting subscriber engine=Mqtt key=topic_9 endpoint=None crash_enabled=false
2026-06-19T04:46:37.172994Z  INFO mq_bench::roles::subscriber: Connected via transport engine=Mqtt
2026-06-19T04:46:37.173078Z  INFO mq_bench::roles::subscriber: Subscribed to key expression key=topic_9
2026-06-19T04:46:43.841489Z  INFO mq_bench::roles::subscriber: Starting subscriber engine=Mqtt key=topic_9 endpoint=None crash_enabled=false
2026-06-19T04:46:43.841546Z  INFO mq_bench::roles::subscriber: Connected via transport engine=Mqtt
2026-06-19T04:46:43.841612Z  INFO mq_bench::roles::subscriber: Subscribed to key expression key=topic_9
2026-06-19T04:46:50.509188Z  INFO mq_bench::roles::subscriber: Starting subscriber engine=Mqtt key=topic_9 endpoint=None crash_enabled=false
2026-06-19T04:46:50.509277Z  INFO mq_bench::roles::subscriber: Connected via transport engine=Mqtt
2026-06-19T04:46:50.509369Z  INFO mq_bench::roles::subscriber: Subscribed to key expression key=topic_9
2026-06-19T04:46:57.177334Z  INFO mq_bench::roles::subscriber: Starting subscriber engine=Mqtt key=topic_9 endpoint=None crash_enabled=false
2026-06-19T04:46:57.177397Z  INFO mq_bench::roles::subscriber: Connected via transport engine=Mqtt
2026-06-19T04:46:57.177483Z  INFO mq_bench::roles::subscriber: Subscribed to key expression key=topic_9
2026-06-19T04:47:03.845175Z  INFO mq_bench::roles::subscriber: Starting subscriber engine=Mqtt key=topic_9 endpoint=None crash_enabled=false
2026-06-19T04:47:03.845271Z  INFO mq_bench::roles::subscriber: Connected via transport engine=Mqtt
2026-06-19T04:47:03.845352Z  INFO mq_bench::roles::subscriber: Subscribed to key expression key=topic_9
2026-06-19T04:47:10.512852Z  INFO mq_bench::roles::subscriber: Starting subscriber engine=Mqtt key=topic_9 endpoint=None crash_enabled=false
2026-06-19T04:47:10.512902Z  INFO mq_bench::roles::subscriber: Connected via transport engine=Mqtt
2026-06-19T04:47:10.512979Z  INFO mq_bench::roles::subscriber: Subscribed to key expression key=topic_9
2026-06-19T04:59:10.538602Z  WARN mq_bench::transport::mqtt: MQTT subscription eventloop error; continuing poll loop client_id=sub-mqb-5bfe16c8e69e43e8-7ac177f33912481b9061f4c522e052b5 error=Mqtt state: Last pingreq isn't acked
2026-06-19T04:59:10.538612Z  WARN mq_bench::transport::mqtt: MQTT subscription eventloop error; continuing poll loop client_id=sub-mqb-5bfe16c8e69e43e8-4436e0b9a4544f999fcde470ae988709 error=Mqtt state: Last pingreq isn't acked
2026-06-19T04:59:13.868308Z  WARN mq_bench::transport::mqtt: MQTT subscription eventloop error; continuing poll loop client_id=sub-mqb-5bfe16c8e69e43e8-4238e482f24841f589f623f2dc727d2a error=Mqtt state: Last pingreq isn't acked
