mq-bench starting with run_id: auto
Writing CSV output to: artifacts/fanout_bursty_20260624_171605_amqp_rabbitmq_p64_s1000_u10_bursty/fanout_singlesite/sub_7_6.csv
2026-06-24T17:16:06.364223Z  INFO mq_bench::roles::subscriber: Starting subscriber engine=Amqp key=topic_7 endpoint=None crash_enabled=false
2026-06-24T17:16:06.364274Z  INFO mq_bench::roles::subscriber: Connected via transport engine=Amqp
2026-06-24T17:16:06.383832Z  INFO mq_bench::roles::subscriber: Subscribed to key expression key=topic_7
2026-06-24T17:16:13.031491Z  INFO mq_bench::roles::subscriber: Starting subscriber engine=Amqp key=topic_7 endpoint=None crash_enabled=false
2026-06-24T17:16:13.031600Z  INFO mq_bench::roles::subscriber: Connected via transport engine=Amqp
2026-06-24T17:16:13.045553Z  INFO mq_bench::roles::subscriber: Subscribed to key expression key=topic_7
2026-06-24T17:16:19.699578Z  INFO mq_bench::roles::subscriber: Starting subscriber engine=Amqp key=topic_7 endpoint=None crash_enabled=false
2026-06-24T17:16:19.699652Z  INFO mq_bench::roles::subscriber: Connected via transport engine=Amqp
2026-06-24T17:16:19.715333Z  INFO mq_bench::roles::subscriber: Subscribed to key expression key=topic_7
2026-06-24T17:16:26.367514Z  INFO mq_bench::roles::subscriber: Starting subscriber engine=Amqp key=topic_7 endpoint=None crash_enabled=false
2026-06-24T17:16:26.367561Z  INFO mq_bench::roles::subscriber: Connected via transport engine=Amqp
2026-06-24T17:16:26.382626Z  INFO mq_bench::roles::subscriber: Subscribed to key expression key=topic_7
2026-06-24T17:16:33.035930Z  INFO mq_bench::roles::subscriber: Starting subscriber engine=Amqp key=topic_7 endpoint=None crash_enabled=false
2026-06-24T17:16:33.035986Z  INFO mq_bench::roles::subscriber: Connected via transport engine=Amqp
2026-06-24T17:16:33.051729Z  INFO mq_bench::roles::subscriber: Subscribed to key expression key=topic_7
2026-06-24T17:16:39.703063Z  INFO mq_bench::roles::subscriber: Starting subscriber engine=Amqp key=topic_7 endpoint=None crash_enabled=false
2026-06-24T17:16:39.703109Z  INFO mq_bench::roles::subscriber: Connected via transport engine=Amqp
2026-06-24T17:16:39.720389Z  INFO mq_bench::roles::subscriber: Subscribed to key expression key=topic_7
2026-06-24T17:16:46.370278Z  INFO mq_bench::roles::subscriber: Starting subscriber engine=Amqp key=topic_7 endpoint=None crash_enabled=false
2026-06-24T17:16:46.370323Z  INFO mq_bench::roles::subscriber: Connected via transport engine=Amqp
2026-06-24T17:16:46.386595Z  INFO mq_bench::roles::subscriber: Subscribed to key expression key=topic_7
2026-06-24T17:16:53.038169Z  INFO mq_bench::roles::subscriber: Starting subscriber engine=Amqp key=topic_7 endpoint=None crash_enabled=false
2026-06-24T17:16:53.038221Z  INFO mq_bench::roles::subscriber: Connected via transport engine=Amqp
2026-06-24T17:16:53.052780Z  INFO mq_bench::roles::subscriber: Subscribed to key expression key=topic_7
2026-06-24T17:16:59.705636Z  INFO mq_bench::roles::subscriber: Starting subscriber engine=Amqp key=topic_7 endpoint=None crash_enabled=false
2026-06-24T17:16:59.705664Z  INFO mq_bench::roles::subscriber: Connected via transport engine=Amqp
2026-06-24T17:16:59.719448Z  INFO mq_bench::roles::subscriber: Subscribed to key expression key=topic_7
2026-06-24T17:17:06.373616Z  INFO mq_bench::roles::subscriber: Starting subscriber engine=Amqp key=topic_7 endpoint=None crash_enabled=false
2026-06-24T17:17:06.373660Z  INFO mq_bench::roles::subscriber: Connected via transport engine=Amqp
2026-06-24T17:17:06.387363Z  INFO mq_bench::roles::subscriber: Subscribed to key expression key=topic_7
