mq-bench starting with run_id: auto
Writing CSV output to: artifacts/fanout_bursty_20260624_171605_amqp_rabbitmq_p64_s1000_u10_bursty/fanout_singlesite/sub_0_6.csv
2026-06-24T17:16:06.085847Z  INFO mq_bench::roles::subscriber: Starting subscriber engine=Amqp key=topic_0 endpoint=None crash_enabled=false
2026-06-24T17:16:06.085892Z  INFO mq_bench::roles::subscriber: Connected via transport engine=Amqp
2026-06-24T17:16:06.185110Z  INFO mq_bench::roles::subscriber: Subscribed to key expression key=topic_0
2026-06-24T17:16:12.753675Z  INFO mq_bench::roles::subscriber: Starting subscriber engine=Amqp key=topic_0 endpoint=None crash_enabled=false
2026-06-24T17:16:12.753781Z  INFO mq_bench::roles::subscriber: Connected via transport engine=Amqp
2026-06-24T17:16:12.793154Z  INFO mq_bench::roles::subscriber: Subscribed to key expression key=topic_0
2026-06-24T17:16:19.421577Z  INFO mq_bench::roles::subscriber: Starting subscriber engine=Amqp key=topic_0 endpoint=None crash_enabled=false
2026-06-24T17:16:19.421656Z  INFO mq_bench::roles::subscriber: Connected via transport engine=Amqp
2026-06-24T17:16:19.448718Z  INFO mq_bench::roles::subscriber: Subscribed to key expression key=topic_0
2026-06-24T17:16:26.088917Z  INFO mq_bench::roles::subscriber: Starting subscriber engine=Amqp key=topic_0 endpoint=None crash_enabled=false
2026-06-24T17:16:26.088961Z  INFO mq_bench::roles::subscriber: Connected via transport engine=Amqp
2026-06-24T17:16:26.118594Z  INFO mq_bench::roles::subscriber: Subscribed to key expression key=topic_0
2026-06-24T17:16:32.756712Z  INFO mq_bench::roles::subscriber: Starting subscriber engine=Amqp key=topic_0 endpoint=None crash_enabled=false
2026-06-24T17:16:32.756758Z  INFO mq_bench::roles::subscriber: Connected via transport engine=Amqp
2026-06-24T17:16:32.784323Z  INFO mq_bench::roles::subscriber: Subscribed to key expression key=topic_0
2026-06-24T17:16:39.424551Z  INFO mq_bench::roles::subscriber: Starting subscriber engine=Amqp key=topic_0 endpoint=None crash_enabled=false
2026-06-24T17:16:39.424574Z  INFO mq_bench::roles::subscriber: Connected via transport engine=Amqp
2026-06-24T17:16:39.454809Z  INFO mq_bench::roles::subscriber: Subscribed to key expression key=topic_0
2026-06-24T17:16:46.091613Z  INFO mq_bench::roles::subscriber: Starting subscriber engine=Amqp key=topic_0 endpoint=None crash_enabled=false
2026-06-24T17:16:46.091653Z  INFO mq_bench::roles::subscriber: Connected via transport engine=Amqp
2026-06-24T17:16:46.122161Z  INFO mq_bench::roles::subscriber: Subscribed to key expression key=topic_0
2026-06-24T17:16:52.759763Z  INFO mq_bench::roles::subscriber: Starting subscriber engine=Amqp key=topic_0 endpoint=None crash_enabled=false
2026-06-24T17:16:52.759812Z  INFO mq_bench::roles::subscriber: Connected via transport engine=Amqp
2026-06-24T17:16:52.794630Z  INFO mq_bench::roles::subscriber: Subscribed to key expression key=topic_0
2026-06-24T17:16:59.427484Z  INFO mq_bench::roles::subscriber: Starting subscriber engine=Amqp key=topic_0 endpoint=None crash_enabled=false
2026-06-24T17:16:59.427524Z  INFO mq_bench::roles::subscriber: Connected via transport engine=Amqp
2026-06-24T17:16:59.459291Z  INFO mq_bench::roles::subscriber: Subscribed to key expression key=topic_0
2026-06-24T17:17:06.095357Z  INFO mq_bench::roles::subscriber: Starting subscriber engine=Amqp key=topic_0 endpoint=None crash_enabled=false
2026-06-24T17:17:06.095402Z  INFO mq_bench::roles::subscriber: Connected via transport engine=Amqp
2026-06-24T17:17:06.129510Z  INFO mq_bench::roles::subscriber: Subscribed to key expression key=topic_0
