mq-bench starting with run_id: auto
Writing CSV output to: artifacts/fanout_bursty_20260624_171605_amqp_rabbitmq_p64_s1000_u10_bursty/fanout_singlesite/sub_3_2.csv
2026-06-24T17:16:06.189501Z  INFO mq_bench::roles::subscriber: Starting subscriber engine=Amqp key=topic_3 endpoint=None crash_enabled=false
2026-06-24T17:16:06.189544Z  INFO mq_bench::roles::subscriber: Connected via transport engine=Amqp
2026-06-24T17:16:06.216331Z  INFO mq_bench::roles::subscriber: Subscribed to key expression key=topic_3
2026-06-24T17:16:12.857679Z  INFO mq_bench::roles::subscriber: Starting subscriber engine=Amqp key=topic_3 endpoint=None crash_enabled=false
2026-06-24T17:16:12.857775Z  INFO mq_bench::roles::subscriber: Connected via transport engine=Amqp
2026-06-24T17:16:12.877927Z  INFO mq_bench::roles::subscriber: Subscribed to key expression key=topic_3
2026-06-24T17:16:19.524961Z  INFO mq_bench::roles::subscriber: Starting subscriber engine=Amqp key=topic_3 endpoint=None crash_enabled=false
2026-06-24T17:16:19.525008Z  INFO mq_bench::roles::subscriber: Connected via transport engine=Amqp
2026-06-24T17:16:19.544449Z  INFO mq_bench::roles::subscriber: Subscribed to key expression key=topic_3
2026-06-24T17:16:26.191953Z  INFO mq_bench::roles::subscriber: Starting subscriber engine=Amqp key=topic_3 endpoint=None crash_enabled=false
2026-06-24T17:16:26.191990Z  INFO mq_bench::roles::subscriber: Connected via transport engine=Amqp
2026-06-24T17:16:26.212060Z  INFO mq_bench::roles::subscriber: Subscribed to key expression key=topic_3
2026-06-24T17:16:32.859054Z  INFO mq_bench::roles::subscriber: Starting subscriber engine=Amqp key=topic_3 endpoint=None crash_enabled=false
2026-06-24T17:16:32.859102Z  INFO mq_bench::roles::subscriber: Connected via transport engine=Amqp
2026-06-24T17:16:32.878360Z  INFO mq_bench::roles::subscriber: Subscribed to key expression key=topic_3
2026-06-24T17:16:39.525937Z  INFO mq_bench::roles::subscriber: Starting subscriber engine=Amqp key=topic_3 endpoint=None crash_enabled=false
2026-06-24T17:16:39.525989Z  INFO mq_bench::roles::subscriber: Connected via transport engine=Amqp
2026-06-24T17:16:39.545416Z  INFO mq_bench::roles::subscriber: Subscribed to key expression key=topic_3
2026-06-24T17:16:46.193078Z  INFO mq_bench::roles::subscriber: Starting subscriber engine=Amqp key=topic_3 endpoint=None crash_enabled=false
2026-06-24T17:16:46.193100Z  INFO mq_bench::roles::subscriber: Connected via transport engine=Amqp
2026-06-24T17:16:46.212959Z  INFO mq_bench::roles::subscriber: Subscribed to key expression key=topic_3
2026-06-24T17:16:52.860537Z  INFO mq_bench::roles::subscriber: Starting subscriber engine=Amqp key=topic_3 endpoint=None crash_enabled=false
2026-06-24T17:16:52.860583Z  INFO mq_bench::roles::subscriber: Connected via transport engine=Amqp
2026-06-24T17:16:52.882636Z  INFO mq_bench::roles::subscriber: Subscribed to key expression key=topic_3
2026-06-24T17:16:59.527958Z  INFO mq_bench::roles::subscriber: Starting subscriber engine=Amqp key=topic_3 endpoint=None crash_enabled=false
2026-06-24T17:16:59.528001Z  INFO mq_bench::roles::subscriber: Connected via transport engine=Amqp
2026-06-24T17:16:59.547810Z  INFO mq_bench::roles::subscriber: Subscribed to key expression key=topic_3
2026-06-24T17:17:06.195753Z  INFO mq_bench::roles::subscriber: Starting subscriber engine=Amqp key=topic_3 endpoint=None crash_enabled=false
2026-06-24T17:17:06.195792Z  INFO mq_bench::roles::subscriber: Connected via transport engine=Amqp
2026-06-24T17:17:06.215877Z  INFO mq_bench::roles::subscriber: Subscribed to key expression key=topic_3
