mq-bench starting with run_id: auto
Writing CSV output to: artifacts/fanout_bursty_20260624_171605_amqp_rabbitmq_p64_s1000_u10_bursty/fanout_singlesite/sub_0_8.csv
2026-06-24T17:16:06.092759Z  INFO mq_bench::roles::subscriber: Starting subscriber engine=Amqp key=topic_0 endpoint=None crash_enabled=false
2026-06-24T17:16:06.092805Z  INFO mq_bench::roles::subscriber: Connected via transport engine=Amqp
2026-06-24T17:16:06.175556Z  INFO mq_bench::roles::subscriber: Subscribed to key expression key=topic_0
2026-06-24T17:16:12.760423Z  INFO mq_bench::roles::subscriber: Starting subscriber engine=Amqp key=topic_0 endpoint=None crash_enabled=false
2026-06-24T17:16:12.760529Z  INFO mq_bench::roles::subscriber: Connected via transport engine=Amqp
2026-06-24T17:16:12.793487Z  INFO mq_bench::roles::subscriber: Subscribed to key expression key=topic_0
2026-06-24T17:16:19.428411Z  INFO mq_bench::roles::subscriber: Starting subscriber engine=Amqp key=topic_0 endpoint=None crash_enabled=false
2026-06-24T17:16:19.428433Z  INFO mq_bench::roles::subscriber: Connected via transport engine=Amqp
2026-06-24T17:16:19.459217Z  INFO mq_bench::roles::subscriber: Subscribed to key expression key=topic_0
2026-06-24T17:16:26.096408Z  INFO mq_bench::roles::subscriber: Starting subscriber engine=Amqp key=topic_0 endpoint=None crash_enabled=false
2026-06-24T17:16:26.096454Z  INFO mq_bench::roles::subscriber: Connected via transport engine=Amqp
2026-06-24T17:16:26.125403Z  INFO mq_bench::roles::subscriber: Subscribed to key expression key=topic_0
2026-06-24T17:16:32.764572Z  INFO mq_bench::roles::subscriber: Starting subscriber engine=Amqp key=topic_0 endpoint=None crash_enabled=false
2026-06-24T17:16:32.764612Z  INFO mq_bench::roles::subscriber: Connected via transport engine=Amqp
2026-06-24T17:16:32.791567Z  INFO mq_bench::roles::subscriber: Subscribed to key expression key=topic_0
2026-06-24T17:16:39.432535Z  INFO mq_bench::roles::subscriber: Starting subscriber engine=Amqp key=topic_0 endpoint=None crash_enabled=false
2026-06-24T17:16:39.432583Z  INFO mq_bench::roles::subscriber: Connected via transport engine=Amqp
2026-06-24T17:16:39.466410Z  INFO mq_bench::roles::subscriber: Subscribed to key expression key=topic_0
2026-06-24T17:16:46.100142Z  INFO mq_bench::roles::subscriber: Starting subscriber engine=Amqp key=topic_0 endpoint=None crash_enabled=false
2026-06-24T17:16:46.100199Z  INFO mq_bench::roles::subscriber: Connected via transport engine=Amqp
2026-06-24T17:16:46.133319Z  INFO mq_bench::roles::subscriber: Subscribed to key expression key=topic_0
2026-06-24T17:16:52.767697Z  INFO mq_bench::roles::subscriber: Starting subscriber engine=Amqp key=topic_0 endpoint=None crash_enabled=false
2026-06-24T17:16:52.767742Z  INFO mq_bench::roles::subscriber: Connected via transport engine=Amqp
2026-06-24T17:16:52.805753Z  INFO mq_bench::roles::subscriber: Subscribed to key expression key=topic_0
2026-06-24T17:16:59.435479Z  INFO mq_bench::roles::subscriber: Starting subscriber engine=Amqp key=topic_0 endpoint=None crash_enabled=false
2026-06-24T17:16:59.435526Z  INFO mq_bench::roles::subscriber: Connected via transport engine=Amqp
2026-06-24T17:16:59.469598Z  INFO mq_bench::roles::subscriber: Subscribed to key expression key=topic_0
2026-06-24T17:17:06.102797Z  INFO mq_bench::roles::subscriber: Starting subscriber engine=Amqp key=topic_0 endpoint=None crash_enabled=false
2026-06-24T17:17:06.102819Z  INFO mq_bench::roles::subscriber: Connected via transport engine=Amqp
2026-06-24T17:17:06.138107Z  INFO mq_bench::roles::subscriber: Subscribed to key expression key=topic_0
