mq-bench starting with run_id: auto
Writing CSV output to: artifacts/fanout_bursty_20260624_171605_amqp_rabbitmq_p64_s1000_u10_bursty/fanout_singlesite/sub_0_0.csv
2026-06-24T17:16:06.057367Z  INFO mq_bench::roles::subscriber: Starting subscriber engine=Amqp key=topic_0 endpoint=None crash_enabled=false
2026-06-24T17:16:06.057600Z  INFO mq_bench::roles::subscriber: Connected via transport engine=Amqp
2026-06-24T17:16:06.153579Z  INFO mq_bench::roles::subscriber: Subscribed to key expression key=topic_0
2026-06-24T17:16:12.724914Z  INFO mq_bench::roles::subscriber: Starting subscriber engine=Amqp key=topic_0 endpoint=None crash_enabled=false
2026-06-24T17:16:12.725037Z  INFO mq_bench::roles::subscriber: Connected via transport engine=Amqp
2026-06-24T17:16:12.764028Z  INFO mq_bench::roles::subscriber: Subscribed to key expression key=topic_0
2026-06-24T17:16:19.392008Z  INFO mq_bench::roles::subscriber: Starting subscriber engine=Amqp key=topic_0 endpoint=None crash_enabled=false
2026-06-24T17:16:19.392078Z  INFO mq_bench::roles::subscriber: Connected via transport engine=Amqp
2026-06-24T17:16:19.421177Z  INFO mq_bench::roles::subscriber: Subscribed to key expression key=topic_0
2026-06-24T17:16:26.059355Z  INFO mq_bench::roles::subscriber: Starting subscriber engine=Amqp key=topic_0 endpoint=None crash_enabled=false
2026-06-24T17:16:26.059410Z  INFO mq_bench::roles::subscriber: Connected via transport engine=Amqp
2026-06-24T17:16:26.095085Z  INFO mq_bench::roles::subscriber: Subscribed to key expression key=topic_0
2026-06-24T17:16:32.726981Z  INFO mq_bench::roles::subscriber: Starting subscriber engine=Amqp key=topic_0 endpoint=None crash_enabled=false
2026-06-24T17:16:32.727020Z  INFO mq_bench::roles::subscriber: Connected via transport engine=Amqp
2026-06-24T17:16:32.754660Z  INFO mq_bench::roles::subscriber: Subscribed to key expression key=topic_0
2026-06-24T17:16:39.394050Z  INFO mq_bench::roles::subscriber: Starting subscriber engine=Amqp key=topic_0 endpoint=None crash_enabled=false
2026-06-24T17:16:39.394105Z  INFO mq_bench::roles::subscriber: Connected via transport engine=Amqp
2026-06-24T17:16:39.423476Z  INFO mq_bench::roles::subscriber: Subscribed to key expression key=topic_0
2026-06-24T17:16:46.062136Z  INFO mq_bench::roles::subscriber: Starting subscriber engine=Amqp key=topic_0 endpoint=None crash_enabled=false
2026-06-24T17:16:46.062183Z  INFO mq_bench::roles::subscriber: Connected via transport engine=Amqp
2026-06-24T17:16:46.090303Z  INFO mq_bench::roles::subscriber: Subscribed to key expression key=topic_0
2026-06-24T17:16:52.730072Z  INFO mq_bench::roles::subscriber: Starting subscriber engine=Amqp key=topic_0 endpoint=None crash_enabled=false
2026-06-24T17:16:52.730128Z  INFO mq_bench::roles::subscriber: Connected via transport engine=Amqp
2026-06-24T17:16:52.754198Z  INFO mq_bench::roles::subscriber: Subscribed to key expression key=topic_0
2026-06-24T17:16:59.398030Z  INFO mq_bench::roles::subscriber: Starting subscriber engine=Amqp key=topic_0 endpoint=None crash_enabled=false
2026-06-24T17:16:59.398079Z  INFO mq_bench::roles::subscriber: Connected via transport engine=Amqp
2026-06-24T17:16:59.430366Z  INFO mq_bench::roles::subscriber: Subscribed to key expression key=topic_0
2026-06-24T17:17:06.066563Z  INFO mq_bench::roles::subscriber: Starting subscriber engine=Amqp key=topic_0 endpoint=None crash_enabled=false
2026-06-24T17:17:06.066611Z  INFO mq_bench::roles::subscriber: Connected via transport engine=Amqp
2026-06-24T17:17:06.095264Z  INFO mq_bench::roles::subscriber: Subscribed to key expression key=topic_0
