mq-bench starting with run_id: auto
Writing CSV output to: artifacts/fanout_bursty_20260624_171605_amqp_rabbitmq_p64_s1000_u10_bursty/fanout_singlesite/sub_6_9.csv
2026-06-24T17:16:06.335750Z  INFO mq_bench::roles::subscriber: Starting subscriber engine=Amqp key=topic_6 endpoint=None crash_enabled=false
2026-06-24T17:16:06.335790Z  INFO mq_bench::roles::subscriber: Connected via transport engine=Amqp
2026-06-24T17:16:06.356125Z  INFO mq_bench::roles::subscriber: Subscribed to key expression key=topic_6
2026-06-24T17:16:13.003895Z  INFO mq_bench::roles::subscriber: Starting subscriber engine=Amqp key=topic_6 endpoint=None crash_enabled=false
2026-06-24T17:16:13.003996Z  INFO mq_bench::roles::subscriber: Connected via transport engine=Amqp
2026-06-24T17:16:13.017979Z  INFO mq_bench::roles::subscriber: Subscribed to key expression key=topic_6
2026-06-24T17:16:19.671360Z  INFO mq_bench::roles::subscriber: Starting subscriber engine=Amqp key=topic_6 endpoint=None crash_enabled=false
2026-06-24T17:16:19.671422Z  INFO mq_bench::roles::subscriber: Connected via transport engine=Amqp
2026-06-24T17:16:19.687745Z  INFO mq_bench::roles::subscriber: Subscribed to key expression key=topic_6
2026-06-24T17:16:26.339972Z  INFO mq_bench::roles::subscriber: Starting subscriber engine=Amqp key=topic_6 endpoint=None crash_enabled=false
2026-06-24T17:16:26.340015Z  INFO mq_bench::roles::subscriber: Connected via transport engine=Amqp
2026-06-24T17:16:26.354281Z  INFO mq_bench::roles::subscriber: Subscribed to key expression key=topic_6
2026-06-24T17:16:33.007472Z  INFO mq_bench::roles::subscriber: Starting subscriber engine=Amqp key=topic_6 endpoint=None crash_enabled=false
2026-06-24T17:16:33.007513Z  INFO mq_bench::roles::subscriber: Connected via transport engine=Amqp
2026-06-24T17:16:33.023085Z  INFO mq_bench::roles::subscriber: Subscribed to key expression key=topic_6
2026-06-24T17:16:39.675367Z  INFO mq_bench::roles::subscriber: Starting subscriber engine=Amqp key=topic_6 endpoint=None crash_enabled=false
2026-06-24T17:16:39.675414Z  INFO mq_bench::roles::subscriber: Connected via transport engine=Amqp
2026-06-24T17:16:39.691140Z  INFO mq_bench::roles::subscriber: Subscribed to key expression key=topic_6
2026-06-24T17:16:46.343841Z  INFO mq_bench::roles::subscriber: Starting subscriber engine=Amqp key=topic_6 endpoint=None crash_enabled=false
2026-06-24T17:16:46.343863Z  INFO mq_bench::roles::subscriber: Connected via transport engine=Amqp
2026-06-24T17:16:46.360298Z  INFO mq_bench::roles::subscriber: Subscribed to key expression key=topic_6
2026-06-24T17:16:53.011708Z  INFO mq_bench::roles::subscriber: Starting subscriber engine=Amqp key=topic_6 endpoint=None crash_enabled=false
2026-06-24T17:16:53.011751Z  INFO mq_bench::roles::subscriber: Connected via transport engine=Amqp
2026-06-24T17:16:53.027934Z  INFO mq_bench::roles::subscriber: Subscribed to key expression key=topic_6
2026-06-24T17:16:59.679580Z  INFO mq_bench::roles::subscriber: Starting subscriber engine=Amqp key=topic_6 endpoint=None crash_enabled=false
2026-06-24T17:16:59.679633Z  INFO mq_bench::roles::subscriber: Connected via transport engine=Amqp
2026-06-24T17:16:59.694823Z  INFO mq_bench::roles::subscriber: Subscribed to key expression key=topic_6
2026-06-24T17:17:06.347676Z  INFO mq_bench::roles::subscriber: Starting subscriber engine=Amqp key=topic_6 endpoint=None crash_enabled=false
2026-06-24T17:17:06.347697Z  INFO mq_bench::roles::subscriber: Connected via transport engine=Amqp
2026-06-24T17:17:06.361207Z  INFO mq_bench::roles::subscriber: Subscribed to key expression key=topic_6
