mq-bench starting with run_id: auto
Writing CSV output to: artifacts/fanout_bursty_20260624_171605_amqp_rabbitmq_p64_s1000_u10_bursty/fanout_singlesite/sub_9_2.csv
2026-06-24T17:16:06.429612Z  INFO mq_bench::roles::subscriber: Starting subscriber engine=Amqp key=topic_9 endpoint=None crash_enabled=false
2026-06-24T17:16:06.429659Z  INFO mq_bench::roles::subscriber: Connected via transport engine=Amqp
2026-06-24T17:16:06.447190Z  INFO mq_bench::roles::subscriber: Subscribed to key expression key=topic_9
2026-06-24T17:16:13.097830Z  INFO mq_bench::roles::subscriber: Starting subscriber engine=Amqp key=topic_9 endpoint=None crash_enabled=false
2026-06-24T17:16:13.097919Z  INFO mq_bench::roles::subscriber: Connected via transport engine=Amqp
2026-06-24T17:16:13.111684Z  INFO mq_bench::roles::subscriber: Subscribed to key expression key=topic_9
2026-06-24T17:16:19.765906Z  INFO mq_bench::roles::subscriber: Starting subscriber engine=Amqp key=topic_9 endpoint=None crash_enabled=false
2026-06-24T17:16:19.765956Z  INFO mq_bench::roles::subscriber: Connected via transport engine=Amqp
2026-06-24T17:16:19.781188Z  INFO mq_bench::roles::subscriber: Subscribed to key expression key=topic_9
2026-06-24T17:16:26.433046Z  INFO mq_bench::roles::subscriber: Starting subscriber engine=Amqp key=topic_9 endpoint=None crash_enabled=false
2026-06-24T17:16:26.433074Z  INFO mq_bench::roles::subscriber: Connected via transport engine=Amqp
2026-06-24T17:16:26.446040Z  INFO mq_bench::roles::subscriber: Subscribed to key expression key=topic_9
2026-06-24T17:16:33.100155Z  INFO mq_bench::roles::subscriber: Starting subscriber engine=Amqp key=topic_9 endpoint=None crash_enabled=false
2026-06-24T17:16:33.100181Z  INFO mq_bench::roles::subscriber: Connected via transport engine=Amqp
2026-06-24T17:16:33.114517Z  INFO mq_bench::roles::subscriber: Subscribed to key expression key=topic_9
2026-06-24T17:16:39.767764Z  INFO mq_bench::roles::subscriber: Starting subscriber engine=Amqp key=topic_9 endpoint=None crash_enabled=false
2026-06-24T17:16:39.767801Z  INFO mq_bench::roles::subscriber: Connected via transport engine=Amqp
2026-06-24T17:16:39.781741Z  INFO mq_bench::roles::subscriber: Subscribed to key expression key=topic_9
2026-06-24T17:16:46.435194Z  INFO mq_bench::roles::subscriber: Starting subscriber engine=Amqp key=topic_9 endpoint=None crash_enabled=false
2026-06-24T17:16:46.435260Z  INFO mq_bench::roles::subscriber: Connected via transport engine=Amqp
2026-06-24T17:16:46.452633Z  INFO mq_bench::roles::subscriber: Subscribed to key expression key=topic_9
2026-06-24T17:16:53.103017Z  INFO mq_bench::roles::subscriber: Starting subscriber engine=Amqp key=topic_9 endpoint=None crash_enabled=false
2026-06-24T17:16:53.103060Z  INFO mq_bench::roles::subscriber: Connected via transport engine=Amqp
2026-06-24T17:16:53.118129Z  INFO mq_bench::roles::subscriber: Subscribed to key expression key=topic_9
2026-06-24T17:16:59.770692Z  INFO mq_bench::roles::subscriber: Starting subscriber engine=Amqp key=topic_9 endpoint=None crash_enabled=false
2026-06-24T17:16:59.770738Z  INFO mq_bench::roles::subscriber: Connected via transport engine=Amqp
2026-06-24T17:16:59.785842Z  INFO mq_bench::roles::subscriber: Subscribed to key expression key=topic_9
2026-06-24T17:17:06.438929Z  INFO mq_bench::roles::subscriber: Starting subscriber engine=Amqp key=topic_9 endpoint=None crash_enabled=false
2026-06-24T17:17:06.438966Z  INFO mq_bench::roles::subscriber: Connected via transport engine=Amqp
2026-06-24T17:17:06.455757Z  INFO mq_bench::roles::subscriber: Subscribed to key expression key=topic_9
