mq-bench starting with run_id: auto
Writing CSV output to: artifacts/fanout_bursty_20260624_171605_amqp_rabbitmq_p64_s1000_u10_bursty/fanout_singlesite/sub_1_8.csv
2026-06-24T17:16:06.131498Z  INFO mq_bench::roles::subscriber: Starting subscriber engine=Amqp key=topic_1 endpoint=None crash_enabled=false
2026-06-24T17:16:06.131541Z  INFO mq_bench::roles::subscriber: Connected via transport engine=Amqp
2026-06-24T17:16:06.180925Z  INFO mq_bench::roles::subscriber: Subscribed to key expression key=topic_1
2026-06-24T17:16:12.800175Z  INFO mq_bench::roles::subscriber: Starting subscriber engine=Amqp key=topic_1 endpoint=None crash_enabled=false
2026-06-24T17:16:12.800299Z  INFO mq_bench::roles::subscriber: Connected via transport engine=Amqp
2026-06-24T17:16:12.821363Z  INFO mq_bench::roles::subscriber: Subscribed to key expression key=topic_1
2026-06-24T17:16:19.467540Z  INFO mq_bench::roles::subscriber: Starting subscriber engine=Amqp key=topic_1 endpoint=None crash_enabled=false
2026-06-24T17:16:19.467610Z  INFO mq_bench::roles::subscriber: Connected via transport engine=Amqp
2026-06-24T17:16:19.505120Z  INFO mq_bench::roles::subscriber: Subscribed to key expression key=topic_1
2026-06-24T17:16:26.135621Z  INFO mq_bench::roles::subscriber: Starting subscriber engine=Amqp key=topic_1 endpoint=None crash_enabled=false
2026-06-24T17:16:26.135665Z  INFO mq_bench::roles::subscriber: Connected via transport engine=Amqp
2026-06-24T17:16:26.163914Z  INFO mq_bench::roles::subscriber: Subscribed to key expression key=topic_1
2026-06-24T17:16:32.803794Z  INFO mq_bench::roles::subscriber: Starting subscriber engine=Amqp key=topic_1 endpoint=None crash_enabled=false
2026-06-24T17:16:32.803839Z  INFO mq_bench::roles::subscriber: Connected via transport engine=Amqp
2026-06-24T17:16:32.835028Z  INFO mq_bench::roles::subscriber: Subscribed to key expression key=topic_1
2026-06-24T17:16:39.471642Z  INFO mq_bench::roles::subscriber: Starting subscriber engine=Amqp key=topic_1 endpoint=None crash_enabled=false
2026-06-24T17:16:39.471682Z  INFO mq_bench::roles::subscriber: Connected via transport engine=Amqp
2026-06-24T17:16:39.507983Z  INFO mq_bench::roles::subscriber: Subscribed to key expression key=topic_1
2026-06-24T17:16:46.139310Z  INFO mq_bench::roles::subscriber: Starting subscriber engine=Amqp key=topic_1 endpoint=None crash_enabled=false
2026-06-24T17:16:46.139354Z  INFO mq_bench::roles::subscriber: Connected via transport engine=Amqp
2026-06-24T17:16:46.167901Z  INFO mq_bench::roles::subscriber: Subscribed to key expression key=topic_1
2026-06-24T17:16:52.806630Z  INFO mq_bench::roles::subscriber: Starting subscriber engine=Amqp key=topic_1 endpoint=None crash_enabled=false
2026-06-24T17:16:52.806679Z  INFO mq_bench::roles::subscriber: Connected via transport engine=Amqp
2026-06-24T17:16:52.833270Z  INFO mq_bench::roles::subscriber: Subscribed to key expression key=topic_1
2026-06-24T17:16:59.474874Z  INFO mq_bench::roles::subscriber: Starting subscriber engine=Amqp key=topic_1 endpoint=None crash_enabled=false
2026-06-24T17:16:59.474904Z  INFO mq_bench::roles::subscriber: Connected via transport engine=Amqp
2026-06-24T17:16:59.500456Z  INFO mq_bench::roles::subscriber: Subscribed to key expression key=topic_1
2026-06-24T17:17:06.142772Z  INFO mq_bench::roles::subscriber: Starting subscriber engine=Amqp key=topic_1 endpoint=None crash_enabled=false
2026-06-24T17:17:06.142820Z  INFO mq_bench::roles::subscriber: Connected via transport engine=Amqp
2026-06-24T17:17:06.163932Z  INFO mq_bench::roles::subscriber: Subscribed to key expression key=topic_1
