mq-bench starting with run_id: auto
Writing CSV output to: artifacts/fanout_bursty_20260624_171605_amqp_rabbitmq_p64_s1000_u10_bursty/fanout_singlesite/sub_2_0.csv
2026-06-24T17:16:06.139927Z  INFO mq_bench::roles::subscriber: Starting subscriber engine=Amqp key=topic_2 endpoint=None crash_enabled=false
2026-06-24T17:16:06.139975Z  INFO mq_bench::roles::subscriber: Connected via transport engine=Amqp
2026-06-24T17:16:06.187605Z  INFO mq_bench::roles::subscriber: Subscribed to key expression key=topic_2
2026-06-24T17:16:12.806846Z  INFO mq_bench::roles::subscriber: Starting subscriber engine=Amqp key=topic_2 endpoint=None crash_enabled=false
2026-06-24T17:16:12.806951Z  INFO mq_bench::roles::subscriber: Connected via transport engine=Amqp
2026-06-24T17:16:12.827584Z  INFO mq_bench::roles::subscriber: Subscribed to key expression key=topic_2
2026-06-24T17:16:19.474607Z  INFO mq_bench::roles::subscriber: Starting subscriber engine=Amqp key=topic_2 endpoint=None crash_enabled=false
2026-06-24T17:16:19.474673Z  INFO mq_bench::roles::subscriber: Connected via transport engine=Amqp
2026-06-24T17:16:19.505060Z  INFO mq_bench::roles::subscriber: Subscribed to key expression key=topic_2
2026-06-24T17:16:26.142608Z  INFO mq_bench::roles::subscriber: Starting subscriber engine=Amqp key=topic_2 endpoint=None crash_enabled=false
2026-06-24T17:16:26.142644Z  INFO mq_bench::roles::subscriber: Connected via transport engine=Amqp
2026-06-24T17:16:26.170123Z  INFO mq_bench::roles::subscriber: Subscribed to key expression key=topic_2
2026-06-24T17:16:32.809774Z  INFO mq_bench::roles::subscriber: Starting subscriber engine=Amqp key=topic_2 endpoint=None crash_enabled=false
2026-06-24T17:16:32.809801Z  INFO mq_bench::roles::subscriber: Connected via transport engine=Amqp
2026-06-24T17:16:32.835137Z  INFO mq_bench::roles::subscriber: Subscribed to key expression key=topic_2
2026-06-24T17:16:39.477035Z  INFO mq_bench::roles::subscriber: Starting subscriber engine=Amqp key=topic_2 endpoint=None crash_enabled=false
2026-06-24T17:16:39.477081Z  INFO mq_bench::roles::subscriber: Connected via transport engine=Amqp
2026-06-24T17:16:39.509154Z  INFO mq_bench::roles::subscriber: Subscribed to key expression key=topic_2
2026-06-24T17:16:46.145625Z  INFO mq_bench::roles::subscriber: Starting subscriber engine=Amqp key=topic_2 endpoint=None crash_enabled=false
2026-06-24T17:16:46.145668Z  INFO mq_bench::roles::subscriber: Connected via transport engine=Amqp
2026-06-24T17:16:46.171515Z  INFO mq_bench::roles::subscriber: Subscribed to key expression key=topic_2
2026-06-24T17:16:52.813108Z  INFO mq_bench::roles::subscriber: Starting subscriber engine=Amqp key=topic_2 endpoint=None crash_enabled=false
2026-06-24T17:16:52.813152Z  INFO mq_bench::roles::subscriber: Connected via transport engine=Amqp
2026-06-24T17:16:52.837266Z  INFO mq_bench::roles::subscriber: Subscribed to key expression key=topic_2
2026-06-24T17:16:59.480906Z  INFO mq_bench::roles::subscriber: Starting subscriber engine=Amqp key=topic_2 endpoint=None crash_enabled=false
2026-06-24T17:16:59.480950Z  INFO mq_bench::roles::subscriber: Connected via transport engine=Amqp
2026-06-24T17:16:59.505234Z  INFO mq_bench::roles::subscriber: Subscribed to key expression key=topic_2
2026-06-24T17:17:06.148383Z  INFO mq_bench::roles::subscriber: Starting subscriber engine=Amqp key=topic_2 endpoint=None crash_enabled=false
2026-06-24T17:17:06.148418Z  INFO mq_bench::roles::subscriber: Connected via transport engine=Amqp
2026-06-24T17:17:06.171361Z  INFO mq_bench::roles::subscriber: Subscribed to key expression key=topic_2
