mq-bench starting with run_id: auto
Writing CSV output to: artifacts/fanout_bursty_20260624_171605_amqp_rabbitmq_p64_s1000_u10_bursty/fanout_singlesite/sub_1_7.csv
2026-06-24T17:16:06.128183Z  INFO mq_bench::roles::subscriber: Starting subscriber engine=Amqp key=topic_1 endpoint=None crash_enabled=false
2026-06-24T17:16:06.128242Z  INFO mq_bench::roles::subscriber: Connected via transport engine=Amqp
2026-06-24T17:16:06.179874Z  INFO mq_bench::roles::subscriber: Subscribed to key expression key=topic_1
2026-06-24T17:16:12.795637Z  INFO mq_bench::roles::subscriber: Starting subscriber engine=Amqp key=topic_1 endpoint=None crash_enabled=false
2026-06-24T17:16:12.795744Z  INFO mq_bench::roles::subscriber: Connected via transport engine=Amqp
2026-06-24T17:16:12.819480Z  INFO mq_bench::roles::subscriber: Subscribed to key expression key=topic_1
2026-06-24T17:16:19.462605Z  INFO mq_bench::roles::subscriber: Starting subscriber engine=Amqp key=topic_1 endpoint=None crash_enabled=false
2026-06-24T17:16:19.462647Z  INFO mq_bench::roles::subscriber: Connected via transport engine=Amqp
2026-06-24T17:16:19.493357Z  INFO mq_bench::roles::subscriber: Subscribed to key expression key=topic_1
2026-06-24T17:16:26.129654Z  INFO mq_bench::roles::subscriber: Starting subscriber engine=Amqp key=topic_1 endpoint=None crash_enabled=false
2026-06-24T17:16:26.129697Z  INFO mq_bench::roles::subscriber: Connected via transport engine=Amqp
2026-06-24T17:16:26.159108Z  INFO mq_bench::roles::subscriber: Subscribed to key expression key=topic_1
2026-06-24T17:16:32.797146Z  INFO mq_bench::roles::subscriber: Starting subscriber engine=Amqp key=topic_1 endpoint=None crash_enabled=false
2026-06-24T17:16:32.797198Z  INFO mq_bench::roles::subscriber: Connected via transport engine=Amqp
2026-06-24T17:16:32.824885Z  INFO mq_bench::roles::subscriber: Subscribed to key expression key=topic_1
2026-06-24T17:16:39.465404Z  INFO mq_bench::roles::subscriber: Starting subscriber engine=Amqp key=topic_1 endpoint=None crash_enabled=false
2026-06-24T17:16:39.465445Z  INFO mq_bench::roles::subscriber: Connected via transport engine=Amqp
2026-06-24T17:16:39.500891Z  INFO mq_bench::roles::subscriber: Subscribed to key expression key=topic_1
2026-06-24T17:16:46.133280Z  INFO mq_bench::roles::subscriber: Starting subscriber engine=Amqp key=topic_1 endpoint=None crash_enabled=false
2026-06-24T17:16:46.133350Z  INFO mq_bench::roles::subscriber: Connected via transport engine=Amqp
2026-06-24T17:16:46.167871Z  INFO mq_bench::roles::subscriber: Subscribed to key expression key=topic_1
2026-06-24T17:16:52.801316Z  INFO mq_bench::roles::subscriber: Starting subscriber engine=Amqp key=topic_1 endpoint=None crash_enabled=false
2026-06-24T17:16:52.801390Z  INFO mq_bench::roles::subscriber: Connected via transport engine=Amqp
2026-06-24T17:16:52.826440Z  INFO mq_bench::roles::subscriber: Subscribed to key expression key=topic_1
2026-06-24T17:16:59.468961Z  INFO mq_bench::roles::subscriber: Starting subscriber engine=Amqp key=topic_1 endpoint=None crash_enabled=false
2026-06-24T17:16:59.469008Z  INFO mq_bench::roles::subscriber: Connected via transport engine=Amqp
2026-06-24T17:16:59.495673Z  INFO mq_bench::roles::subscriber: Subscribed to key expression key=topic_1
2026-06-24T17:17:06.137029Z  INFO mq_bench::roles::subscriber: Starting subscriber engine=Amqp key=topic_1 endpoint=None crash_enabled=false
2026-06-24T17:17:06.137074Z  INFO mq_bench::roles::subscriber: Connected via transport engine=Amqp
2026-06-24T17:17:06.163978Z  INFO mq_bench::roles::subscriber: Subscribed to key expression key=topic_1
