mq-bench starting with run_id: auto
Writing CSV output to: artifacts/fanout_bursty_20260624_171605_amqp_rabbitmq_p64_s1000_u10_bursty/fanout_singlesite/sub_7_4.csv
2026-06-24T17:16:06.356163Z  INFO mq_bench::roles::subscriber: Starting subscriber engine=Amqp key=topic_7 endpoint=None crash_enabled=false
2026-06-24T17:16:06.356220Z  INFO mq_bench::roles::subscriber: Connected via transport engine=Amqp
2026-06-24T17:16:06.375273Z  INFO mq_bench::roles::subscriber: Subscribed to key expression key=topic_7
2026-06-24T17:16:13.023299Z  INFO mq_bench::roles::subscriber: Starting subscriber engine=Amqp key=topic_7 endpoint=None crash_enabled=false
2026-06-24T17:16:13.023408Z  INFO mq_bench::roles::subscriber: Connected via transport engine=Amqp
2026-06-24T17:16:13.037000Z  INFO mq_bench::roles::subscriber: Subscribed to key expression key=topic_7
2026-06-24T17:16:19.691057Z  INFO mq_bench::roles::subscriber: Starting subscriber engine=Amqp key=topic_7 endpoint=None crash_enabled=false
2026-06-24T17:16:19.691094Z  INFO mq_bench::roles::subscriber: Connected via transport engine=Amqp
2026-06-24T17:16:19.707724Z  INFO mq_bench::roles::subscriber: Subscribed to key expression key=topic_7
2026-06-24T17:16:26.358182Z  INFO mq_bench::roles::subscriber: Starting subscriber engine=Amqp key=topic_7 endpoint=None crash_enabled=false
2026-06-24T17:16:26.358233Z  INFO mq_bench::roles::subscriber: Connected via transport engine=Amqp
2026-06-24T17:16:26.372412Z  INFO mq_bench::roles::subscriber: Subscribed to key expression key=topic_7
2026-06-24T17:16:33.025585Z  INFO mq_bench::roles::subscriber: Starting subscriber engine=Amqp key=topic_7 endpoint=None crash_enabled=false
2026-06-24T17:16:33.025610Z  INFO mq_bench::roles::subscriber: Connected via transport engine=Amqp
2026-06-24T17:16:33.042510Z  INFO mq_bench::roles::subscriber: Subscribed to key expression key=topic_7
2026-06-24T17:16:39.693652Z  INFO mq_bench::roles::subscriber: Starting subscriber engine=Amqp key=topic_7 endpoint=None crash_enabled=false
2026-06-24T17:16:39.693695Z  INFO mq_bench::roles::subscriber: Connected via transport engine=Amqp
2026-06-24T17:16:39.708289Z  INFO mq_bench::roles::subscriber: Subscribed to key expression key=topic_7
2026-06-24T17:16:46.362039Z  INFO mq_bench::roles::subscriber: Starting subscriber engine=Amqp key=topic_7 endpoint=None crash_enabled=false
2026-06-24T17:16:46.362093Z  INFO mq_bench::roles::subscriber: Connected via transport engine=Amqp
2026-06-24T17:16:46.376382Z  INFO mq_bench::roles::subscriber: Subscribed to key expression key=topic_7
2026-06-24T17:16:53.029640Z  INFO mq_bench::roles::subscriber: Starting subscriber engine=Amqp key=topic_7 endpoint=None crash_enabled=false
2026-06-24T17:16:53.029704Z  INFO mq_bench::roles::subscriber: Connected via transport engine=Amqp
2026-06-24T17:16:53.045898Z  INFO mq_bench::roles::subscriber: Subscribed to key expression key=topic_7
2026-06-24T17:16:59.698163Z  INFO mq_bench::roles::subscriber: Starting subscriber engine=Amqp key=topic_7 endpoint=None crash_enabled=false
2026-06-24T17:16:59.698186Z  INFO mq_bench::roles::subscriber: Connected via transport engine=Amqp
2026-06-24T17:16:59.711950Z  INFO mq_bench::roles::subscriber: Subscribed to key expression key=topic_7
2026-06-24T17:17:06.365379Z  INFO mq_bench::roles::subscriber: Starting subscriber engine=Amqp key=topic_7 endpoint=None crash_enabled=false
2026-06-24T17:17:06.365413Z  INFO mq_bench::roles::subscriber: Connected via transport engine=Amqp
2026-06-24T17:17:06.380446Z  INFO mq_bench::roles::subscriber: Subscribed to key expression key=topic_7
