mq-bench starting with run_id: auto
Writing CSV output to: artifacts/fanout_bursty_20260624_171605_amqp_rabbitmq_p64_s1000_u10_bursty/fanout_singlesite/sub_8_5.csv
2026-06-24T17:16:06.401243Z  INFO mq_bench::roles::subscriber: Starting subscriber engine=Amqp key=topic_8 endpoint=None crash_enabled=false
2026-06-24T17:16:06.401292Z  INFO mq_bench::roles::subscriber: Connected via transport engine=Amqp
2026-06-24T17:16:06.419384Z  INFO mq_bench::roles::subscriber: Subscribed to key expression key=topic_8
2026-06-24T17:16:13.068464Z  INFO mq_bench::roles::subscriber: Starting subscriber engine=Amqp key=topic_8 endpoint=None crash_enabled=false
2026-06-24T17:16:13.068568Z  INFO mq_bench::roles::subscriber: Connected via transport engine=Amqp
2026-06-24T17:16:13.082426Z  INFO mq_bench::roles::subscriber: Subscribed to key expression key=topic_8
2026-06-24T17:16:19.735270Z  INFO mq_bench::roles::subscriber: Starting subscriber engine=Amqp key=topic_8 endpoint=None crash_enabled=false
2026-06-24T17:16:19.735318Z  INFO mq_bench::roles::subscriber: Connected via transport engine=Amqp
2026-06-24T17:16:19.749340Z  INFO mq_bench::roles::subscriber: Subscribed to key expression key=topic_8
2026-06-24T17:16:26.402812Z  INFO mq_bench::roles::subscriber: Starting subscriber engine=Amqp key=topic_8 endpoint=None crash_enabled=false
2026-06-24T17:16:26.402851Z  INFO mq_bench::roles::subscriber: Connected via transport engine=Amqp
2026-06-24T17:16:26.417379Z  INFO mq_bench::roles::subscriber: Subscribed to key expression key=topic_8
2026-06-24T17:16:33.070953Z  INFO mq_bench::roles::subscriber: Starting subscriber engine=Amqp key=topic_8 endpoint=None crash_enabled=false
2026-06-24T17:16:33.070992Z  INFO mq_bench::roles::subscriber: Connected via transport engine=Amqp
2026-06-24T17:16:33.085182Z  INFO mq_bench::roles::subscriber: Subscribed to key expression key=topic_8
2026-06-24T17:16:39.738307Z  INFO mq_bench::roles::subscriber: Starting subscriber engine=Amqp key=topic_8 endpoint=None crash_enabled=false
2026-06-24T17:16:39.738343Z  INFO mq_bench::roles::subscriber: Connected via transport engine=Amqp
2026-06-24T17:16:39.755296Z  INFO mq_bench::roles::subscriber: Subscribed to key expression key=topic_8
2026-06-24T17:16:46.406084Z  INFO mq_bench::roles::subscriber: Starting subscriber engine=Amqp key=topic_8 endpoint=None crash_enabled=false
2026-06-24T17:16:46.406117Z  INFO mq_bench::roles::subscriber: Connected via transport engine=Amqp
2026-06-24T17:16:46.421814Z  INFO mq_bench::roles::subscriber: Subscribed to key expression key=topic_8
2026-06-24T17:16:53.073265Z  INFO mq_bench::roles::subscriber: Starting subscriber engine=Amqp key=topic_8 endpoint=None crash_enabled=false
2026-06-24T17:16:53.073295Z  INFO mq_bench::roles::subscriber: Connected via transport engine=Amqp
2026-06-24T17:16:53.091795Z  INFO mq_bench::roles::subscriber: Subscribed to key expression key=topic_8
2026-06-24T17:16:59.740271Z  INFO mq_bench::roles::subscriber: Starting subscriber engine=Amqp key=topic_8 endpoint=None crash_enabled=false
2026-06-24T17:16:59.740298Z  INFO mq_bench::roles::subscriber: Connected via transport engine=Amqp
2026-06-24T17:16:59.755098Z  INFO mq_bench::roles::subscriber: Subscribed to key expression key=topic_8
2026-06-24T17:17:06.407456Z  INFO mq_bench::roles::subscriber: Starting subscriber engine=Amqp key=topic_8 endpoint=None crash_enabled=false
2026-06-24T17:17:06.407490Z  INFO mq_bench::roles::subscriber: Connected via transport engine=Amqp
2026-06-24T17:17:06.421446Z  INFO mq_bench::roles::subscriber: Subscribed to key expression key=topic_8
