mq-bench starting with run_id: auto
Writing CSV output to: artifacts/fanout_bursty_20260624_171605_amqp_rabbitmq_p64_s1000_u10_bursty/fanout_singlesite/sub_6_2.csv
2026-06-24T17:16:06.308175Z  INFO mq_bench::roles::subscriber: Starting subscriber engine=Amqp key=topic_6 endpoint=None crash_enabled=false
2026-06-24T17:16:06.308224Z  INFO mq_bench::roles::subscriber: Connected via transport engine=Amqp
2026-06-24T17:16:06.325746Z  INFO mq_bench::roles::subscriber: Subscribed to key expression key=topic_6
2026-06-24T17:16:12.976393Z  INFO mq_bench::roles::subscriber: Starting subscriber engine=Amqp key=topic_6 endpoint=None crash_enabled=false
2026-06-24T17:16:12.976499Z  INFO mq_bench::roles::subscriber: Connected via transport engine=Amqp
2026-06-24T17:16:12.991578Z  INFO mq_bench::roles::subscriber: Subscribed to key expression key=topic_6
2026-06-24T17:16:19.644565Z  INFO mq_bench::roles::subscriber: Starting subscriber engine=Amqp key=topic_6 endpoint=None crash_enabled=false
2026-06-24T17:16:19.644631Z  INFO mq_bench::roles::subscriber: Connected via transport engine=Amqp
2026-06-24T17:16:19.659738Z  INFO mq_bench::roles::subscriber: Subscribed to key expression key=topic_6
2026-06-24T17:16:26.312020Z  INFO mq_bench::roles::subscriber: Starting subscriber engine=Amqp key=topic_6 endpoint=None crash_enabled=false
2026-06-24T17:16:26.312060Z  INFO mq_bench::roles::subscriber: Connected via transport engine=Amqp
2026-06-24T17:16:26.328182Z  INFO mq_bench::roles::subscriber: Subscribed to key expression key=topic_6
2026-06-24T17:16:32.980383Z  INFO mq_bench::roles::subscriber: Starting subscriber engine=Amqp key=topic_6 endpoint=None crash_enabled=false
2026-06-24T17:16:32.980431Z  INFO mq_bench::roles::subscriber: Connected via transport engine=Amqp
2026-06-24T17:16:32.997665Z  INFO mq_bench::roles::subscriber: Subscribed to key expression key=topic_6
2026-06-24T17:16:39.647942Z  INFO mq_bench::roles::subscriber: Starting subscriber engine=Amqp key=topic_6 endpoint=None crash_enabled=false
2026-06-24T17:16:39.647990Z  INFO mq_bench::roles::subscriber: Connected via transport engine=Amqp
2026-06-24T17:16:39.664012Z  INFO mq_bench::roles::subscriber: Subscribed to key expression key=topic_6
2026-06-24T17:16:46.314845Z  INFO mq_bench::roles::subscriber: Starting subscriber engine=Amqp key=topic_6 endpoint=None crash_enabled=false
2026-06-24T17:16:46.314896Z  INFO mq_bench::roles::subscriber: Connected via transport engine=Amqp
2026-06-24T17:16:46.330683Z  INFO mq_bench::roles::subscriber: Subscribed to key expression key=topic_6
2026-06-24T17:16:52.982188Z  INFO mq_bench::roles::subscriber: Starting subscriber engine=Amqp key=topic_6 endpoint=None crash_enabled=false
2026-06-24T17:16:52.982225Z  INFO mq_bench::roles::subscriber: Connected via transport engine=Amqp
2026-06-24T17:16:52.998646Z  INFO mq_bench::roles::subscriber: Subscribed to key expression key=topic_6
2026-06-24T17:16:59.650444Z  INFO mq_bench::roles::subscriber: Starting subscriber engine=Amqp key=topic_6 endpoint=None crash_enabled=false
2026-06-24T17:16:59.650488Z  INFO mq_bench::roles::subscriber: Connected via transport engine=Amqp
2026-06-24T17:16:59.666240Z  INFO mq_bench::roles::subscriber: Subscribed to key expression key=topic_6
2026-06-24T17:17:06.318223Z  INFO mq_bench::roles::subscriber: Starting subscriber engine=Amqp key=topic_6 endpoint=None crash_enabled=false
2026-06-24T17:17:06.318263Z  INFO mq_bench::roles::subscriber: Connected via transport engine=Amqp
2026-06-24T17:17:06.332618Z  INFO mq_bench::roles::subscriber: Subscribed to key expression key=topic_6
