mq-bench starting with run_id: auto
Writing CSV output to: artifacts/fanout_bursty_20260624_171605_amqp_rabbitmq_p64_s1000_u10_bursty/fanout_singlesite/sub_7_3.csv
2026-06-24T17:16:06.352688Z  INFO mq_bench::roles::subscriber: Starting subscriber engine=Amqp key=topic_7 endpoint=None crash_enabled=false
2026-06-24T17:16:06.352739Z  INFO mq_bench::roles::subscriber: Connected via transport engine=Amqp
2026-06-24T17:16:06.372221Z  INFO mq_bench::roles::subscriber: Subscribed to key expression key=topic_7
2026-06-24T17:16:13.021383Z  INFO mq_bench::roles::subscriber: Starting subscriber engine=Amqp key=topic_7 endpoint=None crash_enabled=false
2026-06-24T17:16:13.021486Z  INFO mq_bench::roles::subscriber: Connected via transport engine=Amqp
2026-06-24T17:16:13.035370Z  INFO mq_bench::roles::subscriber: Subscribed to key expression key=topic_7
2026-06-24T17:16:19.689172Z  INFO mq_bench::roles::subscriber: Starting subscriber engine=Amqp key=topic_7 endpoint=None crash_enabled=false
2026-06-24T17:16:19.689332Z  INFO mq_bench::roles::subscriber: Connected via transport engine=Amqp
2026-06-24T17:16:19.704281Z  INFO mq_bench::roles::subscriber: Subscribed to key expression key=topic_7
2026-06-24T17:16:26.356687Z  INFO mq_bench::roles::subscriber: Starting subscriber engine=Amqp key=topic_7 endpoint=None crash_enabled=false
2026-06-24T17:16:26.356728Z  INFO mq_bench::roles::subscriber: Connected via transport engine=Amqp
2026-06-24T17:16:26.370703Z  INFO mq_bench::roles::subscriber: Subscribed to key expression key=topic_7
2026-06-24T17:16:33.024753Z  INFO mq_bench::roles::subscriber: Starting subscriber engine=Amqp key=topic_7 endpoint=None crash_enabled=false
2026-06-24T17:16:33.024781Z  INFO mq_bench::roles::subscriber: Connected via transport engine=Amqp
2026-06-24T17:16:33.041220Z  INFO mq_bench::roles::subscriber: Subscribed to key expression key=topic_7
2026-06-24T17:16:39.692716Z  INFO mq_bench::roles::subscriber: Starting subscriber engine=Amqp key=topic_7 endpoint=None crash_enabled=false
2026-06-24T17:16:39.692746Z  INFO mq_bench::roles::subscriber: Connected via transport engine=Amqp
2026-06-24T17:16:39.710256Z  INFO mq_bench::roles::subscriber: Subscribed to key expression key=topic_7
2026-06-24T17:16:46.360581Z  INFO mq_bench::roles::subscriber: Starting subscriber engine=Amqp key=topic_7 endpoint=None crash_enabled=false
2026-06-24T17:16:46.360621Z  INFO mq_bench::roles::subscriber: Connected via transport engine=Amqp
2026-06-24T17:16:46.374792Z  INFO mq_bench::roles::subscriber: Subscribed to key expression key=topic_7
2026-06-24T17:16:53.027986Z  INFO mq_bench::roles::subscriber: Starting subscriber engine=Amqp key=topic_7 endpoint=None crash_enabled=false
2026-06-24T17:16:53.028037Z  INFO mq_bench::roles::subscriber: Connected via transport engine=Amqp
2026-06-24T17:16:53.042791Z  INFO mq_bench::roles::subscriber: Subscribed to key expression key=topic_7
2026-06-24T17:16:59.696363Z  INFO mq_bench::roles::subscriber: Starting subscriber engine=Amqp key=topic_7 endpoint=None crash_enabled=false
2026-06-24T17:16:59.696400Z  INFO mq_bench::roles::subscriber: Connected via transport engine=Amqp
2026-06-24T17:16:59.713275Z  INFO mq_bench::roles::subscriber: Subscribed to key expression key=topic_7
2026-06-24T17:17:06.363713Z  INFO mq_bench::roles::subscriber: Starting subscriber engine=Amqp key=topic_7 endpoint=None crash_enabled=false
2026-06-24T17:17:06.363754Z  INFO mq_bench::roles::subscriber: Connected via transport engine=Amqp
2026-06-24T17:17:06.378602Z  INFO mq_bench::roles::subscriber: Subscribed to key expression key=topic_7
