mq-bench starting with run_id: auto
Writing CSV output to: artifacts/fanout_bursty_20260624_171605_amqp_rabbitmq_p64_s1000_u10_bursty/fanout_singlesite/sub_8_9.csv
2026-06-24T17:16:06.417109Z  INFO mq_bench::roles::subscriber: Starting subscriber engine=Amqp key=topic_8 endpoint=None crash_enabled=false
2026-06-24T17:16:06.417149Z  INFO mq_bench::roles::subscriber: Connected via transport engine=Amqp
2026-06-24T17:16:06.435234Z  INFO mq_bench::roles::subscriber: Subscribed to key expression key=topic_8
2026-06-24T17:16:13.085313Z  INFO mq_bench::roles::subscriber: Starting subscriber engine=Amqp key=topic_8 endpoint=None crash_enabled=false
2026-06-24T17:16:13.085423Z  INFO mq_bench::roles::subscriber: Connected via transport engine=Amqp
2026-06-24T17:16:13.100712Z  INFO mq_bench::roles::subscriber: Subscribed to key expression key=topic_8
2026-06-24T17:16:19.753840Z  INFO mq_bench::roles::subscriber: Starting subscriber engine=Amqp key=topic_8 endpoint=None crash_enabled=false
2026-06-24T17:16:19.753885Z  INFO mq_bench::roles::subscriber: Connected via transport engine=Amqp
2026-06-24T17:16:19.768906Z  INFO mq_bench::roles::subscriber: Subscribed to key expression key=topic_8
2026-06-24T17:16:26.421132Z  INFO mq_bench::roles::subscriber: Starting subscriber engine=Amqp key=topic_8 endpoint=None crash_enabled=false
2026-06-24T17:16:26.421187Z  INFO mq_bench::roles::subscriber: Connected via transport engine=Amqp
2026-06-24T17:16:26.436522Z  INFO mq_bench::roles::subscriber: Subscribed to key expression key=topic_8
2026-06-24T17:16:33.089495Z  INFO mq_bench::roles::subscriber: Starting subscriber engine=Amqp key=topic_8 endpoint=None crash_enabled=false
2026-06-24T17:16:33.089555Z  INFO mq_bench::roles::subscriber: Connected via transport engine=Amqp
2026-06-24T17:16:33.102687Z  INFO mq_bench::roles::subscriber: Subscribed to key expression key=topic_8
2026-06-24T17:16:39.757825Z  INFO mq_bench::roles::subscriber: Starting subscriber engine=Amqp key=topic_8 endpoint=None crash_enabled=false
2026-06-24T17:16:39.757848Z  INFO mq_bench::roles::subscriber: Connected via transport engine=Amqp
2026-06-24T17:16:39.770880Z  INFO mq_bench::roles::subscriber: Subscribed to key expression key=topic_8
2026-06-24T17:16:46.425741Z  INFO mq_bench::roles::subscriber: Starting subscriber engine=Amqp key=topic_8 endpoint=None crash_enabled=false
2026-06-24T17:16:46.425776Z  INFO mq_bench::roles::subscriber: Connected via transport engine=Amqp
2026-06-24T17:16:46.440337Z  INFO mq_bench::roles::subscriber: Subscribed to key expression key=topic_8
2026-06-24T17:16:53.093780Z  INFO mq_bench::roles::subscriber: Starting subscriber engine=Amqp key=topic_8 endpoint=None crash_enabled=false
2026-06-24T17:16:53.093837Z  INFO mq_bench::roles::subscriber: Connected via transport engine=Amqp
2026-06-24T17:16:53.106932Z  INFO mq_bench::roles::subscriber: Subscribed to key expression key=topic_8
2026-06-24T17:16:59.761578Z  INFO mq_bench::roles::subscriber: Starting subscriber engine=Amqp key=topic_8 endpoint=None crash_enabled=false
2026-06-24T17:16:59.761625Z  INFO mq_bench::roles::subscriber: Connected via transport engine=Amqp
2026-06-24T17:16:59.775355Z  INFO mq_bench::roles::subscriber: Subscribed to key expression key=topic_8
2026-06-24T17:17:06.429359Z  INFO mq_bench::roles::subscriber: Starting subscriber engine=Amqp key=topic_8 endpoint=None crash_enabled=false
2026-06-24T17:17:06.429398Z  INFO mq_bench::roles::subscriber: Connected via transport engine=Amqp
2026-06-24T17:17:06.443352Z  INFO mq_bench::roles::subscriber: Subscribed to key expression key=topic_8
