mq-bench starting with run_id: auto
Writing CSV output to: artifacts/fanout_bursty_20260624_171605_amqp_rabbitmq_p64_s1000_u10_bursty/fanout_singlesite/sub_1_9.csv
2026-06-24T17:16:06.135141Z  INFO mq_bench::roles::subscriber: Starting subscriber engine=Amqp key=topic_1 endpoint=None crash_enabled=false
2026-06-24T17:16:06.135372Z  INFO mq_bench::roles::subscriber: Connected via transport engine=Amqp
2026-06-24T17:16:06.184320Z  INFO mq_bench::roles::subscriber: Subscribed to key expression key=topic_1
2026-06-24T17:16:12.801994Z  INFO mq_bench::roles::subscriber: Starting subscriber engine=Amqp key=topic_1 endpoint=None crash_enabled=false
2026-06-24T17:16:12.802112Z  INFO mq_bench::roles::subscriber: Connected via transport engine=Amqp
2026-06-24T17:16:12.824569Z  INFO mq_bench::roles::subscriber: Subscribed to key expression key=topic_1
2026-06-24T17:16:19.469674Z  INFO mq_bench::roles::subscriber: Starting subscriber engine=Amqp key=topic_1 endpoint=None crash_enabled=false
2026-06-24T17:16:19.469709Z  INFO mq_bench::roles::subscriber: Connected via transport engine=Amqp
2026-06-24T17:16:19.505051Z  INFO mq_bench::roles::subscriber: Subscribed to key expression key=topic_1
2026-06-24T17:16:26.137522Z  INFO mq_bench::roles::subscriber: Starting subscriber engine=Amqp key=topic_1 endpoint=None crash_enabled=false
2026-06-24T17:16:26.137574Z  INFO mq_bench::roles::subscriber: Connected via transport engine=Amqp
2026-06-24T17:16:26.167011Z  INFO mq_bench::roles::subscriber: Subscribed to key expression key=topic_1
2026-06-24T17:16:32.805033Z  INFO mq_bench::roles::subscriber: Starting subscriber engine=Amqp key=topic_1 endpoint=None crash_enabled=false
2026-06-24T17:16:32.805077Z  INFO mq_bench::roles::subscriber: Connected via transport engine=Amqp
2026-06-24T17:16:32.835172Z  INFO mq_bench::roles::subscriber: Subscribed to key expression key=topic_1
2026-06-24T17:16:39.472668Z  INFO mq_bench::roles::subscriber: Starting subscriber engine=Amqp key=topic_1 endpoint=None crash_enabled=false
2026-06-24T17:16:39.472692Z  INFO mq_bench::roles::subscriber: Connected via transport engine=Amqp
2026-06-24T17:16:39.509072Z  INFO mq_bench::roles::subscriber: Subscribed to key expression key=topic_1
2026-06-24T17:16:46.140524Z  INFO mq_bench::roles::subscriber: Starting subscriber engine=Amqp key=topic_1 endpoint=None crash_enabled=false
2026-06-24T17:16:46.140571Z  INFO mq_bench::roles::subscriber: Connected via transport engine=Amqp
2026-06-24T17:16:46.167969Z  INFO mq_bench::roles::subscriber: Subscribed to key expression key=topic_1
2026-06-24T17:16:52.808510Z  INFO mq_bench::roles::subscriber: Starting subscriber engine=Amqp key=topic_1 endpoint=None crash_enabled=false
2026-06-24T17:16:52.808540Z  INFO mq_bench::roles::subscriber: Connected via transport engine=Amqp
2026-06-24T17:16:52.833209Z  INFO mq_bench::roles::subscriber: Subscribed to key expression key=topic_1
2026-06-24T17:16:59.476724Z  INFO mq_bench::roles::subscriber: Starting subscriber engine=Amqp key=topic_1 endpoint=None crash_enabled=false
2026-06-24T17:16:59.476763Z  INFO mq_bench::roles::subscriber: Connected via transport engine=Amqp
2026-06-24T17:16:59.503027Z  INFO mq_bench::roles::subscriber: Subscribed to key expression key=topic_1
2026-06-24T17:17:06.144550Z  INFO mq_bench::roles::subscriber: Starting subscriber engine=Amqp key=topic_1 endpoint=None crash_enabled=false
2026-06-24T17:17:06.144597Z  INFO mq_bench::roles::subscriber: Connected via transport engine=Amqp
2026-06-24T17:17:06.169922Z  INFO mq_bench::roles::subscriber: Subscribed to key expression key=topic_1
