mq-bench starting with run_id: auto
Writing CSV output to: artifacts/fanout_bursty_20260624_171605_amqp_rabbitmq_p64_s1000_u10_bursty/fanout_singlesite/sub_7_9.csv
2026-06-24T17:16:06.375865Z  INFO mq_bench::roles::subscriber: Starting subscriber engine=Amqp key=topic_7 endpoint=None crash_enabled=false
2026-06-24T17:16:06.375910Z  INFO mq_bench::roles::subscriber: Connected via transport engine=Amqp
2026-06-24T17:16:06.398085Z  INFO mq_bench::roles::subscriber: Subscribed to key expression key=topic_7
2026-06-24T17:16:13.043599Z  INFO mq_bench::roles::subscriber: Starting subscriber engine=Amqp key=topic_7 endpoint=None crash_enabled=false
2026-06-24T17:16:13.043645Z  INFO mq_bench::roles::subscriber: Connected via transport engine=Amqp
2026-06-24T17:16:13.058195Z  INFO mq_bench::roles::subscriber: Subscribed to key expression key=topic_7
2026-06-24T17:16:19.711749Z  INFO mq_bench::roles::subscriber: Starting subscriber engine=Amqp key=topic_7 endpoint=None crash_enabled=false
2026-06-24T17:16:19.711793Z  INFO mq_bench::roles::subscriber: Connected via transport engine=Amqp
2026-06-24T17:16:19.727661Z  INFO mq_bench::roles::subscriber: Subscribed to key expression key=topic_7
2026-06-24T17:16:26.379006Z  INFO mq_bench::roles::subscriber: Starting subscriber engine=Amqp key=topic_7 endpoint=None crash_enabled=false
2026-06-24T17:16:26.379028Z  INFO mq_bench::roles::subscriber: Connected via transport engine=Amqp
2026-06-24T17:16:26.393068Z  INFO mq_bench::roles::subscriber: Subscribed to key expression key=topic_7
2026-06-24T17:16:33.046190Z  INFO mq_bench::roles::subscriber: Starting subscriber engine=Amqp key=topic_7 endpoint=None crash_enabled=false
2026-06-24T17:16:33.046213Z  INFO mq_bench::roles::subscriber: Connected via transport engine=Amqp
2026-06-24T17:16:33.061930Z  INFO mq_bench::roles::subscriber: Subscribed to key expression key=topic_7
2026-06-24T17:16:39.714226Z  INFO mq_bench::roles::subscriber: Starting subscriber engine=Amqp key=topic_7 endpoint=None crash_enabled=false
2026-06-24T17:16:39.714264Z  INFO mq_bench::roles::subscriber: Connected via transport engine=Amqp
2026-06-24T17:16:39.728898Z  INFO mq_bench::roles::subscriber: Subscribed to key expression key=topic_7
2026-06-24T17:16:46.382592Z  INFO mq_bench::roles::subscriber: Starting subscriber engine=Amqp key=topic_7 endpoint=None crash_enabled=false
2026-06-24T17:16:46.382629Z  INFO mq_bench::roles::subscriber: Connected via transport engine=Amqp
2026-06-24T17:16:46.397969Z  INFO mq_bench::roles::subscriber: Subscribed to key expression key=topic_7
2026-06-24T17:16:53.050520Z  INFO mq_bench::roles::subscriber: Starting subscriber engine=Amqp key=topic_7 endpoint=None crash_enabled=false
2026-06-24T17:16:53.050537Z  INFO mq_bench::roles::subscriber: Connected via transport engine=Amqp
2026-06-24T17:16:53.067510Z  INFO mq_bench::roles::subscriber: Subscribed to key expression key=topic_7
2026-06-24T17:16:59.718898Z  INFO mq_bench::roles::subscriber: Starting subscriber engine=Amqp key=topic_7 endpoint=None crash_enabled=false
2026-06-24T17:16:59.718939Z  INFO mq_bench::roles::subscriber: Connected via transport engine=Amqp
2026-06-24T17:16:59.732337Z  INFO mq_bench::roles::subscriber: Subscribed to key expression key=topic_7
2026-06-24T17:17:06.386766Z  INFO mq_bench::roles::subscriber: Starting subscriber engine=Amqp key=topic_7 endpoint=None crash_enabled=false
2026-06-24T17:17:06.386807Z  INFO mq_bench::roles::subscriber: Connected via transport engine=Amqp
2026-06-24T17:17:06.400792Z  INFO mq_bench::roles::subscriber: Subscribed to key expression key=topic_7
