mq-bench starting with run_id: auto
Writing CSV output to: artifacts/fanout_bursty_20260624_171605_amqp_rabbitmq_p64_s1000_u10_bursty/fanout_singlesite/sub_9_7.csv
2026-06-24T17:16:06.449040Z  INFO mq_bench::roles::subscriber: Starting subscriber engine=Amqp key=topic_9 endpoint=None crash_enabled=false
2026-06-24T17:16:06.449349Z  INFO mq_bench::roles::subscriber: Connected via transport engine=Amqp
2026-06-24T17:16:06.469562Z  INFO mq_bench::roles::subscriber: Subscribed to key expression key=topic_9
2026-06-24T17:16:13.116229Z  INFO mq_bench::roles::subscriber: Starting subscriber engine=Amqp key=topic_9 endpoint=None crash_enabled=false
2026-06-24T17:16:13.116341Z  INFO mq_bench::roles::subscriber: Connected via transport engine=Amqp
2026-06-24T17:16:13.131661Z  INFO mq_bench::roles::subscriber: Subscribed to key expression key=topic_9
2026-06-24T17:16:19.784693Z  INFO mq_bench::roles::subscriber: Starting subscriber engine=Amqp key=topic_9 endpoint=None crash_enabled=false
2026-06-24T17:16:19.784738Z  INFO mq_bench::roles::subscriber: Connected via transport engine=Amqp
2026-06-24T17:16:19.798680Z  INFO mq_bench::roles::subscriber: Subscribed to key expression key=topic_9
2026-06-24T17:16:26.451920Z  INFO mq_bench::roles::subscriber: Starting subscriber engine=Amqp key=topic_9 endpoint=None crash_enabled=false
2026-06-24T17:16:26.451963Z  INFO mq_bench::roles::subscriber: Connected via transport engine=Amqp
2026-06-24T17:16:26.466302Z  INFO mq_bench::roles::subscriber: Subscribed to key expression key=topic_9
2026-06-24T17:16:33.119563Z  INFO mq_bench::roles::subscriber: Starting subscriber engine=Amqp key=topic_9 endpoint=None crash_enabled=false
2026-06-24T17:16:33.119632Z  INFO mq_bench::roles::subscriber: Connected via transport engine=Amqp
2026-06-24T17:16:33.134662Z  INFO mq_bench::roles::subscriber: Subscribed to key expression key=topic_9
2026-06-24T17:16:39.787652Z  INFO mq_bench::roles::subscriber: Starting subscriber engine=Amqp key=topic_9 endpoint=None crash_enabled=false
2026-06-24T17:16:39.787699Z  INFO mq_bench::roles::subscriber: Connected via transport engine=Amqp
2026-06-24T17:16:39.800843Z  INFO mq_bench::roles::subscriber: Subscribed to key expression key=topic_9
2026-06-24T17:16:46.455781Z  INFO mq_bench::roles::subscriber: Starting subscriber engine=Amqp key=topic_9 endpoint=None crash_enabled=false
2026-06-24T17:16:46.455810Z  INFO mq_bench::roles::subscriber: Connected via transport engine=Amqp
2026-06-24T17:16:46.468254Z  INFO mq_bench::roles::subscriber: Subscribed to key expression key=topic_9
2026-06-24T17:16:53.123680Z  INFO mq_bench::roles::subscriber: Starting subscriber engine=Amqp key=topic_9 endpoint=None crash_enabled=false
2026-06-24T17:16:53.123726Z  INFO mq_bench::roles::subscriber: Connected via transport engine=Amqp
2026-06-24T17:16:53.137604Z  INFO mq_bench::roles::subscriber: Subscribed to key expression key=topic_9
2026-06-24T17:16:59.791499Z  INFO mq_bench::roles::subscriber: Starting subscriber engine=Amqp key=topic_9 endpoint=None crash_enabled=false
2026-06-24T17:16:59.791544Z  INFO mq_bench::roles::subscriber: Connected via transport engine=Amqp
2026-06-24T17:16:59.804608Z  INFO mq_bench::roles::subscriber: Subscribed to key expression key=topic_9
2026-06-24T17:17:06.458837Z  INFO mq_bench::roles::subscriber: Starting subscriber engine=Amqp key=topic_9 endpoint=None crash_enabled=false
2026-06-24T17:17:06.458880Z  INFO mq_bench::roles::subscriber: Connected via transport engine=Amqp
2026-06-24T17:17:06.473940Z  INFO mq_bench::roles::subscriber: Subscribed to key expression key=topic_9
