mq-bench starting with run_id: auto
Writing CSV output to: artifacts/fanout_bursty_20260624_171605_amqp_rabbitmq_p64_s1000_u10_bursty/fanout_singlesite/sub_6_8.csv
2026-06-24T17:16:06.332526Z  INFO mq_bench::roles::subscriber: Starting subscriber engine=Amqp key=topic_6 endpoint=None crash_enabled=false
2026-06-24T17:16:06.332569Z  INFO mq_bench::roles::subscriber: Connected via transport engine=Amqp
2026-06-24T17:16:06.352863Z  INFO mq_bench::roles::subscriber: Subscribed to key expression key=topic_6
2026-06-24T17:16:13.000336Z  INFO mq_bench::roles::subscriber: Starting subscriber engine=Amqp key=topic_6 endpoint=None crash_enabled=false
2026-06-24T17:16:13.000389Z  INFO mq_bench::roles::subscriber: Connected via transport engine=Amqp
2026-06-24T17:16:13.015175Z  INFO mq_bench::roles::subscriber: Subscribed to key expression key=topic_6
2026-06-24T17:16:19.669091Z  INFO mq_bench::roles::subscriber: Starting subscriber engine=Amqp key=topic_6 endpoint=None crash_enabled=false
2026-06-24T17:16:19.669117Z  INFO mq_bench::roles::subscriber: Connected via transport engine=Amqp
2026-06-24T17:16:19.684047Z  INFO mq_bench::roles::subscriber: Subscribed to key expression key=topic_6
2026-06-24T17:16:26.337013Z  INFO mq_bench::roles::subscriber: Starting subscriber engine=Amqp key=topic_6 endpoint=None crash_enabled=false
2026-06-24T17:16:26.337084Z  INFO mq_bench::roles::subscriber: Connected via transport engine=Amqp
2026-06-24T17:16:26.351191Z  INFO mq_bench::roles::subscriber: Subscribed to key expression key=topic_6
2026-06-24T17:16:33.004449Z  INFO mq_bench::roles::subscriber: Starting subscriber engine=Amqp key=topic_6 endpoint=None crash_enabled=false
2026-06-24T17:16:33.004493Z  INFO mq_bench::roles::subscriber: Connected via transport engine=Amqp
2026-06-24T17:16:33.019168Z  INFO mq_bench::roles::subscriber: Subscribed to key expression key=topic_6
2026-06-24T17:16:39.672345Z  INFO mq_bench::roles::subscriber: Starting subscriber engine=Amqp key=topic_6 endpoint=None crash_enabled=false
2026-06-24T17:16:39.672372Z  INFO mq_bench::roles::subscriber: Connected via transport engine=Amqp
2026-06-24T17:16:39.686776Z  INFO mq_bench::roles::subscriber: Subscribed to key expression key=topic_6
2026-06-24T17:16:46.340241Z  INFO mq_bench::roles::subscriber: Starting subscriber engine=Amqp key=topic_6 endpoint=None crash_enabled=false
2026-06-24T17:16:46.340291Z  INFO mq_bench::roles::subscriber: Connected via transport engine=Amqp
2026-06-24T17:16:46.355556Z  INFO mq_bench::roles::subscriber: Subscribed to key expression key=topic_6
2026-06-24T17:16:53.008042Z  INFO mq_bench::roles::subscriber: Starting subscriber engine=Amqp key=topic_6 endpoint=None crash_enabled=false
2026-06-24T17:16:53.008068Z  INFO mq_bench::roles::subscriber: Connected via transport engine=Amqp
2026-06-24T17:16:53.026308Z  INFO mq_bench::roles::subscriber: Subscribed to key expression key=topic_6
2026-06-24T17:16:59.675588Z  INFO mq_bench::roles::subscriber: Starting subscriber engine=Amqp key=topic_6 endpoint=None crash_enabled=false
2026-06-24T17:16:59.675639Z  INFO mq_bench::roles::subscriber: Connected via transport engine=Amqp
2026-06-24T17:16:59.689817Z  INFO mq_bench::roles::subscriber: Subscribed to key expression key=topic_6
2026-06-24T17:17:06.343762Z  INFO mq_bench::roles::subscriber: Starting subscriber engine=Amqp key=topic_6 endpoint=None crash_enabled=false
2026-06-24T17:17:06.343808Z  INFO mq_bench::roles::subscriber: Connected via transport engine=Amqp
2026-06-24T17:17:06.357732Z  INFO mq_bench::roles::subscriber: Subscribed to key expression key=topic_6
