mq-bench starting with run_id: auto
Writing CSV output to: artifacts/fanout_bursty_20260624_171605_amqp_rabbitmq_p64_s1000_u10_bursty/fanout_singlesite/sub_3_3.csv
2026-06-24T17:16:06.191572Z  INFO mq_bench::roles::subscriber: Starting subscriber engine=Amqp key=topic_3 endpoint=None crash_enabled=false
2026-06-24T17:16:06.191611Z  INFO mq_bench::roles::subscriber: Connected via transport engine=Amqp
2026-06-24T17:16:06.219900Z  INFO mq_bench::roles::subscriber: Subscribed to key expression key=topic_3
2026-06-24T17:16:12.858771Z  INFO mq_bench::roles::subscriber: Starting subscriber engine=Amqp key=topic_3 endpoint=None crash_enabled=false
2026-06-24T17:16:12.858877Z  INFO mq_bench::roles::subscriber: Connected via transport engine=Amqp
2026-06-24T17:16:12.877849Z  INFO mq_bench::roles::subscriber: Subscribed to key expression key=topic_3
2026-06-24T17:16:19.526898Z  INFO mq_bench::roles::subscriber: Starting subscriber engine=Amqp key=topic_3 endpoint=None crash_enabled=false
2026-06-24T17:16:19.526940Z  INFO mq_bench::roles::subscriber: Connected via transport engine=Amqp
2026-06-24T17:16:19.548797Z  INFO mq_bench::roles::subscriber: Subscribed to key expression key=topic_3
2026-06-24T17:16:26.195103Z  INFO mq_bench::roles::subscriber: Starting subscriber engine=Amqp key=topic_3 endpoint=None crash_enabled=false
2026-06-24T17:16:26.195169Z  INFO mq_bench::roles::subscriber: Connected via transport engine=Amqp
2026-06-24T17:16:26.216215Z  INFO mq_bench::roles::subscriber: Subscribed to key expression key=topic_3
2026-06-24T17:16:32.863381Z  INFO mq_bench::roles::subscriber: Starting subscriber engine=Amqp key=topic_3 endpoint=None crash_enabled=false
2026-06-24T17:16:32.863443Z  INFO mq_bench::roles::subscriber: Connected via transport engine=Amqp
2026-06-24T17:16:32.884542Z  INFO mq_bench::roles::subscriber: Subscribed to key expression key=topic_3
2026-06-24T17:16:39.530950Z  INFO mq_bench::roles::subscriber: Starting subscriber engine=Amqp key=topic_3 endpoint=None crash_enabled=false
2026-06-24T17:16:39.530992Z  INFO mq_bench::roles::subscriber: Connected via transport engine=Amqp
2026-06-24T17:16:39.549349Z  INFO mq_bench::roles::subscriber: Subscribed to key expression key=topic_3
2026-06-24T17:16:46.199152Z  INFO mq_bench::roles::subscriber: Starting subscriber engine=Amqp key=topic_3 endpoint=None crash_enabled=false
2026-06-24T17:16:46.199228Z  INFO mq_bench::roles::subscriber: Connected via transport engine=Amqp
2026-06-24T17:16:46.218734Z  INFO mq_bench::roles::subscriber: Subscribed to key expression key=topic_3
2026-06-24T17:16:52.867451Z  INFO mq_bench::roles::subscriber: Starting subscriber engine=Amqp key=topic_3 endpoint=None crash_enabled=false
2026-06-24T17:16:52.867500Z  INFO mq_bench::roles::subscriber: Connected via transport engine=Amqp
2026-06-24T17:16:52.887616Z  INFO mq_bench::roles::subscriber: Subscribed to key expression key=topic_3
2026-06-24T17:16:59.535370Z  INFO mq_bench::roles::subscriber: Starting subscriber engine=Amqp key=topic_3 endpoint=None crash_enabled=false
2026-06-24T17:16:59.535433Z  INFO mq_bench::roles::subscriber: Connected via transport engine=Amqp
2026-06-24T17:16:59.555599Z  INFO mq_bench::roles::subscriber: Subscribed to key expression key=topic_3
2026-06-24T17:17:06.202532Z  INFO mq_bench::roles::subscriber: Starting subscriber engine=Amqp key=topic_3 endpoint=None crash_enabled=false
2026-06-24T17:17:06.202576Z  INFO mq_bench::roles::subscriber: Connected via transport engine=Amqp
2026-06-24T17:17:06.220697Z  INFO mq_bench::roles::subscriber: Subscribed to key expression key=topic_3
