mq-bench starting with run_id: auto
Writing CSV output to: artifacts/fanout_bursty_20260624_171605_amqp_rabbitmq_p64_s1000_u10_bursty/fanout_singlesite/sub_8_7.csv
2026-06-24T17:16:06.408715Z  INFO mq_bench::roles::subscriber: Starting subscriber engine=Amqp key=topic_8 endpoint=None crash_enabled=false
2026-06-24T17:16:06.408764Z  INFO mq_bench::roles::subscriber: Connected via transport engine=Amqp
2026-06-24T17:16:06.426604Z  INFO mq_bench::roles::subscriber: Subscribed to key expression key=topic_8
2026-06-24T17:16:13.076582Z  INFO mq_bench::roles::subscriber: Starting subscriber engine=Amqp key=topic_8 endpoint=None crash_enabled=false
2026-06-24T17:16:13.076700Z  INFO mq_bench::roles::subscriber: Connected via transport engine=Amqp
2026-06-24T17:16:13.090411Z  INFO mq_bench::roles::subscriber: Subscribed to key expression key=topic_8
2026-06-24T17:16:19.744585Z  INFO mq_bench::roles::subscriber: Starting subscriber engine=Amqp key=topic_8 endpoint=None crash_enabled=false
2026-06-24T17:16:19.744627Z  INFO mq_bench::roles::subscriber: Connected via transport engine=Amqp
2026-06-24T17:16:19.759289Z  INFO mq_bench::roles::subscriber: Subscribed to key expression key=topic_8
2026-06-24T17:16:26.412046Z  INFO mq_bench::roles::subscriber: Starting subscriber engine=Amqp key=topic_8 endpoint=None crash_enabled=false
2026-06-24T17:16:26.412102Z  INFO mq_bench::roles::subscriber: Connected via transport engine=Amqp
2026-06-24T17:16:26.427791Z  INFO mq_bench::roles::subscriber: Subscribed to key expression key=topic_8
2026-06-24T17:16:33.079746Z  INFO mq_bench::roles::subscriber: Starting subscriber engine=Amqp key=topic_8 endpoint=None crash_enabled=false
2026-06-24T17:16:33.079796Z  INFO mq_bench::roles::subscriber: Connected via transport engine=Amqp
2026-06-24T17:16:33.092602Z  INFO mq_bench::roles::subscriber: Subscribed to key expression key=topic_8
2026-06-24T17:16:39.746958Z  INFO mq_bench::roles::subscriber: Starting subscriber engine=Amqp key=topic_8 endpoint=None crash_enabled=false
2026-06-24T17:16:39.747004Z  INFO mq_bench::roles::subscriber: Connected via transport engine=Amqp
2026-06-24T17:16:39.760785Z  INFO mq_bench::roles::subscriber: Subscribed to key expression key=topic_8
2026-06-24T17:16:46.415595Z  INFO mq_bench::roles::subscriber: Starting subscriber engine=Amqp key=topic_8 endpoint=None crash_enabled=false
2026-06-24T17:16:46.415639Z  INFO mq_bench::roles::subscriber: Connected via transport engine=Amqp
2026-06-24T17:16:46.430839Z  INFO mq_bench::roles::subscriber: Subscribed to key expression key=topic_8
2026-06-24T17:16:53.083286Z  INFO mq_bench::roles::subscriber: Starting subscriber engine=Amqp key=topic_8 endpoint=None crash_enabled=false
2026-06-24T17:16:53.083341Z  INFO mq_bench::roles::subscriber: Connected via transport engine=Amqp
2026-06-24T17:16:53.100364Z  INFO mq_bench::roles::subscriber: Subscribed to key expression key=topic_8
2026-06-24T17:16:59.751227Z  INFO mq_bench::roles::subscriber: Starting subscriber engine=Amqp key=topic_8 endpoint=None crash_enabled=false
2026-06-24T17:16:59.751280Z  INFO mq_bench::roles::subscriber: Connected via transport engine=Amqp
2026-06-24T17:16:59.766812Z  INFO mq_bench::roles::subscriber: Subscribed to key expression key=topic_8
2026-06-24T17:17:06.419534Z  INFO mq_bench::roles::subscriber: Starting subscriber engine=Amqp key=topic_8 endpoint=None crash_enabled=false
2026-06-24T17:17:06.419581Z  INFO mq_bench::roles::subscriber: Connected via transport engine=Amqp
2026-06-24T17:17:06.445018Z  INFO mq_bench::roles::subscriber: Subscribed to key expression key=topic_8
