mq-bench starting with run_id: auto
Writing CSV output to: artifacts/fanout_bursty_20260624_171605_amqp_rabbitmq_p64_s1000_u10_bursty/fanout_singlesite/sub_1_5.csv
2026-06-24T17:16:06.119927Z  INFO mq_bench::roles::subscriber: Starting subscriber engine=Amqp key=topic_1 endpoint=None crash_enabled=false
2026-06-24T17:16:06.119975Z  INFO mq_bench::roles::subscriber: Connected via transport engine=Amqp
2026-06-24T17:16:06.183957Z  INFO mq_bench::roles::subscriber: Subscribed to key expression key=topic_1
2026-06-24T17:16:12.787323Z  INFO mq_bench::roles::subscriber: Starting subscriber engine=Amqp key=topic_1 endpoint=None crash_enabled=false
2026-06-24T17:16:12.787385Z  INFO mq_bench::roles::subscriber: Connected via transport engine=Amqp
2026-06-24T17:16:12.810733Z  INFO mq_bench::roles::subscriber: Subscribed to key expression key=topic_1
2026-06-24T17:16:19.455378Z  INFO mq_bench::roles::subscriber: Starting subscriber engine=Amqp key=topic_1 endpoint=None crash_enabled=false
2026-06-24T17:16:19.455428Z  INFO mq_bench::roles::subscriber: Connected via transport engine=Amqp
2026-06-24T17:16:19.485258Z  INFO mq_bench::roles::subscriber: Subscribed to key expression key=topic_1
2026-06-24T17:16:26.123705Z  INFO mq_bench::roles::subscriber: Starting subscriber engine=Amqp key=topic_1 endpoint=None crash_enabled=false
2026-06-24T17:16:26.123725Z  INFO mq_bench::roles::subscriber: Connected via transport engine=Amqp
2026-06-24T17:16:26.151695Z  INFO mq_bench::roles::subscriber: Subscribed to key expression key=topic_1
2026-06-24T17:16:32.791700Z  INFO mq_bench::roles::subscriber: Starting subscriber engine=Amqp key=topic_1 endpoint=None crash_enabled=false
2026-06-24T17:16:32.791722Z  INFO mq_bench::roles::subscriber: Connected via transport engine=Amqp
2026-06-24T17:16:32.821088Z  INFO mq_bench::roles::subscriber: Subscribed to key expression key=topic_1
2026-06-24T17:16:39.459264Z  INFO mq_bench::roles::subscriber: Starting subscriber engine=Amqp key=topic_1 endpoint=None crash_enabled=false
2026-06-24T17:16:39.459310Z  INFO mq_bench::roles::subscriber: Connected via transport engine=Amqp
2026-06-24T17:16:39.488620Z  INFO mq_bench::roles::subscriber: Subscribed to key expression key=topic_1
2026-06-24T17:16:46.127361Z  INFO mq_bench::roles::subscriber: Starting subscriber engine=Amqp key=topic_1 endpoint=None crash_enabled=false
2026-06-24T17:16:46.127427Z  INFO mq_bench::roles::subscriber: Connected via transport engine=Amqp
2026-06-24T17:16:46.162123Z  INFO mq_bench::roles::subscriber: Subscribed to key expression key=topic_1
2026-06-24T17:16:52.795608Z  INFO mq_bench::roles::subscriber: Starting subscriber engine=Amqp key=topic_1 endpoint=None crash_enabled=false
2026-06-24T17:16:52.795669Z  INFO mq_bench::roles::subscriber: Connected via transport engine=Amqp
2026-06-24T17:16:52.826473Z  INFO mq_bench::roles::subscriber: Subscribed to key expression key=topic_1
2026-06-24T17:16:59.463146Z  INFO mq_bench::roles::subscriber: Starting subscriber engine=Amqp key=topic_1 endpoint=None crash_enabled=false
2026-06-24T17:16:59.463284Z  INFO mq_bench::roles::subscriber: Connected via transport engine=Amqp
2026-06-24T17:16:59.493898Z  INFO mq_bench::roles::subscriber: Subscribed to key expression key=topic_1
2026-06-24T17:17:06.130845Z  INFO mq_bench::roles::subscriber: Starting subscriber engine=Amqp key=topic_1 endpoint=None crash_enabled=false
2026-06-24T17:17:06.130898Z  INFO mq_bench::roles::subscriber: Connected via transport engine=Amqp
2026-06-24T17:17:06.159467Z  INFO mq_bench::roles::subscriber: Subscribed to key expression key=topic_1
