mq-bench starting with run_id: auto
Writing CSV output to: artifacts/fanout_bursty_20260624_171605_amqp_rabbitmq_p64_s1000_u10_bursty/fanout_singlesite/sub_7_8.csv
2026-06-24T17:16:06.372291Z  INFO mq_bench::roles::subscriber: Starting subscriber engine=Amqp key=topic_7 endpoint=None crash_enabled=false
2026-06-24T17:16:06.372339Z  INFO mq_bench::roles::subscriber: Connected via transport engine=Amqp
2026-06-24T17:16:06.396635Z  INFO mq_bench::roles::subscriber: Subscribed to key expression key=topic_7
2026-06-24T17:16:13.039546Z  INFO mq_bench::roles::subscriber: Starting subscriber engine=Amqp key=topic_7 endpoint=None crash_enabled=false
2026-06-24T17:16:13.039657Z  INFO mq_bench::roles::subscriber: Connected via transport engine=Amqp
2026-06-24T17:16:13.053526Z  INFO mq_bench::roles::subscriber: Subscribed to key expression key=topic_7
2026-06-24T17:16:19.707622Z  INFO mq_bench::roles::subscriber: Starting subscriber engine=Amqp key=topic_7 endpoint=None crash_enabled=false
2026-06-24T17:16:19.707669Z  INFO mq_bench::roles::subscriber: Connected via transport engine=Amqp
2026-06-24T17:16:19.723994Z  INFO mq_bench::roles::subscriber: Subscribed to key expression key=topic_7
2026-06-24T17:16:26.375984Z  INFO mq_bench::roles::subscriber: Starting subscriber engine=Amqp key=topic_7 endpoint=None crash_enabled=false
2026-06-24T17:16:26.376026Z  INFO mq_bench::roles::subscriber: Connected via transport engine=Amqp
2026-06-24T17:16:26.390892Z  INFO mq_bench::roles::subscriber: Subscribed to key expression key=topic_7
2026-06-24T17:16:33.044046Z  INFO mq_bench::roles::subscriber: Starting subscriber engine=Amqp key=topic_7 endpoint=None crash_enabled=false
2026-06-24T17:16:33.044092Z  INFO mq_bench::roles::subscriber: Connected via transport engine=Amqp
2026-06-24T17:16:33.058419Z  INFO mq_bench::roles::subscriber: Subscribed to key expression key=topic_7
2026-06-24T17:16:39.711805Z  INFO mq_bench::roles::subscriber: Starting subscriber engine=Amqp key=topic_7 endpoint=None crash_enabled=false
2026-06-24T17:16:39.711871Z  INFO mq_bench::roles::subscriber: Connected via transport engine=Amqp
2026-06-24T17:16:39.727412Z  INFO mq_bench::roles::subscriber: Subscribed to key expression key=topic_7
2026-06-24T17:16:46.379354Z  INFO mq_bench::roles::subscriber: Starting subscriber engine=Amqp key=topic_7 endpoint=None crash_enabled=false
2026-06-24T17:16:46.379396Z  INFO mq_bench::roles::subscriber: Connected via transport engine=Amqp
2026-06-24T17:16:46.394577Z  INFO mq_bench::roles::subscriber: Subscribed to key expression key=topic_7
2026-06-24T17:16:53.047051Z  INFO mq_bench::roles::subscriber: Starting subscriber engine=Amqp key=topic_7 endpoint=None crash_enabled=false
2026-06-24T17:16:53.047103Z  INFO mq_bench::roles::subscriber: Connected via transport engine=Amqp
2026-06-24T17:16:53.061701Z  INFO mq_bench::roles::subscriber: Subscribed to key expression key=topic_7
2026-06-24T17:16:59.714614Z  INFO mq_bench::roles::subscriber: Starting subscriber engine=Amqp key=topic_7 endpoint=None crash_enabled=false
2026-06-24T17:16:59.714662Z  INFO mq_bench::roles::subscriber: Connected via transport engine=Amqp
2026-06-24T17:16:59.728674Z  INFO mq_bench::roles::subscriber: Subscribed to key expression key=topic_7
2026-06-24T17:17:06.382895Z  INFO mq_bench::roles::subscriber: Starting subscriber engine=Amqp key=topic_7 endpoint=None crash_enabled=false
2026-06-24T17:17:06.382941Z  INFO mq_bench::roles::subscriber: Connected via transport engine=Amqp
2026-06-24T17:17:06.397539Z  INFO mq_bench::roles::subscriber: Subscribed to key expression key=topic_7
