mq-bench starting with run_id: auto
Writing CSV output to: artifacts/fanout_bursty_20260624_171605_amqp_rabbitmq_p64_s1000_u10_bursty/fanout_singlesite/sub_0_2.csv
2026-06-24T17:16:06.070302Z  INFO mq_bench::roles::subscriber: Starting subscriber engine=Amqp key=topic_0 endpoint=None crash_enabled=false
2026-06-24T17:16:06.070349Z  INFO mq_bench::roles::subscriber: Connected via transport engine=Amqp
2026-06-24T17:16:06.161881Z  INFO mq_bench::roles::subscriber: Subscribed to key expression key=topic_0
2026-06-24T17:16:12.737997Z  INFO mq_bench::roles::subscriber: Starting subscriber engine=Amqp key=topic_0 endpoint=None crash_enabled=false
2026-06-24T17:16:12.738103Z  INFO mq_bench::roles::subscriber: Connected via transport engine=Amqp
2026-06-24T17:16:12.769075Z  INFO mq_bench::roles::subscriber: Subscribed to key expression key=topic_0
2026-06-24T17:16:19.405058Z  INFO mq_bench::roles::subscriber: Starting subscriber engine=Amqp key=topic_0 endpoint=None crash_enabled=false
2026-06-24T17:16:19.405096Z  INFO mq_bench::roles::subscriber: Connected via transport engine=Amqp
2026-06-24T17:16:19.428440Z  INFO mq_bench::roles::subscriber: Subscribed to key expression key=topic_0
2026-06-24T17:16:26.073692Z  INFO mq_bench::roles::subscriber: Starting subscriber engine=Amqp key=topic_0 endpoint=None crash_enabled=false
2026-06-24T17:16:26.073736Z  INFO mq_bench::roles::subscriber: Connected via transport engine=Amqp
2026-06-24T17:16:26.105646Z  INFO mq_bench::roles::subscriber: Subscribed to key expression key=topic_0
2026-06-24T17:16:32.740919Z  INFO mq_bench::roles::subscriber: Starting subscriber engine=Amqp key=topic_0 endpoint=None crash_enabled=false
2026-06-24T17:16:32.740958Z  INFO mq_bench::roles::subscriber: Connected via transport engine=Amqp
2026-06-24T17:16:32.766524Z  INFO mq_bench::roles::subscriber: Subscribed to key expression key=topic_0
2026-06-24T17:16:39.407964Z  INFO mq_bench::roles::subscriber: Starting subscriber engine=Amqp key=topic_0 endpoint=None crash_enabled=false
2026-06-24T17:16:39.408041Z  INFO mq_bench::roles::subscriber: Connected via transport engine=Amqp
2026-06-24T17:16:39.438432Z  INFO mq_bench::roles::subscriber: Subscribed to key expression key=topic_0
2026-06-24T17:16:46.075195Z  INFO mq_bench::roles::subscriber: Starting subscriber engine=Amqp key=topic_0 endpoint=None crash_enabled=false
2026-06-24T17:16:46.075257Z  INFO mq_bench::roles::subscriber: Connected via transport engine=Amqp
2026-06-24T17:16:46.100893Z  INFO mq_bench::roles::subscriber: Subscribed to key expression key=topic_0
2026-06-24T17:16:52.743452Z  INFO mq_bench::roles::subscriber: Starting subscriber engine=Amqp key=topic_0 endpoint=None crash_enabled=false
2026-06-24T17:16:52.743477Z  INFO mq_bench::roles::subscriber: Connected via transport engine=Amqp
2026-06-24T17:16:52.773868Z  INFO mq_bench::roles::subscriber: Subscribed to key expression key=topic_0
2026-06-24T17:16:59.411154Z  INFO mq_bench::roles::subscriber: Starting subscriber engine=Amqp key=topic_0 endpoint=None crash_enabled=false
2026-06-24T17:16:59.411230Z  INFO mq_bench::roles::subscriber: Connected via transport engine=Amqp
2026-06-24T17:16:59.437894Z  INFO mq_bench::roles::subscriber: Subscribed to key expression key=topic_0
2026-06-24T17:17:06.079030Z  INFO mq_bench::roles::subscriber: Starting subscriber engine=Amqp key=topic_0 endpoint=None crash_enabled=false
2026-06-24T17:17:06.079053Z  INFO mq_bench::roles::subscriber: Connected via transport engine=Amqp
2026-06-24T17:17:06.106671Z  INFO mq_bench::roles::subscriber: Subscribed to key expression key=topic_0
