mq-bench starting with run_id: auto
Writing CSV output to: artifacts/fanout_bursty_20260624_171605_amqp_rabbitmq_p64_s1000_u10_bursty/fanout_singlesite/sub_9_8.csv
2026-06-24T17:16:06.453370Z  INFO mq_bench::roles::subscriber: Starting subscriber engine=Amqp key=topic_9 endpoint=None crash_enabled=false
2026-06-24T17:16:06.453416Z  INFO mq_bench::roles::subscriber: Connected via transport engine=Amqp
2026-06-24T17:16:06.470992Z  INFO mq_bench::roles::subscriber: Subscribed to key expression key=topic_9
2026-06-24T17:16:13.120535Z  INFO mq_bench::roles::subscriber: Starting subscriber engine=Amqp key=topic_9 endpoint=None crash_enabled=false
2026-06-24T17:16:13.120636Z  INFO mq_bench::roles::subscriber: Connected via transport engine=Amqp
2026-06-24T17:16:13.135005Z  INFO mq_bench::roles::subscriber: Subscribed to key expression key=topic_9
2026-06-24T17:16:19.789041Z  INFO mq_bench::roles::subscriber: Starting subscriber engine=Amqp key=topic_9 endpoint=None crash_enabled=false
2026-06-24T17:16:19.789081Z  INFO mq_bench::roles::subscriber: Connected via transport engine=Amqp
2026-06-24T17:16:19.804314Z  INFO mq_bench::roles::subscriber: Subscribed to key expression key=topic_9
2026-06-24T17:16:26.456616Z  INFO mq_bench::roles::subscriber: Starting subscriber engine=Amqp key=topic_9 endpoint=None crash_enabled=false
2026-06-24T17:16:26.456634Z  INFO mq_bench::roles::subscriber: Connected via transport engine=Amqp
2026-06-24T17:16:26.470617Z  INFO mq_bench::roles::subscriber: Subscribed to key expression key=topic_9
2026-06-24T17:16:33.124845Z  INFO mq_bench::roles::subscriber: Starting subscriber engine=Amqp key=topic_9 endpoint=None crash_enabled=false
2026-06-24T17:16:33.124907Z  INFO mq_bench::roles::subscriber: Connected via transport engine=Amqp
2026-06-24T17:16:33.140079Z  INFO mq_bench::roles::subscriber: Subscribed to key expression key=topic_9
2026-06-24T17:16:39.792463Z  INFO mq_bench::roles::subscriber: Starting subscriber engine=Amqp key=topic_9 endpoint=None crash_enabled=false
2026-06-24T17:16:39.792513Z  INFO mq_bench::roles::subscriber: Connected via transport engine=Amqp
2026-06-24T17:16:39.804873Z  INFO mq_bench::roles::subscriber: Subscribed to key expression key=topic_9
2026-06-24T17:16:46.460162Z  INFO mq_bench::roles::subscriber: Starting subscriber engine=Amqp key=topic_9 endpoint=None crash_enabled=false
2026-06-24T17:16:46.460236Z  INFO mq_bench::roles::subscriber: Connected via transport engine=Amqp
2026-06-24T17:16:46.473634Z  INFO mq_bench::roles::subscriber: Subscribed to key expression key=topic_9
2026-06-24T17:16:53.127274Z  INFO mq_bench::roles::subscriber: Starting subscriber engine=Amqp key=topic_9 endpoint=None crash_enabled=false
2026-06-24T17:16:53.127323Z  INFO mq_bench::roles::subscriber: Connected via transport engine=Amqp
2026-06-24T17:16:53.140666Z  INFO mq_bench::roles::subscriber: Subscribed to key expression key=topic_9
2026-06-24T17:16:59.794324Z  INFO mq_bench::roles::subscriber: Starting subscriber engine=Amqp key=topic_9 endpoint=None crash_enabled=false
2026-06-24T17:16:59.794367Z  INFO mq_bench::roles::subscriber: Connected via transport engine=Amqp
2026-06-24T17:16:59.807662Z  INFO mq_bench::roles::subscriber: Subscribed to key expression key=topic_9
2026-06-24T17:17:06.462055Z  INFO mq_bench::roles::subscriber: Starting subscriber engine=Amqp key=topic_9 endpoint=None crash_enabled=false
2026-06-24T17:17:06.462092Z  INFO mq_bench::roles::subscriber: Connected via transport engine=Amqp
2026-06-24T17:17:06.475756Z  INFO mq_bench::roles::subscriber: Subscribed to key expression key=topic_9
