mq-bench starting with run_id: auto
Writing CSV output to: artifacts/fanout_bursty_20260624_171605_amqp_rabbitmq_p64_s1000_u10_bursty/fanout_singlesite/sub_3_9.csv
2026-06-24T17:16:06.214988Z  INFO mq_bench::roles::subscriber: Starting subscriber engine=Amqp key=topic_3 endpoint=None crash_enabled=false
2026-06-24T17:16:06.215037Z  INFO mq_bench::roles::subscriber: Connected via transport engine=Amqp
2026-06-24T17:16:06.241395Z  INFO mq_bench::roles::subscriber: Subscribed to key expression key=topic_3
2026-06-24T17:16:12.883181Z  INFO mq_bench::roles::subscriber: Starting subscriber engine=Amqp key=topic_3 endpoint=None crash_enabled=false
2026-06-24T17:16:12.883248Z  INFO mq_bench::roles::subscriber: Connected via transport engine=Amqp
2026-06-24T17:16:12.899978Z  INFO mq_bench::roles::subscriber: Subscribed to key expression key=topic_3
2026-06-24T17:16:19.551041Z  INFO mq_bench::roles::subscriber: Starting subscriber engine=Amqp key=topic_3 endpoint=None crash_enabled=false
2026-06-24T17:16:19.551084Z  INFO mq_bench::roles::subscriber: Connected via transport engine=Amqp
2026-06-24T17:16:19.569937Z  INFO mq_bench::roles::subscriber: Subscribed to key expression key=topic_3
2026-06-24T17:16:26.219435Z  INFO mq_bench::roles::subscriber: Starting subscriber engine=Amqp key=topic_3 endpoint=None crash_enabled=false
2026-06-24T17:16:26.219505Z  INFO mq_bench::roles::subscriber: Connected via transport engine=Amqp
2026-06-24T17:16:26.237308Z  INFO mq_bench::roles::subscriber: Subscribed to key expression key=topic_3
2026-06-24T17:16:32.887356Z  INFO mq_bench::roles::subscriber: Starting subscriber engine=Amqp key=topic_3 endpoint=None crash_enabled=false
2026-06-24T17:16:32.887383Z  INFO mq_bench::roles::subscriber: Connected via transport engine=Amqp
2026-06-24T17:16:32.906622Z  INFO mq_bench::roles::subscriber: Subscribed to key expression key=topic_3
2026-06-24T17:16:39.555058Z  INFO mq_bench::roles::subscriber: Starting subscriber engine=Amqp key=topic_3 endpoint=None crash_enabled=false
2026-06-24T17:16:39.555101Z  INFO mq_bench::roles::subscriber: Connected via transport engine=Amqp
2026-06-24T17:16:39.573022Z  INFO mq_bench::roles::subscriber: Subscribed to key expression key=topic_3
2026-06-24T17:16:46.222716Z  INFO mq_bench::roles::subscriber: Starting subscriber engine=Amqp key=topic_3 endpoint=None crash_enabled=false
2026-06-24T17:16:46.222764Z  INFO mq_bench::roles::subscriber: Connected via transport engine=Amqp
2026-06-24T17:16:46.241804Z  INFO mq_bench::roles::subscriber: Subscribed to key expression key=topic_3
2026-06-24T17:16:52.889587Z  INFO mq_bench::roles::subscriber: Starting subscriber engine=Amqp key=topic_3 endpoint=None crash_enabled=false
2026-06-24T17:16:52.889634Z  INFO mq_bench::roles::subscriber: Connected via transport engine=Amqp
2026-06-24T17:16:52.907751Z  INFO mq_bench::roles::subscriber: Subscribed to key expression key=topic_3
2026-06-24T17:16:59.557005Z  INFO mq_bench::roles::subscriber: Starting subscriber engine=Amqp key=topic_3 endpoint=None crash_enabled=false
2026-06-24T17:16:59.557055Z  INFO mq_bench::roles::subscriber: Connected via transport engine=Amqp
2026-06-24T17:16:59.574541Z  INFO mq_bench::roles::subscriber: Subscribed to key expression key=topic_3
2026-06-24T17:17:06.225045Z  INFO mq_bench::roles::subscriber: Starting subscriber engine=Amqp key=topic_3 endpoint=None crash_enabled=false
2026-06-24T17:17:06.225095Z  INFO mq_bench::roles::subscriber: Connected via transport engine=Amqp
2026-06-24T17:17:06.242823Z  INFO mq_bench::roles::subscriber: Subscribed to key expression key=topic_3
