mq-bench starting with run_id: auto
Writing CSV output to: artifacts/fanout_bursty_20260624_171605_amqp_rabbitmq_p64_s1000_u10_bursty/fanout_singlesite/sub_2_4.csv
2026-06-24T17:16:06.155478Z  INFO mq_bench::roles::subscriber: Starting subscriber engine=Amqp key=topic_2 endpoint=None crash_enabled=false
2026-06-24T17:16:06.155525Z  INFO mq_bench::roles::subscriber: Connected via transport engine=Amqp
2026-06-24T17:16:06.196602Z  INFO mq_bench::roles::subscriber: Subscribed to key expression key=topic_2
2026-06-24T17:16:12.823194Z  INFO mq_bench::roles::subscriber: Starting subscriber engine=Amqp key=topic_2 endpoint=None crash_enabled=false
2026-06-24T17:16:12.823324Z  INFO mq_bench::roles::subscriber: Connected via transport engine=Amqp
2026-06-24T17:16:12.843057Z  INFO mq_bench::roles::subscriber: Subscribed to key expression key=topic_2
2026-06-24T17:16:19.490533Z  INFO mq_bench::roles::subscriber: Starting subscriber engine=Amqp key=topic_2 endpoint=None crash_enabled=false
2026-06-24T17:16:19.490579Z  INFO mq_bench::roles::subscriber: Connected via transport engine=Amqp
2026-06-24T17:16:19.516475Z  INFO mq_bench::roles::subscriber: Subscribed to key expression key=topic_2
2026-06-24T17:16:26.158863Z  INFO mq_bench::roles::subscriber: Starting subscriber engine=Amqp key=topic_2 endpoint=None crash_enabled=false
2026-06-24T17:16:26.158934Z  INFO mq_bench::roles::subscriber: Connected via transport engine=Amqp
2026-06-24T17:16:26.186826Z  INFO mq_bench::roles::subscriber: Subscribed to key expression key=topic_2
2026-06-24T17:16:32.826949Z  INFO mq_bench::roles::subscriber: Starting subscriber engine=Amqp key=topic_2 endpoint=None crash_enabled=false
2026-06-24T17:16:32.826990Z  INFO mq_bench::roles::subscriber: Connected via transport engine=Amqp
2026-06-24T17:16:32.848372Z  INFO mq_bench::roles::subscriber: Subscribed to key expression key=topic_2
2026-06-24T17:16:39.494559Z  INFO mq_bench::roles::subscriber: Starting subscriber engine=Amqp key=topic_2 endpoint=None crash_enabled=false
2026-06-24T17:16:39.494601Z  INFO mq_bench::roles::subscriber: Connected via transport engine=Amqp
2026-06-24T17:16:39.526079Z  INFO mq_bench::roles::subscriber: Subscribed to key expression key=topic_2
2026-06-24T17:16:46.162510Z  INFO mq_bench::roles::subscriber: Starting subscriber engine=Amqp key=topic_2 endpoint=None crash_enabled=false
2026-06-24T17:16:46.162556Z  INFO mq_bench::roles::subscriber: Connected via transport engine=Amqp
2026-06-24T17:16:46.184691Z  INFO mq_bench::roles::subscriber: Subscribed to key expression key=topic_2
2026-06-24T17:16:52.830277Z  INFO mq_bench::roles::subscriber: Starting subscriber engine=Amqp key=topic_2 endpoint=None crash_enabled=false
2026-06-24T17:16:52.830323Z  INFO mq_bench::roles::subscriber: Connected via transport engine=Amqp
2026-06-24T17:16:52.851358Z  INFO mq_bench::roles::subscriber: Subscribed to key expression key=topic_2
2026-06-24T17:16:59.498136Z  INFO mq_bench::roles::subscriber: Starting subscriber engine=Amqp key=topic_2 endpoint=None crash_enabled=false
2026-06-24T17:16:59.498178Z  INFO mq_bench::roles::subscriber: Connected via transport engine=Amqp
2026-06-24T17:16:59.519408Z  INFO mq_bench::roles::subscriber: Subscribed to key expression key=topic_2
2026-06-24T17:17:06.165838Z  INFO mq_bench::roles::subscriber: Starting subscriber engine=Amqp key=topic_2 endpoint=None crash_enabled=false
2026-06-24T17:17:06.165885Z  INFO mq_bench::roles::subscriber: Connected via transport engine=Amqp
2026-06-24T17:17:06.187141Z  INFO mq_bench::roles::subscriber: Subscribed to key expression key=topic_2
