mq-bench starting with run_id: auto
Writing CSV output to: artifacts/fanout_bursty_20260624_171605_amqp_rabbitmq_p64_s1000_u10_bursty/fanout_singlesite/sub_1_4.csv
2026-06-24T17:16:06.115862Z  INFO mq_bench::roles::subscriber: Starting subscriber engine=Amqp key=topic_1 endpoint=None crash_enabled=false
2026-06-24T17:16:06.115900Z  INFO mq_bench::roles::subscriber: Connected via transport engine=Amqp
2026-06-24T17:16:06.179371Z  INFO mq_bench::roles::subscriber: Subscribed to key expression key=topic_1
2026-06-24T17:16:12.783115Z  INFO mq_bench::roles::subscriber: Starting subscriber engine=Amqp key=topic_1 endpoint=None crash_enabled=false
2026-06-24T17:16:12.783272Z  INFO mq_bench::roles::subscriber: Connected via transport engine=Amqp
2026-06-24T17:16:12.809586Z  INFO mq_bench::roles::subscriber: Subscribed to key expression key=topic_1
2026-06-24T17:16:19.451597Z  INFO mq_bench::roles::subscriber: Starting subscriber engine=Amqp key=topic_1 endpoint=None crash_enabled=false
2026-06-24T17:16:19.451641Z  INFO mq_bench::roles::subscriber: Connected via transport engine=Amqp
2026-06-24T17:16:19.485256Z  INFO mq_bench::roles::subscriber: Subscribed to key expression key=topic_1
2026-06-24T17:16:26.119648Z  INFO mq_bench::roles::subscriber: Starting subscriber engine=Amqp key=topic_1 endpoint=None crash_enabled=false
2026-06-24T17:16:26.119728Z  INFO mq_bench::roles::subscriber: Connected via transport engine=Amqp
2026-06-24T17:16:26.145537Z  INFO mq_bench::roles::subscriber: Subscribed to key expression key=topic_1
2026-06-24T17:16:32.786792Z  INFO mq_bench::roles::subscriber: Starting subscriber engine=Amqp key=topic_1 endpoint=None crash_enabled=false
2026-06-24T17:16:32.786832Z  INFO mq_bench::roles::subscriber: Connected via transport engine=Amqp
2026-06-24T17:16:32.813707Z  INFO mq_bench::roles::subscriber: Subscribed to key expression key=topic_1
2026-06-24T17:16:39.454087Z  INFO mq_bench::roles::subscriber: Starting subscriber engine=Amqp key=topic_1 endpoint=None crash_enabled=false
2026-06-24T17:16:39.454132Z  INFO mq_bench::roles::subscriber: Connected via transport engine=Amqp
2026-06-24T17:16:39.482090Z  INFO mq_bench::roles::subscriber: Subscribed to key expression key=topic_1
2026-06-24T17:16:46.122141Z  INFO mq_bench::roles::subscriber: Starting subscriber engine=Amqp key=topic_1 endpoint=None crash_enabled=false
2026-06-24T17:16:46.122186Z  INFO mq_bench::roles::subscriber: Connected via transport engine=Amqp
2026-06-24T17:16:46.153666Z  INFO mq_bench::roles::subscriber: Subscribed to key expression key=topic_1
2026-06-24T17:16:52.790311Z  INFO mq_bench::roles::subscriber: Starting subscriber engine=Amqp key=topic_1 endpoint=None crash_enabled=false
2026-06-24T17:16:52.790358Z  INFO mq_bench::roles::subscriber: Connected via transport engine=Amqp
2026-06-24T17:16:52.823285Z  INFO mq_bench::roles::subscriber: Subscribed to key expression key=topic_1
2026-06-24T17:16:59.458059Z  INFO mq_bench::roles::subscriber: Starting subscriber engine=Amqp key=topic_1 endpoint=None crash_enabled=false
2026-06-24T17:16:59.458091Z  INFO mq_bench::roles::subscriber: Connected via transport engine=Amqp
2026-06-24T17:16:59.487464Z  INFO mq_bench::roles::subscriber: Subscribed to key expression key=topic_1
2026-06-24T17:17:06.126287Z  INFO mq_bench::roles::subscriber: Starting subscriber engine=Amqp key=topic_1 endpoint=None crash_enabled=false
2026-06-24T17:17:06.126310Z  INFO mq_bench::roles::subscriber: Connected via transport engine=Amqp
2026-06-24T17:17:06.155331Z  INFO mq_bench::roles::subscriber: Subscribed to key expression key=topic_1
