mq-bench starting with run_id: auto
Writing CSV output to: artifacts/fanout_bursty_20260624_171605_amqp_rabbitmq_p64_s1000_u10_bursty/fanout_singlesite/sub_4_5.csv
2026-06-24T17:16:06.239816Z  INFO mq_bench::roles::subscriber: Starting subscriber engine=Amqp key=topic_4 endpoint=None crash_enabled=false
2026-06-24T17:16:06.239859Z  INFO mq_bench::roles::subscriber: Connected via transport engine=Amqp
2026-06-24T17:16:06.264092Z  INFO mq_bench::roles::subscriber: Subscribed to key expression key=topic_4
2026-06-24T17:16:12.908315Z  INFO mq_bench::roles::subscriber: Starting subscriber engine=Amqp key=topic_4 endpoint=None crash_enabled=false
2026-06-24T17:16:12.908422Z  INFO mq_bench::roles::subscriber: Connected via transport engine=Amqp
2026-06-24T17:16:12.924583Z  INFO mq_bench::roles::subscriber: Subscribed to key expression key=topic_4
2026-06-24T17:16:19.576148Z  INFO mq_bench::roles::subscriber: Starting subscriber engine=Amqp key=topic_4 endpoint=None crash_enabled=false
2026-06-24T17:16:19.576267Z  INFO mq_bench::roles::subscriber: Connected via transport engine=Amqp
2026-06-24T17:16:19.597141Z  INFO mq_bench::roles::subscriber: Subscribed to key expression key=topic_4
2026-06-24T17:16:26.243613Z  INFO mq_bench::roles::subscriber: Starting subscriber engine=Amqp key=topic_4 endpoint=None crash_enabled=false
2026-06-24T17:16:26.243654Z  INFO mq_bench::roles::subscriber: Connected via transport engine=Amqp
2026-06-24T17:16:26.260467Z  INFO mq_bench::roles::subscriber: Subscribed to key expression key=topic_4
2026-06-24T17:16:32.911424Z  INFO mq_bench::roles::subscriber: Starting subscriber engine=Amqp key=topic_4 endpoint=None crash_enabled=false
2026-06-24T17:16:32.911465Z  INFO mq_bench::roles::subscriber: Connected via transport engine=Amqp
2026-06-24T17:16:32.929819Z  INFO mq_bench::roles::subscriber: Subscribed to key expression key=topic_4
2026-06-24T17:16:39.579139Z  INFO mq_bench::roles::subscriber: Starting subscriber engine=Amqp key=topic_4 endpoint=None crash_enabled=false
2026-06-24T17:16:39.579182Z  INFO mq_bench::roles::subscriber: Connected via transport engine=Amqp
2026-06-24T17:16:39.595468Z  INFO mq_bench::roles::subscriber: Subscribed to key expression key=topic_4
2026-06-24T17:16:46.246487Z  INFO mq_bench::roles::subscriber: Starting subscriber engine=Amqp key=topic_4 endpoint=None crash_enabled=false
2026-06-24T17:16:46.246508Z  INFO mq_bench::roles::subscriber: Connected via transport engine=Amqp
2026-06-24T17:16:46.268674Z  INFO mq_bench::roles::subscriber: Subscribed to key expression key=topic_4
2026-06-24T17:16:52.914052Z  INFO mq_bench::roles::subscriber: Starting subscriber engine=Amqp key=topic_4 endpoint=None crash_enabled=false
2026-06-24T17:16:52.914101Z  INFO mq_bench::roles::subscriber: Connected via transport engine=Amqp
2026-06-24T17:16:52.931395Z  INFO mq_bench::roles::subscriber: Subscribed to key expression key=topic_4
2026-06-24T17:16:59.581916Z  INFO mq_bench::roles::subscriber: Starting subscriber engine=Amqp key=topic_4 endpoint=None crash_enabled=false
2026-06-24T17:16:59.581982Z  INFO mq_bench::roles::subscriber: Connected via transport engine=Amqp
2026-06-24T17:16:59.598336Z  INFO mq_bench::roles::subscriber: Subscribed to key expression key=topic_4
2026-06-24T17:17:06.250139Z  INFO mq_bench::roles::subscriber: Starting subscriber engine=Amqp key=topic_4 endpoint=None crash_enabled=false
2026-06-24T17:17:06.250184Z  INFO mq_bench::roles::subscriber: Connected via transport engine=Amqp
2026-06-24T17:17:06.267067Z  INFO mq_bench::roles::subscriber: Subscribed to key expression key=topic_4
