mq-bench starting with run_id: auto
Writing CSV output to: artifacts/fanout_bursty_20260624_171605_amqp_rabbitmq_p64_s1000_u10_bursty/fanout_singlesite/sub_6_7.csv
2026-06-24T17:16:06.328671Z  INFO mq_bench::roles::subscriber: Starting subscriber engine=Amqp key=topic_6 endpoint=None crash_enabled=false
2026-06-24T17:16:06.328713Z  INFO mq_bench::roles::subscriber: Connected via transport engine=Amqp
2026-06-24T17:16:06.347599Z  INFO mq_bench::roles::subscriber: Subscribed to key expression key=topic_6
2026-06-24T17:16:12.996738Z  INFO mq_bench::roles::subscriber: Starting subscriber engine=Amqp key=topic_6 endpoint=None crash_enabled=false
2026-06-24T17:16:12.996789Z  INFO mq_bench::roles::subscriber: Connected via transport engine=Amqp
2026-06-24T17:16:13.010127Z  INFO mq_bench::roles::subscriber: Subscribed to key expression key=topic_6
2026-06-24T17:16:19.665143Z  INFO mq_bench::roles::subscriber: Starting subscriber engine=Amqp key=topic_6 endpoint=None crash_enabled=false
2026-06-24T17:16:19.665184Z  INFO mq_bench::roles::subscriber: Connected via transport engine=Amqp
2026-06-24T17:16:19.681417Z  INFO mq_bench::roles::subscriber: Subscribed to key expression key=topic_6
2026-06-24T17:16:26.332762Z  INFO mq_bench::roles::subscriber: Starting subscriber engine=Amqp key=topic_6 endpoint=None crash_enabled=false
2026-06-24T17:16:26.332792Z  INFO mq_bench::roles::subscriber: Connected via transport engine=Amqp
2026-06-24T17:16:26.345780Z  INFO mq_bench::roles::subscriber: Subscribed to key expression key=topic_6
2026-06-24T17:16:33.000880Z  INFO mq_bench::roles::subscriber: Starting subscriber engine=Amqp key=topic_6 endpoint=None crash_enabled=false
2026-06-24T17:16:33.000920Z  INFO mq_bench::roles::subscriber: Connected via transport engine=Amqp
2026-06-24T17:16:33.016108Z  INFO mq_bench::roles::subscriber: Subscribed to key expression key=topic_6
2026-06-24T17:16:39.669136Z  INFO mq_bench::roles::subscriber: Starting subscriber engine=Amqp key=topic_6 endpoint=None crash_enabled=false
2026-06-24T17:16:39.669161Z  INFO mq_bench::roles::subscriber: Connected via transport engine=Amqp
2026-06-24T17:16:39.682854Z  INFO mq_bench::roles::subscriber: Subscribed to key expression key=topic_6
2026-06-24T17:16:46.336510Z  INFO mq_bench::roles::subscriber: Starting subscriber engine=Amqp key=topic_6 endpoint=None crash_enabled=false
2026-06-24T17:16:46.336553Z  INFO mq_bench::roles::subscriber: Connected via transport engine=Amqp
2026-06-24T17:16:46.352821Z  INFO mq_bench::roles::subscriber: Subscribed to key expression key=topic_6
2026-06-24T17:16:53.004377Z  INFO mq_bench::roles::subscriber: Starting subscriber engine=Amqp key=topic_6 endpoint=None crash_enabled=false
2026-06-24T17:16:53.004417Z  INFO mq_bench::roles::subscriber: Connected via transport engine=Amqp
2026-06-24T17:16:53.018951Z  INFO mq_bench::roles::subscriber: Subscribed to key expression key=topic_6
2026-06-24T17:16:59.672386Z  INFO mq_bench::roles::subscriber: Starting subscriber engine=Amqp key=topic_6 endpoint=None crash_enabled=false
2026-06-24T17:16:59.672445Z  INFO mq_bench::roles::subscriber: Connected via transport engine=Amqp
2026-06-24T17:16:59.688003Z  INFO mq_bench::roles::subscriber: Subscribed to key expression key=topic_6
2026-06-24T17:17:06.339973Z  INFO mq_bench::roles::subscriber: Starting subscriber engine=Amqp key=topic_6 endpoint=None crash_enabled=false
2026-06-24T17:17:06.340027Z  INFO mq_bench::roles::subscriber: Connected via transport engine=Amqp
2026-06-24T17:17:06.354081Z  INFO mq_bench::roles::subscriber: Subscribed to key expression key=topic_6
