mq-bench starting with run_id: auto
Writing CSV output to: artifacts/fanout_bursty_20260619_054605_mqtt_rabbitmq_p64_s1000_u10_bursty/fanout_singlesite/sub_7_7.csv
2026-06-19T05:46:06.109504Z  INFO mq_bench::roles::subscriber: Starting subscriber engine=Mqtt key=topic_7 endpoint=None crash_enabled=false
2026-06-19T05:46:06.109552Z  INFO mq_bench::roles::subscriber: Connected via transport engine=Mqtt
2026-06-19T05:46:06.109589Z  INFO mq_bench::roles::subscriber: Subscribed to key expression key=topic_7
2026-06-19T05:46:12.777486Z  INFO mq_bench::roles::subscriber: Starting subscriber engine=Mqtt key=topic_7 endpoint=None crash_enabled=false
2026-06-19T05:46:12.777607Z  INFO mq_bench::roles::subscriber: Connected via transport engine=Mqtt
2026-06-19T05:46:12.777669Z  INFO mq_bench::roles::subscriber: Subscribed to key expression key=topic_7
2026-06-19T05:46:19.445009Z  INFO mq_bench::roles::subscriber: Starting subscriber engine=Mqtt key=topic_7 endpoint=None crash_enabled=false
2026-06-19T05:46:19.445129Z  INFO mq_bench::roles::subscriber: Connected via transport engine=Mqtt
2026-06-19T05:46:19.445189Z  INFO mq_bench::roles::subscriber: Subscribed to key expression key=topic_7
2026-06-19T05:46:26.113538Z  INFO mq_bench::roles::subscriber: Starting subscriber engine=Mqtt key=topic_7 endpoint=None crash_enabled=false
2026-06-19T05:46:26.113598Z  INFO mq_bench::roles::subscriber: Connected via transport engine=Mqtt
2026-06-19T05:46:26.113668Z  INFO mq_bench::roles::subscriber: Subscribed to key expression key=topic_7
2026-06-19T05:46:32.780882Z  INFO mq_bench::roles::subscriber: Starting subscriber engine=Mqtt key=topic_7 endpoint=None crash_enabled=false
2026-06-19T05:46:32.780947Z  INFO mq_bench::roles::subscriber: Connected via transport engine=Mqtt
2026-06-19T05:46:32.781043Z  INFO mq_bench::roles::subscriber: Subscribed to key expression key=topic_7
2026-06-19T05:46:39.449616Z  INFO mq_bench::roles::subscriber: Starting subscriber engine=Mqtt key=topic_7 endpoint=None crash_enabled=false
2026-06-19T05:46:39.449673Z  INFO mq_bench::roles::subscriber: Connected via transport engine=Mqtt
2026-06-19T05:46:39.449761Z  INFO mq_bench::roles::subscriber: Subscribed to key expression key=topic_7
2026-06-19T05:46:46.116996Z  INFO mq_bench::roles::subscriber: Starting subscriber engine=Mqtt key=topic_7 endpoint=None crash_enabled=false
2026-06-19T05:46:46.117057Z  INFO mq_bench::roles::subscriber: Connected via transport engine=Mqtt
2026-06-19T05:46:46.117143Z  INFO mq_bench::roles::subscriber: Subscribed to key expression key=topic_7
2026-06-19T05:46:52.785329Z  INFO mq_bench::roles::subscriber: Starting subscriber engine=Mqtt key=topic_7 endpoint=None crash_enabled=false
2026-06-19T05:46:52.785410Z  INFO mq_bench::roles::subscriber: Connected via transport engine=Mqtt
2026-06-19T05:46:52.785488Z  INFO mq_bench::roles::subscriber: Subscribed to key expression key=topic_7
2026-06-19T05:46:59.453004Z  INFO mq_bench::roles::subscriber: Starting subscriber engine=Mqtt key=topic_7 endpoint=None crash_enabled=false
2026-06-19T05:46:59.453074Z  INFO mq_bench::roles::subscriber: Connected via transport engine=Mqtt
2026-06-19T05:46:59.453174Z  INFO mq_bench::roles::subscriber: Subscribed to key expression key=topic_7
2026-06-19T05:47:06.121588Z  INFO mq_bench::roles::subscriber: Starting subscriber engine=Mqtt key=topic_7 endpoint=None crash_enabled=false
2026-06-19T05:47:06.121641Z  INFO mq_bench::roles::subscriber: Connected via transport engine=Mqtt
2026-06-19T05:47:06.121739Z  INFO mq_bench::roles::subscriber: Subscribed to key expression key=topic_7
