mq-bench starting with run_id: auto
Writing CSV output to: artifacts/fanout_bursty_20260619_054605_mqtt_rabbitmq_p64_s1000_u10_bursty/fanout_singlesite/sub_4_6.csv
2026-06-19T05:46:05.987639Z  INFO mq_bench::roles::subscriber: Starting subscriber engine=Mqtt key=topic_4 endpoint=None crash_enabled=false
2026-06-19T05:46:05.987687Z  INFO mq_bench::roles::subscriber: Connected via transport engine=Mqtt
2026-06-19T05:46:05.987718Z  INFO mq_bench::roles::subscriber: Subscribed to key expression key=topic_4
2026-06-19T05:46:12.655317Z  INFO mq_bench::roles::subscriber: Starting subscriber engine=Mqtt key=topic_4 endpoint=None crash_enabled=false
2026-06-19T05:46:12.655455Z  INFO mq_bench::roles::subscriber: Connected via transport engine=Mqtt
2026-06-19T05:46:12.655529Z  INFO mq_bench::roles::subscriber: Subscribed to key expression key=topic_4
2026-06-19T05:46:19.323079Z  INFO mq_bench::roles::subscriber: Starting subscriber engine=Mqtt key=topic_4 endpoint=None crash_enabled=false
2026-06-19T05:46:19.323182Z  INFO mq_bench::roles::subscriber: Connected via transport engine=Mqtt
2026-06-19T05:46:19.323274Z  INFO mq_bench::roles::subscriber: Subscribed to key expression key=topic_4
2026-06-19T05:46:25.990861Z  INFO mq_bench::roles::subscriber: Starting subscriber engine=Mqtt key=topic_4 endpoint=None crash_enabled=false
2026-06-19T05:46:25.990920Z  INFO mq_bench::roles::subscriber: Connected via transport engine=Mqtt
2026-06-19T05:46:25.990980Z  INFO mq_bench::roles::subscriber: Subscribed to key expression key=topic_4
2026-06-19T05:46:32.659121Z  INFO mq_bench::roles::subscriber: Starting subscriber engine=Mqtt key=topic_4 endpoint=None crash_enabled=false
2026-06-19T05:46:32.659167Z  INFO mq_bench::roles::subscriber: Connected via transport engine=Mqtt
2026-06-19T05:46:32.659262Z  INFO mq_bench::roles::subscriber: Subscribed to key expression key=topic_4
2026-06-19T05:46:39.326968Z  INFO mq_bench::roles::subscriber: Starting subscriber engine=Mqtt key=topic_4 endpoint=None crash_enabled=false
2026-06-19T05:46:39.327067Z  INFO mq_bench::roles::subscriber: Connected via transport engine=Mqtt
2026-06-19T05:46:39.327143Z  INFO mq_bench::roles::subscriber: Subscribed to key expression key=topic_4
2026-06-19T05:46:45.995222Z  INFO mq_bench::roles::subscriber: Starting subscriber engine=Mqtt key=topic_4 endpoint=None crash_enabled=false
2026-06-19T05:46:45.995280Z  INFO mq_bench::roles::subscriber: Connected via transport engine=Mqtt
2026-06-19T05:46:45.995368Z  INFO mq_bench::roles::subscriber: Subscribed to key expression key=topic_4
2026-06-19T05:46:52.662646Z  INFO mq_bench::roles::subscriber: Starting subscriber engine=Mqtt key=topic_4 endpoint=None crash_enabled=false
2026-06-19T05:46:52.662703Z  INFO mq_bench::roles::subscriber: Connected via transport engine=Mqtt
2026-06-19T05:46:52.662787Z  INFO mq_bench::roles::subscriber: Subscribed to key expression key=topic_4
2026-06-19T05:46:59.330021Z  INFO mq_bench::roles::subscriber: Starting subscriber engine=Mqtt key=topic_4 endpoint=None crash_enabled=false
2026-06-19T05:46:59.330096Z  INFO mq_bench::roles::subscriber: Connected via transport engine=Mqtt
2026-06-19T05:46:59.330175Z  INFO mq_bench::roles::subscriber: Subscribed to key expression key=topic_4
2026-06-19T05:47:05.998114Z  INFO mq_bench::roles::subscriber: Starting subscriber engine=Mqtt key=topic_4 endpoint=None crash_enabled=false
2026-06-19T05:47:05.998161Z  INFO mq_bench::roles::subscriber: Connected via transport engine=Mqtt
2026-06-19T05:47:05.998265Z  INFO mq_bench::roles::subscriber: Subscribed to key expression key=topic_4
