mq-bench starting with run_id: auto
Writing CSV output to: artifacts/fanout_bursty_20260619_054605_mqtt_rabbitmq_p64_s1000_u10_bursty/fanout_singlesite/sub_4_8.csv
2026-06-19T05:46:05.995989Z  INFO mq_bench::roles::subscriber: Starting subscriber engine=Mqtt key=topic_4 endpoint=None crash_enabled=false
2026-06-19T05:46:05.996036Z  INFO mq_bench::roles::subscriber: Connected via transport engine=Mqtt
2026-06-19T05:46:05.996079Z  INFO mq_bench::roles::subscriber: Subscribed to key expression key=topic_4
2026-06-19T05:46:12.663984Z  INFO mq_bench::roles::subscriber: Starting subscriber engine=Mqtt key=topic_4 endpoint=None crash_enabled=false
2026-06-19T05:46:12.664051Z  INFO mq_bench::roles::subscriber: Connected via transport engine=Mqtt
2026-06-19T05:46:12.664120Z  INFO mq_bench::roles::subscriber: Subscribed to key expression key=topic_4
2026-06-19T05:46:19.332265Z  INFO mq_bench::roles::subscriber: Starting subscriber engine=Mqtt key=topic_4 endpoint=None crash_enabled=false
2026-06-19T05:46:19.332373Z  INFO mq_bench::roles::subscriber: Connected via transport engine=Mqtt
2026-06-19T05:46:19.332440Z  INFO mq_bench::roles::subscriber: Subscribed to key expression key=topic_4
2026-06-19T05:46:25.999749Z  INFO mq_bench::roles::subscriber: Starting subscriber engine=Mqtt key=topic_4 endpoint=None crash_enabled=false
2026-06-19T05:46:25.999803Z  INFO mq_bench::roles::subscriber: Connected via transport engine=Mqtt
2026-06-19T05:46:25.999866Z  INFO mq_bench::roles::subscriber: Subscribed to key expression key=topic_4
2026-06-19T05:46:32.667483Z  INFO mq_bench::roles::subscriber: Starting subscriber engine=Mqtt key=topic_4 endpoint=None crash_enabled=false
2026-06-19T05:46:32.667593Z  INFO mq_bench::roles::subscriber: Connected via transport engine=Mqtt
2026-06-19T05:46:32.667670Z  INFO mq_bench::roles::subscriber: Subscribed to key expression key=topic_4
2026-06-19T05:46:39.335415Z  INFO mq_bench::roles::subscriber: Starting subscriber engine=Mqtt key=topic_4 endpoint=None crash_enabled=false
2026-06-19T05:46:39.335475Z  INFO mq_bench::roles::subscriber: Connected via transport engine=Mqtt
2026-06-19T05:46:39.335567Z  INFO mq_bench::roles::subscriber: Subscribed to key expression key=topic_4
2026-06-19T05:46:46.003076Z  INFO mq_bench::roles::subscriber: Starting subscriber engine=Mqtt key=topic_4 endpoint=None crash_enabled=false
2026-06-19T05:46:46.003134Z  INFO mq_bench::roles::subscriber: Connected via transport engine=Mqtt
2026-06-19T05:46:46.003248Z  INFO mq_bench::roles::subscriber: Subscribed to key expression key=topic_4
2026-06-19T05:46:52.670892Z  INFO mq_bench::roles::subscriber: Starting subscriber engine=Mqtt key=topic_4 endpoint=None crash_enabled=false
2026-06-19T05:46:52.670952Z  INFO mq_bench::roles::subscriber: Connected via transport engine=Mqtt
2026-06-19T05:46:52.671048Z  INFO mq_bench::roles::subscriber: Subscribed to key expression key=topic_4
2026-06-19T05:46:59.339032Z  INFO mq_bench::roles::subscriber: Starting subscriber engine=Mqtt key=topic_4 endpoint=None crash_enabled=false
2026-06-19T05:46:59.339111Z  INFO mq_bench::roles::subscriber: Connected via transport engine=Mqtt
2026-06-19T05:46:59.339187Z  INFO mq_bench::roles::subscriber: Subscribed to key expression key=topic_4
2026-06-19T05:47:06.006980Z  INFO mq_bench::roles::subscriber: Starting subscriber engine=Mqtt key=topic_4 endpoint=None crash_enabled=false
2026-06-19T05:47:06.007031Z  INFO mq_bench::roles::subscriber: Connected via transport engine=Mqtt
2026-06-19T05:47:06.007116Z  INFO mq_bench::roles::subscriber: Subscribed to key expression key=topic_4
