mq-bench starting with run_id: auto
Writing CSV output to: artifacts/fanout_bursty_20260619_054605_mqtt_rabbitmq_p64_s1000_u10_bursty/fanout_singlesite/sub_9_9.csv
2026-06-19T05:46:06.194903Z  INFO mq_bench::roles::subscriber: Starting subscriber engine=Mqtt key=topic_9 endpoint=None crash_enabled=false
2026-06-19T05:46:06.194982Z  INFO mq_bench::roles::subscriber: Connected via transport engine=Mqtt
2026-06-19T05:46:06.195030Z  INFO mq_bench::roles::subscriber: Subscribed to key expression key=topic_9
2026-06-19T05:46:12.862294Z  INFO mq_bench::roles::subscriber: Starting subscriber engine=Mqtt key=topic_9 endpoint=None crash_enabled=false
2026-06-19T05:46:12.862435Z  INFO mq_bench::roles::subscriber: Connected via transport engine=Mqtt
2026-06-19T05:46:12.862495Z  INFO mq_bench::roles::subscriber: Subscribed to key expression key=topic_9
2026-06-19T05:46:19.531014Z  INFO mq_bench::roles::subscriber: Starting subscriber engine=Mqtt key=topic_9 endpoint=None crash_enabled=false
2026-06-19T05:46:19.531134Z  INFO mq_bench::roles::subscriber: Connected via transport engine=Mqtt
2026-06-19T05:46:19.531196Z  INFO mq_bench::roles::subscriber: Subscribed to key expression key=topic_9
2026-06-19T05:46:26.198102Z  INFO mq_bench::roles::subscriber: Starting subscriber engine=Mqtt key=topic_9 endpoint=None crash_enabled=false
2026-06-19T05:46:26.198145Z  INFO mq_bench::roles::subscriber: Connected via transport engine=Mqtt
2026-06-19T05:46:26.198253Z  INFO mq_bench::roles::subscriber: Subscribed to key expression key=topic_9
2026-06-19T05:46:32.865847Z  INFO mq_bench::roles::subscriber: Starting subscriber engine=Mqtt key=topic_9 endpoint=None crash_enabled=false
2026-06-19T05:46:32.865894Z  INFO mq_bench::roles::subscriber: Connected via transport engine=Mqtt
2026-06-19T05:46:32.865971Z  INFO mq_bench::roles::subscriber: Subscribed to key expression key=topic_9
2026-06-19T05:46:39.533925Z  INFO mq_bench::roles::subscriber: Starting subscriber engine=Mqtt key=topic_9 endpoint=None crash_enabled=false
2026-06-19T05:46:39.533976Z  INFO mq_bench::roles::subscriber: Connected via transport engine=Mqtt
2026-06-19T05:46:39.534068Z  INFO mq_bench::roles::subscriber: Subscribed to key expression key=topic_9
2026-06-19T05:46:46.201040Z  INFO mq_bench::roles::subscriber: Starting subscriber engine=Mqtt key=topic_9 endpoint=None crash_enabled=false
2026-06-19T05:46:46.201089Z  INFO mq_bench::roles::subscriber: Connected via transport engine=Mqtt
2026-06-19T05:46:46.201180Z  INFO mq_bench::roles::subscriber: Subscribed to key expression key=topic_9
2026-06-19T05:46:52.868790Z  INFO mq_bench::roles::subscriber: Starting subscriber engine=Mqtt key=topic_9 endpoint=None crash_enabled=false
2026-06-19T05:46:52.868841Z  INFO mq_bench::roles::subscriber: Connected via transport engine=Mqtt
2026-06-19T05:46:52.868931Z  INFO mq_bench::roles::subscriber: Subscribed to key expression key=topic_9
2026-06-19T05:46:59.536712Z  INFO mq_bench::roles::subscriber: Starting subscriber engine=Mqtt key=topic_9 endpoint=None crash_enabled=false
2026-06-19T05:46:59.536766Z  INFO mq_bench::roles::subscriber: Connected via transport engine=Mqtt
2026-06-19T05:46:59.536852Z  INFO mq_bench::roles::subscriber: Subscribed to key expression key=topic_9
2026-06-19T05:47:06.204880Z  INFO mq_bench::roles::subscriber: Starting subscriber engine=Mqtt key=topic_9 endpoint=None crash_enabled=false
2026-06-19T05:47:06.204953Z  INFO mq_bench::roles::subscriber: Connected via transport engine=Mqtt
2026-06-19T05:47:06.205028Z  INFO mq_bench::roles::subscriber: Subscribed to key expression key=topic_9
