mq-bench starting with run_id: auto
Writing CSV output to: artifacts/fanout_bursty_20260619_054605_mqtt_rabbitmq_p64_s1000_u10_bursty/fanout_singlesite/sub_8_0.csv
2026-06-19T05:46:06.121269Z  INFO mq_bench::roles::subscriber: Starting subscriber engine=Mqtt key=topic_8 endpoint=None crash_enabled=false
2026-06-19T05:46:06.121514Z  INFO mq_bench::roles::subscriber: Connected via transport engine=Mqtt
2026-06-19T05:46:06.121553Z  INFO mq_bench::roles::subscriber: Subscribed to key expression key=topic_8
2026-06-19T05:46:12.789377Z  INFO mq_bench::roles::subscriber: Starting subscriber engine=Mqtt key=topic_8 endpoint=None crash_enabled=false
2026-06-19T05:46:12.789479Z  INFO mq_bench::roles::subscriber: Connected via transport engine=Mqtt
2026-06-19T05:46:12.789545Z  INFO mq_bench::roles::subscriber: Subscribed to key expression key=topic_8
2026-06-19T05:46:19.457763Z  INFO mq_bench::roles::subscriber: Starting subscriber engine=Mqtt key=topic_8 endpoint=None crash_enabled=false
2026-06-19T05:46:19.457880Z  INFO mq_bench::roles::subscriber: Connected via transport engine=Mqtt
2026-06-19T05:46:19.457948Z  INFO mq_bench::roles::subscriber: Subscribed to key expression key=topic_8
2026-06-19T05:46:26.124844Z  INFO mq_bench::roles::subscriber: Starting subscriber engine=Mqtt key=topic_8 endpoint=None crash_enabled=false
2026-06-19T05:46:26.124892Z  INFO mq_bench::roles::subscriber: Connected via transport engine=Mqtt
2026-06-19T05:46:26.124963Z  INFO mq_bench::roles::subscriber: Subscribed to key expression key=topic_8
2026-06-19T05:46:32.792313Z  INFO mq_bench::roles::subscriber: Starting subscriber engine=Mqtt key=topic_8 endpoint=None crash_enabled=false
2026-06-19T05:46:32.792371Z  INFO mq_bench::roles::subscriber: Connected via transport engine=Mqtt
2026-06-19T05:46:32.792448Z  INFO mq_bench::roles::subscriber: Subscribed to key expression key=topic_8
2026-06-19T05:46:39.460350Z  INFO mq_bench::roles::subscriber: Starting subscriber engine=Mqtt key=topic_8 endpoint=None crash_enabled=false
2026-06-19T05:46:39.460414Z  INFO mq_bench::roles::subscriber: Connected via transport engine=Mqtt
2026-06-19T05:46:39.460476Z  INFO mq_bench::roles::subscriber: Subscribed to key expression key=topic_8
2026-06-19T05:46:46.128493Z  INFO mq_bench::roles::subscriber: Starting subscriber engine=Mqtt key=topic_8 endpoint=None crash_enabled=false
2026-06-19T05:46:46.128549Z  INFO mq_bench::roles::subscriber: Connected via transport engine=Mqtt
2026-06-19T05:46:46.128630Z  INFO mq_bench::roles::subscriber: Subscribed to key expression key=topic_8
2026-06-19T05:46:52.795938Z  INFO mq_bench::roles::subscriber: Starting subscriber engine=Mqtt key=topic_8 endpoint=None crash_enabled=false
2026-06-19T05:46:52.795999Z  INFO mq_bench::roles::subscriber: Connected via transport engine=Mqtt
2026-06-19T05:46:52.796137Z  INFO mq_bench::roles::subscriber: Subscribed to key expression key=topic_8
2026-06-19T05:46:59.463338Z  INFO mq_bench::roles::subscriber: Starting subscriber engine=Mqtt key=topic_8 endpoint=None crash_enabled=false
2026-06-19T05:46:59.463416Z  INFO mq_bench::roles::subscriber: Connected via transport engine=Mqtt
2026-06-19T05:46:59.463491Z  INFO mq_bench::roles::subscriber: Subscribed to key expression key=topic_8
2026-06-19T05:47:06.131406Z  INFO mq_bench::roles::subscriber: Starting subscriber engine=Mqtt key=topic_8 endpoint=None crash_enabled=false
2026-06-19T05:47:06.131463Z  INFO mq_bench::roles::subscriber: Connected via transport engine=Mqtt
2026-06-19T05:47:06.131591Z  INFO mq_bench::roles::subscriber: Subscribed to key expression key=topic_8
