mq-bench starting with run_id: auto
Writing CSV output to: artifacts/fanout_bursty_20260619_054605_mqtt_rabbitmq_p64_s1000_u10_bursty/fanout_singlesite/sub_3_0.csv
2026-06-19T05:46:05.927624Z  INFO mq_bench::roles::subscriber: Starting subscriber engine=Mqtt key=topic_3 endpoint=None crash_enabled=false
2026-06-19T05:46:05.927774Z  INFO mq_bench::roles::subscriber: Connected via transport engine=Mqtt
2026-06-19T05:46:05.927834Z  INFO mq_bench::roles::subscriber: Subscribed to key expression key=topic_3
2026-06-19T05:46:12.594695Z  INFO mq_bench::roles::subscriber: Starting subscriber engine=Mqtt key=topic_3 endpoint=None crash_enabled=false
2026-06-19T05:46:12.594809Z  INFO mq_bench::roles::subscriber: Connected via transport engine=Mqtt
2026-06-19T05:46:12.594868Z  INFO mq_bench::roles::subscriber: Subscribed to key expression key=topic_3
2026-06-19T05:46:19.261566Z  INFO mq_bench::roles::subscriber: Starting subscriber engine=Mqtt key=topic_3 endpoint=None crash_enabled=false
2026-06-19T05:46:19.261678Z  INFO mq_bench::roles::subscriber: Connected via transport engine=Mqtt
2026-06-19T05:46:19.261740Z  INFO mq_bench::roles::subscriber: Subscribed to key expression key=topic_3
2026-06-19T05:46:25.928988Z  INFO mq_bench::roles::subscriber: Starting subscriber engine=Mqtt key=topic_3 endpoint=None crash_enabled=false
2026-06-19T05:46:25.929044Z  INFO mq_bench::roles::subscriber: Connected via transport engine=Mqtt
2026-06-19T05:46:25.929120Z  INFO mq_bench::roles::subscriber: Subscribed to key expression key=topic_3
2026-06-19T05:46:32.597511Z  INFO mq_bench::roles::subscriber: Starting subscriber engine=Mqtt key=topic_3 endpoint=None crash_enabled=false
2026-06-19T05:46:32.597620Z  INFO mq_bench::roles::subscriber: Connected via transport engine=Mqtt
2026-06-19T05:46:32.597677Z  INFO mq_bench::roles::subscriber: Subscribed to key expression key=topic_3
2026-06-19T05:46:39.265419Z  INFO mq_bench::roles::subscriber: Starting subscriber engine=Mqtt key=topic_3 endpoint=None crash_enabled=false
2026-06-19T05:46:39.265536Z  INFO mq_bench::roles::subscriber: Connected via transport engine=Mqtt
2026-06-19T05:46:39.265594Z  INFO mq_bench::roles::subscriber: Subscribed to key expression key=topic_3
2026-06-19T05:46:45.932752Z  INFO mq_bench::roles::subscriber: Starting subscriber engine=Mqtt key=topic_3 endpoint=None crash_enabled=false
2026-06-19T05:46:45.932805Z  INFO mq_bench::roles::subscriber: Connected via transport engine=Mqtt
2026-06-19T05:46:45.932889Z  INFO mq_bench::roles::subscriber: Subscribed to key expression key=topic_3
2026-06-19T05:46:52.601293Z  INFO mq_bench::roles::subscriber: Starting subscriber engine=Mqtt key=topic_3 endpoint=None crash_enabled=false
2026-06-19T05:46:52.601356Z  INFO mq_bench::roles::subscriber: Connected via transport engine=Mqtt
2026-06-19T05:46:52.601443Z  INFO mq_bench::roles::subscriber: Subscribed to key expression key=topic_3
2026-06-19T05:46:59.268613Z  INFO mq_bench::roles::subscriber: Starting subscriber engine=Mqtt key=topic_3 endpoint=None crash_enabled=false
2026-06-19T05:46:59.268670Z  INFO mq_bench::roles::subscriber: Connected via transport engine=Mqtt
2026-06-19T05:46:59.268765Z  INFO mq_bench::roles::subscriber: Subscribed to key expression key=topic_3
2026-06-19T05:47:05.935532Z  INFO mq_bench::roles::subscriber: Starting subscriber engine=Mqtt key=topic_3 endpoint=None crash_enabled=false
2026-06-19T05:47:05.935611Z  INFO mq_bench::roles::subscriber: Connected via transport engine=Mqtt
2026-06-19T05:47:05.935693Z  INFO mq_bench::roles::subscriber: Subscribed to key expression key=topic_3
