mq-bench starting with run_id: auto
Writing CSV output to: artifacts/fanout_bursty_20260619_054605_mqtt_rabbitmq_p64_s1000_u10_bursty/fanout_singlesite/sub_1_5.csv
2026-06-19T05:46:05.871924Z  INFO mq_bench::roles::subscriber: Starting subscriber engine=Mqtt key=topic_1 endpoint=None crash_enabled=false
2026-06-19T05:46:05.871970Z  INFO mq_bench::roles::subscriber: Connected via transport engine=Mqtt
2026-06-19T05:46:05.872002Z  INFO mq_bench::roles::subscriber: Subscribed to key expression key=topic_1
2026-06-19T05:46:12.539240Z  INFO mq_bench::roles::subscriber: Starting subscriber engine=Mqtt key=topic_1 endpoint=None crash_enabled=false
2026-06-19T05:46:12.539370Z  INFO mq_bench::roles::subscriber: Connected via transport engine=Mqtt
2026-06-19T05:46:12.539429Z  INFO mq_bench::roles::subscriber: Subscribed to key expression key=topic_1
2026-06-19T05:46:19.207816Z  INFO mq_bench::roles::subscriber: Starting subscriber engine=Mqtt key=topic_1 endpoint=None crash_enabled=false
2026-06-19T05:46:19.207919Z  INFO mq_bench::roles::subscriber: Connected via transport engine=Mqtt
2026-06-19T05:46:19.207986Z  INFO mq_bench::roles::subscriber: Subscribed to key expression key=topic_1
2026-06-19T05:46:25.875341Z  INFO mq_bench::roles::subscriber: Starting subscriber engine=Mqtt key=topic_1 endpoint=None crash_enabled=false
2026-06-19T05:46:25.875413Z  INFO mq_bench::roles::subscriber: Connected via transport engine=Mqtt
2026-06-19T05:46:25.875480Z  INFO mq_bench::roles::subscriber: Subscribed to key expression key=topic_1
2026-06-19T05:46:32.543643Z  INFO mq_bench::roles::subscriber: Starting subscriber engine=Mqtt key=topic_1 endpoint=None crash_enabled=false
2026-06-19T05:46:32.543692Z  INFO mq_bench::roles::subscriber: Connected via transport engine=Mqtt
2026-06-19T05:46:32.543757Z  INFO mq_bench::roles::subscriber: Subscribed to key expression key=topic_1
2026-06-19T05:46:39.211496Z  INFO mq_bench::roles::subscriber: Starting subscriber engine=Mqtt key=topic_1 endpoint=None crash_enabled=false
2026-06-19T05:46:39.211607Z  INFO mq_bench::roles::subscriber: Connected via transport engine=Mqtt
2026-06-19T05:46:39.211682Z  INFO mq_bench::roles::subscriber: Subscribed to key expression key=topic_1
2026-06-19T05:46:45.879039Z  INFO mq_bench::roles::subscriber: Starting subscriber engine=Mqtt key=topic_1 endpoint=None crash_enabled=false
2026-06-19T05:46:45.879100Z  INFO mq_bench::roles::subscriber: Connected via transport engine=Mqtt
2026-06-19T05:46:45.879185Z  INFO mq_bench::roles::subscriber: Subscribed to key expression key=topic_1
2026-06-19T05:46:52.546822Z  INFO mq_bench::roles::subscriber: Starting subscriber engine=Mqtt key=topic_1 endpoint=None crash_enabled=false
2026-06-19T05:46:52.546884Z  INFO mq_bench::roles::subscriber: Connected via transport engine=Mqtt
2026-06-19T05:46:52.546971Z  INFO mq_bench::roles::subscriber: Subscribed to key expression key=topic_1
2026-06-19T05:46:59.214076Z  INFO mq_bench::roles::subscriber: Starting subscriber engine=Mqtt key=topic_1 endpoint=None crash_enabled=false
2026-06-19T05:46:59.214149Z  INFO mq_bench::roles::subscriber: Connected via transport engine=Mqtt
2026-06-19T05:46:59.214264Z  INFO mq_bench::roles::subscriber: Subscribed to key expression key=topic_1
2026-06-19T05:47:05.881455Z  INFO mq_bench::roles::subscriber: Starting subscriber engine=Mqtt key=topic_1 endpoint=None crash_enabled=false
2026-06-19T05:47:05.881511Z  INFO mq_bench::roles::subscriber: Connected via transport engine=Mqtt
2026-06-19T05:47:05.881600Z  INFO mq_bench::roles::subscriber: Subscribed to key expression key=topic_1
