mq-bench starting with run_id: auto
Writing CSV output to: artifacts/fanout_bursty_20260619_054605_mqtt_rabbitmq_p64_s1000_u10_bursty/fanout_singlesite/sub_6_8.csv
2026-06-19T05:46:06.073833Z  INFO mq_bench::roles::subscriber: Starting subscriber engine=Mqtt key=topic_6 endpoint=None crash_enabled=false
2026-06-19T05:46:06.073891Z  INFO mq_bench::roles::subscriber: Connected via transport engine=Mqtt
2026-06-19T05:46:06.073927Z  INFO mq_bench::roles::subscriber: Subscribed to key expression key=topic_6
2026-06-19T05:46:12.741764Z  INFO mq_bench::roles::subscriber: Starting subscriber engine=Mqtt key=topic_6 endpoint=None crash_enabled=false
2026-06-19T05:46:12.741875Z  INFO mq_bench::roles::subscriber: Connected via transport engine=Mqtt
2026-06-19T05:46:12.741939Z  INFO mq_bench::roles::subscriber: Subscribed to key expression key=topic_6
2026-06-19T05:46:19.409641Z  INFO mq_bench::roles::subscriber: Starting subscriber engine=Mqtt key=topic_6 endpoint=None crash_enabled=false
2026-06-19T05:46:19.409755Z  INFO mq_bench::roles::subscriber: Connected via transport engine=Mqtt
2026-06-19T05:46:19.409818Z  INFO mq_bench::roles::subscriber: Subscribed to key expression key=topic_6
2026-06-19T05:46:26.077792Z  INFO mq_bench::roles::subscriber: Starting subscriber engine=Mqtt key=topic_6 endpoint=None crash_enabled=false
2026-06-19T05:46:26.077838Z  INFO mq_bench::roles::subscriber: Connected via transport engine=Mqtt
2026-06-19T05:46:26.077905Z  INFO mq_bench::roles::subscriber: Subscribed to key expression key=topic_6
2026-06-19T05:46:32.745958Z  INFO mq_bench::roles::subscriber: Starting subscriber engine=Mqtt key=topic_6 endpoint=None crash_enabled=false
2026-06-19T05:46:32.746016Z  INFO mq_bench::roles::subscriber: Connected via transport engine=Mqtt
2026-06-19T05:46:32.746099Z  INFO mq_bench::roles::subscriber: Subscribed to key expression key=topic_6
2026-06-19T05:46:39.413314Z  INFO mq_bench::roles::subscriber: Starting subscriber engine=Mqtt key=topic_6 endpoint=None crash_enabled=false
2026-06-19T05:46:39.413367Z  INFO mq_bench::roles::subscriber: Connected via transport engine=Mqtt
2026-06-19T05:46:39.413440Z  INFO mq_bench::roles::subscriber: Subscribed to key expression key=topic_6
2026-06-19T05:46:46.081224Z  INFO mq_bench::roles::subscriber: Starting subscriber engine=Mqtt key=topic_6 endpoint=None crash_enabled=false
2026-06-19T05:46:46.081281Z  INFO mq_bench::roles::subscriber: Connected via transport engine=Mqtt
2026-06-19T05:46:46.081362Z  INFO mq_bench::roles::subscriber: Subscribed to key expression key=topic_6
2026-06-19T05:46:52.748419Z  INFO mq_bench::roles::subscriber: Starting subscriber engine=Mqtt key=topic_6 endpoint=None crash_enabled=false
2026-06-19T05:46:52.748497Z  INFO mq_bench::roles::subscriber: Connected via transport engine=Mqtt
2026-06-19T05:46:52.748581Z  INFO mq_bench::roles::subscriber: Subscribed to key expression key=topic_6
2026-06-19T05:46:59.416900Z  INFO mq_bench::roles::subscriber: Starting subscriber engine=Mqtt key=topic_6 endpoint=None crash_enabled=false
2026-06-19T05:46:59.416964Z  INFO mq_bench::roles::subscriber: Connected via transport engine=Mqtt
2026-06-19T05:46:59.417059Z  INFO mq_bench::roles::subscriber: Subscribed to key expression key=topic_6
2026-06-19T05:47:06.084262Z  INFO mq_bench::roles::subscriber: Starting subscriber engine=Mqtt key=topic_6 endpoint=None crash_enabled=false
2026-06-19T05:47:06.084315Z  INFO mq_bench::roles::subscriber: Connected via transport engine=Mqtt
2026-06-19T05:47:06.084397Z  INFO mq_bench::roles::subscriber: Subscribed to key expression key=topic_6
