mq-bench starting with run_id: auto
Writing CSV output to: artifacts/fanout_bursty_20260619_054605_mqtt_rabbitmq_p64_s1000_u10_bursty/fanout_singlesite/sub_0_3.csv
2026-06-19T05:46:05.828956Z  INFO mq_bench::roles::subscriber: Starting subscriber engine=Mqtt key=topic_0 endpoint=None crash_enabled=false
2026-06-19T05:46:05.829014Z  INFO mq_bench::roles::subscriber: Connected via transport engine=Mqtt
2026-06-19T05:46:05.829062Z  INFO mq_bench::roles::subscriber: Subscribed to key expression key=topic_0
2026-06-19T05:46:12.496241Z  INFO mq_bench::roles::subscriber: Starting subscriber engine=Mqtt key=topic_0 endpoint=None crash_enabled=false
2026-06-19T05:46:12.496360Z  INFO mq_bench::roles::subscriber: Connected via transport engine=Mqtt
2026-06-19T05:46:12.496419Z  INFO mq_bench::roles::subscriber: Subscribed to key expression key=topic_0
2026-06-19T05:46:19.163664Z  INFO mq_bench::roles::subscriber: Starting subscriber engine=Mqtt key=topic_0 endpoint=None crash_enabled=false
2026-06-19T05:46:19.163766Z  INFO mq_bench::roles::subscriber: Connected via transport engine=Mqtt
2026-06-19T05:46:19.163821Z  INFO mq_bench::roles::subscriber: Subscribed to key expression key=topic_0
2026-06-19T05:46:25.831970Z  INFO mq_bench::roles::subscriber: Starting subscriber engine=Mqtt key=topic_0 endpoint=None crash_enabled=false
2026-06-19T05:46:25.832034Z  INFO mq_bench::roles::subscriber: Connected via transport engine=Mqtt
2026-06-19T05:46:25.832102Z  INFO mq_bench::roles::subscriber: Subscribed to key expression key=topic_0
2026-06-19T05:46:32.499862Z  INFO mq_bench::roles::subscriber: Starting subscriber engine=Mqtt key=topic_0 endpoint=None crash_enabled=false
2026-06-19T05:46:32.499969Z  INFO mq_bench::roles::subscriber: Connected via transport engine=Mqtt
2026-06-19T05:46:32.500058Z  INFO mq_bench::roles::subscriber: Subscribed to key expression key=topic_0
2026-06-19T05:46:39.167531Z  INFO mq_bench::roles::subscriber: Starting subscriber engine=Mqtt key=topic_0 endpoint=None crash_enabled=false
2026-06-19T05:46:39.167596Z  INFO mq_bench::roles::subscriber: Connected via transport engine=Mqtt
2026-06-19T05:46:39.167689Z  INFO mq_bench::roles::subscriber: Subscribed to key expression key=topic_0
2026-06-19T05:46:45.835427Z  INFO mq_bench::roles::subscriber: Starting subscriber engine=Mqtt key=topic_0 endpoint=None crash_enabled=false
2026-06-19T05:46:45.835478Z  INFO mq_bench::roles::subscriber: Connected via transport engine=Mqtt
2026-06-19T05:46:45.835571Z  INFO mq_bench::roles::subscriber: Subscribed to key expression key=topic_0
2026-06-19T05:46:52.503479Z  INFO mq_bench::roles::subscriber: Starting subscriber engine=Mqtt key=topic_0 endpoint=None crash_enabled=false
2026-06-19T05:46:52.503554Z  INFO mq_bench::roles::subscriber: Connected via transport engine=Mqtt
2026-06-19T05:46:52.503654Z  INFO mq_bench::roles::subscriber: Subscribed to key expression key=topic_0
2026-06-19T05:46:59.171884Z  INFO mq_bench::roles::subscriber: Starting subscriber engine=Mqtt key=topic_0 endpoint=None crash_enabled=false
2026-06-19T05:46:59.171940Z  INFO mq_bench::roles::subscriber: Connected via transport engine=Mqtt
2026-06-19T05:46:59.172095Z  INFO mq_bench::roles::subscriber: Subscribed to key expression key=topic_0
2026-06-19T05:47:05.839920Z  INFO mq_bench::roles::subscriber: Starting subscriber engine=Mqtt key=topic_0 endpoint=None crash_enabled=false
2026-06-19T05:47:05.839984Z  INFO mq_bench::roles::subscriber: Connected via transport engine=Mqtt
2026-06-19T05:47:05.840073Z  INFO mq_bench::roles::subscriber: Subscribed to key expression key=topic_0
