mq-bench starting with run_id: auto
Writing CSV output to: artifacts/fanout_bursty_20260619_054605_mqtt_rabbitmq_p64_s1000_u10_bursty/fanout_singlesite/sub_7_2.csv
2026-06-19T05:46:06.089563Z  INFO mq_bench::roles::subscriber: Starting subscriber engine=Mqtt key=topic_7 endpoint=None crash_enabled=false
2026-06-19T05:46:06.089607Z  INFO mq_bench::roles::subscriber: Connected via transport engine=Mqtt
2026-06-19T05:46:06.089642Z  INFO mq_bench::roles::subscriber: Subscribed to key expression key=topic_7
2026-06-19T05:46:12.757396Z  INFO mq_bench::roles::subscriber: Starting subscriber engine=Mqtt key=topic_7 endpoint=None crash_enabled=false
2026-06-19T05:46:12.757511Z  INFO mq_bench::roles::subscriber: Connected via transport engine=Mqtt
2026-06-19T05:46:12.757569Z  INFO mq_bench::roles::subscriber: Subscribed to key expression key=topic_7
2026-06-19T05:46:19.425410Z  INFO mq_bench::roles::subscriber: Starting subscriber engine=Mqtt key=topic_7 endpoint=None crash_enabled=false
2026-06-19T05:46:19.425509Z  INFO mq_bench::roles::subscriber: Connected via transport engine=Mqtt
2026-06-19T05:46:19.425556Z  INFO mq_bench::roles::subscriber: Subscribed to key expression key=topic_7
2026-06-19T05:46:26.093500Z  INFO mq_bench::roles::subscriber: Starting subscriber engine=Mqtt key=topic_7 endpoint=None crash_enabled=false
2026-06-19T05:46:26.093556Z  INFO mq_bench::roles::subscriber: Connected via transport engine=Mqtt
2026-06-19T05:46:26.093622Z  INFO mq_bench::roles::subscriber: Subscribed to key expression key=topic_7
2026-06-19T05:46:32.761526Z  INFO mq_bench::roles::subscriber: Starting subscriber engine=Mqtt key=topic_7 endpoint=None crash_enabled=false
2026-06-19T05:46:32.761628Z  INFO mq_bench::roles::subscriber: Connected via transport engine=Mqtt
2026-06-19T05:46:32.761697Z  INFO mq_bench::roles::subscriber: Subscribed to key expression key=topic_7
2026-06-19T05:46:39.429513Z  INFO mq_bench::roles::subscriber: Starting subscriber engine=Mqtt key=topic_7 endpoint=None crash_enabled=false
2026-06-19T05:46:39.429570Z  INFO mq_bench::roles::subscriber: Connected via transport engine=Mqtt
2026-06-19T05:46:39.429681Z  INFO mq_bench::roles::subscriber: Subscribed to key expression key=topic_7
2026-06-19T05:46:46.097381Z  INFO mq_bench::roles::subscriber: Starting subscriber engine=Mqtt key=topic_7 endpoint=None crash_enabled=false
2026-06-19T05:46:46.097441Z  INFO mq_bench::roles::subscriber: Connected via transport engine=Mqtt
2026-06-19T05:46:46.097532Z  INFO mq_bench::roles::subscriber: Subscribed to key expression key=topic_7
2026-06-19T05:46:52.765797Z  INFO mq_bench::roles::subscriber: Starting subscriber engine=Mqtt key=topic_7 endpoint=None crash_enabled=false
2026-06-19T05:46:52.765853Z  INFO mq_bench::roles::subscriber: Connected via transport engine=Mqtt
2026-06-19T05:46:52.765976Z  INFO mq_bench::roles::subscriber: Subscribed to key expression key=topic_7
2026-06-19T05:46:59.433358Z  INFO mq_bench::roles::subscriber: Starting subscriber engine=Mqtt key=topic_7 endpoint=None crash_enabled=false
2026-06-19T05:46:59.433418Z  INFO mq_bench::roles::subscriber: Connected via transport engine=Mqtt
2026-06-19T05:46:59.433509Z  INFO mq_bench::roles::subscriber: Subscribed to key expression key=topic_7
2026-06-19T05:47:06.101592Z  INFO mq_bench::roles::subscriber: Starting subscriber engine=Mqtt key=topic_7 endpoint=None crash_enabled=false
2026-06-19T05:47:06.101645Z  INFO mq_bench::roles::subscriber: Connected via transport engine=Mqtt
2026-06-19T05:47:06.101770Z  INFO mq_bench::roles::subscriber: Subscribed to key expression key=topic_7
