mq-bench starting with run_id: auto
Writing CSV output to: artifacts/fanout_bursty_20260619_054605_mqtt_rabbitmq_p64_s1000_u10_bursty/fanout_singlesite/sub_0_4.csv
2026-06-19T05:46:05.832134Z  INFO mq_bench::roles::subscriber: Starting subscriber engine=Mqtt key=topic_0 endpoint=None crash_enabled=false
2026-06-19T05:46:05.832180Z  INFO mq_bench::roles::subscriber: Connected via transport engine=Mqtt
2026-06-19T05:46:05.832229Z  INFO mq_bench::roles::subscriber: Subscribed to key expression key=topic_0
2026-06-19T05:46:12.499773Z  INFO mq_bench::roles::subscriber: Starting subscriber engine=Mqtt key=topic_0 endpoint=None crash_enabled=false
2026-06-19T05:46:12.499828Z  INFO mq_bench::roles::subscriber: Connected via transport engine=Mqtt
2026-06-19T05:46:12.499893Z  INFO mq_bench::roles::subscriber: Subscribed to key expression key=topic_0
2026-06-19T05:46:19.167837Z  INFO mq_bench::roles::subscriber: Starting subscriber engine=Mqtt key=topic_0 endpoint=None crash_enabled=false
2026-06-19T05:46:19.167945Z  INFO mq_bench::roles::subscriber: Connected via transport engine=Mqtt
2026-06-19T05:46:19.168011Z  INFO mq_bench::roles::subscriber: Subscribed to key expression key=topic_0
2026-06-19T05:46:25.835876Z  INFO mq_bench::roles::subscriber: Starting subscriber engine=Mqtt key=topic_0 endpoint=None crash_enabled=false
2026-06-19T05:46:25.835970Z  INFO mq_bench::roles::subscriber: Connected via transport engine=Mqtt
2026-06-19T05:46:25.836031Z  INFO mq_bench::roles::subscriber: Subscribed to key expression key=topic_0
2026-06-19T05:46:32.504114Z  INFO mq_bench::roles::subscriber: Starting subscriber engine=Mqtt key=topic_0 endpoint=None crash_enabled=false
2026-06-19T05:46:32.504165Z  INFO mq_bench::roles::subscriber: Connected via transport engine=Mqtt
2026-06-19T05:46:32.504273Z  INFO mq_bench::roles::subscriber: Subscribed to key expression key=topic_0
2026-06-19T05:46:39.172219Z  INFO mq_bench::roles::subscriber: Starting subscriber engine=Mqtt key=topic_0 endpoint=None crash_enabled=false
2026-06-19T05:46:39.172262Z  INFO mq_bench::roles::subscriber: Connected via transport engine=Mqtt
2026-06-19T05:46:39.172354Z  INFO mq_bench::roles::subscriber: Subscribed to key expression key=topic_0
2026-06-19T05:46:45.840196Z  INFO mq_bench::roles::subscriber: Starting subscriber engine=Mqtt key=topic_0 endpoint=None crash_enabled=false
2026-06-19T05:46:45.840283Z  INFO mq_bench::roles::subscriber: Connected via transport engine=Mqtt
2026-06-19T05:46:45.840358Z  INFO mq_bench::roles::subscriber: Subscribed to key expression key=topic_0
2026-06-19T05:46:52.508014Z  INFO mq_bench::roles::subscriber: Starting subscriber engine=Mqtt key=topic_0 endpoint=None crash_enabled=false
2026-06-19T05:46:52.508069Z  INFO mq_bench::roles::subscriber: Connected via transport engine=Mqtt
2026-06-19T05:46:52.508146Z  INFO mq_bench::roles::subscriber: Subscribed to key expression key=topic_0
2026-06-19T05:46:59.175466Z  INFO mq_bench::roles::subscriber: Starting subscriber engine=Mqtt key=topic_0 endpoint=None crash_enabled=false
2026-06-19T05:46:59.175524Z  INFO mq_bench::roles::subscriber: Connected via transport engine=Mqtt
2026-06-19T05:46:59.175621Z  INFO mq_bench::roles::subscriber: Subscribed to key expression key=topic_0
2026-06-19T05:47:05.843075Z  INFO mq_bench::roles::subscriber: Starting subscriber engine=Mqtt key=topic_0 endpoint=None crash_enabled=false
2026-06-19T05:47:05.843144Z  INFO mq_bench::roles::subscriber: Connected via transport engine=Mqtt
2026-06-19T05:47:05.843235Z  INFO mq_bench::roles::subscriber: Subscribed to key expression key=topic_0
