mq-bench starting with run_id: auto
Writing CSV output to: artifacts/fanout_bursty_20260619_054605_mqtt_rabbitmq_p64_s1000_u10_bursty/fanout_singlesite/sub_6_3.csv
2026-06-19T05:46:06.053988Z  INFO mq_bench::roles::subscriber: Starting subscriber engine=Mqtt key=topic_6 endpoint=None crash_enabled=false
2026-06-19T05:46:06.054044Z  INFO mq_bench::roles::subscriber: Connected via transport engine=Mqtt
2026-06-19T05:46:06.054080Z  INFO mq_bench::roles::subscriber: Subscribed to key expression key=topic_6
2026-06-19T05:46:12.722168Z  INFO mq_bench::roles::subscriber: Starting subscriber engine=Mqtt key=topic_6 endpoint=None crash_enabled=false
2026-06-19T05:46:12.722255Z  INFO mq_bench::roles::subscriber: Connected via transport engine=Mqtt
2026-06-19T05:46:12.722331Z  INFO mq_bench::roles::subscriber: Subscribed to key expression key=topic_6
2026-06-19T05:46:19.390401Z  INFO mq_bench::roles::subscriber: Starting subscriber engine=Mqtt key=topic_6 endpoint=None crash_enabled=false
2026-06-19T05:46:19.390507Z  INFO mq_bench::roles::subscriber: Connected via transport engine=Mqtt
2026-06-19T05:46:19.390570Z  INFO mq_bench::roles::subscriber: Subscribed to key expression key=topic_6
2026-06-19T05:46:26.057682Z  INFO mq_bench::roles::subscriber: Starting subscriber engine=Mqtt key=topic_6 endpoint=None crash_enabled=false
2026-06-19T05:46:26.057726Z  INFO mq_bench::roles::subscriber: Connected via transport engine=Mqtt
2026-06-19T05:46:26.057795Z  INFO mq_bench::roles::subscriber: Subscribed to key expression key=topic_6
2026-06-19T05:46:32.724620Z  INFO mq_bench::roles::subscriber: Starting subscriber engine=Mqtt key=topic_6 endpoint=None crash_enabled=false
2026-06-19T05:46:32.724726Z  INFO mq_bench::roles::subscriber: Connected via transport engine=Mqtt
2026-06-19T05:46:32.724811Z  INFO mq_bench::roles::subscriber: Subscribed to key expression key=topic_6
2026-06-19T05:46:39.392149Z  INFO mq_bench::roles::subscriber: Starting subscriber engine=Mqtt key=topic_6 endpoint=None crash_enabled=false
2026-06-19T05:46:39.392193Z  INFO mq_bench::roles::subscriber: Connected via transport engine=Mqtt
2026-06-19T05:46:39.392301Z  INFO mq_bench::roles::subscriber: Subscribed to key expression key=topic_6
2026-06-19T05:46:46.059930Z  INFO mq_bench::roles::subscriber: Starting subscriber engine=Mqtt key=topic_6 endpoint=None crash_enabled=false
2026-06-19T05:46:46.059978Z  INFO mq_bench::roles::subscriber: Connected via transport engine=Mqtt
2026-06-19T05:46:46.060060Z  INFO mq_bench::roles::subscriber: Subscribed to key expression key=topic_6
2026-06-19T05:46:52.727504Z  INFO mq_bench::roles::subscriber: Starting subscriber engine=Mqtt key=topic_6 endpoint=None crash_enabled=false
2026-06-19T05:46:52.727563Z  INFO mq_bench::roles::subscriber: Connected via transport engine=Mqtt
2026-06-19T05:46:52.727642Z  INFO mq_bench::roles::subscriber: Subscribed to key expression key=topic_6
2026-06-19T05:46:59.395370Z  INFO mq_bench::roles::subscriber: Starting subscriber engine=Mqtt key=topic_6 endpoint=None crash_enabled=false
2026-06-19T05:46:59.395430Z  INFO mq_bench::roles::subscriber: Connected via transport engine=Mqtt
2026-06-19T05:46:59.395544Z  INFO mq_bench::roles::subscriber: Subscribed to key expression key=topic_6
2026-06-19T05:47:06.062704Z  INFO mq_bench::roles::subscriber: Starting subscriber engine=Mqtt key=topic_6 endpoint=None crash_enabled=false
2026-06-19T05:47:06.062745Z  INFO mq_bench::roles::subscriber: Connected via transport engine=Mqtt
2026-06-19T05:47:06.062821Z  INFO mq_bench::roles::subscriber: Subscribed to key expression key=topic_6
