mq-bench starting with run_id: auto
Writing CSV output to: artifacts/fanout_bursty_20260619_054605_mqtt_rabbitmq_p64_s1000_u10_bursty/fanout_singlesite/sub_5_3.csv
2026-06-19T05:46:06.015543Z  INFO mq_bench::roles::subscriber: Starting subscriber engine=Mqtt key=topic_5 endpoint=None crash_enabled=false
2026-06-19T05:46:06.015587Z  INFO mq_bench::roles::subscriber: Connected via transport engine=Mqtt
2026-06-19T05:46:06.015621Z  INFO mq_bench::roles::subscriber: Subscribed to key expression key=topic_5
2026-06-19T05:46:12.683552Z  INFO mq_bench::roles::subscriber: Starting subscriber engine=Mqtt key=topic_5 endpoint=None crash_enabled=false
2026-06-19T05:46:12.683606Z  INFO mq_bench::roles::subscriber: Connected via transport engine=Mqtt
2026-06-19T05:46:12.683672Z  INFO mq_bench::roles::subscriber: Subscribed to key expression key=topic_5
2026-06-19T05:46:19.351940Z  INFO mq_bench::roles::subscriber: Starting subscriber engine=Mqtt key=topic_5 endpoint=None crash_enabled=false
2026-06-19T05:46:19.352079Z  INFO mq_bench::roles::subscriber: Connected via transport engine=Mqtt
2026-06-19T05:46:19.352141Z  INFO mq_bench::roles::subscriber: Subscribed to key expression key=topic_5
2026-06-19T05:46:26.019735Z  INFO mq_bench::roles::subscriber: Starting subscriber engine=Mqtt key=topic_5 endpoint=None crash_enabled=false
2026-06-19T05:46:26.019783Z  INFO mq_bench::roles::subscriber: Connected via transport engine=Mqtt
2026-06-19T05:46:26.019853Z  INFO mq_bench::roles::subscriber: Subscribed to key expression key=topic_5
2026-06-19T05:46:32.687890Z  INFO mq_bench::roles::subscriber: Starting subscriber engine=Mqtt key=topic_5 endpoint=None crash_enabled=false
2026-06-19T05:46:32.688002Z  INFO mq_bench::roles::subscriber: Connected via transport engine=Mqtt
2026-06-19T05:46:32.688089Z  INFO mq_bench::roles::subscriber: Subscribed to key expression key=topic_5
2026-06-19T05:46:39.355685Z  INFO mq_bench::roles::subscriber: Starting subscriber engine=Mqtt key=topic_5 endpoint=None crash_enabled=false
2026-06-19T05:46:39.355738Z  INFO mq_bench::roles::subscriber: Connected via transport engine=Mqtt
2026-06-19T05:46:39.355828Z  INFO mq_bench::roles::subscriber: Subscribed to key expression key=topic_5
2026-06-19T05:46:46.022989Z  INFO mq_bench::roles::subscriber: Starting subscriber engine=Mqtt key=topic_5 endpoint=None crash_enabled=false
2026-06-19T05:46:46.023050Z  INFO mq_bench::roles::subscriber: Connected via transport engine=Mqtt
2026-06-19T05:46:46.023142Z  INFO mq_bench::roles::subscriber: Subscribed to key expression key=topic_5
2026-06-19T05:46:52.690183Z  INFO mq_bench::roles::subscriber: Starting subscriber engine=Mqtt key=topic_5 endpoint=None crash_enabled=false
2026-06-19T05:46:52.690258Z  INFO mq_bench::roles::subscriber: Connected via transport engine=Mqtt
2026-06-19T05:46:52.690350Z  INFO mq_bench::roles::subscriber: Subscribed to key expression key=topic_5
2026-06-19T05:46:59.357153Z  INFO mq_bench::roles::subscriber: Starting subscriber engine=Mqtt key=topic_5 endpoint=None crash_enabled=false
2026-06-19T05:46:59.357236Z  INFO mq_bench::roles::subscriber: Connected via transport engine=Mqtt
2026-06-19T05:46:59.357326Z  INFO mq_bench::roles::subscriber: Subscribed to key expression key=topic_5
2026-06-19T05:47:06.024647Z  INFO mq_bench::roles::subscriber: Starting subscriber engine=Mqtt key=topic_5 endpoint=None crash_enabled=false
2026-06-19T05:47:06.024723Z  INFO mq_bench::roles::subscriber: Connected via transport engine=Mqtt
2026-06-19T05:47:06.024801Z  INFO mq_bench::roles::subscriber: Subscribed to key expression key=topic_5
