mq-bench starting with run_id: auto
Writing CSV output to: artifacts/fanout_bursty_20260619_054605_mqtt_rabbitmq_p64_s1000_u10_bursty/fanout_singlesite/sub_7_9.csv
2026-06-19T05:46:06.117290Z  INFO mq_bench::roles::subscriber: Starting subscriber engine=Mqtt key=topic_7 endpoint=None crash_enabled=false
2026-06-19T05:46:06.117336Z  INFO mq_bench::roles::subscriber: Connected via transport engine=Mqtt
2026-06-19T05:46:06.117380Z  INFO mq_bench::roles::subscriber: Subscribed to key expression key=topic_7
2026-06-19T05:46:12.785118Z  INFO mq_bench::roles::subscriber: Starting subscriber engine=Mqtt key=topic_7 endpoint=None crash_enabled=false
2026-06-19T05:46:12.785266Z  INFO mq_bench::roles::subscriber: Connected via transport engine=Mqtt
2026-06-19T05:46:12.785328Z  INFO mq_bench::roles::subscriber: Subscribed to key expression key=topic_7
2026-06-19T05:46:19.453039Z  INFO mq_bench::roles::subscriber: Starting subscriber engine=Mqtt key=topic_7 endpoint=None crash_enabled=false
2026-06-19T05:46:19.453098Z  INFO mq_bench::roles::subscriber: Connected via transport engine=Mqtt
2026-06-19T05:46:19.453162Z  INFO mq_bench::roles::subscriber: Subscribed to key expression key=topic_7
2026-06-19T05:46:26.120428Z  INFO mq_bench::roles::subscriber: Starting subscriber engine=Mqtt key=topic_7 endpoint=None crash_enabled=false
2026-06-19T05:46:26.120471Z  INFO mq_bench::roles::subscriber: Connected via transport engine=Mqtt
2026-06-19T05:46:26.120538Z  INFO mq_bench::roles::subscriber: Subscribed to key expression key=topic_7
2026-06-19T05:46:32.787989Z  INFO mq_bench::roles::subscriber: Starting subscriber engine=Mqtt key=topic_7 endpoint=None crash_enabled=false
2026-06-19T05:46:32.788028Z  INFO mq_bench::roles::subscriber: Connected via transport engine=Mqtt
2026-06-19T05:46:32.788084Z  INFO mq_bench::roles::subscriber: Subscribed to key expression key=topic_7
2026-06-19T05:46:39.456266Z  INFO mq_bench::roles::subscriber: Starting subscriber engine=Mqtt key=topic_7 endpoint=None crash_enabled=false
2026-06-19T05:46:39.456315Z  INFO mq_bench::roles::subscriber: Connected via transport engine=Mqtt
2026-06-19T05:46:39.456384Z  INFO mq_bench::roles::subscriber: Subscribed to key expression key=topic_7
2026-06-19T05:46:46.124405Z  INFO mq_bench::roles::subscriber: Starting subscriber engine=Mqtt key=topic_7 endpoint=None crash_enabled=false
2026-06-19T05:46:46.124533Z  INFO mq_bench::roles::subscriber: Connected via transport engine=Mqtt
2026-06-19T05:46:46.124618Z  INFO mq_bench::roles::subscriber: Subscribed to key expression key=topic_7
2026-06-19T05:46:52.792272Z  INFO mq_bench::roles::subscriber: Starting subscriber engine=Mqtt key=topic_7 endpoint=None crash_enabled=false
2026-06-19T05:46:52.792327Z  INFO mq_bench::roles::subscriber: Connected via transport engine=Mqtt
2026-06-19T05:46:52.792417Z  INFO mq_bench::roles::subscriber: Subscribed to key expression key=topic_7
2026-06-19T05:46:59.459457Z  INFO mq_bench::roles::subscriber: Starting subscriber engine=Mqtt key=topic_7 endpoint=None crash_enabled=false
2026-06-19T05:46:59.459528Z  INFO mq_bench::roles::subscriber: Connected via transport engine=Mqtt
2026-06-19T05:46:59.459636Z  INFO mq_bench::roles::subscriber: Subscribed to key expression key=topic_7
2026-06-19T05:47:06.126864Z  INFO mq_bench::roles::subscriber: Starting subscriber engine=Mqtt key=topic_7 endpoint=None crash_enabled=false
2026-06-19T05:47:06.126942Z  INFO mq_bench::roles::subscriber: Connected via transport engine=Mqtt
2026-06-19T05:47:06.127021Z  INFO mq_bench::roles::subscriber: Subscribed to key expression key=topic_7
