mq-bench starting with run_id: auto
Writing CSV output to: artifacts/fanout_bursty_20260619_054605_mqtt_rabbitmq_p64_s1000_u10_bursty/fanout_singlesite/sub_3_4.csv
2026-06-19T05:46:05.941999Z  INFO mq_bench::roles::subscriber: Starting subscriber engine=Mqtt key=topic_3 endpoint=None crash_enabled=false
2026-06-19T05:46:05.942038Z  INFO mq_bench::roles::subscriber: Connected via transport engine=Mqtt
2026-06-19T05:46:05.942073Z  INFO mq_bench::roles::subscriber: Subscribed to key expression key=topic_3
2026-06-19T05:46:12.609019Z  INFO mq_bench::roles::subscriber: Starting subscriber engine=Mqtt key=topic_3 endpoint=None crash_enabled=false
2026-06-19T05:46:12.609130Z  INFO mq_bench::roles::subscriber: Connected via transport engine=Mqtt
2026-06-19T05:46:12.609191Z  INFO mq_bench::roles::subscriber: Subscribed to key expression key=topic_3
2026-06-19T05:46:19.276879Z  INFO mq_bench::roles::subscriber: Starting subscriber engine=Mqtt key=topic_3 endpoint=None crash_enabled=false
2026-06-19T05:46:19.276993Z  INFO mq_bench::roles::subscriber: Connected via transport engine=Mqtt
2026-06-19T05:46:19.277055Z  INFO mq_bench::roles::subscriber: Subscribed to key expression key=topic_3
2026-06-19T05:46:25.944479Z  INFO mq_bench::roles::subscriber: Starting subscriber engine=Mqtt key=topic_3 endpoint=None crash_enabled=false
2026-06-19T05:46:25.944584Z  INFO mq_bench::roles::subscriber: Connected via transport engine=Mqtt
2026-06-19T05:46:25.944638Z  INFO mq_bench::roles::subscriber: Subscribed to key expression key=topic_3
2026-06-19T05:46:32.612898Z  INFO mq_bench::roles::subscriber: Starting subscriber engine=Mqtt key=topic_3 endpoint=None crash_enabled=false
2026-06-19T05:46:32.612948Z  INFO mq_bench::roles::subscriber: Connected via transport engine=Mqtt
2026-06-19T05:46:32.613023Z  INFO mq_bench::roles::subscriber: Subscribed to key expression key=topic_3
2026-06-19T05:46:39.279926Z  INFO mq_bench::roles::subscriber: Starting subscriber engine=Mqtt key=topic_3 endpoint=None crash_enabled=false
2026-06-19T05:46:39.279972Z  INFO mq_bench::roles::subscriber: Connected via transport engine=Mqtt
2026-06-19T05:46:39.280049Z  INFO mq_bench::roles::subscriber: Subscribed to key expression key=topic_3
2026-06-19T05:46:45.947072Z  INFO mq_bench::roles::subscriber: Starting subscriber engine=Mqtt key=topic_3 endpoint=None crash_enabled=false
2026-06-19T05:46:45.947117Z  INFO mq_bench::roles::subscriber: Connected via transport engine=Mqtt
2026-06-19T05:46:45.947227Z  INFO mq_bench::roles::subscriber: Subscribed to key expression key=topic_3
2026-06-19T05:46:52.614054Z  INFO mq_bench::roles::subscriber: Starting subscriber engine=Mqtt key=topic_3 endpoint=None crash_enabled=false
2026-06-19T05:46:52.614124Z  INFO mq_bench::roles::subscriber: Connected via transport engine=Mqtt
2026-06-19T05:46:52.614198Z  INFO mq_bench::roles::subscriber: Subscribed to key expression key=topic_3
2026-06-19T05:46:59.281179Z  INFO mq_bench::roles::subscriber: Starting subscriber engine=Mqtt key=topic_3 endpoint=None crash_enabled=false
2026-06-19T05:46:59.281236Z  INFO mq_bench::roles::subscriber: Connected via transport engine=Mqtt
2026-06-19T05:46:59.281325Z  INFO mq_bench::roles::subscriber: Subscribed to key expression key=topic_3
2026-06-19T05:47:05.948874Z  INFO mq_bench::roles::subscriber: Starting subscriber engine=Mqtt key=topic_3 endpoint=None crash_enabled=false
2026-06-19T05:47:05.948916Z  INFO mq_bench::roles::subscriber: Connected via transport engine=Mqtt
2026-06-19T05:47:05.949001Z  INFO mq_bench::roles::subscriber: Subscribed to key expression key=topic_3
