mq-bench starting with run_id: auto
Writing CSV output to: artifacts/fanout_bursty_20260619_054605_mqtt_rabbitmq_p64_s1000_u10_bursty/fanout_singlesite/sub_1_2.csv
2026-06-19T05:46:05.861500Z  INFO mq_bench::roles::subscriber: Starting subscriber engine=Mqtt key=topic_1 endpoint=None crash_enabled=false
2026-06-19T05:46:05.861545Z  INFO mq_bench::roles::subscriber: Connected via transport engine=Mqtt
2026-06-19T05:46:05.861578Z  INFO mq_bench::roles::subscriber: Subscribed to key expression key=topic_1
2026-06-19T05:46:12.529879Z  INFO mq_bench::roles::subscriber: Starting subscriber engine=Mqtt key=topic_1 endpoint=None crash_enabled=false
2026-06-19T05:46:12.530007Z  INFO mq_bench::roles::subscriber: Connected via transport engine=Mqtt
2026-06-19T05:46:12.530073Z  INFO mq_bench::roles::subscriber: Subscribed to key expression key=topic_1
2026-06-19T05:46:19.197841Z  INFO mq_bench::roles::subscriber: Starting subscriber engine=Mqtt key=topic_1 endpoint=None crash_enabled=false
2026-06-19T05:46:19.197895Z  INFO mq_bench::roles::subscriber: Connected via transport engine=Mqtt
2026-06-19T05:46:19.197960Z  INFO mq_bench::roles::subscriber: Subscribed to key expression key=topic_1
2026-06-19T05:46:25.865566Z  INFO mq_bench::roles::subscriber: Starting subscriber engine=Mqtt key=topic_1 endpoint=None crash_enabled=false
2026-06-19T05:46:25.865623Z  INFO mq_bench::roles::subscriber: Connected via transport engine=Mqtt
2026-06-19T05:46:25.865696Z  INFO mq_bench::roles::subscriber: Subscribed to key expression key=topic_1
2026-06-19T05:46:32.533595Z  INFO mq_bench::roles::subscriber: Starting subscriber engine=Mqtt key=topic_1 endpoint=None crash_enabled=false
2026-06-19T05:46:32.533713Z  INFO mq_bench::roles::subscriber: Connected via transport engine=Mqtt
2026-06-19T05:46:32.533787Z  INFO mq_bench::roles::subscriber: Subscribed to key expression key=topic_1
2026-06-19T05:46:39.201395Z  INFO mq_bench::roles::subscriber: Starting subscriber engine=Mqtt key=topic_1 endpoint=None crash_enabled=false
2026-06-19T05:46:39.201460Z  INFO mq_bench::roles::subscriber: Connected via transport engine=Mqtt
2026-06-19T05:46:39.201530Z  INFO mq_bench::roles::subscriber: Subscribed to key expression key=topic_1
2026-06-19T05:46:45.869265Z  INFO mq_bench::roles::subscriber: Starting subscriber engine=Mqtt key=topic_1 endpoint=None crash_enabled=false
2026-06-19T05:46:45.869315Z  INFO mq_bench::roles::subscriber: Connected via transport engine=Mqtt
2026-06-19T05:46:45.869412Z  INFO mq_bench::roles::subscriber: Subscribed to key expression key=topic_1
2026-06-19T05:46:52.537043Z  INFO mq_bench::roles::subscriber: Starting subscriber engine=Mqtt key=topic_1 endpoint=None crash_enabled=false
2026-06-19T05:46:52.537109Z  INFO mq_bench::roles::subscriber: Connected via transport engine=Mqtt
2026-06-19T05:46:52.537241Z  INFO mq_bench::roles::subscriber: Subscribed to key expression key=topic_1
2026-06-19T05:46:59.204630Z  INFO mq_bench::roles::subscriber: Starting subscriber engine=Mqtt key=topic_1 endpoint=None crash_enabled=false
2026-06-19T05:46:59.204684Z  INFO mq_bench::roles::subscriber: Connected via transport engine=Mqtt
2026-06-19T05:46:59.204766Z  INFO mq_bench::roles::subscriber: Subscribed to key expression key=topic_1
2026-06-19T05:47:05.872994Z  INFO mq_bench::roles::subscriber: Starting subscriber engine=Mqtt key=topic_1 endpoint=None crash_enabled=false
2026-06-19T05:47:05.873077Z  INFO mq_bench::roles::subscriber: Connected via transport engine=Mqtt
2026-06-19T05:47:05.873163Z  INFO mq_bench::roles::subscriber: Subscribed to key expression key=topic_1
