mq-bench starting with run_id: auto
Writing CSV output to: artifacts/fanout_bursty_20260619_054605_mqtt_rabbitmq_p64_s1000_u10_bursty/fanout_singlesite/sub_5_0.csv
2026-06-19T05:46:06.004179Z  INFO mq_bench::roles::subscriber: Starting subscriber engine=Mqtt key=topic_5 endpoint=None crash_enabled=false
2026-06-19T05:46:06.004245Z  INFO mq_bench::roles::subscriber: Connected via transport engine=Mqtt
2026-06-19T05:46:06.004282Z  INFO mq_bench::roles::subscriber: Subscribed to key expression key=topic_5
2026-06-19T05:46:12.672024Z  INFO mq_bench::roles::subscriber: Starting subscriber engine=Mqtt key=topic_5 endpoint=None crash_enabled=false
2026-06-19T05:46:12.672076Z  INFO mq_bench::roles::subscriber: Connected via transport engine=Mqtt
2026-06-19T05:46:12.672149Z  INFO mq_bench::roles::subscriber: Subscribed to key expression key=topic_5
2026-06-19T05:46:19.339830Z  INFO mq_bench::roles::subscriber: Starting subscriber engine=Mqtt key=topic_5 endpoint=None crash_enabled=false
2026-06-19T05:46:19.339934Z  INFO mq_bench::roles::subscriber: Connected via transport engine=Mqtt
2026-06-19T05:46:19.339996Z  INFO mq_bench::roles::subscriber: Subscribed to key expression key=topic_5
2026-06-19T05:46:26.007759Z  INFO mq_bench::roles::subscriber: Starting subscriber engine=Mqtt key=topic_5 endpoint=None crash_enabled=false
2026-06-19T05:46:26.007870Z  INFO mq_bench::roles::subscriber: Connected via transport engine=Mqtt
2026-06-19T05:46:26.007936Z  INFO mq_bench::roles::subscriber: Subscribed to key expression key=topic_5
2026-06-19T05:46:32.674929Z  INFO mq_bench::roles::subscriber: Starting subscriber engine=Mqtt key=topic_5 endpoint=None crash_enabled=false
2026-06-19T05:46:32.674978Z  INFO mq_bench::roles::subscriber: Connected via transport engine=Mqtt
2026-06-19T05:46:32.675063Z  INFO mq_bench::roles::subscriber: Subscribed to key expression key=topic_5
2026-06-19T05:46:39.342690Z  INFO mq_bench::roles::subscriber: Starting subscriber engine=Mqtt key=topic_5 endpoint=None crash_enabled=false
2026-06-19T05:46:39.342745Z  INFO mq_bench::roles::subscriber: Connected via transport engine=Mqtt
2026-06-19T05:46:39.342830Z  INFO mq_bench::roles::subscriber: Subscribed to key expression key=topic_5
2026-06-19T05:46:46.010034Z  INFO mq_bench::roles::subscriber: Starting subscriber engine=Mqtt key=topic_5 endpoint=None crash_enabled=false
2026-06-19T05:46:46.010088Z  INFO mq_bench::roles::subscriber: Connected via transport engine=Mqtt
2026-06-19T05:46:46.010174Z  INFO mq_bench::roles::subscriber: Subscribed to key expression key=topic_5
2026-06-19T05:46:52.678096Z  INFO mq_bench::roles::subscriber: Starting subscriber engine=Mqtt key=topic_5 endpoint=None crash_enabled=false
2026-06-19T05:46:52.678163Z  INFO mq_bench::roles::subscriber: Connected via transport engine=Mqtt
2026-06-19T05:46:52.678301Z  INFO mq_bench::roles::subscriber: Subscribed to key expression key=topic_5
2026-06-19T05:46:59.346324Z  INFO mq_bench::roles::subscriber: Starting subscriber engine=Mqtt key=topic_5 endpoint=None crash_enabled=false
2026-06-19T05:46:59.346413Z  INFO mq_bench::roles::subscriber: Connected via transport engine=Mqtt
2026-06-19T05:46:59.346552Z  INFO mq_bench::roles::subscriber: Subscribed to key expression key=topic_5
2026-06-19T05:47:06.013647Z  INFO mq_bench::roles::subscriber: Starting subscriber engine=Mqtt key=topic_5 endpoint=None crash_enabled=false
2026-06-19T05:47:06.013699Z  INFO mq_bench::roles::subscriber: Connected via transport engine=Mqtt
2026-06-19T05:47:06.013787Z  INFO mq_bench::roles::subscriber: Subscribed to key expression key=topic_5
