mq-bench starting with run_id: auto
Writing CSV output to: artifacts/fanout_bursty_20260619_054605_mqtt_rabbitmq_p64_s1000_u10_bursty/fanout_singlesite/sub_5_4.csv
2026-06-19T05:46:06.018517Z  INFO mq_bench::roles::subscriber: Starting subscriber engine=Mqtt key=topic_5 endpoint=None crash_enabled=false
2026-06-19T05:46:06.018634Z  INFO mq_bench::roles::subscriber: Connected via transport engine=Mqtt
2026-06-19T05:46:06.018665Z  INFO mq_bench::roles::subscriber: Subscribed to key expression key=topic_5
2026-06-19T05:46:12.685882Z  INFO mq_bench::roles::subscriber: Starting subscriber engine=Mqtt key=topic_5 endpoint=None crash_enabled=false
2026-06-19T05:46:12.685996Z  INFO mq_bench::roles::subscriber: Connected via transport engine=Mqtt
2026-06-19T05:46:12.686053Z  INFO mq_bench::roles::subscriber: Subscribed to key expression key=topic_5
2026-06-19T05:46:19.354290Z  INFO mq_bench::roles::subscriber: Starting subscriber engine=Mqtt key=topic_5 endpoint=None crash_enabled=false
2026-06-19T05:46:19.354410Z  INFO mq_bench::roles::subscriber: Connected via transport engine=Mqtt
2026-06-19T05:46:19.354471Z  INFO mq_bench::roles::subscriber: Subscribed to key expression key=topic_5
2026-06-19T05:46:26.021837Z  INFO mq_bench::roles::subscriber: Starting subscriber engine=Mqtt key=topic_5 endpoint=None crash_enabled=false
2026-06-19T05:46:26.021893Z  INFO mq_bench::roles::subscriber: Connected via transport engine=Mqtt
2026-06-19T05:46:26.021961Z  INFO mq_bench::roles::subscriber: Subscribed to key expression key=topic_5
2026-06-19T05:46:32.690422Z  INFO mq_bench::roles::subscriber: Starting subscriber engine=Mqtt key=topic_5 endpoint=None crash_enabled=false
2026-06-19T05:46:32.690533Z  INFO mq_bench::roles::subscriber: Connected via transport engine=Mqtt
2026-06-19T05:46:32.690603Z  INFO mq_bench::roles::subscriber: Subscribed to key expression key=topic_5
2026-06-19T05:46:39.357775Z  INFO mq_bench::roles::subscriber: Starting subscriber engine=Mqtt key=topic_5 endpoint=None crash_enabled=false
2026-06-19T05:46:39.357845Z  INFO mq_bench::roles::subscriber: Connected via transport engine=Mqtt
2026-06-19T05:46:39.357925Z  INFO mq_bench::roles::subscriber: Subscribed to key expression key=topic_5
2026-06-19T05:46:46.025280Z  INFO mq_bench::roles::subscriber: Starting subscriber engine=Mqtt key=topic_5 endpoint=None crash_enabled=false
2026-06-19T05:46:46.025344Z  INFO mq_bench::roles::subscriber: Connected via transport engine=Mqtt
2026-06-19T05:46:46.025430Z  INFO mq_bench::roles::subscriber: Subscribed to key expression key=topic_5
2026-06-19T05:46:52.693321Z  INFO mq_bench::roles::subscriber: Starting subscriber engine=Mqtt key=topic_5 endpoint=None crash_enabled=false
2026-06-19T05:46:52.693376Z  INFO mq_bench::roles::subscriber: Connected via transport engine=Mqtt
2026-06-19T05:46:52.693463Z  INFO mq_bench::roles::subscriber: Subscribed to key expression key=topic_5
2026-06-19T05:46:59.361078Z  INFO mq_bench::roles::subscriber: Starting subscriber engine=Mqtt key=topic_5 endpoint=None crash_enabled=false
2026-06-19T05:46:59.361172Z  INFO mq_bench::roles::subscriber: Connected via transport engine=Mqtt
2026-06-19T05:46:59.361290Z  INFO mq_bench::roles::subscriber: Subscribed to key expression key=topic_5
2026-06-19T05:47:06.029611Z  INFO mq_bench::roles::subscriber: Starting subscriber engine=Mqtt key=topic_5 endpoint=None crash_enabled=false
2026-06-19T05:47:06.029668Z  INFO mq_bench::roles::subscriber: Connected via transport engine=Mqtt
2026-06-19T05:47:06.029764Z  INFO mq_bench::roles::subscriber: Subscribed to key expression key=topic_5
