mq-bench starting with run_id: auto
Writing CSV output to: artifacts/fanout_bursty_20260619_054605_mqtt_rabbitmq_p64_s1000_u10_bursty/fanout_singlesite/sub_3_2.csv
2026-06-19T05:46:05.934725Z  INFO mq_bench::roles::subscriber: Starting subscriber engine=Mqtt key=topic_3 endpoint=None crash_enabled=false
2026-06-19T05:46:05.934772Z  INFO mq_bench::roles::subscriber: Connected via transport engine=Mqtt
2026-06-19T05:46:05.934818Z  INFO mq_bench::roles::subscriber: Subscribed to key expression key=topic_3
2026-06-19T05:46:12.602619Z  INFO mq_bench::roles::subscriber: Starting subscriber engine=Mqtt key=topic_3 endpoint=None crash_enabled=false
2026-06-19T05:46:12.602737Z  INFO mq_bench::roles::subscriber: Connected via transport engine=Mqtt
2026-06-19T05:46:12.602803Z  INFO mq_bench::roles::subscriber: Subscribed to key expression key=topic_3
2026-06-19T05:46:19.270439Z  INFO mq_bench::roles::subscriber: Starting subscriber engine=Mqtt key=topic_3 endpoint=None crash_enabled=false
2026-06-19T05:46:19.270571Z  INFO mq_bench::roles::subscriber: Connected via transport engine=Mqtt
2026-06-19T05:46:19.270638Z  INFO mq_bench::roles::subscriber: Subscribed to key expression key=topic_3
2026-06-19T05:46:25.937602Z  INFO mq_bench::roles::subscriber: Starting subscriber engine=Mqtt key=topic_3 endpoint=None crash_enabled=false
2026-06-19T05:46:25.937661Z  INFO mq_bench::roles::subscriber: Connected via transport engine=Mqtt
2026-06-19T05:46:25.937726Z  INFO mq_bench::roles::subscriber: Subscribed to key expression key=topic_3
2026-06-19T05:46:32.605358Z  INFO mq_bench::roles::subscriber: Starting subscriber engine=Mqtt key=topic_3 endpoint=None crash_enabled=false
2026-06-19T05:46:32.605470Z  INFO mq_bench::roles::subscriber: Connected via transport engine=Mqtt
2026-06-19T05:46:32.605552Z  INFO mq_bench::roles::subscriber: Subscribed to key expression key=topic_3
2026-06-19T05:46:39.273386Z  INFO mq_bench::roles::subscriber: Starting subscriber engine=Mqtt key=topic_3 endpoint=None crash_enabled=false
2026-06-19T05:46:39.273414Z  INFO mq_bench::roles::subscriber: Connected via transport engine=Mqtt
2026-06-19T05:46:39.273445Z  INFO mq_bench::roles::subscriber: Subscribed to key expression key=topic_3
2026-06-19T05:46:45.941513Z  INFO mq_bench::roles::subscriber: Starting subscriber engine=Mqtt key=topic_3 endpoint=None crash_enabled=false
2026-06-19T05:46:45.941567Z  INFO mq_bench::roles::subscriber: Connected via transport engine=Mqtt
2026-06-19T05:46:45.941660Z  INFO mq_bench::roles::subscriber: Subscribed to key expression key=topic_3
2026-06-19T05:46:52.609540Z  INFO mq_bench::roles::subscriber: Starting subscriber engine=Mqtt key=topic_3 endpoint=None crash_enabled=false
2026-06-19T05:46:52.609607Z  INFO mq_bench::roles::subscriber: Connected via transport engine=Mqtt
2026-06-19T05:46:52.609695Z  INFO mq_bench::roles::subscriber: Subscribed to key expression key=topic_3
2026-06-19T05:46:59.277559Z  INFO mq_bench::roles::subscriber: Starting subscriber engine=Mqtt key=topic_3 endpoint=None crash_enabled=false
2026-06-19T05:46:59.277619Z  INFO mq_bench::roles::subscriber: Connected via transport engine=Mqtt
2026-06-19T05:46:59.277704Z  INFO mq_bench::roles::subscriber: Subscribed to key expression key=topic_3
2026-06-19T05:47:05.945590Z  INFO mq_bench::roles::subscriber: Starting subscriber engine=Mqtt key=topic_3 endpoint=None crash_enabled=false
2026-06-19T05:47:05.945651Z  INFO mq_bench::roles::subscriber: Connected via transport engine=Mqtt
2026-06-19T05:47:05.945740Z  INFO mq_bench::roles::subscriber: Subscribed to key expression key=topic_3
