mq-bench starting with run_id: auto
Writing CSV output to: artifacts/fanout_bursty_20260619_054605_mqtt_rabbitmq_p64_s1000_u10_bursty/fanout_singlesite/sub_6_2.csv
2026-06-19T05:46:06.050813Z  INFO mq_bench::roles::subscriber: Starting subscriber engine=Mqtt key=topic_6 endpoint=None crash_enabled=false
2026-06-19T05:46:06.050862Z  INFO mq_bench::roles::subscriber: Connected via transport engine=Mqtt
2026-06-19T05:46:06.050900Z  INFO mq_bench::roles::subscriber: Subscribed to key expression key=topic_6
2026-06-19T05:46:12.718749Z  INFO mq_bench::roles::subscriber: Starting subscriber engine=Mqtt key=topic_6 endpoint=None crash_enabled=false
2026-06-19T05:46:12.718861Z  INFO mq_bench::roles::subscriber: Connected via transport engine=Mqtt
2026-06-19T05:46:12.718928Z  INFO mq_bench::roles::subscriber: Subscribed to key expression key=topic_6
2026-06-19T05:46:19.386772Z  INFO mq_bench::roles::subscriber: Starting subscriber engine=Mqtt key=topic_6 endpoint=None crash_enabled=false
2026-06-19T05:46:19.386887Z  INFO mq_bench::roles::subscriber: Connected via transport engine=Mqtt
2026-06-19T05:46:19.386950Z  INFO mq_bench::roles::subscriber: Subscribed to key expression key=topic_6
2026-06-19T05:46:26.054994Z  INFO mq_bench::roles::subscriber: Starting subscriber engine=Mqtt key=topic_6 endpoint=None crash_enabled=false
2026-06-19T05:46:26.055056Z  INFO mq_bench::roles::subscriber: Connected via transport engine=Mqtt
2026-06-19T05:46:26.055114Z  INFO mq_bench::roles::subscriber: Subscribed to key expression key=topic_6
2026-06-19T05:46:32.722951Z  INFO mq_bench::roles::subscriber: Starting subscriber engine=Mqtt key=topic_6 endpoint=None crash_enabled=false
2026-06-19T05:46:32.722978Z  INFO mq_bench::roles::subscriber: Connected via transport engine=Mqtt
2026-06-19T05:46:32.723012Z  INFO mq_bench::roles::subscriber: Subscribed to key expression key=topic_6
2026-06-19T05:46:39.390368Z  INFO mq_bench::roles::subscriber: Starting subscriber engine=Mqtt key=topic_6 endpoint=None crash_enabled=false
2026-06-19T05:46:39.390421Z  INFO mq_bench::roles::subscriber: Connected via transport engine=Mqtt
2026-06-19T05:46:39.390504Z  INFO mq_bench::roles::subscriber: Subscribed to key expression key=topic_6
2026-06-19T05:46:46.058966Z  INFO mq_bench::roles::subscriber: Starting subscriber engine=Mqtt key=topic_6 endpoint=None crash_enabled=false
2026-06-19T05:46:46.059029Z  INFO mq_bench::roles::subscriber: Connected via transport engine=Mqtt
2026-06-19T05:46:46.059119Z  INFO mq_bench::roles::subscriber: Subscribed to key expression key=topic_6
2026-06-19T05:46:52.726196Z  INFO mq_bench::roles::subscriber: Starting subscriber engine=Mqtt key=topic_6 endpoint=None crash_enabled=false
2026-06-19T05:46:52.726289Z  INFO mq_bench::roles::subscriber: Connected via transport engine=Mqtt
2026-06-19T05:46:52.726367Z  INFO mq_bench::roles::subscriber: Subscribed to key expression key=topic_6
2026-06-19T05:46:59.393145Z  INFO mq_bench::roles::subscriber: Starting subscriber engine=Mqtt key=topic_6 endpoint=None crash_enabled=false
2026-06-19T05:46:59.393246Z  INFO mq_bench::roles::subscriber: Connected via transport engine=Mqtt
2026-06-19T05:46:59.393337Z  INFO mq_bench::roles::subscriber: Subscribed to key expression key=topic_6
2026-06-19T05:47:06.060263Z  INFO mq_bench::roles::subscriber: Starting subscriber engine=Mqtt key=topic_6 endpoint=None crash_enabled=false
2026-06-19T05:47:06.060317Z  INFO mq_bench::roles::subscriber: Connected via transport engine=Mqtt
2026-06-19T05:47:06.060405Z  INFO mq_bench::roles::subscriber: Subscribed to key expression key=topic_6
