mq-bench starting with run_id: auto
Writing CSV output to: artifacts/fanout_bursty_20260619_054605_mqtt_rabbitmq_p64_s1000_u10_bursty/fanout_singlesite/sub_2_4.csv
2026-06-19T05:46:05.906387Z  INFO mq_bench::roles::subscriber: Starting subscriber engine=Mqtt key=topic_2 endpoint=None crash_enabled=false
2026-06-19T05:46:05.906448Z  INFO mq_bench::roles::subscriber: Connected via transport engine=Mqtt
2026-06-19T05:46:05.906488Z  INFO mq_bench::roles::subscriber: Subscribed to key expression key=topic_2
2026-06-19T05:46:12.574269Z  INFO mq_bench::roles::subscriber: Starting subscriber engine=Mqtt key=topic_2 endpoint=None crash_enabled=false
2026-06-19T05:46:12.574404Z  INFO mq_bench::roles::subscriber: Connected via transport engine=Mqtt
2026-06-19T05:46:12.574496Z  INFO mq_bench::roles::subscriber: Subscribed to key expression key=topic_2
2026-06-19T05:46:19.241693Z  INFO mq_bench::roles::subscriber: Starting subscriber engine=Mqtt key=topic_2 endpoint=None crash_enabled=false
2026-06-19T05:46:19.241806Z  INFO mq_bench::roles::subscriber: Connected via transport engine=Mqtt
2026-06-19T05:46:19.241871Z  INFO mq_bench::roles::subscriber: Subscribed to key expression key=topic_2
2026-06-19T05:46:25.909821Z  INFO mq_bench::roles::subscriber: Starting subscriber engine=Mqtt key=topic_2 endpoint=None crash_enabled=false
2026-06-19T05:46:25.909879Z  INFO mq_bench::roles::subscriber: Connected via transport engine=Mqtt
2026-06-19T05:46:25.909946Z  INFO mq_bench::roles::subscriber: Subscribed to key expression key=topic_2
2026-06-19T05:46:32.577901Z  INFO mq_bench::roles::subscriber: Starting subscriber engine=Mqtt key=topic_2 endpoint=None crash_enabled=false
2026-06-19T05:46:32.578004Z  INFO mq_bench::roles::subscriber: Connected via transport engine=Mqtt
2026-06-19T05:46:32.578096Z  INFO mq_bench::roles::subscriber: Subscribed to key expression key=topic_2
2026-06-19T05:46:39.245412Z  INFO mq_bench::roles::subscriber: Starting subscriber engine=Mqtt key=topic_2 endpoint=None crash_enabled=false
2026-06-19T05:46:39.245462Z  INFO mq_bench::roles::subscriber: Connected via transport engine=Mqtt
2026-06-19T05:46:39.245545Z  INFO mq_bench::roles::subscriber: Subscribed to key expression key=topic_2
2026-06-19T05:46:45.912833Z  INFO mq_bench::roles::subscriber: Starting subscriber engine=Mqtt key=topic_2 endpoint=None crash_enabled=false
2026-06-19T05:46:45.912881Z  INFO mq_bench::roles::subscriber: Connected via transport engine=Mqtt
2026-06-19T05:46:45.912967Z  INFO mq_bench::roles::subscriber: Subscribed to key expression key=topic_2
2026-06-19T05:46:52.580572Z  INFO mq_bench::roles::subscriber: Starting subscriber engine=Mqtt key=topic_2 endpoint=None crash_enabled=false
2026-06-19T05:46:52.580661Z  INFO mq_bench::roles::subscriber: Connected via transport engine=Mqtt
2026-06-19T05:46:52.580740Z  INFO mq_bench::roles::subscriber: Subscribed to key expression key=topic_2
2026-06-19T05:46:59.248598Z  INFO mq_bench::roles::subscriber: Starting subscriber engine=Mqtt key=topic_2 endpoint=None crash_enabled=false
2026-06-19T05:46:59.248666Z  INFO mq_bench::roles::subscriber: Connected via transport engine=Mqtt
2026-06-19T05:46:59.248749Z  INFO mq_bench::roles::subscriber: Subscribed to key expression key=topic_2
2026-06-19T05:47:05.916385Z  INFO mq_bench::roles::subscriber: Starting subscriber engine=Mqtt key=topic_2 endpoint=None crash_enabled=false
2026-06-19T05:47:05.916443Z  INFO mq_bench::roles::subscriber: Connected via transport engine=Mqtt
2026-06-19T05:47:05.916535Z  INFO mq_bench::roles::subscriber: Subscribed to key expression key=topic_2
