mq-bench starting with run_id: auto
Writing CSV output to: artifacts/fanout_bursty_20260619_054605_mqtt_rabbitmq_p64_s1000_u10_bursty/fanout_singlesite/sub_2_8.csv
2026-06-19T05:46:05.920468Z  INFO mq_bench::roles::subscriber: Starting subscriber engine=Mqtt key=topic_2 endpoint=None crash_enabled=false
2026-06-19T05:46:05.920627Z  INFO mq_bench::roles::subscriber: Connected via transport engine=Mqtt
2026-06-19T05:46:05.920666Z  INFO mq_bench::roles::subscriber: Subscribed to key expression key=topic_2
2026-06-19T05:46:12.588721Z  INFO mq_bench::roles::subscriber: Starting subscriber engine=Mqtt key=topic_2 endpoint=None crash_enabled=false
2026-06-19T05:46:12.588840Z  INFO mq_bench::roles::subscriber: Connected via transport engine=Mqtt
2026-06-19T05:46:12.588898Z  INFO mq_bench::roles::subscriber: Subscribed to key expression key=topic_2
2026-06-19T05:46:19.256050Z  INFO mq_bench::roles::subscriber: Starting subscriber engine=Mqtt key=topic_2 endpoint=None crash_enabled=false
2026-06-19T05:46:19.256150Z  INFO mq_bench::roles::subscriber: Connected via transport engine=Mqtt
2026-06-19T05:46:19.256243Z  INFO mq_bench::roles::subscriber: Subscribed to key expression key=topic_2
2026-06-19T05:46:25.923842Z  INFO mq_bench::roles::subscriber: Starting subscriber engine=Mqtt key=topic_2 endpoint=None crash_enabled=false
2026-06-19T05:46:25.923904Z  INFO mq_bench::roles::subscriber: Connected via transport engine=Mqtt
2026-06-19T05:46:25.923971Z  INFO mq_bench::roles::subscriber: Subscribed to key expression key=topic_2
2026-06-19T05:46:32.591667Z  INFO mq_bench::roles::subscriber: Starting subscriber engine=Mqtt key=topic_2 endpoint=None crash_enabled=false
2026-06-19T05:46:32.591720Z  INFO mq_bench::roles::subscriber: Connected via transport engine=Mqtt
2026-06-19T05:46:32.591840Z  INFO mq_bench::roles::subscriber: Subscribed to key expression key=topic_2
2026-06-19T05:46:39.259620Z  INFO mq_bench::roles::subscriber: Starting subscriber engine=Mqtt key=topic_2 endpoint=None crash_enabled=false
2026-06-19T05:46:39.259672Z  INFO mq_bench::roles::subscriber: Connected via transport engine=Mqtt
2026-06-19T05:46:39.259742Z  INFO mq_bench::roles::subscriber: Subscribed to key expression key=topic_2
2026-06-19T05:46:45.927172Z  INFO mq_bench::roles::subscriber: Starting subscriber engine=Mqtt key=topic_2 endpoint=None crash_enabled=false
2026-06-19T05:46:45.927251Z  INFO mq_bench::roles::subscriber: Connected via transport engine=Mqtt
2026-06-19T05:46:45.927330Z  INFO mq_bench::roles::subscriber: Subscribed to key expression key=topic_2
2026-06-19T05:46:52.595281Z  INFO mq_bench::roles::subscriber: Starting subscriber engine=Mqtt key=topic_2 endpoint=None crash_enabled=false
2026-06-19T05:46:52.595341Z  INFO mq_bench::roles::subscriber: Connected via transport engine=Mqtt
2026-06-19T05:46:52.595424Z  INFO mq_bench::roles::subscriber: Subscribed to key expression key=topic_2
2026-06-19T05:46:59.263450Z  INFO mq_bench::roles::subscriber: Starting subscriber engine=Mqtt key=topic_2 endpoint=None crash_enabled=false
2026-06-19T05:46:59.263509Z  INFO mq_bench::roles::subscriber: Connected via transport engine=Mqtt
2026-06-19T05:46:59.263604Z  INFO mq_bench::roles::subscriber: Subscribed to key expression key=topic_2
2026-06-19T05:47:05.931739Z  INFO mq_bench::roles::subscriber: Starting subscriber engine=Mqtt key=topic_2 endpoint=None crash_enabled=false
2026-06-19T05:47:05.931802Z  INFO mq_bench::roles::subscriber: Connected via transport engine=Mqtt
2026-06-19T05:47:05.931895Z  INFO mq_bench::roles::subscriber: Subscribed to key expression key=topic_2
