mq-bench starting with run_id: auto
Writing CSV output to: artifacts/fanout_bursty_20260619_054605_mqtt_rabbitmq_p64_s1000_u10_bursty/fanout_singlesite/sub_8_5.csv
2026-06-19T05:46:06.140065Z  INFO mq_bench::roles::subscriber: Starting subscriber engine=Mqtt key=topic_8 endpoint=None crash_enabled=false
2026-06-19T05:46:06.140111Z  INFO mq_bench::roles::subscriber: Connected via transport engine=Mqtt
2026-06-19T05:46:06.140148Z  INFO mq_bench::roles::subscriber: Subscribed to key expression key=topic_8
2026-06-19T05:46:12.807984Z  INFO mq_bench::roles::subscriber: Starting subscriber engine=Mqtt key=topic_8 endpoint=None crash_enabled=false
2026-06-19T05:46:12.808097Z  INFO mq_bench::roles::subscriber: Connected via transport engine=Mqtt
2026-06-19T05:46:12.808153Z  INFO mq_bench::roles::subscriber: Subscribed to key expression key=topic_8
2026-06-19T05:46:19.475140Z  INFO mq_bench::roles::subscriber: Starting subscriber engine=Mqtt key=topic_8 endpoint=None crash_enabled=false
2026-06-19T05:46:19.475279Z  INFO mq_bench::roles::subscriber: Connected via transport engine=Mqtt
2026-06-19T05:46:19.475346Z  INFO mq_bench::roles::subscriber: Subscribed to key expression key=topic_8
2026-06-19T05:46:26.143510Z  INFO mq_bench::roles::subscriber: Starting subscriber engine=Mqtt key=topic_8 endpoint=None crash_enabled=false
2026-06-19T05:46:26.143554Z  INFO mq_bench::roles::subscriber: Connected via transport engine=Mqtt
2026-06-19T05:46:26.143626Z  INFO mq_bench::roles::subscriber: Subscribed to key expression key=topic_8
2026-06-19T05:46:32.811018Z  INFO mq_bench::roles::subscriber: Starting subscriber engine=Mqtt key=topic_8 endpoint=None crash_enabled=false
2026-06-19T05:46:32.811132Z  INFO mq_bench::roles::subscriber: Connected via transport engine=Mqtt
2026-06-19T05:46:32.811254Z  INFO mq_bench::roles::subscriber: Subscribed to key expression key=topic_8
2026-06-19T05:46:39.478670Z  INFO mq_bench::roles::subscriber: Starting subscriber engine=Mqtt key=topic_8 endpoint=None crash_enabled=false
2026-06-19T05:46:39.478718Z  INFO mq_bench::roles::subscriber: Connected via transport engine=Mqtt
2026-06-19T05:46:39.478800Z  INFO mq_bench::roles::subscriber: Subscribed to key expression key=topic_8
2026-06-19T05:46:46.146271Z  INFO mq_bench::roles::subscriber: Starting subscriber engine=Mqtt key=topic_8 endpoint=None crash_enabled=false
2026-06-19T05:46:46.146331Z  INFO mq_bench::roles::subscriber: Connected via transport engine=Mqtt
2026-06-19T05:46:46.146422Z  INFO mq_bench::roles::subscriber: Subscribed to key expression key=topic_8
2026-06-19T05:46:52.814098Z  INFO mq_bench::roles::subscriber: Starting subscriber engine=Mqtt key=topic_8 endpoint=None crash_enabled=false
2026-06-19T05:46:52.814171Z  INFO mq_bench::roles::subscriber: Connected via transport engine=Mqtt
2026-06-19T05:46:52.814283Z  INFO mq_bench::roles::subscriber: Subscribed to key expression key=topic_8
2026-06-19T05:46:59.482478Z  INFO mq_bench::roles::subscriber: Starting subscriber engine=Mqtt key=topic_8 endpoint=None crash_enabled=false
2026-06-19T05:46:59.482539Z  INFO mq_bench::roles::subscriber: Connected via transport engine=Mqtt
2026-06-19T05:46:59.482635Z  INFO mq_bench::roles::subscriber: Subscribed to key expression key=topic_8
2026-06-19T05:47:06.150264Z  INFO mq_bench::roles::subscriber: Starting subscriber engine=Mqtt key=topic_8 endpoint=None crash_enabled=false
2026-06-19T05:47:06.150316Z  INFO mq_bench::roles::subscriber: Connected via transport engine=Mqtt
2026-06-19T05:47:06.150412Z  INFO mq_bench::roles::subscriber: Subscribed to key expression key=topic_8
