mq-bench starting with run_id: auto
Writing CSV output to: artifacts/fanout_bursty_20260619_054605_mqtt_rabbitmq_p64_s1000_u10_bursty/fanout_singlesite/sub_9_2.csv
2026-06-19T05:46:06.168688Z  INFO mq_bench::roles::subscriber: Starting subscriber engine=Mqtt key=topic_9 endpoint=None crash_enabled=false
2026-06-19T05:46:06.168747Z  INFO mq_bench::roles::subscriber: Connected via transport engine=Mqtt
2026-06-19T05:46:06.168794Z  INFO mq_bench::roles::subscriber: Subscribed to key expression key=topic_9
2026-06-19T05:46:12.836668Z  INFO mq_bench::roles::subscriber: Starting subscriber engine=Mqtt key=topic_9 endpoint=None crash_enabled=false
2026-06-19T05:46:12.836728Z  INFO mq_bench::roles::subscriber: Connected via transport engine=Mqtt
2026-06-19T05:46:12.836802Z  INFO mq_bench::roles::subscriber: Subscribed to key expression key=topic_9
2026-06-19T05:46:19.505171Z  INFO mq_bench::roles::subscriber: Starting subscriber engine=Mqtt key=topic_9 endpoint=None crash_enabled=false
2026-06-19T05:46:19.505317Z  INFO mq_bench::roles::subscriber: Connected via transport engine=Mqtt
2026-06-19T05:46:19.505389Z  INFO mq_bench::roles::subscriber: Subscribed to key expression key=topic_9
2026-06-19T05:46:26.172695Z  INFO mq_bench::roles::subscriber: Starting subscriber engine=Mqtt key=topic_9 endpoint=None crash_enabled=false
2026-06-19T05:46:26.172742Z  INFO mq_bench::roles::subscriber: Connected via transport engine=Mqtt
2026-06-19T05:46:26.172813Z  INFO mq_bench::roles::subscriber: Subscribed to key expression key=topic_9
2026-06-19T05:46:32.840286Z  INFO mq_bench::roles::subscriber: Starting subscriber engine=Mqtt key=topic_9 endpoint=None crash_enabled=false
2026-06-19T05:46:32.840398Z  INFO mq_bench::roles::subscriber: Connected via transport engine=Mqtt
2026-06-19T05:46:32.840474Z  INFO mq_bench::roles::subscriber: Subscribed to key expression key=topic_9
2026-06-19T05:46:39.507947Z  INFO mq_bench::roles::subscriber: Starting subscriber engine=Mqtt key=topic_9 endpoint=None crash_enabled=false
2026-06-19T05:46:39.508016Z  INFO mq_bench::roles::subscriber: Connected via transport engine=Mqtt
2026-06-19T05:46:39.508106Z  INFO mq_bench::roles::subscriber: Subscribed to key expression key=topic_9
2026-06-19T05:46:46.176151Z  INFO mq_bench::roles::subscriber: Starting subscriber engine=Mqtt key=topic_9 endpoint=None crash_enabled=false
2026-06-19T05:46:46.176242Z  INFO mq_bench::roles::subscriber: Connected via transport engine=Mqtt
2026-06-19T05:46:46.176336Z  INFO mq_bench::roles::subscriber: Subscribed to key expression key=topic_9
2026-06-19T05:46:52.843226Z  INFO mq_bench::roles::subscriber: Starting subscriber engine=Mqtt key=topic_9 endpoint=None crash_enabled=false
2026-06-19T05:46:52.843306Z  INFO mq_bench::roles::subscriber: Connected via transport engine=Mqtt
2026-06-19T05:46:52.843382Z  INFO mq_bench::roles::subscriber: Subscribed to key expression key=topic_9
2026-06-19T05:46:59.510237Z  INFO mq_bench::roles::subscriber: Starting subscriber engine=Mqtt key=topic_9 endpoint=None crash_enabled=false
2026-06-19T05:46:59.510302Z  INFO mq_bench::roles::subscriber: Connected via transport engine=Mqtt
2026-06-19T05:46:59.510384Z  INFO mq_bench::roles::subscriber: Subscribed to key expression key=topic_9
2026-06-19T05:47:06.177645Z  INFO mq_bench::roles::subscriber: Starting subscriber engine=Mqtt key=topic_9 endpoint=None crash_enabled=false
2026-06-19T05:47:06.177702Z  INFO mq_bench::roles::subscriber: Connected via transport engine=Mqtt
2026-06-19T05:47:06.177791Z  INFO mq_bench::roles::subscriber: Subscribed to key expression key=topic_9
