mq-bench starting with run_id: auto
Writing CSV output to: artifacts/fanout_bursty_20260619_054605_mqtt_rabbitmq_p64_s1000_u10_bursty/fanout_singlesite/sub_7_8.csv
2026-06-19T05:46:06.112751Z  INFO mq_bench::roles::subscriber: Starting subscriber engine=Mqtt key=topic_7 endpoint=None crash_enabled=false
2026-06-19T05:46:06.112798Z  INFO mq_bench::roles::subscriber: Connected via transport engine=Mqtt
2026-06-19T05:46:06.112833Z  INFO mq_bench::roles::subscriber: Subscribed to key expression key=topic_7
2026-06-19T05:46:12.780616Z  INFO mq_bench::roles::subscriber: Starting subscriber engine=Mqtt key=topic_7 endpoint=None crash_enabled=false
2026-06-19T05:46:12.780720Z  INFO mq_bench::roles::subscriber: Connected via transport engine=Mqtt
2026-06-19T05:46:12.780783Z  INFO mq_bench::roles::subscriber: Subscribed to key expression key=topic_7
2026-06-19T05:46:19.449024Z  INFO mq_bench::roles::subscriber: Starting subscriber engine=Mqtt key=topic_7 endpoint=None crash_enabled=false
2026-06-19T05:46:19.449140Z  INFO mq_bench::roles::subscriber: Connected via transport engine=Mqtt
2026-06-19T05:46:19.449197Z  INFO mq_bench::roles::subscriber: Subscribed to key expression key=topic_7
2026-06-19T05:46:26.116716Z  INFO mq_bench::roles::subscriber: Starting subscriber engine=Mqtt key=topic_7 endpoint=None crash_enabled=false
2026-06-19T05:46:26.116774Z  INFO mq_bench::roles::subscriber: Connected via transport engine=Mqtt
2026-06-19T05:46:26.116835Z  INFO mq_bench::roles::subscriber: Subscribed to key expression key=topic_7
2026-06-19T05:46:32.784744Z  INFO mq_bench::roles::subscriber: Starting subscriber engine=Mqtt key=topic_7 endpoint=None crash_enabled=false
2026-06-19T05:46:32.784851Z  INFO mq_bench::roles::subscriber: Connected via transport engine=Mqtt
2026-06-19T05:46:32.784985Z  INFO mq_bench::roles::subscriber: Subscribed to key expression key=topic_7
2026-06-19T05:46:39.453121Z  INFO mq_bench::roles::subscriber: Starting subscriber engine=Mqtt key=topic_7 endpoint=None crash_enabled=false
2026-06-19T05:46:39.453172Z  INFO mq_bench::roles::subscriber: Connected via transport engine=Mqtt
2026-06-19T05:46:39.453286Z  INFO mq_bench::roles::subscriber: Subscribed to key expression key=topic_7
2026-06-19T05:46:46.120836Z  INFO mq_bench::roles::subscriber: Starting subscriber engine=Mqtt key=topic_7 endpoint=None crash_enabled=false
2026-06-19T05:46:46.120891Z  INFO mq_bench::roles::subscriber: Connected via transport engine=Mqtt
2026-06-19T05:46:46.121042Z  INFO mq_bench::roles::subscriber: Subscribed to key expression key=topic_7
2026-06-19T05:46:52.788566Z  INFO mq_bench::roles::subscriber: Starting subscriber engine=Mqtt key=topic_7 endpoint=None crash_enabled=false
2026-06-19T05:46:52.788640Z  INFO mq_bench::roles::subscriber: Connected via transport engine=Mqtt
2026-06-19T05:46:52.788715Z  INFO mq_bench::roles::subscriber: Subscribed to key expression key=topic_7
2026-06-19T05:46:59.455705Z  INFO mq_bench::roles::subscriber: Starting subscriber engine=Mqtt key=topic_7 endpoint=None crash_enabled=false
2026-06-19T05:46:59.455762Z  INFO mq_bench::roles::subscriber: Connected via transport engine=Mqtt
2026-06-19T05:46:59.455854Z  INFO mq_bench::roles::subscriber: Subscribed to key expression key=topic_7
2026-06-19T05:47:06.124278Z  INFO mq_bench::roles::subscriber: Starting subscriber engine=Mqtt key=topic_7 endpoint=None crash_enabled=false
2026-06-19T05:47:06.124331Z  INFO mq_bench::roles::subscriber: Connected via transport engine=Mqtt
2026-06-19T05:47:06.124412Z  INFO mq_bench::roles::subscriber: Subscribed to key expression key=topic_7
