mq-bench starting with run_id: auto
Writing CSV output to: artifacts/fanout_bursty_20260619_054605_mqtt_rabbitmq_p64_s1000_u10_bursty/fanout_singlesite/sub_4_2.csv
2026-06-19T05:46:05.972974Z  INFO mq_bench::roles::subscriber: Starting subscriber engine=Mqtt key=topic_4 endpoint=None crash_enabled=false
2026-06-19T05:46:05.973020Z  INFO mq_bench::roles::subscriber: Connected via transport engine=Mqtt
2026-06-19T05:46:05.973053Z  INFO mq_bench::roles::subscriber: Subscribed to key expression key=topic_4
2026-06-19T05:46:12.640038Z  INFO mq_bench::roles::subscriber: Starting subscriber engine=Mqtt key=topic_4 endpoint=None crash_enabled=false
2026-06-19T05:46:12.640143Z  INFO mq_bench::roles::subscriber: Connected via transport engine=Mqtt
2026-06-19T05:46:12.640238Z  INFO mq_bench::roles::subscriber: Subscribed to key expression key=topic_4
2026-06-19T05:46:19.307277Z  INFO mq_bench::roles::subscriber: Starting subscriber engine=Mqtt key=topic_4 endpoint=None crash_enabled=false
2026-06-19T05:46:19.307395Z  INFO mq_bench::roles::subscriber: Connected via transport engine=Mqtt
2026-06-19T05:46:19.307459Z  INFO mq_bench::roles::subscriber: Subscribed to key expression key=topic_4
2026-06-19T05:46:25.974915Z  INFO mq_bench::roles::subscriber: Starting subscriber engine=Mqtt key=topic_4 endpoint=None crash_enabled=false
2026-06-19T05:46:25.975026Z  INFO mq_bench::roles::subscriber: Connected via transport engine=Mqtt
2026-06-19T05:46:25.975087Z  INFO mq_bench::roles::subscriber: Subscribed to key expression key=topic_4
2026-06-19T05:46:32.642782Z  INFO mq_bench::roles::subscriber: Starting subscriber engine=Mqtt key=topic_4 endpoint=None crash_enabled=false
2026-06-19T05:46:32.642832Z  INFO mq_bench::roles::subscriber: Connected via transport engine=Mqtt
2026-06-19T05:46:32.642908Z  INFO mq_bench::roles::subscriber: Subscribed to key expression key=topic_4
2026-06-19T05:46:39.311012Z  INFO mq_bench::roles::subscriber: Starting subscriber engine=Mqtt key=topic_4 endpoint=None crash_enabled=false
2026-06-19T05:46:39.311064Z  INFO mq_bench::roles::subscriber: Connected via transport engine=Mqtt
2026-06-19T05:46:39.311141Z  INFO mq_bench::roles::subscriber: Subscribed to key expression key=topic_4
2026-06-19T05:46:45.978154Z  INFO mq_bench::roles::subscriber: Starting subscriber engine=Mqtt key=topic_4 endpoint=None crash_enabled=false
2026-06-19T05:46:45.978229Z  INFO mq_bench::roles::subscriber: Connected via transport engine=Mqtt
2026-06-19T05:46:45.978314Z  INFO mq_bench::roles::subscriber: Subscribed to key expression key=topic_4
2026-06-19T05:46:52.646671Z  INFO mq_bench::roles::subscriber: Starting subscriber engine=Mqtt key=topic_4 endpoint=None crash_enabled=false
2026-06-19T05:46:52.646748Z  INFO mq_bench::roles::subscriber: Connected via transport engine=Mqtt
2026-06-19T05:46:52.646823Z  INFO mq_bench::roles::subscriber: Subscribed to key expression key=topic_4
2026-06-19T05:46:59.313901Z  INFO mq_bench::roles::subscriber: Starting subscriber engine=Mqtt key=topic_4 endpoint=None crash_enabled=false
2026-06-19T05:46:59.313976Z  INFO mq_bench::roles::subscriber: Connected via transport engine=Mqtt
2026-06-19T05:46:59.314055Z  INFO mq_bench::roles::subscriber: Subscribed to key expression key=topic_4
2026-06-19T05:47:05.981863Z  INFO mq_bench::roles::subscriber: Starting subscriber engine=Mqtt key=topic_4 endpoint=None crash_enabled=false
2026-06-19T05:47:05.981919Z  INFO mq_bench::roles::subscriber: Connected via transport engine=Mqtt
2026-06-19T05:47:05.982016Z  INFO mq_bench::roles::subscriber: Subscribed to key expression key=topic_4
