mq-bench starting with run_id: auto
Writing CSV output to: artifacts/fanout_bursty_20260619_054605_mqtt_rabbitmq_p64_s1000_u10_bursty/fanout_singlesite/sub_8_3.csv
2026-06-19T05:46:06.133012Z  INFO mq_bench::roles::subscriber: Starting subscriber engine=Mqtt key=topic_8 endpoint=None crash_enabled=false
2026-06-19T05:46:06.133057Z  INFO mq_bench::roles::subscriber: Connected via transport engine=Mqtt
2026-06-19T05:46:06.133096Z  INFO mq_bench::roles::subscriber: Subscribed to key expression key=topic_8
2026-06-19T05:46:12.800937Z  INFO mq_bench::roles::subscriber: Starting subscriber engine=Mqtt key=topic_8 endpoint=None crash_enabled=false
2026-06-19T05:46:12.801006Z  INFO mq_bench::roles::subscriber: Connected via transport engine=Mqtt
2026-06-19T05:46:12.801077Z  INFO mq_bench::roles::subscriber: Subscribed to key expression key=topic_8
2026-06-19T05:46:19.469161Z  INFO mq_bench::roles::subscriber: Starting subscriber engine=Mqtt key=topic_8 endpoint=None crash_enabled=false
2026-06-19T05:46:19.469306Z  INFO mq_bench::roles::subscriber: Connected via transport engine=Mqtt
2026-06-19T05:46:19.469379Z  INFO mq_bench::roles::subscriber: Subscribed to key expression key=topic_8
2026-06-19T05:46:26.136756Z  INFO mq_bench::roles::subscriber: Starting subscriber engine=Mqtt key=topic_8 endpoint=None crash_enabled=false
2026-06-19T05:46:26.136805Z  INFO mq_bench::roles::subscriber: Connected via transport engine=Mqtt
2026-06-19T05:46:26.136871Z  INFO mq_bench::roles::subscriber: Subscribed to key expression key=topic_8
2026-06-19T05:46:32.804605Z  INFO mq_bench::roles::subscriber: Starting subscriber engine=Mqtt key=topic_8 endpoint=None crash_enabled=false
2026-06-19T05:46:32.804725Z  INFO mq_bench::roles::subscriber: Connected via transport engine=Mqtt
2026-06-19T05:46:32.804809Z  INFO mq_bench::roles::subscriber: Subscribed to key expression key=topic_8
2026-06-19T05:46:39.471542Z  INFO mq_bench::roles::subscriber: Starting subscriber engine=Mqtt key=topic_8 endpoint=None crash_enabled=false
2026-06-19T05:46:39.471603Z  INFO mq_bench::roles::subscriber: Connected via transport engine=Mqtt
2026-06-19T05:46:39.471687Z  INFO mq_bench::roles::subscriber: Subscribed to key expression key=topic_8
2026-06-19T05:46:46.139423Z  INFO mq_bench::roles::subscriber: Starting subscriber engine=Mqtt key=topic_8 endpoint=None crash_enabled=false
2026-06-19T05:46:46.139480Z  INFO mq_bench::roles::subscriber: Connected via transport engine=Mqtt
2026-06-19T05:46:46.139561Z  INFO mq_bench::roles::subscriber: Subscribed to key expression key=topic_8
2026-06-19T05:46:52.806973Z  INFO mq_bench::roles::subscriber: Starting subscriber engine=Mqtt key=topic_8 endpoint=None crash_enabled=false
2026-06-19T05:46:52.807049Z  INFO mq_bench::roles::subscriber: Connected via transport engine=Mqtt
2026-06-19T05:46:52.807133Z  INFO mq_bench::roles::subscriber: Subscribed to key expression key=topic_8
2026-06-19T05:46:59.474678Z  INFO mq_bench::roles::subscriber: Starting subscriber engine=Mqtt key=topic_8 endpoint=None crash_enabled=false
2026-06-19T05:46:59.474736Z  INFO mq_bench::roles::subscriber: Connected via transport engine=Mqtt
2026-06-19T05:46:59.474831Z  INFO mq_bench::roles::subscriber: Subscribed to key expression key=topic_8
2026-06-19T05:47:06.143007Z  INFO mq_bench::roles::subscriber: Starting subscriber engine=Mqtt key=topic_8 endpoint=None crash_enabled=false
2026-06-19T05:47:06.143089Z  INFO mq_bench::roles::subscriber: Connected via transport engine=Mqtt
2026-06-19T05:47:06.143170Z  INFO mq_bench::roles::subscriber: Subscribed to key expression key=topic_8
