mq-bench starting with run_id: auto
Writing CSV output to: artifacts/fanout_bursty_20260619_054605_mqtt_rabbitmq_p64_s1000_u10_bursty/fanout_singlesite/sub_1_0.csv
2026-06-19T05:46:05.853515Z  INFO mq_bench::roles::subscriber: Starting subscriber engine=Mqtt key=topic_1 endpoint=None crash_enabled=false
2026-06-19T05:46:05.853633Z  INFO mq_bench::roles::subscriber: Connected via transport engine=Mqtt
2026-06-19T05:46:05.853674Z  INFO mq_bench::roles::subscriber: Subscribed to key expression key=topic_1
2026-06-19T05:46:12.521357Z  INFO mq_bench::roles::subscriber: Starting subscriber engine=Mqtt key=topic_1 endpoint=None crash_enabled=false
2026-06-19T05:46:12.521408Z  INFO mq_bench::roles::subscriber: Connected via transport engine=Mqtt
2026-06-19T05:46:12.521487Z  INFO mq_bench::roles::subscriber: Subscribed to key expression key=topic_1
2026-06-19T05:46:19.188673Z  INFO mq_bench::roles::subscriber: Starting subscriber engine=Mqtt key=topic_1 endpoint=None crash_enabled=false
2026-06-19T05:46:19.188787Z  INFO mq_bench::roles::subscriber: Connected via transport engine=Mqtt
2026-06-19T05:46:19.188850Z  INFO mq_bench::roles::subscriber: Subscribed to key expression key=topic_1
2026-06-19T05:46:25.856266Z  INFO mq_bench::roles::subscriber: Starting subscriber engine=Mqtt key=topic_1 endpoint=None crash_enabled=false
2026-06-19T05:46:25.856306Z  INFO mq_bench::roles::subscriber: Connected via transport engine=Mqtt
2026-06-19T05:46:25.856375Z  INFO mq_bench::roles::subscriber: Subscribed to key expression key=topic_1
2026-06-19T05:46:32.523521Z  INFO mq_bench::roles::subscriber: Starting subscriber engine=Mqtt key=topic_1 endpoint=None crash_enabled=false
2026-06-19T05:46:32.523578Z  INFO mq_bench::roles::subscriber: Connected via transport engine=Mqtt
2026-06-19T05:46:32.523653Z  INFO mq_bench::roles::subscriber: Subscribed to key expression key=topic_1
2026-06-19T05:46:39.191661Z  INFO mq_bench::roles::subscriber: Starting subscriber engine=Mqtt key=topic_1 endpoint=None crash_enabled=false
2026-06-19T05:46:39.191710Z  INFO mq_bench::roles::subscriber: Connected via transport engine=Mqtt
2026-06-19T05:46:39.191805Z  INFO mq_bench::roles::subscriber: Subscribed to key expression key=topic_1
2026-06-19T05:46:45.859453Z  INFO mq_bench::roles::subscriber: Starting subscriber engine=Mqtt key=topic_1 endpoint=None crash_enabled=false
2026-06-19T05:46:45.859559Z  INFO mq_bench::roles::subscriber: Connected via transport engine=Mqtt
2026-06-19T05:46:45.859653Z  INFO mq_bench::roles::subscriber: Subscribed to key expression key=topic_1
2026-06-19T05:46:52.528103Z  INFO mq_bench::roles::subscriber: Starting subscriber engine=Mqtt key=topic_1 endpoint=None crash_enabled=false
2026-06-19T05:46:52.528151Z  INFO mq_bench::roles::subscriber: Connected via transport engine=Mqtt
2026-06-19T05:46:52.528282Z  INFO mq_bench::roles::subscriber: Subscribed to key expression key=topic_1
2026-06-19T05:46:59.195725Z  INFO mq_bench::roles::subscriber: Starting subscriber engine=Mqtt key=topic_1 endpoint=None crash_enabled=false
2026-06-19T05:46:59.195791Z  INFO mq_bench::roles::subscriber: Connected via transport engine=Mqtt
2026-06-19T05:46:59.195880Z  INFO mq_bench::roles::subscriber: Subscribed to key expression key=topic_1
2026-06-19T05:47:05.864208Z  INFO mq_bench::roles::subscriber: Starting subscriber engine=Mqtt key=topic_1 endpoint=None crash_enabled=false
2026-06-19T05:47:05.864281Z  INFO mq_bench::roles::subscriber: Connected via transport engine=Mqtt
2026-06-19T05:47:05.864369Z  INFO mq_bench::roles::subscriber: Subscribed to key expression key=topic_1
