mq-bench starting with run_id: auto
Writing CSV output to: artifacts/fanout_bursty_20260619_054605_mqtt_rabbitmq_p64_s1000_u10_bursty/fanout_singlesite/sub_5_5.csv
2026-06-19T05:46:06.022928Z  INFO mq_bench::roles::subscriber: Starting subscriber engine=Mqtt key=topic_5 endpoint=None crash_enabled=false
2026-06-19T05:46:06.023061Z  INFO mq_bench::roles::subscriber: Connected via transport engine=Mqtt
2026-06-19T05:46:06.023094Z  INFO mq_bench::roles::subscriber: Subscribed to key expression key=topic_5
2026-06-19T05:46:12.689927Z  INFO mq_bench::roles::subscriber: Starting subscriber engine=Mqtt key=topic_5 endpoint=None crash_enabled=false
2026-06-19T05:46:12.690041Z  INFO mq_bench::roles::subscriber: Connected via transport engine=Mqtt
2026-06-19T05:46:12.690109Z  INFO mq_bench::roles::subscriber: Subscribed to key expression key=topic_5
2026-06-19T05:46:19.357421Z  INFO mq_bench::roles::subscriber: Starting subscriber engine=Mqtt key=topic_5 endpoint=None crash_enabled=false
2026-06-19T05:46:19.357524Z  INFO mq_bench::roles::subscriber: Connected via transport engine=Mqtt
2026-06-19T05:46:19.357591Z  INFO mq_bench::roles::subscriber: Subscribed to key expression key=topic_5
2026-06-19T05:46:26.024918Z  INFO mq_bench::roles::subscriber: Starting subscriber engine=Mqtt key=topic_5 endpoint=None crash_enabled=false
2026-06-19T05:46:26.024971Z  INFO mq_bench::roles::subscriber: Connected via transport engine=Mqtt
2026-06-19T05:46:26.025044Z  INFO mq_bench::roles::subscriber: Subscribed to key expression key=topic_5
2026-06-19T05:46:32.692682Z  INFO mq_bench::roles::subscriber: Starting subscriber engine=Mqtt key=topic_5 endpoint=None crash_enabled=false
2026-06-19T05:46:32.692793Z  INFO mq_bench::roles::subscriber: Connected via transport engine=Mqtt
2026-06-19T05:46:32.692868Z  INFO mq_bench::roles::subscriber: Subscribed to key expression key=topic_5
2026-06-19T05:46:39.361056Z  INFO mq_bench::roles::subscriber: Starting subscriber engine=Mqtt key=topic_5 endpoint=None crash_enabled=false
2026-06-19T05:46:39.361114Z  INFO mq_bench::roles::subscriber: Connected via transport engine=Mqtt
2026-06-19T05:46:39.361194Z  INFO mq_bench::roles::subscriber: Subscribed to key expression key=topic_5
2026-06-19T05:46:46.029463Z  INFO mq_bench::roles::subscriber: Starting subscriber engine=Mqtt key=topic_5 endpoint=None crash_enabled=false
2026-06-19T05:46:46.029519Z  INFO mq_bench::roles::subscriber: Connected via transport engine=Mqtt
2026-06-19T05:46:46.029603Z  INFO mq_bench::roles::subscriber: Subscribed to key expression key=topic_5
2026-06-19T05:46:52.697000Z  INFO mq_bench::roles::subscriber: Starting subscriber engine=Mqtt key=topic_5 endpoint=None crash_enabled=false
2026-06-19T05:46:52.697052Z  INFO mq_bench::roles::subscriber: Connected via transport engine=Mqtt
2026-06-19T05:46:52.697138Z  INFO mq_bench::roles::subscriber: Subscribed to key expression key=topic_5
2026-06-19T05:46:59.363959Z  INFO mq_bench::roles::subscriber: Starting subscriber engine=Mqtt key=topic_5 endpoint=None crash_enabled=false
2026-06-19T05:46:59.364015Z  INFO mq_bench::roles::subscriber: Connected via transport engine=Mqtt
2026-06-19T05:46:59.364109Z  INFO mq_bench::roles::subscriber: Subscribed to key expression key=topic_5
2026-06-19T05:47:06.030769Z  INFO mq_bench::roles::subscriber: Starting subscriber engine=Mqtt key=topic_5 endpoint=None crash_enabled=false
2026-06-19T05:47:06.030827Z  INFO mq_bench::roles::subscriber: Connected via transport engine=Mqtt
2026-06-19T05:47:06.030913Z  INFO mq_bench::roles::subscriber: Subscribed to key expression key=topic_5
