mq-bench starting with run_id: auto
Writing CSV output to: artifacts/fanout_bursty_20260619_054605_mqtt_rabbitmq_p64_s1000_u10_bursty/fanout_singlesite/sub_2_5.csv
2026-06-19T05:46:05.909320Z  INFO mq_bench::roles::subscriber: Starting subscriber engine=Mqtt key=topic_2 endpoint=None crash_enabled=false
2026-06-19T05:46:05.909506Z  INFO mq_bench::roles::subscriber: Connected via transport engine=Mqtt
2026-06-19T05:46:05.909545Z  INFO mq_bench::roles::subscriber: Subscribed to key expression key=topic_2
2026-06-19T05:46:12.577499Z  INFO mq_bench::roles::subscriber: Starting subscriber engine=Mqtt key=topic_2 endpoint=None crash_enabled=false
2026-06-19T05:46:12.577553Z  INFO mq_bench::roles::subscriber: Connected via transport engine=Mqtt
2026-06-19T05:46:12.577621Z  INFO mq_bench::roles::subscriber: Subscribed to key expression key=topic_2
2026-06-19T05:46:19.244946Z  INFO mq_bench::roles::subscriber: Starting subscriber engine=Mqtt key=topic_2 endpoint=None crash_enabled=false
2026-06-19T05:46:19.245050Z  INFO mq_bench::roles::subscriber: Connected via transport engine=Mqtt
2026-06-19T05:46:19.245118Z  INFO mq_bench::roles::subscriber: Subscribed to key expression key=topic_2
2026-06-19T05:46:25.912797Z  INFO mq_bench::roles::subscriber: Starting subscriber engine=Mqtt key=topic_2 endpoint=None crash_enabled=false
2026-06-19T05:46:25.912840Z  INFO mq_bench::roles::subscriber: Connected via transport engine=Mqtt
2026-06-19T05:46:25.912912Z  INFO mq_bench::roles::subscriber: Subscribed to key expression key=topic_2
2026-06-19T05:46:32.580666Z  INFO mq_bench::roles::subscriber: Starting subscriber engine=Mqtt key=topic_2 endpoint=None crash_enabled=false
2026-06-19T05:46:32.580719Z  INFO mq_bench::roles::subscriber: Connected via transport engine=Mqtt
2026-06-19T05:46:32.580786Z  INFO mq_bench::roles::subscriber: Subscribed to key expression key=topic_2
2026-06-19T05:46:39.248158Z  INFO mq_bench::roles::subscriber: Starting subscriber engine=Mqtt key=topic_2 endpoint=None crash_enabled=false
2026-06-19T05:46:39.248233Z  INFO mq_bench::roles::subscriber: Connected via transport engine=Mqtt
2026-06-19T05:46:39.248315Z  INFO mq_bench::roles::subscriber: Subscribed to key expression key=topic_2
2026-06-19T05:46:45.916895Z  INFO mq_bench::roles::subscriber: Starting subscriber engine=Mqtt key=topic_2 endpoint=None crash_enabled=false
2026-06-19T05:46:45.916939Z  INFO mq_bench::roles::subscriber: Connected via transport engine=Mqtt
2026-06-19T05:46:45.917029Z  INFO mq_bench::roles::subscriber: Subscribed to key expression key=topic_2
2026-06-19T05:46:52.584100Z  INFO mq_bench::roles::subscriber: Starting subscriber engine=Mqtt key=topic_2 endpoint=None crash_enabled=false
2026-06-19T05:46:52.584154Z  INFO mq_bench::roles::subscriber: Connected via transport engine=Mqtt
2026-06-19T05:46:52.584271Z  INFO mq_bench::roles::subscriber: Subscribed to key expression key=topic_2
2026-06-19T05:46:59.251244Z  INFO mq_bench::roles::subscriber: Starting subscriber engine=Mqtt key=topic_2 endpoint=None crash_enabled=false
2026-06-19T05:46:59.251360Z  INFO mq_bench::roles::subscriber: Connected via transport engine=Mqtt
2026-06-19T05:46:59.251441Z  INFO mq_bench::roles::subscriber: Subscribed to key expression key=topic_2
2026-06-19T05:47:05.919327Z  INFO mq_bench::roles::subscriber: Starting subscriber engine=Mqtt key=topic_2 endpoint=None crash_enabled=false
2026-06-19T05:47:05.919371Z  INFO mq_bench::roles::subscriber: Connected via transport engine=Mqtt
2026-06-19T05:47:05.919458Z  INFO mq_bench::roles::subscriber: Subscribed to key expression key=topic_2
