mq-bench starting with run_id: auto
Writing CSV output to: artifacts/fanout_bursty_20260619_054605_mqtt_rabbitmq_p64_s1000_u10_bursty/fanout_singlesite/sub_6_9.csv
2026-06-19T05:46:06.076894Z  INFO mq_bench::roles::subscriber: Starting subscriber engine=Mqtt key=topic_6 endpoint=None crash_enabled=false
2026-06-19T05:46:06.076935Z  INFO mq_bench::roles::subscriber: Connected via transport engine=Mqtt
2026-06-19T05:46:06.076971Z  INFO mq_bench::roles::subscriber: Subscribed to key expression key=topic_6
2026-06-19T05:46:12.744729Z  INFO mq_bench::roles::subscriber: Starting subscriber engine=Mqtt key=topic_6 endpoint=None crash_enabled=false
2026-06-19T05:46:12.744853Z  INFO mq_bench::roles::subscriber: Connected via transport engine=Mqtt
2026-06-19T05:46:12.744912Z  INFO mq_bench::roles::subscriber: Subscribed to key expression key=topic_6
2026-06-19T05:46:19.412228Z  INFO mq_bench::roles::subscriber: Starting subscriber engine=Mqtt key=topic_6 endpoint=None crash_enabled=false
2026-06-19T05:46:19.412337Z  INFO mq_bench::roles::subscriber: Connected via transport engine=Mqtt
2026-06-19T05:46:19.412396Z  INFO mq_bench::roles::subscriber: Subscribed to key expression key=topic_6
2026-06-19T05:46:26.079769Z  INFO mq_bench::roles::subscriber: Starting subscriber engine=Mqtt key=topic_6 endpoint=None crash_enabled=false
2026-06-19T05:46:26.079823Z  INFO mq_bench::roles::subscriber: Connected via transport engine=Mqtt
2026-06-19T05:46:26.079890Z  INFO mq_bench::roles::subscriber: Subscribed to key expression key=topic_6
2026-06-19T05:46:32.746838Z  INFO mq_bench::roles::subscriber: Starting subscriber engine=Mqtt key=topic_6 endpoint=None crash_enabled=false
2026-06-19T05:46:32.746889Z  INFO mq_bench::roles::subscriber: Connected via transport engine=Mqtt
2026-06-19T05:46:32.746975Z  INFO mq_bench::roles::subscriber: Subscribed to key expression key=topic_6
2026-06-19T05:46:39.415165Z  INFO mq_bench::roles::subscriber: Starting subscriber engine=Mqtt key=topic_6 endpoint=None crash_enabled=false
2026-06-19T05:46:39.415248Z  INFO mq_bench::roles::subscriber: Connected via transport engine=Mqtt
2026-06-19T05:46:39.415313Z  INFO mq_bench::roles::subscriber: Subscribed to key expression key=topic_6
2026-06-19T05:46:46.083468Z  INFO mq_bench::roles::subscriber: Starting subscriber engine=Mqtt key=topic_6 endpoint=None crash_enabled=false
2026-06-19T05:46:46.083593Z  INFO mq_bench::roles::subscriber: Connected via transport engine=Mqtt
2026-06-19T05:46:46.083668Z  INFO mq_bench::roles::subscriber: Subscribed to key expression key=topic_6
2026-06-19T05:46:52.750863Z  INFO mq_bench::roles::subscriber: Starting subscriber engine=Mqtt key=topic_6 endpoint=None crash_enabled=false
2026-06-19T05:46:52.750932Z  INFO mq_bench::roles::subscriber: Connected via transport engine=Mqtt
2026-06-19T05:46:52.751016Z  INFO mq_bench::roles::subscriber: Subscribed to key expression key=topic_6
2026-06-19T05:46:59.418664Z  INFO mq_bench::roles::subscriber: Starting subscriber engine=Mqtt key=topic_6 endpoint=None crash_enabled=false
2026-06-19T05:46:59.418718Z  INFO mq_bench::roles::subscriber: Connected via transport engine=Mqtt
2026-06-19T05:46:59.418797Z  INFO mq_bench::roles::subscriber: Subscribed to key expression key=topic_6
2026-06-19T05:47:06.086527Z  INFO mq_bench::roles::subscriber: Starting subscriber engine=Mqtt key=topic_6 endpoint=None crash_enabled=false
2026-06-19T05:47:06.086603Z  INFO mq_bench::roles::subscriber: Connected via transport engine=Mqtt
2026-06-19T05:47:06.086679Z  INFO mq_bench::roles::subscriber: Subscribed to key expression key=topic_6
