mq-bench starting with run_id: auto
Writing CSV output to: artifacts/fanout_bursty_20260619_054605_mqtt_rabbitmq_p64_s1000_u10_bursty/fanout_singlesite/sub_6_5.csv
2026-06-19T05:46:06.061661Z  INFO mq_bench::roles::subscriber: Starting subscriber engine=Mqtt key=topic_6 endpoint=None crash_enabled=false
2026-06-19T05:46:06.061706Z  INFO mq_bench::roles::subscriber: Connected via transport engine=Mqtt
2026-06-19T05:46:06.061744Z  INFO mq_bench::roles::subscriber: Subscribed to key expression key=topic_6
2026-06-19T05:46:12.730283Z  INFO mq_bench::roles::subscriber: Starting subscriber engine=Mqtt key=topic_6 endpoint=None crash_enabled=false
2026-06-19T05:46:12.730399Z  INFO mq_bench::roles::subscriber: Connected via transport engine=Mqtt
2026-06-19T05:46:12.730454Z  INFO mq_bench::roles::subscriber: Subscribed to key expression key=topic_6
2026-06-19T05:46:19.398139Z  INFO mq_bench::roles::subscriber: Starting subscriber engine=Mqtt key=topic_6 endpoint=None crash_enabled=false
2026-06-19T05:46:19.398285Z  INFO mq_bench::roles::subscriber: Connected via transport engine=Mqtt
2026-06-19T05:46:19.398344Z  INFO mq_bench::roles::subscriber: Subscribed to key expression key=topic_6
2026-06-19T05:46:26.065598Z  INFO mq_bench::roles::subscriber: Starting subscriber engine=Mqtt key=topic_6 endpoint=None crash_enabled=false
2026-06-19T05:46:26.065646Z  INFO mq_bench::roles::subscriber: Connected via transport engine=Mqtt
2026-06-19T05:46:26.065709Z  INFO mq_bench::roles::subscriber: Subscribed to key expression key=topic_6
2026-06-19T05:46:32.733952Z  INFO mq_bench::roles::subscriber: Starting subscriber engine=Mqtt key=topic_6 endpoint=None crash_enabled=false
2026-06-19T05:46:32.734005Z  INFO mq_bench::roles::subscriber: Connected via transport engine=Mqtt
2026-06-19T05:46:32.734076Z  INFO mq_bench::roles::subscriber: Subscribed to key expression key=topic_6
2026-06-19T05:46:39.401674Z  INFO mq_bench::roles::subscriber: Starting subscriber engine=Mqtt key=topic_6 endpoint=None crash_enabled=false
2026-06-19T05:46:39.401724Z  INFO mq_bench::roles::subscriber: Connected via transport engine=Mqtt
2026-06-19T05:46:39.401811Z  INFO mq_bench::roles::subscriber: Subscribed to key expression key=topic_6
2026-06-19T05:46:46.070288Z  INFO mq_bench::roles::subscriber: Starting subscriber engine=Mqtt key=topic_6 endpoint=None crash_enabled=false
2026-06-19T05:46:46.070402Z  INFO mq_bench::roles::subscriber: Connected via transport engine=Mqtt
2026-06-19T05:46:46.070481Z  INFO mq_bench::roles::subscriber: Subscribed to key expression key=topic_6
2026-06-19T05:46:52.737922Z  INFO mq_bench::roles::subscriber: Starting subscriber engine=Mqtt key=topic_6 endpoint=None crash_enabled=false
2026-06-19T05:46:52.738004Z  INFO mq_bench::roles::subscriber: Connected via transport engine=Mqtt
2026-06-19T05:46:52.738080Z  INFO mq_bench::roles::subscriber: Subscribed to key expression key=topic_6
2026-06-19T05:46:59.405362Z  INFO mq_bench::roles::subscriber: Starting subscriber engine=Mqtt key=topic_6 endpoint=None crash_enabled=false
2026-06-19T05:46:59.405438Z  INFO mq_bench::roles::subscriber: Connected via transport engine=Mqtt
2026-06-19T05:46:59.405513Z  INFO mq_bench::roles::subscriber: Subscribed to key expression key=topic_6
2026-06-19T05:47:06.073153Z  INFO mq_bench::roles::subscriber: Starting subscriber engine=Mqtt key=topic_6 endpoint=None crash_enabled=false
2026-06-19T05:47:06.073230Z  INFO mq_bench::roles::subscriber: Connected via transport engine=Mqtt
2026-06-19T05:47:06.073321Z  INFO mq_bench::roles::subscriber: Subscribed to key expression key=topic_6
