mq-bench starting with run_id: auto
Writing CSV output to: artifacts/fanout_bursty_20260619_054605_mqtt_rabbitmq_p64_s1000_u10_bursty/fanout_singlesite/sub_2_2.csv
2026-06-19T05:46:05.899927Z  INFO mq_bench::roles::subscriber: Starting subscriber engine=Mqtt key=topic_2 endpoint=None crash_enabled=false
2026-06-19T05:46:05.899983Z  INFO mq_bench::roles::subscriber: Connected via transport engine=Mqtt
2026-06-19T05:46:05.900036Z  INFO mq_bench::roles::subscriber: Subscribed to key expression key=topic_2
2026-06-19T05:46:12.568153Z  INFO mq_bench::roles::subscriber: Starting subscriber engine=Mqtt key=topic_2 endpoint=None crash_enabled=false
2026-06-19T05:46:12.568294Z  INFO mq_bench::roles::subscriber: Connected via transport engine=Mqtt
2026-06-19T05:46:12.568362Z  INFO mq_bench::roles::subscriber: Subscribed to key expression key=topic_2
2026-06-19T05:46:19.236083Z  INFO mq_bench::roles::subscriber: Starting subscriber engine=Mqtt key=topic_2 endpoint=None crash_enabled=false
2026-06-19T05:46:19.236229Z  INFO mq_bench::roles::subscriber: Connected via transport engine=Mqtt
2026-06-19T05:46:19.236295Z  INFO mq_bench::roles::subscriber: Subscribed to key expression key=topic_2
2026-06-19T05:46:25.903604Z  INFO mq_bench::roles::subscriber: Starting subscriber engine=Mqtt key=topic_2 endpoint=None crash_enabled=false
2026-06-19T05:46:25.903665Z  INFO mq_bench::roles::subscriber: Connected via transport engine=Mqtt
2026-06-19T05:46:25.903725Z  INFO mq_bench::roles::subscriber: Subscribed to key expression key=topic_2
2026-06-19T05:46:32.571855Z  INFO mq_bench::roles::subscriber: Starting subscriber engine=Mqtt key=topic_2 endpoint=None crash_enabled=false
2026-06-19T05:46:32.571903Z  INFO mq_bench::roles::subscriber: Connected via transport engine=Mqtt
2026-06-19T05:46:32.571974Z  INFO mq_bench::roles::subscriber: Subscribed to key expression key=topic_2
2026-06-19T05:46:39.239751Z  INFO mq_bench::roles::subscriber: Starting subscriber engine=Mqtt key=topic_2 endpoint=None crash_enabled=false
2026-06-19T05:46:39.239805Z  INFO mq_bench::roles::subscriber: Connected via transport engine=Mqtt
2026-06-19T05:46:39.239929Z  INFO mq_bench::roles::subscriber: Subscribed to key expression key=topic_2
2026-06-19T05:46:45.908116Z  INFO mq_bench::roles::subscriber: Starting subscriber engine=Mqtt key=topic_2 endpoint=None crash_enabled=false
2026-06-19T05:46:45.908166Z  INFO mq_bench::roles::subscriber: Connected via transport engine=Mqtt
2026-06-19T05:46:45.908271Z  INFO mq_bench::roles::subscriber: Subscribed to key expression key=topic_2
2026-06-19T05:46:52.575295Z  INFO mq_bench::roles::subscriber: Starting subscriber engine=Mqtt key=topic_2 endpoint=None crash_enabled=false
2026-06-19T05:46:52.575355Z  INFO mq_bench::roles::subscriber: Connected via transport engine=Mqtt
2026-06-19T05:46:52.575479Z  INFO mq_bench::roles::subscriber: Subscribed to key expression key=topic_2
2026-06-19T05:46:59.243090Z  INFO mq_bench::roles::subscriber: Starting subscriber engine=Mqtt key=topic_2 endpoint=None crash_enabled=false
2026-06-19T05:46:59.243151Z  INFO mq_bench::roles::subscriber: Connected via transport engine=Mqtt
2026-06-19T05:46:59.243269Z  INFO mq_bench::roles::subscriber: Subscribed to key expression key=topic_2
2026-06-19T05:47:05.910191Z  INFO mq_bench::roles::subscriber: Starting subscriber engine=Mqtt key=topic_2 endpoint=None crash_enabled=false
2026-06-19T05:47:05.910260Z  INFO mq_bench::roles::subscriber: Connected via transport engine=Mqtt
2026-06-19T05:47:05.910388Z  INFO mq_bench::roles::subscriber: Subscribed to key expression key=topic_2
