mq-bench starting with run_id: auto
Writing CSV output to: artifacts/fanout_bursty_20260619_054605_mqtt_rabbitmq_p64_s1000_u10_bursty/fanout_singlesite/sub_3_1.csv
2026-06-19T05:46:05.931116Z  INFO mq_bench::roles::subscriber: Starting subscriber engine=Mqtt key=topic_3 endpoint=None crash_enabled=false
2026-06-19T05:46:05.931180Z  INFO mq_bench::roles::subscriber: Connected via transport engine=Mqtt
2026-06-19T05:46:05.931222Z  INFO mq_bench::roles::subscriber: Subscribed to key expression key=topic_3
2026-06-19T05:46:12.598278Z  INFO mq_bench::roles::subscriber: Starting subscriber engine=Mqtt key=topic_3 endpoint=None crash_enabled=false
2026-06-19T05:46:12.598397Z  INFO mq_bench::roles::subscriber: Connected via transport engine=Mqtt
2026-06-19T05:46:12.598459Z  INFO mq_bench::roles::subscriber: Subscribed to key expression key=topic_3
2026-06-19T05:46:19.266097Z  INFO mq_bench::roles::subscriber: Starting subscriber engine=Mqtt key=topic_3 endpoint=None crash_enabled=false
2026-06-19T05:46:19.266247Z  INFO mq_bench::roles::subscriber: Connected via transport engine=Mqtt
2026-06-19T05:46:19.266315Z  INFO mq_bench::roles::subscriber: Subscribed to key expression key=topic_3
2026-06-19T05:46:25.933863Z  INFO mq_bench::roles::subscriber: Starting subscriber engine=Mqtt key=topic_3 endpoint=None crash_enabled=false
2026-06-19T05:46:25.933929Z  INFO mq_bench::roles::subscriber: Connected via transport engine=Mqtt
2026-06-19T05:46:25.933992Z  INFO mq_bench::roles::subscriber: Subscribed to key expression key=topic_3
2026-06-19T05:46:32.601612Z  INFO mq_bench::roles::subscriber: Starting subscriber engine=Mqtt key=topic_3 endpoint=None crash_enabled=false
2026-06-19T05:46:32.601733Z  INFO mq_bench::roles::subscriber: Connected via transport engine=Mqtt
2026-06-19T05:46:32.601813Z  INFO mq_bench::roles::subscriber: Subscribed to key expression key=topic_3
2026-06-19T05:46:39.269142Z  INFO mq_bench::roles::subscriber: Starting subscriber engine=Mqtt key=topic_3 endpoint=None crash_enabled=false
2026-06-19T05:46:39.269237Z  INFO mq_bench::roles::subscriber: Connected via transport engine=Mqtt
2026-06-19T05:46:39.269329Z  INFO mq_bench::roles::subscriber: Subscribed to key expression key=topic_3
2026-06-19T05:46:45.936401Z  INFO mq_bench::roles::subscriber: Starting subscriber engine=Mqtt key=topic_3 endpoint=None crash_enabled=false
2026-06-19T05:46:45.936448Z  INFO mq_bench::roles::subscriber: Connected via transport engine=Mqtt
2026-06-19T05:46:45.936529Z  INFO mq_bench::roles::subscriber: Subscribed to key expression key=topic_3
2026-06-19T05:46:52.604162Z  INFO mq_bench::roles::subscriber: Starting subscriber engine=Mqtt key=topic_3 endpoint=None crash_enabled=false
2026-06-19T05:46:52.604243Z  INFO mq_bench::roles::subscriber: Connected via transport engine=Mqtt
2026-06-19T05:46:52.604329Z  INFO mq_bench::roles::subscriber: Subscribed to key expression key=topic_3
2026-06-19T05:46:59.271553Z  INFO mq_bench::roles::subscriber: Starting subscriber engine=Mqtt key=topic_3 endpoint=None crash_enabled=false
2026-06-19T05:46:59.271618Z  INFO mq_bench::roles::subscriber: Connected via transport engine=Mqtt
2026-06-19T05:46:59.271714Z  INFO mq_bench::roles::subscriber: Subscribed to key expression key=topic_3
2026-06-19T05:47:05.939359Z  INFO mq_bench::roles::subscriber: Starting subscriber engine=Mqtt key=topic_3 endpoint=None crash_enabled=false
2026-06-19T05:47:05.939433Z  INFO mq_bench::roles::subscriber: Connected via transport engine=Mqtt
2026-06-19T05:47:05.939515Z  INFO mq_bench::roles::subscriber: Subscribed to key expression key=topic_3
