mq-bench starting with run_id: auto
Writing CSV output to: artifacts/fanout_bursty_20260619_054605_mqtt_rabbitmq_p64_s1000_u10_bursty/fanout_singlesite/sub_9_6.csv
2026-06-19T05:46:06.183406Z  INFO mq_bench::roles::subscriber: Starting subscriber engine=Mqtt key=topic_9 endpoint=None crash_enabled=false
2026-06-19T05:46:06.183454Z  INFO mq_bench::roles::subscriber: Connected via transport engine=Mqtt
2026-06-19T05:46:06.183485Z  INFO mq_bench::roles::subscriber: Subscribed to key expression key=topic_9
2026-06-19T05:46:12.850634Z  INFO mq_bench::roles::subscriber: Starting subscriber engine=Mqtt key=topic_9 endpoint=None crash_enabled=false
2026-06-19T05:46:12.850738Z  INFO mq_bench::roles::subscriber: Connected via transport engine=Mqtt
2026-06-19T05:46:12.850801Z  INFO mq_bench::roles::subscriber: Subscribed to key expression key=topic_9
2026-06-19T05:46:19.518598Z  INFO mq_bench::roles::subscriber: Starting subscriber engine=Mqtt key=topic_9 endpoint=None crash_enabled=false
2026-06-19T05:46:19.518648Z  INFO mq_bench::roles::subscriber: Connected via transport engine=Mqtt
2026-06-19T05:46:19.518673Z  INFO mq_bench::roles::subscriber: Subscribed to key expression key=topic_9
2026-06-19T05:46:26.186934Z  INFO mq_bench::roles::subscriber: Starting subscriber engine=Mqtt key=topic_9 endpoint=None crash_enabled=false
2026-06-19T05:46:26.186985Z  INFO mq_bench::roles::subscriber: Connected via transport engine=Mqtt
2026-06-19T05:46:26.187062Z  INFO mq_bench::roles::subscriber: Subscribed to key expression key=topic_9
2026-06-19T05:46:32.855006Z  INFO mq_bench::roles::subscriber: Starting subscriber engine=Mqtt key=topic_9 endpoint=None crash_enabled=false
2026-06-19T05:46:32.855153Z  INFO mq_bench::roles::subscriber: Connected via transport engine=Mqtt
2026-06-19T05:46:32.855262Z  INFO mq_bench::roles::subscriber: Subscribed to key expression key=topic_9
2026-06-19T05:46:39.522388Z  INFO mq_bench::roles::subscriber: Starting subscriber engine=Mqtt key=topic_9 endpoint=None crash_enabled=false
2026-06-19T05:46:39.522406Z  INFO mq_bench::roles::subscriber: Connected via transport engine=Mqtt
2026-06-19T05:46:39.522437Z  INFO mq_bench::roles::subscriber: Subscribed to key expression key=topic_9
2026-06-19T05:46:46.189431Z  INFO mq_bench::roles::subscriber: Starting subscriber engine=Mqtt key=topic_9 endpoint=None crash_enabled=false
2026-06-19T05:46:46.189485Z  INFO mq_bench::roles::subscriber: Connected via transport engine=Mqtt
2026-06-19T05:46:46.189562Z  INFO mq_bench::roles::subscriber: Subscribed to key expression key=topic_9
2026-06-19T05:46:52.857088Z  INFO mq_bench::roles::subscriber: Starting subscriber engine=Mqtt key=topic_9 endpoint=None crash_enabled=false
2026-06-19T05:46:52.857138Z  INFO mq_bench::roles::subscriber: Connected via transport engine=Mqtt
2026-06-19T05:46:52.857256Z  INFO mq_bench::roles::subscriber: Subscribed to key expression key=topic_9
2026-06-19T05:46:59.525174Z  INFO mq_bench::roles::subscriber: Starting subscriber engine=Mqtt key=topic_9 endpoint=None crash_enabled=false
2026-06-19T05:46:59.525197Z  INFO mq_bench::roles::subscriber: Connected via transport engine=Mqtt
2026-06-19T05:46:59.525244Z  INFO mq_bench::roles::subscriber: Subscribed to key expression key=topic_9
2026-06-19T05:47:06.192439Z  INFO mq_bench::roles::subscriber: Starting subscriber engine=Mqtt key=topic_9 endpoint=None crash_enabled=false
2026-06-19T05:47:06.192492Z  INFO mq_bench::roles::subscriber: Connected via transport engine=Mqtt
2026-06-19T05:47:06.192578Z  INFO mq_bench::roles::subscriber: Subscribed to key expression key=topic_9
