mq-bench starting with run_id: auto
Writing CSV output to: artifacts/fanout_bursty_20260619_054605_mqtt_rabbitmq_p64_s1000_u10_bursty/fanout_singlesite/sub_4_3.csv
2026-06-19T05:46:05.976785Z  INFO mq_bench::roles::subscriber: Starting subscriber engine=Mqtt key=topic_4 endpoint=None crash_enabled=false
2026-06-19T05:46:05.976833Z  INFO mq_bench::roles::subscriber: Connected via transport engine=Mqtt
2026-06-19T05:46:05.976867Z  INFO mq_bench::roles::subscriber: Subscribed to key expression key=topic_4
2026-06-19T05:46:12.645365Z  INFO mq_bench::roles::subscriber: Starting subscriber engine=Mqtt key=topic_4 endpoint=None crash_enabled=false
2026-06-19T05:46:12.645479Z  INFO mq_bench::roles::subscriber: Connected via transport engine=Mqtt
2026-06-19T05:46:12.645538Z  INFO mq_bench::roles::subscriber: Subscribed to key expression key=topic_4
2026-06-19T05:46:19.313288Z  INFO mq_bench::roles::subscriber: Starting subscriber engine=Mqtt key=topic_4 endpoint=None crash_enabled=false
2026-06-19T05:46:19.313394Z  INFO mq_bench::roles::subscriber: Connected via transport engine=Mqtt
2026-06-19T05:46:19.313454Z  INFO mq_bench::roles::subscriber: Subscribed to key expression key=topic_4
2026-06-19T05:46:25.980995Z  INFO mq_bench::roles::subscriber: Starting subscriber engine=Mqtt key=topic_4 endpoint=None crash_enabled=false
2026-06-19T05:46:25.981044Z  INFO mq_bench::roles::subscriber: Connected via transport engine=Mqtt
2026-06-19T05:46:25.981108Z  INFO mq_bench::roles::subscriber: Subscribed to key expression key=topic_4
2026-06-19T05:46:32.649362Z  INFO mq_bench::roles::subscriber: Starting subscriber engine=Mqtt key=topic_4 endpoint=None crash_enabled=false
2026-06-19T05:46:32.649471Z  INFO mq_bench::roles::subscriber: Connected via transport engine=Mqtt
2026-06-19T05:46:32.649566Z  INFO mq_bench::roles::subscriber: Subscribed to key expression key=topic_4
2026-06-19T05:46:39.317100Z  INFO mq_bench::roles::subscriber: Starting subscriber engine=Mqtt key=topic_4 endpoint=None crash_enabled=false
2026-06-19T05:46:39.317150Z  INFO mq_bench::roles::subscriber: Connected via transport engine=Mqtt
2026-06-19T05:46:39.317268Z  INFO mq_bench::roles::subscriber: Subscribed to key expression key=topic_4
2026-06-19T05:46:45.984802Z  INFO mq_bench::roles::subscriber: Starting subscriber engine=Mqtt key=topic_4 endpoint=None crash_enabled=false
2026-06-19T05:46:45.984868Z  INFO mq_bench::roles::subscriber: Connected via transport engine=Mqtt
2026-06-19T05:46:45.984960Z  INFO mq_bench::roles::subscriber: Subscribed to key expression key=topic_4
2026-06-19T05:46:52.652566Z  INFO mq_bench::roles::subscriber: Starting subscriber engine=Mqtt key=topic_4 endpoint=None crash_enabled=false
2026-06-19T05:46:52.652619Z  INFO mq_bench::roles::subscriber: Connected via transport engine=Mqtt
2026-06-19T05:46:52.652704Z  INFO mq_bench::roles::subscriber: Subscribed to key expression key=topic_4
2026-06-19T05:46:59.320046Z  INFO mq_bench::roles::subscriber: Starting subscriber engine=Mqtt key=topic_4 endpoint=None crash_enabled=false
2026-06-19T05:46:59.320121Z  INFO mq_bench::roles::subscriber: Connected via transport engine=Mqtt
2026-06-19T05:46:59.320199Z  INFO mq_bench::roles::subscriber: Subscribed to key expression key=topic_4
2026-06-19T05:47:05.987673Z  INFO mq_bench::roles::subscriber: Starting subscriber engine=Mqtt key=topic_4 endpoint=None crash_enabled=false
2026-06-19T05:47:05.987744Z  INFO mq_bench::roles::subscriber: Connected via transport engine=Mqtt
2026-06-19T05:47:05.987827Z  INFO mq_bench::roles::subscriber: Subscribed to key expression key=topic_4
