mq-bench starting with run_id: auto
Writing CSV output to: artifacts/fanout_bursty_20260619_054605_mqtt_rabbitmq_p64_s1000_u10_bursty/fanout_singlesite/sub_3_3.csv
2026-06-19T05:46:05.938608Z  INFO mq_bench::roles::subscriber: Starting subscriber engine=Mqtt key=topic_3 endpoint=None crash_enabled=false
2026-06-19T05:46:05.938655Z  INFO mq_bench::roles::subscriber: Connected via transport engine=Mqtt
2026-06-19T05:46:05.938695Z  INFO mq_bench::roles::subscriber: Subscribed to key expression key=topic_3
2026-06-19T05:46:12.606542Z  INFO mq_bench::roles::subscriber: Starting subscriber engine=Mqtt key=topic_3 endpoint=None crash_enabled=false
2026-06-19T05:46:12.606660Z  INFO mq_bench::roles::subscriber: Connected via transport engine=Mqtt
2026-06-19T05:46:12.606716Z  INFO mq_bench::roles::subscriber: Subscribed to key expression key=topic_3
2026-06-19T05:46:19.273933Z  INFO mq_bench::roles::subscriber: Starting subscriber engine=Mqtt key=topic_3 endpoint=None crash_enabled=false
2026-06-19T05:46:19.274036Z  INFO mq_bench::roles::subscriber: Connected via transport engine=Mqtt
2026-06-19T05:46:19.274101Z  INFO mq_bench::roles::subscriber: Subscribed to key expression key=topic_3
2026-06-19T05:46:25.942321Z  INFO mq_bench::roles::subscriber: Starting subscriber engine=Mqtt key=topic_3 endpoint=None crash_enabled=false
2026-06-19T05:46:25.942378Z  INFO mq_bench::roles::subscriber: Connected via transport engine=Mqtt
2026-06-19T05:46:25.942451Z  INFO mq_bench::roles::subscriber: Subscribed to key expression key=topic_3
2026-06-19T05:46:32.609453Z  INFO mq_bench::roles::subscriber: Starting subscriber engine=Mqtt key=topic_3 endpoint=None crash_enabled=false
2026-06-19T05:46:32.609501Z  INFO mq_bench::roles::subscriber: Connected via transport engine=Mqtt
2026-06-19T05:46:32.609584Z  INFO mq_bench::roles::subscriber: Subscribed to key expression key=topic_3
2026-06-19T05:46:39.276547Z  INFO mq_bench::roles::subscriber: Starting subscriber engine=Mqtt key=topic_3 endpoint=None crash_enabled=false
2026-06-19T05:46:39.276604Z  INFO mq_bench::roles::subscriber: Connected via transport engine=Mqtt
2026-06-19T05:46:39.276667Z  INFO mq_bench::roles::subscriber: Subscribed to key expression key=topic_3
2026-06-19T05:46:45.943553Z  INFO mq_bench::roles::subscriber: Starting subscriber engine=Mqtt key=topic_3 endpoint=None crash_enabled=false
2026-06-19T05:46:45.943647Z  INFO mq_bench::roles::subscriber: Connected via transport engine=Mqtt
2026-06-19T05:46:45.943777Z  INFO mq_bench::roles::subscriber: Subscribed to key expression key=topic_3
2026-06-19T05:46:52.611299Z  INFO mq_bench::roles::subscriber: Starting subscriber engine=Mqtt key=topic_3 endpoint=None crash_enabled=false
2026-06-19T05:46:52.611355Z  INFO mq_bench::roles::subscriber: Connected via transport engine=Mqtt
2026-06-19T05:46:52.611448Z  INFO mq_bench::roles::subscriber: Subscribed to key expression key=topic_3
2026-06-19T05:46:59.278893Z  INFO mq_bench::roles::subscriber: Starting subscriber engine=Mqtt key=topic_3 endpoint=None crash_enabled=false
2026-06-19T05:46:59.278945Z  INFO mq_bench::roles::subscriber: Connected via transport engine=Mqtt
2026-06-19T05:46:59.279051Z  INFO mq_bench::roles::subscriber: Subscribed to key expression key=topic_3
2026-06-19T05:47:05.947364Z  INFO mq_bench::roles::subscriber: Starting subscriber engine=Mqtt key=topic_3 endpoint=None crash_enabled=false
2026-06-19T05:47:05.947419Z  INFO mq_bench::roles::subscriber: Connected via transport engine=Mqtt
2026-06-19T05:47:05.947511Z  INFO mq_bench::roles::subscriber: Subscribed to key expression key=topic_3
