mq-bench starting with run_id: auto
Writing CSV output to: artifacts/fanout_bursty_20260618_065754_mqtt_artemis_p64_s1000_u10_bursty/fanout_singlesite/sub_4_0.csv
2026-06-18T06:57:54.834662Z  INFO mq_bench::roles::subscriber: Starting subscriber engine=Mqtt key=topic_4 endpoint=None crash_enabled=false
2026-06-18T06:57:54.834714Z  INFO mq_bench::roles::subscriber: Connected via transport engine=Mqtt
2026-06-18T06:57:54.834749Z  INFO mq_bench::roles::subscriber: Subscribed to key expression key=topic_4
2026-06-18T06:58:01.502510Z  INFO mq_bench::roles::subscriber: Starting subscriber engine=Mqtt key=topic_4 endpoint=None crash_enabled=false
2026-06-18T06:58:01.502633Z  INFO mq_bench::roles::subscriber: Connected via transport engine=Mqtt
2026-06-18T06:58:01.502694Z  INFO mq_bench::roles::subscriber: Subscribed to key expression key=topic_4
2026-06-18T06:58:08.169842Z  INFO mq_bench::roles::subscriber: Starting subscriber engine=Mqtt key=topic_4 endpoint=None crash_enabled=false
2026-06-18T06:58:08.169951Z  INFO mq_bench::roles::subscriber: Connected via transport engine=Mqtt
2026-06-18T06:58:08.170005Z  INFO mq_bench::roles::subscriber: Subscribed to key expression key=topic_4
2026-06-18T06:58:14.837415Z  INFO mq_bench::roles::subscriber: Starting subscriber engine=Mqtt key=topic_4 endpoint=None crash_enabled=false
2026-06-18T06:58:14.837479Z  INFO mq_bench::roles::subscriber: Connected via transport engine=Mqtt
2026-06-18T06:58:14.837540Z  INFO mq_bench::roles::subscriber: Subscribed to key expression key=topic_4
2026-06-18T06:58:21.504500Z  INFO mq_bench::roles::subscriber: Starting subscriber engine=Mqtt key=topic_4 endpoint=None crash_enabled=false
2026-06-18T06:58:21.504617Z  INFO mq_bench::roles::subscriber: Connected via transport engine=Mqtt
2026-06-18T06:58:21.504694Z  INFO mq_bench::roles::subscriber: Subscribed to key expression key=topic_4
2026-06-18T06:58:28.172160Z  INFO mq_bench::roles::subscriber: Starting subscriber engine=Mqtt key=topic_4 endpoint=None crash_enabled=false
2026-06-18T06:58:28.172254Z  INFO mq_bench::roles::subscriber: Connected via transport engine=Mqtt
2026-06-18T06:58:28.172369Z  INFO mq_bench::roles::subscriber: Subscribed to key expression key=topic_4
2026-06-18T06:58:34.840193Z  INFO mq_bench::roles::subscriber: Starting subscriber engine=Mqtt key=topic_4 endpoint=None crash_enabled=false
2026-06-18T06:58:34.840279Z  INFO mq_bench::roles::subscriber: Connected via transport engine=Mqtt
2026-06-18T06:58:34.840365Z  INFO mq_bench::roles::subscriber: Subscribed to key expression key=topic_4
2026-06-18T06:58:41.508143Z  INFO mq_bench::roles::subscriber: Starting subscriber engine=Mqtt key=topic_4 endpoint=None crash_enabled=false
2026-06-18T06:58:41.508232Z  INFO mq_bench::roles::subscriber: Connected via transport engine=Mqtt
2026-06-18T06:58:41.508312Z  INFO mq_bench::roles::subscriber: Subscribed to key expression key=topic_4
2026-06-18T06:58:48.175358Z  INFO mq_bench::roles::subscriber: Starting subscriber engine=Mqtt key=topic_4 endpoint=None crash_enabled=false
2026-06-18T06:58:48.175435Z  INFO mq_bench::roles::subscriber: Connected via transport engine=Mqtt
2026-06-18T06:58:48.175508Z  INFO mq_bench::roles::subscriber: Subscribed to key expression key=topic_4
2026-06-18T06:58:54.843022Z  INFO mq_bench::roles::subscriber: Starting subscriber engine=Mqtt key=topic_4 endpoint=None crash_enabled=false
2026-06-18T06:58:54.843083Z  INFO mq_bench::roles::subscriber: Connected via transport engine=Mqtt
2026-06-18T06:58:54.843161Z  INFO mq_bench::roles::subscriber: Subscribed to key expression key=topic_4
2026-06-18T07:02:21.517713Z  WARN mq_bench::transport::mqtt: MQTT subscription eventloop error; continuing poll loop client_id=sub-mqb-5bfe13c8e69e3ecf-a5fda093645848f68f1048df0de1846c error=Mqtt state: Last pingreq isn't acked
2026-06-18T07:02:27.519836Z  WARN mq_bench::transport::mqtt: MQTT subscription eventloop error; continuing poll loop client_id=sub-mqb-5bfe13c8e69e3ecf-a5fda093645848f68f1048df0de1846c error=Network timeout
2026-06-18T07:02:28.183258Z  WARN mq_bench::transport::mqtt: MQTT subscription eventloop error; continuing poll loop client_id=sub-mqb-5bfe13c8e69e3ecf-21d14660d94a4f9c8b31dbce883a2b2c error=Mqtt state: Last pingreq isn't acked
2026-06-18T07:02:31.515318Z  WARN mq_bench::transport::mqtt: MQTT subscription eventloop error; continuing poll loop client_id=sub-mqb-5bfe13c8e69e3ecf-c6cfb449e4434fc1b336b0407b3c12d5 error=Mqtt state: Last pingreq isn't acked
2026-06-18T07:02:33.522064Z  WARN mq_bench::transport::mqtt: MQTT subscription eventloop error; continuing poll loop client_id=sub-mqb-5bfe13c8e69e3ecf-a5fda093645848f68f1048df0de1846c error=Network timeout
2026-06-18T07:02:34.186168Z  WARN mq_bench::transport::mqtt: MQTT subscription eventloop error; continuing poll loop client_id=sub-mqb-5bfe13c8e69e3ecf-21d14660d94a4f9c8b31dbce883a2b2c error=Network timeout
2026-06-18T07:02:37.517726Z  WARN mq_bench::transport::mqtt: MQTT subscription eventloop error; continuing poll loop client_id=sub-mqb-5bfe13c8e69e3ecf-c6cfb449e4434fc1b336b0407b3c12d5 error=Network timeout
2026-06-18T07:02:38.181041Z  WARN mq_bench::transport::mqtt: MQTT subscription eventloop error; continuing poll loop client_id=sub-mqb-5bfe13c8e69e3ecf-97de2502db984f31ba9038d4ce2d159d error=Mqtt state: Last pingreq isn't acked
2026-06-18T07:02:39.524114Z  WARN mq_bench::transport::mqtt: MQTT subscription eventloop error; continuing poll loop client_id=sub-mqb-5bfe13c8e69e3ecf-a5fda093645848f68f1048df0de1846c error=Network timeout
2026-06-18T07:02:40.188354Z  WARN mq_bench::transport::mqtt: MQTT subscription eventloop error; continuing poll loop client_id=sub-mqb-5bfe13c8e69e3ecf-21d14660d94a4f9c8b31dbce883a2b2c error=Network timeout
2026-06-18T07:02:41.519433Z  WARN mq_bench::transport::mqtt: MQTT subscription eventloop error; continuing poll loop client_id=sub-mqb-5bfe13c8e69e3ecf-663ab14660ac4712b97e7d7443afbad0 error=Mqtt state: Last pingreq isn't acked
2026-06-18T07:02:43.519495Z  WARN mq_bench::transport::mqtt: MQTT subscription eventloop error; continuing poll loop client_id=sub-mqb-5bfe13c8e69e3ecf-c6cfb449e4434fc1b336b0407b3c12d5 error=Network timeout
2026-06-18T07:02:44.183854Z  WARN mq_bench::transport::mqtt: MQTT subscription eventloop error; continuing poll loop client_id=sub-mqb-5bfe13c8e69e3ecf-97de2502db984f31ba9038d4ce2d159d error=Network timeout
2026-06-18T07:02:44.849456Z  WARN mq_bench::transport::mqtt: MQTT subscription eventloop error; continuing poll loop client_id=sub-mqb-5bfe13c8e69e3ecf-12c5174276f14dd4a401e1b5ceadb81b error=Mqtt state: Last pingreq isn't acked
2026-06-18T07:02:45.526124Z  WARN mq_bench::transport::mqtt: MQTT subscription eventloop error; continuing poll loop client_id=sub-mqb-5bfe13c8e69e3ecf-a5fda093645848f68f1048df0de1846c error=Network timeout
2026-06-18T07:02:46.190646Z  WARN mq_bench::transport::mqtt: MQTT subscription eventloop error; continuing poll loop client_id=sub-mqb-5bfe13c8e69e3ecf-21d14660d94a4f9c8b31dbce883a2b2c error=Network timeout
2026-06-18T07:02:47.521570Z  WARN mq_bench::transport::mqtt: MQTT subscription eventloop error; continuing poll loop client_id=sub-mqb-5bfe13c8e69e3ecf-663ab14660ac4712b97e7d7443afbad0 error=Network timeout
2026-06-18T07:02:48.187900Z  WARN mq_bench::transport::mqtt: MQTT subscription eventloop error; continuing poll loop client_id=sub-mqb-5bfe13c8e69e3ecf-f4cf8ffdf9614d89b944c04376b358bb error=Mqtt state: Last pingreq isn't acked
2026-06-18T07:02:49.521955Z  WARN mq_bench::transport::mqtt: MQTT subscription eventloop error; continuing poll loop client_id=sub-mqb-5bfe13c8e69e3ecf-c6cfb449e4434fc1b336b0407b3c12d5 error=Network timeout
2026-06-18T07:02:50.186255Z  WARN mq_bench::transport::mqtt: MQTT subscription eventloop error; continuing poll loop client_id=sub-mqb-5bfe13c8e69e3ecf-97de2502db984f31ba9038d4ce2d159d error=Network timeout
2026-06-18T07:02:50.851748Z  WARN mq_bench::transport::mqtt: MQTT subscription eventloop error; continuing poll loop client_id=sub-mqb-5bfe13c8e69e3ecf-12c5174276f14dd4a401e1b5ceadb81b error=Network timeout
2026-06-18T07:02:51.527365Z  WARN mq_bench::transport::mqtt: MQTT subscription eventloop error; continuing poll loop client_id=sub-mqb-5bfe13c8e69e3ecf-a5fda093645848f68f1048df0de1846c error=Network timeout
2026-06-18T07:02:52.193059Z  WARN mq_bench::transport::mqtt: MQTT subscription eventloop error; continuing poll loop client_id=sub-mqb-5bfe13c8e69e3ecf-21d14660d94a4f9c8b31dbce883a2b2c error=Network timeout
2026-06-18T07:02:53.524017Z  WARN mq_bench::transport::mqtt: MQTT subscription eventloop error; continuing poll loop client_id=sub-mqb-5bfe13c8e69e3ecf-663ab14660ac4712b97e7d7443afbad0 error=Network timeout
2026-06-18T07:02:54.189342Z  WARN mq_bench::transport::mqtt: MQTT subscription eventloop error; continuing poll loop client_id=sub-mqb-5bfe13c8e69e3ecf-f4cf8ffdf9614d89b944c04376b358bb error=Network timeout
2026-06-18T07:02:54.856991Z  WARN mq_bench::transport::mqtt: MQTT subscription eventloop error; continuing poll loop client_id=sub-mqb-5bfe13c8e69e3ecf-29959ff4938a467da808e5541c6c5863 error=Mqtt state: Last pingreq isn't acked
2026-06-18T07:02:55.456594Z  WARN mq_bench::transport::mqtt: MQTT subscription eventloop error; continuing poll loop client_id=sub-mqb-5bfe13c8e69e3ecf-eca6d4eacac1443a9196c9a41a3672ff error=Mqtt state: Last pingreq isn't acked
2026-06-18T07:02:55.523891Z  WARN mq_bench::transport::mqtt: MQTT subscription eventloop error; continuing poll loop client_id=sub-mqb-5bfe13c8e69e3ecf-c6cfb449e4434fc1b336b0407b3c12d5 error=Network timeout
2026-06-18T07:02:56.188600Z  WARN mq_bench::transport::mqtt: MQTT subscription eventloop error; continuing poll loop client_id=sub-mqb-5bfe13c8e69e3ecf-97de2502db984f31ba9038d4ce2d159d error=Network timeout
2026-06-18T07:02:56.853570Z  WARN mq_bench::transport::mqtt: MQTT subscription eventloop error; continuing poll loop client_id=sub-mqb-5bfe13c8e69e3ecf-12c5174276f14dd4a401e1b5ceadb81b error=Network timeout
2026-06-18T07:02:57.530113Z  WARN mq_bench::transport::mqtt: MQTT subscription eventloop error; continuing poll loop client_id=sub-mqb-5bfe13c8e69e3ecf-a5fda093645848f68f1048df0de1846c error=Network timeout
