mq-bench starting with run_id: auto
Writing CSV output to: artifacts/fanout_bursty_20260618_065754_mqtt_artemis_p64_s1000_u10_bursty/fanout_singlesite/sub_7_9.csv
2026-06-18T06:57:54.989882Z  INFO mq_bench::roles::subscriber: Starting subscriber engine=Mqtt key=topic_7 endpoint=None crash_enabled=false
2026-06-18T06:57:54.990036Z  INFO mq_bench::roles::subscriber: Connected via transport engine=Mqtt
2026-06-18T06:57:54.990072Z  INFO mq_bench::roles::subscriber: Subscribed to key expression key=topic_7
2026-06-18T06:58:01.657509Z  INFO mq_bench::roles::subscriber: Starting subscriber engine=Mqtt key=topic_7 endpoint=None crash_enabled=false
2026-06-18T06:58:01.657573Z  INFO mq_bench::roles::subscriber: Connected via transport engine=Mqtt
2026-06-18T06:58:01.657645Z  INFO mq_bench::roles::subscriber: Subscribed to key expression key=topic_7
2026-06-18T06:58:08.324654Z  INFO mq_bench::roles::subscriber: Starting subscriber engine=Mqtt key=topic_7 endpoint=None crash_enabled=false
2026-06-18T06:58:08.324761Z  INFO mq_bench::roles::subscriber: Connected via transport engine=Mqtt
2026-06-18T06:58:08.324830Z  INFO mq_bench::roles::subscriber: Subscribed to key expression key=topic_7
2026-06-18T06:58:14.992850Z  INFO mq_bench::roles::subscriber: Starting subscriber engine=Mqtt key=topic_7 endpoint=None crash_enabled=false
2026-06-18T06:58:14.992926Z  INFO mq_bench::roles::subscriber: Connected via transport engine=Mqtt
2026-06-18T06:58:14.992988Z  INFO mq_bench::roles::subscriber: Subscribed to key expression key=topic_7
2026-06-18T06:58:21.660830Z  INFO mq_bench::roles::subscriber: Starting subscriber engine=Mqtt key=topic_7 endpoint=None crash_enabled=false
2026-06-18T06:58:21.660954Z  INFO mq_bench::roles::subscriber: Connected via transport engine=Mqtt
2026-06-18T06:58:21.661037Z  INFO mq_bench::roles::subscriber: Subscribed to key expression key=topic_7
2026-06-18T06:58:28.328429Z  INFO mq_bench::roles::subscriber: Starting subscriber engine=Mqtt key=topic_7 endpoint=None crash_enabled=false
2026-06-18T06:58:28.328488Z  INFO mq_bench::roles::subscriber: Connected via transport engine=Mqtt
2026-06-18T06:58:28.328574Z  INFO mq_bench::roles::subscriber: Subscribed to key expression key=topic_7
2026-06-18T06:58:34.996258Z  INFO mq_bench::roles::subscriber: Starting subscriber engine=Mqtt key=topic_7 endpoint=None crash_enabled=false
2026-06-18T06:58:34.996314Z  INFO mq_bench::roles::subscriber: Connected via transport engine=Mqtt
2026-06-18T06:58:34.996389Z  INFO mq_bench::roles::subscriber: Subscribed to key expression key=topic_7
2026-06-18T06:58:41.663433Z  INFO mq_bench::roles::subscriber: Starting subscriber engine=Mqtt key=topic_7 endpoint=None crash_enabled=false
2026-06-18T06:58:41.663508Z  INFO mq_bench::roles::subscriber: Connected via transport engine=Mqtt
2026-06-18T06:58:41.663602Z  INFO mq_bench::roles::subscriber: Subscribed to key expression key=topic_7
2026-06-18T06:58:48.331161Z  INFO mq_bench::roles::subscriber: Starting subscriber engine=Mqtt key=topic_7 endpoint=None crash_enabled=false
2026-06-18T06:58:48.331255Z  INFO mq_bench::roles::subscriber: Connected via transport engine=Mqtt
2026-06-18T06:58:48.331336Z  INFO mq_bench::roles::subscriber: Subscribed to key expression key=topic_7
2026-06-18T06:58:54.998788Z  INFO mq_bench::roles::subscriber: Starting subscriber engine=Mqtt key=topic_7 endpoint=None crash_enabled=false
2026-06-18T06:58:54.998864Z  INFO mq_bench::roles::subscriber: Connected via transport engine=Mqtt
2026-06-18T06:58:54.998948Z  INFO mq_bench::roles::subscriber: Subscribed to key expression key=topic_7
2026-06-18T07:02:41.674094Z  WARN mq_bench::transport::mqtt: MQTT subscription eventloop error; continuing poll loop client_id=sub-mqb-5bfe14c8e69e4082-68190dbd887744c1afb7470827eef303 error=Mqtt state: Last pingreq isn't acked
2026-06-18T07:02:47.675772Z  WARN mq_bench::transport::mqtt: MQTT subscription eventloop error; continuing poll loop client_id=sub-mqb-5bfe14c8e69e4082-68190dbd887744c1afb7470827eef303 error=Network timeout
2026-06-18T07:02:48.346064Z  WARN mq_bench::transport::mqtt: MQTT subscription eventloop error; continuing poll loop client_id=sub-mqb-5bfe14c8e69e4082-8ce9d1f2e25b48888812117d62186826 error=Mqtt state: Last pingreq isn't acked
2026-06-18T07:02:51.678313Z  WARN mq_bench::transport::mqtt: MQTT subscription eventloop error; continuing poll loop client_id=sub-mqb-5bfe14c8e69e4082-97054c6aea16497f96260562a3d416b8 error=Mqtt state: Last pingreq isn't acked
2026-06-18T07:02:53.678193Z  WARN mq_bench::transport::mqtt: MQTT subscription eventloop error; continuing poll loop client_id=sub-mqb-5bfe14c8e69e4082-68190dbd887744c1afb7470827eef303 error=Network timeout
2026-06-18T07:02:54.348392Z  WARN mq_bench::transport::mqtt: MQTT subscription eventloop error; continuing poll loop client_id=sub-mqb-5bfe14c8e69e4082-8ce9d1f2e25b48888812117d62186826 error=Network timeout
2026-06-18T07:02:55.010971Z  WARN mq_bench::transport::mqtt: MQTT subscription eventloop error; continuing poll loop client_id=sub-mqb-5bfe14c8e69e4082-eba073a35d3b4fc4a128f80d25e00fa9 error=Mqtt state: Last pingreq isn't acked
2026-06-18T07:02:55.475261Z  WARN mq_bench::transport::mqtt: MQTT subscription eventloop error; continuing poll loop client_id=sub-mqb-5bfe14c8e69e4082-79d2a0e555504a16abf9891480cdc790 error=Mqtt state: Last pingreq isn't acked
2026-06-18T07:02:57.680722Z  WARN mq_bench::transport::mqtt: MQTT subscription eventloop error; continuing poll loop client_id=sub-mqb-5bfe14c8e69e4082-97054c6aea16497f96260562a3d416b8 error=Network timeout
