mq-bench starting with run_id: auto
Writing CSV output to: artifacts/fanout_bursty_20260618_065754_mqtt_artemis_p64_s1000_u10_bursty/fanout_singlesite/sub_5_1.csv
2026-06-18T06:57:54.879062Z  INFO mq_bench::roles::subscriber: Starting subscriber engine=Mqtt key=topic_5 endpoint=None crash_enabled=false
2026-06-18T06:57:54.879119Z  INFO mq_bench::roles::subscriber: Connected via transport engine=Mqtt
2026-06-18T06:57:54.879157Z  INFO mq_bench::roles::subscriber: Subscribed to key expression key=topic_5
2026-06-18T06:58:01.547095Z  INFO mq_bench::roles::subscriber: Starting subscriber engine=Mqtt key=topic_5 endpoint=None crash_enabled=false
2026-06-18T06:58:01.547236Z  INFO mq_bench::roles::subscriber: Connected via transport engine=Mqtt
2026-06-18T06:58:01.547308Z  INFO mq_bench::roles::subscriber: Subscribed to key expression key=topic_5
2026-06-18T06:58:08.215048Z  INFO mq_bench::roles::subscriber: Starting subscriber engine=Mqtt key=topic_5 endpoint=None crash_enabled=false
2026-06-18T06:58:08.215181Z  INFO mq_bench::roles::subscriber: Connected via transport engine=Mqtt
2026-06-18T06:58:08.215289Z  INFO mq_bench::roles::subscriber: Subscribed to key expression key=topic_5
2026-06-18T06:58:14.882777Z  INFO mq_bench::roles::subscriber: Starting subscriber engine=Mqtt key=topic_5 endpoint=None crash_enabled=false
2026-06-18T06:58:14.882837Z  INFO mq_bench::roles::subscriber: Connected via transport engine=Mqtt
2026-06-18T06:58:14.882902Z  INFO mq_bench::roles::subscriber: Subscribed to key expression key=topic_5
2026-06-18T06:58:21.550450Z  INFO mq_bench::roles::subscriber: Starting subscriber engine=Mqtt key=topic_5 endpoint=None crash_enabled=false
2026-06-18T06:58:21.550560Z  INFO mq_bench::roles::subscriber: Connected via transport engine=Mqtt
2026-06-18T06:58:21.550641Z  INFO mq_bench::roles::subscriber: Subscribed to key expression key=topic_5
2026-06-18T06:58:28.217700Z  INFO mq_bench::roles::subscriber: Starting subscriber engine=Mqtt key=topic_5 endpoint=None crash_enabled=false
2026-06-18T06:58:28.217757Z  INFO mq_bench::roles::subscriber: Connected via transport engine=Mqtt
2026-06-18T06:58:28.217829Z  INFO mq_bench::roles::subscriber: Subscribed to key expression key=topic_5
2026-06-18T06:58:34.885476Z  INFO mq_bench::roles::subscriber: Starting subscriber engine=Mqtt key=topic_5 endpoint=None crash_enabled=false
2026-06-18T06:58:34.885539Z  INFO mq_bench::roles::subscriber: Connected via transport engine=Mqtt
2026-06-18T06:58:34.885635Z  INFO mq_bench::roles::subscriber: Subscribed to key expression key=topic_5
2026-06-18T06:58:41.553269Z  INFO mq_bench::roles::subscriber: Starting subscriber engine=Mqtt key=topic_5 endpoint=None crash_enabled=false
2026-06-18T06:58:41.553324Z  INFO mq_bench::roles::subscriber: Connected via transport engine=Mqtt
2026-06-18T06:58:41.553408Z  INFO mq_bench::roles::subscriber: Subscribed to key expression key=topic_5
2026-06-18T06:58:48.221322Z  INFO mq_bench::roles::subscriber: Starting subscriber engine=Mqtt key=topic_5 endpoint=None crash_enabled=false
2026-06-18T06:58:48.221375Z  INFO mq_bench::roles::subscriber: Connected via transport engine=Mqtt
2026-06-18T06:58:48.221470Z  INFO mq_bench::roles::subscriber: Subscribed to key expression key=topic_5
2026-06-18T06:58:54.889401Z  INFO mq_bench::roles::subscriber: Starting subscriber engine=Mqtt key=topic_5 endpoint=None crash_enabled=false
2026-06-18T06:58:54.889465Z  INFO mq_bench::roles::subscriber: Connected via transport engine=Mqtt
2026-06-18T06:58:54.889556Z  INFO mq_bench::roles::subscriber: Subscribed to key expression key=topic_5
2026-06-18T07:02:44.898182Z  WARN mq_bench::transport::mqtt: MQTT subscription eventloop error; continuing poll loop client_id=sub-mqb-5bfe12c8e69e3d1c-f2757b0f859c4148a1addc8a7f574333 error=Mqtt state: Last pingreq isn't acked
2026-06-18T07:02:48.234313Z  WARN mq_bench::transport::mqtt: MQTT subscription eventloop error; continuing poll loop client_id=sub-mqb-5bfe12c8e69e3d1c-5905299bd09c472e8972d69b3ddaac89 error=Mqtt state: Last pingreq isn't acked
2026-06-18T07:02:50.900272Z  WARN mq_bench::transport::mqtt: MQTT subscription eventloop error; continuing poll loop client_id=sub-mqb-5bfe12c8e69e3d1c-f2757b0f859c4148a1addc8a7f574333 error=Network timeout
2026-06-18T07:02:51.561669Z  WARN mq_bench::transport::mqtt: MQTT subscription eventloop error; continuing poll loop client_id=sub-mqb-5bfe12c8e69e3d1c-69d3c72866a14394bf3691d4e8616691 error=Mqtt state: Last pingreq isn't acked
2026-06-18T07:02:54.235837Z  WARN mq_bench::transport::mqtt: MQTT subscription eventloop error; continuing poll loop client_id=sub-mqb-5bfe12c8e69e3d1c-5905299bd09c472e8972d69b3ddaac89 error=Network timeout
2026-06-18T07:02:54.899012Z  WARN mq_bench::transport::mqtt: MQTT subscription eventloop error; continuing poll loop client_id=sub-mqb-5bfe12c8e69e3d1c-b02abb2912134bfda54d2dd0277296be error=Mqtt state: Last pingreq isn't acked
2026-06-18T07:02:55.449326Z  WARN mq_bench::transport::mqtt: MQTT subscription eventloop error; continuing poll loop client_id=sub-mqb-5bfe12c8e69e3d1c-b9dcb4d30364458589bbb3e68a295960 error=Mqtt state: Last pingreq isn't acked
2026-06-18T07:02:56.902476Z  WARN mq_bench::transport::mqtt: MQTT subscription eventloop error; continuing poll loop client_id=sub-mqb-5bfe12c8e69e3d1c-f2757b0f859c4148a1addc8a7f574333 error=Network timeout
2026-06-18T07:02:57.563768Z  WARN mq_bench::transport::mqtt: MQTT subscription eventloop error; continuing poll loop client_id=sub-mqb-5bfe12c8e69e3d1c-69d3c72866a14394bf3691d4e8616691 error=Network timeout
