mq-bench starting with run_id: auto
Writing CSV output to: artifacts/fanout_bursty_20260618_065754_mqtt_artemis_p64_s1000_u10_bursty/fanout_singlesite/sub_0_5.csv
2026-06-18T06:57:54.701238Z  INFO mq_bench::roles::subscriber: Starting subscriber engine=Mqtt key=topic_0 endpoint=None crash_enabled=false
2026-06-18T06:57:54.701300Z  INFO mq_bench::roles::subscriber: Connected via transport engine=Mqtt
2026-06-18T06:57:54.701347Z  INFO mq_bench::roles::subscriber: Subscribed to key expression key=topic_0
2026-06-18T06:58:01.368620Z  INFO mq_bench::roles::subscriber: Starting subscriber engine=Mqtt key=topic_0 endpoint=None crash_enabled=false
2026-06-18T06:58:01.368755Z  INFO mq_bench::roles::subscriber: Connected via transport engine=Mqtt
2026-06-18T06:58:01.368824Z  INFO mq_bench::roles::subscriber: Subscribed to key expression key=topic_0
2026-06-18T06:58:08.035854Z  INFO mq_bench::roles::subscriber: Starting subscriber engine=Mqtt key=topic_0 endpoint=None crash_enabled=false
2026-06-18T06:58:08.035915Z  INFO mq_bench::roles::subscriber: Connected via transport engine=Mqtt
2026-06-18T06:58:08.035983Z  INFO mq_bench::roles::subscriber: Subscribed to key expression key=topic_0
2026-06-18T06:58:14.703856Z  INFO mq_bench::roles::subscriber: Starting subscriber engine=Mqtt key=topic_0 endpoint=None crash_enabled=false
2026-06-18T06:58:14.703919Z  INFO mq_bench::roles::subscriber: Connected via transport engine=Mqtt
2026-06-18T06:58:14.703986Z  INFO mq_bench::roles::subscriber: Subscribed to key expression key=topic_0
2026-06-18T06:58:21.371522Z  INFO mq_bench::roles::subscriber: Starting subscriber engine=Mqtt key=topic_0 endpoint=None crash_enabled=false
2026-06-18T06:58:21.371657Z  INFO mq_bench::roles::subscriber: Connected via transport engine=Mqtt
2026-06-18T06:58:21.371744Z  INFO mq_bench::roles::subscriber: Subscribed to key expression key=topic_0
2026-06-18T06:58:28.039036Z  INFO mq_bench::roles::subscriber: Starting subscriber engine=Mqtt key=topic_0 endpoint=None crash_enabled=false
2026-06-18T06:58:28.039097Z  INFO mq_bench::roles::subscriber: Connected via transport engine=Mqtt
2026-06-18T06:58:28.039166Z  INFO mq_bench::roles::subscriber: Subscribed to key expression key=topic_0
2026-06-18T06:58:34.707340Z  INFO mq_bench::roles::subscriber: Starting subscriber engine=Mqtt key=topic_0 endpoint=None crash_enabled=false
2026-06-18T06:58:34.707403Z  INFO mq_bench::roles::subscriber: Connected via transport engine=Mqtt
2026-06-18T06:58:34.707486Z  INFO mq_bench::roles::subscriber: Subscribed to key expression key=topic_0
2026-06-18T06:58:41.375020Z  INFO mq_bench::roles::subscriber: Starting subscriber engine=Mqtt key=topic_0 endpoint=None crash_enabled=false
2026-06-18T06:58:41.375082Z  INFO mq_bench::roles::subscriber: Connected via transport engine=Mqtt
2026-06-18T06:58:41.375161Z  INFO mq_bench::roles::subscriber: Subscribed to key expression key=topic_0
2026-06-18T06:58:48.042905Z  INFO mq_bench::roles::subscriber: Starting subscriber engine=Mqtt key=topic_0 endpoint=None crash_enabled=false
2026-06-18T06:58:48.042968Z  INFO mq_bench::roles::subscriber: Connected via transport engine=Mqtt
2026-06-18T06:58:48.043066Z  INFO mq_bench::roles::subscriber: Subscribed to key expression key=topic_0
2026-06-18T06:58:54.711404Z  INFO mq_bench::roles::subscriber: Starting subscriber engine=Mqtt key=topic_0 endpoint=None crash_enabled=false
2026-06-18T06:58:54.711485Z  INFO mq_bench::roles::subscriber: Connected via transport engine=Mqtt
2026-06-18T06:58:54.711562Z  INFO mq_bench::roles::subscriber: Subscribed to key expression key=topic_0
2026-06-18T07:02:18.056498Z  WARN mq_bench::transport::mqtt: MQTT subscription eventloop error; continuing poll loop client_id=sub-mqb-5bfe0fc8e69e3803-94931704081b4a80a5aa022e0dee4fe4 error=Mqtt state: Last pingreq isn't acked
2026-06-18T07:02:24.059912Z  WARN mq_bench::transport::mqtt: MQTT subscription eventloop error; continuing poll loop client_id=sub-mqb-5bfe0fc8e69e3803-94931704081b4a80a5aa022e0dee4fe4 error=Network timeout
2026-06-18T07:02:24.723222Z  WARN mq_bench::transport::mqtt: MQTT subscription eventloop error; continuing poll loop client_id=sub-mqb-5bfe0fc8e69e3803-314a3920baa545f1813c94475382751c error=Mqtt state: Last pingreq isn't acked
2026-06-18T07:02:25.416077Z  WARN mq_bench::transport::mqtt: MQTT subscription eventloop error; continuing poll loop client_id=sub-mqb-5bfe0fc8e69e3803-d01117538ccc4f478933f7b5b3fdc679 error=Mqtt state: Last pingreq isn't acked
2026-06-18T07:02:28.053052Z  WARN mq_bench::transport::mqtt: MQTT subscription eventloop error; continuing poll loop client_id=sub-mqb-5bfe0fc8e69e3803-83aaef826ebd4934bf9f27b79c613070 error=Mqtt state: Last pingreq isn't acked
2026-06-18T07:02:30.061811Z  WARN mq_bench::transport::mqtt: MQTT subscription eventloop error; continuing poll loop client_id=sub-mqb-5bfe0fc8e69e3803-94931704081b4a80a5aa022e0dee4fe4 error=Network timeout
2026-06-18T07:02:30.724911Z  WARN mq_bench::transport::mqtt: MQTT subscription eventloop error; continuing poll loop client_id=sub-mqb-5bfe0fc8e69e3803-314a3920baa545f1813c94475382751c error=Network timeout
2026-06-18T07:02:31.417744Z  WARN mq_bench::transport::mqtt: MQTT subscription eventloop error; continuing poll loop client_id=sub-mqb-5bfe0fc8e69e3803-d01117538ccc4f478933f7b5b3fdc679 error=Network timeout
2026-06-18T07:02:34.054653Z  WARN mq_bench::transport::mqtt: MQTT subscription eventloop error; continuing poll loop client_id=sub-mqb-5bfe0fc8e69e3803-83aaef826ebd4934bf9f27b79c613070 error=Network timeout
2026-06-18T07:02:34.720980Z  WARN mq_bench::transport::mqtt: MQTT subscription eventloop error; continuing poll loop client_id=sub-mqb-5bfe0fc8e69e3803-509ea01482a049cd92d1ba8e12fcce69 error=Mqtt state: Last pingreq isn't acked
2026-06-18T07:02:36.064118Z  WARN mq_bench::transport::mqtt: MQTT subscription eventloop error; continuing poll loop client_id=sub-mqb-5bfe0fc8e69e3803-94931704081b4a80a5aa022e0dee4fe4 error=Network timeout
2026-06-18T07:02:36.727219Z  WARN mq_bench::transport::mqtt: MQTT subscription eventloop error; continuing poll loop client_id=sub-mqb-5bfe0fc8e69e3803-314a3920baa545f1813c94475382751c error=Network timeout
2026-06-18T07:02:37.419974Z  WARN mq_bench::transport::mqtt: MQTT subscription eventloop error; continuing poll loop client_id=sub-mqb-5bfe0fc8e69e3803-d01117538ccc4f478933f7b5b3fdc679 error=Network timeout
2026-06-18T07:02:38.125557Z  WARN mq_bench::transport::mqtt: MQTT subscription eventloop error; continuing poll loop client_id=sub-mqb-5bfe0fc8e69e3803-572023eb05b742e580ab2eaf0bcc5fa9 error=Mqtt state: Last pingreq isn't acked
2026-06-18T07:02:40.056588Z  WARN mq_bench::transport::mqtt: MQTT subscription eventloop error; continuing poll loop client_id=sub-mqb-5bfe0fc8e69e3803-83aaef826ebd4934bf9f27b79c613070 error=Network timeout
2026-06-18T07:02:40.722750Z  WARN mq_bench::transport::mqtt: MQTT subscription eventloop error; continuing poll loop client_id=sub-mqb-5bfe0fc8e69e3803-509ea01482a049cd92d1ba8e12fcce69 error=Network timeout
2026-06-18T07:02:41.386471Z  WARN mq_bench::transport::mqtt: MQTT subscription eventloop error; continuing poll loop client_id=sub-mqb-5bfe0fc8e69e3803-5f7ae76015a640ac9bf9df212eed2d44 error=Mqtt state: Last pingreq isn't acked
2026-06-18T07:02:42.066181Z  WARN mq_bench::transport::mqtt: MQTT subscription eventloop error; continuing poll loop client_id=sub-mqb-5bfe0fc8e69e3803-94931704081b4a80a5aa022e0dee4fe4 error=Network timeout
2026-06-18T07:02:42.728708Z  WARN mq_bench::transport::mqtt: MQTT subscription eventloop error; continuing poll loop client_id=sub-mqb-5bfe0fc8e69e3803-314a3920baa545f1813c94475382751c error=Network timeout
2026-06-18T07:02:43.422337Z  WARN mq_bench::transport::mqtt: MQTT subscription eventloop error; continuing poll loop client_id=sub-mqb-5bfe0fc8e69e3803-d01117538ccc4f478933f7b5b3fdc679 error=Network timeout
2026-06-18T07:02:44.127959Z  WARN mq_bench::transport::mqtt: MQTT subscription eventloop error; continuing poll loop client_id=sub-mqb-5bfe0fc8e69e3803-572023eb05b742e580ab2eaf0bcc5fa9 error=Network timeout
2026-06-18T07:02:44.719456Z  WARN mq_bench::transport::mqtt: MQTT subscription eventloop error; continuing poll loop client_id=sub-mqb-5bfe0fc8e69e3803-1b15c58008c84e71ad8675e01b409bb0 error=Mqtt state: Last pingreq isn't acked
2026-06-18T07:02:46.058496Z  WARN mq_bench::transport::mqtt: MQTT subscription eventloop error; continuing poll loop client_id=sub-mqb-5bfe0fc8e69e3803-83aaef826ebd4934bf9f27b79c613070 error=Network timeout
2026-06-18T07:02:46.724596Z  WARN mq_bench::transport::mqtt: MQTT subscription eventloop error; continuing poll loop client_id=sub-mqb-5bfe0fc8e69e3803-509ea01482a049cd92d1ba8e12fcce69 error=Network timeout
2026-06-18T07:02:47.389291Z  WARN mq_bench::transport::mqtt: MQTT subscription eventloop error; continuing poll loop client_id=sub-mqb-5bfe0fc8e69e3803-5f7ae76015a640ac9bf9df212eed2d44 error=Network timeout
2026-06-18T07:02:48.067792Z  WARN mq_bench::transport::mqtt: MQTT subscription eventloop error; continuing poll loop client_id=sub-mqb-5bfe0fc8e69e3803-94931704081b4a80a5aa022e0dee4fe4 error=Network timeout
2026-06-18T07:02:48.731269Z  WARN mq_bench::transport::mqtt: MQTT subscription eventloop error; continuing poll loop client_id=sub-mqb-5bfe0fc8e69e3803-314a3920baa545f1813c94475382751c error=Network timeout
2026-06-18T07:02:49.424956Z  WARN mq_bench::transport::mqtt: MQTT subscription eventloop error; continuing poll loop client_id=sub-mqb-5bfe0fc8e69e3803-d01117538ccc4f478933f7b5b3fdc679 error=Network timeout
2026-06-18T07:02:50.130608Z  WARN mq_bench::transport::mqtt: MQTT subscription eventloop error; continuing poll loop client_id=sub-mqb-5bfe0fc8e69e3803-572023eb05b742e580ab2eaf0bcc5fa9 error=Network timeout
2026-06-18T07:02:50.721994Z  WARN mq_bench::transport::mqtt: MQTT subscription eventloop error; continuing poll loop client_id=sub-mqb-5bfe0fc8e69e3803-1b15c58008c84e71ad8675e01b409bb0 error=Network timeout
2026-06-18T07:02:51.384708Z  WARN mq_bench::transport::mqtt: MQTT subscription eventloop error; continuing poll loop client_id=sub-mqb-5bfe0fc8e69e3803-6c6ae7b4d7034df6a58beb5de341ab41 error=Mqtt state: Last pingreq isn't acked
2026-06-18T07:02:52.062339Z  WARN mq_bench::transport::mqtt: MQTT subscription eventloop error; continuing poll loop client_id=sub-mqb-5bfe0fc8e69e3803-83aaef826ebd4934bf9f27b79c613070 error=Network timeout
2026-06-18T07:02:52.726855Z  WARN mq_bench::transport::mqtt: MQTT subscription eventloop error; continuing poll loop client_id=sub-mqb-5bfe0fc8e69e3803-509ea01482a049cd92d1ba8e12fcce69 error=Network timeout
2026-06-18T07:02:53.391621Z  WARN mq_bench::transport::mqtt: MQTT subscription eventloop error; continuing poll loop client_id=sub-mqb-5bfe0fc8e69e3803-5f7ae76015a640ac9bf9df212eed2d44 error=Network timeout
2026-06-18T07:02:54.070138Z  WARN mq_bench::transport::mqtt: MQTT subscription eventloop error; continuing poll loop client_id=sub-mqb-5bfe0fc8e69e3803-94931704081b4a80a5aa022e0dee4fe4 error=Network timeout
2026-06-18T07:02:54.732610Z  WARN mq_bench::transport::mqtt: MQTT subscription eventloop error; continuing poll loop client_id=sub-mqb-5bfe0fc8e69e3803-314a3920baa545f1813c94475382751c error=Network timeout
2026-06-18T07:02:55.427293Z  WARN mq_bench::transport::mqtt: MQTT subscription eventloop error; continuing poll loop client_id=sub-mqb-5bfe0fc8e69e3803-d01117538ccc4f478933f7b5b3fdc679 error=Network timeout
2026-06-18T07:02:56.132840Z  WARN mq_bench::transport::mqtt: MQTT subscription eventloop error; continuing poll loop client_id=sub-mqb-5bfe0fc8e69e3803-572023eb05b742e580ab2eaf0bcc5fa9 error=Network timeout
2026-06-18T07:02:56.725273Z  WARN mq_bench::transport::mqtt: MQTT subscription eventloop error; continuing poll loop client_id=sub-mqb-5bfe0fc8e69e3803-1b15c58008c84e71ad8675e01b409bb0 error=Network timeout
2026-06-18T07:02:57.386886Z  WARN mq_bench::transport::mqtt: MQTT subscription eventloop error; continuing poll loop client_id=sub-mqb-5bfe0fc8e69e3803-6c6ae7b4d7034df6a58beb5de341ab41 error=Network timeout
