mq-bench starting with run_id: auto
Writing CSV output to: artifacts/fanout_bursty_20260618_065754_mqtt_artemis_p64_s1000_u10_bursty/fanout_singlesite/sub_6_9.csv
2026-06-18T06:57:54.949770Z  INFO mq_bench::roles::subscriber: Starting subscriber engine=Mqtt key=topic_6 endpoint=None crash_enabled=false
2026-06-18T06:57:54.949817Z  INFO mq_bench::roles::subscriber: Connected via transport engine=Mqtt
2026-06-18T06:57:54.949859Z  INFO mq_bench::roles::subscriber: Subscribed to key expression key=topic_6
2026-06-18T06:58:01.617547Z  INFO mq_bench::roles::subscriber: Starting subscriber engine=Mqtt key=topic_6 endpoint=None crash_enabled=false
2026-06-18T06:58:01.617676Z  INFO mq_bench::roles::subscriber: Connected via transport engine=Mqtt
2026-06-18T06:58:01.617746Z  INFO mq_bench::roles::subscriber: Subscribed to key expression key=topic_6
2026-06-18T06:58:08.285371Z  INFO mq_bench::roles::subscriber: Starting subscriber engine=Mqtt key=topic_6 endpoint=None crash_enabled=false
2026-06-18T06:58:08.285499Z  INFO mq_bench::roles::subscriber: Connected via transport engine=Mqtt
2026-06-18T06:58:08.285563Z  INFO mq_bench::roles::subscriber: Subscribed to key expression key=topic_6
2026-06-18T06:58:14.953120Z  INFO mq_bench::roles::subscriber: Starting subscriber engine=Mqtt key=topic_6 endpoint=None crash_enabled=false
2026-06-18T06:58:14.953186Z  INFO mq_bench::roles::subscriber: Connected via transport engine=Mqtt
2026-06-18T06:58:14.953302Z  INFO mq_bench::roles::subscriber: Subscribed to key expression key=topic_6
2026-06-18T06:58:21.621074Z  INFO mq_bench::roles::subscriber: Starting subscriber engine=Mqtt key=topic_6 endpoint=None crash_enabled=false
2026-06-18T06:58:21.621198Z  INFO mq_bench::roles::subscriber: Connected via transport engine=Mqtt
2026-06-18T06:58:21.621339Z  INFO mq_bench::roles::subscriber: Subscribed to key expression key=topic_6
2026-06-18T06:58:28.289147Z  INFO mq_bench::roles::subscriber: Starting subscriber engine=Mqtt key=topic_6 endpoint=None crash_enabled=false
2026-06-18T06:58:28.289233Z  INFO mq_bench::roles::subscriber: Connected via transport engine=Mqtt
2026-06-18T06:58:28.289299Z  INFO mq_bench::roles::subscriber: Subscribed to key expression key=topic_6
2026-06-18T06:58:34.956833Z  INFO mq_bench::roles::subscriber: Starting subscriber engine=Mqtt key=topic_6 endpoint=None crash_enabled=false
2026-06-18T06:58:34.956898Z  INFO mq_bench::roles::subscriber: Connected via transport engine=Mqtt
2026-06-18T06:58:34.956996Z  INFO mq_bench::roles::subscriber: Subscribed to key expression key=topic_6
2026-06-18T06:58:41.625034Z  INFO mq_bench::roles::subscriber: Starting subscriber engine=Mqtt key=topic_6 endpoint=None crash_enabled=false
2026-06-18T06:58:41.625105Z  INFO mq_bench::roles::subscriber: Connected via transport engine=Mqtt
2026-06-18T06:58:41.625181Z  INFO mq_bench::roles::subscriber: Subscribed to key expression key=topic_6
2026-06-18T06:58:48.292718Z  INFO mq_bench::roles::subscriber: Starting subscriber engine=Mqtt key=topic_6 endpoint=None crash_enabled=false
2026-06-18T06:58:48.292780Z  INFO mq_bench::roles::subscriber: Connected via transport engine=Mqtt
2026-06-18T06:58:48.292859Z  INFO mq_bench::roles::subscriber: Subscribed to key expression key=topic_6
2026-06-18T06:58:54.960751Z  INFO mq_bench::roles::subscriber: Starting subscriber engine=Mqtt key=topic_6 endpoint=None crash_enabled=false
2026-06-18T06:58:54.960804Z  INFO mq_bench::roles::subscriber: Connected via transport engine=Mqtt
2026-06-18T06:58:54.960890Z  INFO mq_bench::roles::subscriber: Subscribed to key expression key=topic_6
2026-06-18T07:02:18.334038Z  WARN mq_bench::transport::mqtt: MQTT subscription eventloop error; continuing poll loop client_id=sub-mqb-5bfe15c8e69e4235-abc0416b3777498f98b74295c7b8ead8 error=Mqtt state: Last pingreq isn't acked
2026-06-18T07:02:21.633075Z  WARN mq_bench::transport::mqtt: MQTT subscription eventloop error; continuing poll loop client_id=sub-mqb-5bfe15c8e69e4235-785b773b447742058dbeb2febb538971 error=Mqtt state: Last pingreq isn't acked
2026-06-18T07:02:24.335873Z  WARN mq_bench::transport::mqtt: MQTT subscription eventloop error; continuing poll loop client_id=sub-mqb-5bfe15c8e69e4235-abc0416b3777498f98b74295c7b8ead8 error=Network timeout
2026-06-18T07:02:27.635298Z  WARN mq_bench::transport::mqtt: MQTT subscription eventloop error; continuing poll loop client_id=sub-mqb-5bfe15c8e69e4235-785b773b447742058dbeb2febb538971 error=Network timeout
2026-06-18T07:02:28.306707Z  WARN mq_bench::transport::mqtt: MQTT subscription eventloop error; continuing poll loop client_id=sub-mqb-5bfe15c8e69e4235-59909a1833a342d893dc4dbefdd92db2 error=Mqtt state: Last pingreq isn't acked
2026-06-18T07:02:30.338701Z  WARN mq_bench::transport::mqtt: MQTT subscription eventloop error; continuing poll loop client_id=sub-mqb-5bfe15c8e69e4235-abc0416b3777498f98b74295c7b8ead8 error=Network timeout
2026-06-18T07:02:31.632363Z  WARN mq_bench::transport::mqtt: MQTT subscription eventloop error; continuing poll loop client_id=sub-mqb-5bfe15c8e69e4235-1d7f85b9918e42f6825c460e556f739b error=Mqtt state: Last pingreq isn't acked
2026-06-18T07:02:33.637991Z  WARN mq_bench::transport::mqtt: MQTT subscription eventloop error; continuing poll loop client_id=sub-mqb-5bfe15c8e69e4235-785b773b447742058dbeb2febb538971 error=Network timeout
2026-06-18T07:02:34.308307Z  WARN mq_bench::transport::mqtt: MQTT subscription eventloop error; continuing poll loop client_id=sub-mqb-5bfe15c8e69e4235-59909a1833a342d893dc4dbefdd92db2 error=Network timeout
2026-06-18T07:02:36.340412Z  WARN mq_bench::transport::mqtt: MQTT subscription eventloop error; continuing poll loop client_id=sub-mqb-5bfe15c8e69e4235-abc0416b3777498f98b74295c7b8ead8 error=Network timeout
2026-06-18T07:02:37.635009Z  WARN mq_bench::transport::mqtt: MQTT subscription eventloop error; continuing poll loop client_id=sub-mqb-5bfe15c8e69e4235-1d7f85b9918e42f6825c460e556f739b error=Network timeout
2026-06-18T07:02:38.299232Z  WARN mq_bench::transport::mqtt: MQTT subscription eventloop error; continuing poll loop client_id=sub-mqb-5bfe15c8e69e4235-5c1e93c203c24f4eaf984c62d6ebfcc4 error=Mqtt state: Last pingreq isn't acked
2026-06-18T07:02:39.640265Z  WARN mq_bench::transport::mqtt: MQTT subscription eventloop error; continuing poll loop client_id=sub-mqb-5bfe15c8e69e4235-785b773b447742058dbeb2febb538971 error=Network timeout
2026-06-18T07:02:40.310493Z  WARN mq_bench::transport::mqtt: MQTT subscription eventloop error; continuing poll loop client_id=sub-mqb-5bfe15c8e69e4235-59909a1833a342d893dc4dbefdd92db2 error=Network timeout
2026-06-18T07:02:41.637544Z  WARN mq_bench::transport::mqtt: MQTT subscription eventloop error; continuing poll loop client_id=sub-mqb-5bfe15c8e69e4235-621b5d4c2d8a45d2ac5424d23f39f686 error=Mqtt state: Last pingreq isn't acked
2026-06-18T07:02:42.342893Z  WARN mq_bench::transport::mqtt: MQTT subscription eventloop error; continuing poll loop client_id=sub-mqb-5bfe15c8e69e4235-abc0416b3777498f98b74295c7b8ead8 error=Network timeout
2026-06-18T07:02:43.636787Z  WARN mq_bench::transport::mqtt: MQTT subscription eventloop error; continuing poll loop client_id=sub-mqb-5bfe15c8e69e4235-1d7f85b9918e42f6825c460e556f739b error=Network timeout
2026-06-18T07:02:44.301911Z  WARN mq_bench::transport::mqtt: MQTT subscription eventloop error; continuing poll loop client_id=sub-mqb-5bfe15c8e69e4235-5c1e93c203c24f4eaf984c62d6ebfcc4 error=Network timeout
2026-06-18T07:02:44.966452Z  WARN mq_bench::transport::mqtt: MQTT subscription eventloop error; continuing poll loop client_id=sub-mqb-5bfe15c8e69e4235-efb809b8a250431f8524b22431c2ef10 error=Mqtt state: Last pingreq isn't acked
2026-06-18T07:02:45.644103Z  WARN mq_bench::transport::mqtt: MQTT subscription eventloop error; continuing poll loop client_id=sub-mqb-5bfe15c8e69e4235-785b773b447742058dbeb2febb538971 error=Network timeout
2026-06-18T07:02:46.312618Z  WARN mq_bench::transport::mqtt: MQTT subscription eventloop error; continuing poll loop client_id=sub-mqb-5bfe15c8e69e4235-59909a1833a342d893dc4dbefdd92db2 error=Network timeout
2026-06-18T07:02:47.639536Z  WARN mq_bench::transport::mqtt: MQTT subscription eventloop error; continuing poll loop client_id=sub-mqb-5bfe15c8e69e4235-621b5d4c2d8a45d2ac5424d23f39f686 error=Network timeout
2026-06-18T07:02:48.344827Z  WARN mq_bench::transport::mqtt: MQTT subscription eventloop error; continuing poll loop client_id=sub-mqb-5bfe15c8e69e4235-abc0416b3777498f98b74295c7b8ead8 error=Network timeout
2026-06-18T07:02:49.638643Z  WARN mq_bench::transport::mqtt: MQTT subscription eventloop error; continuing poll loop client_id=sub-mqb-5bfe15c8e69e4235-1d7f85b9918e42f6825c460e556f739b error=Network timeout
2026-06-18T07:02:50.304795Z  WARN mq_bench::transport::mqtt: MQTT subscription eventloop error; continuing poll loop client_id=sub-mqb-5bfe15c8e69e4235-5c1e93c203c24f4eaf984c62d6ebfcc4 error=Network timeout
2026-06-18T07:02:50.968268Z  WARN mq_bench::transport::mqtt: MQTT subscription eventloop error; continuing poll loop client_id=sub-mqb-5bfe15c8e69e4235-efb809b8a250431f8524b22431c2ef10 error=Network timeout
2026-06-18T07:02:51.646801Z  WARN mq_bench::transport::mqtt: MQTT subscription eventloop error; continuing poll loop client_id=sub-mqb-5bfe15c8e69e4235-785b773b447742058dbeb2febb538971 error=Network timeout
2026-06-18T07:02:52.314409Z  WARN mq_bench::transport::mqtt: MQTT subscription eventloop error; continuing poll loop client_id=sub-mqb-5bfe15c8e69e4235-59909a1833a342d893dc4dbefdd92db2 error=Network timeout
2026-06-18T07:02:53.641282Z  WARN mq_bench::transport::mqtt: MQTT subscription eventloop error; continuing poll loop client_id=sub-mqb-5bfe15c8e69e4235-621b5d4c2d8a45d2ac5424d23f39f686 error=Network timeout
2026-06-18T07:02:54.346513Z  WARN mq_bench::transport::mqtt: MQTT subscription eventloop error; continuing poll loop client_id=sub-mqb-5bfe15c8e69e4235-abc0416b3777498f98b74295c7b8ead8 error=Network timeout
2026-06-18T07:02:54.970949Z  WARN mq_bench::transport::mqtt: MQTT subscription eventloop error; continuing poll loop client_id=sub-mqb-5bfe15c8e69e4235-cbddb4eb489f480da254f5420c0da570 error=Mqtt state: Last pingreq isn't acked
2026-06-18T07:02:55.460252Z  WARN mq_bench::transport::mqtt: MQTT subscription eventloop error; continuing poll loop client_id=sub-mqb-5bfe15c8e69e4235-4b071e61bea549468600ddc84a7d8c4a error=Mqtt state: Last pingreq isn't acked
2026-06-18T07:02:55.640805Z  WARN mq_bench::transport::mqtt: MQTT subscription eventloop error; continuing poll loop client_id=sub-mqb-5bfe15c8e69e4235-1d7f85b9918e42f6825c460e556f739b error=Network timeout
2026-06-18T07:02:56.306270Z  WARN mq_bench::transport::mqtt: MQTT subscription eventloop error; continuing poll loop client_id=sub-mqb-5bfe15c8e69e4235-5c1e93c203c24f4eaf984c62d6ebfcc4 error=Network timeout
2026-06-18T07:02:56.971070Z  WARN mq_bench::transport::mqtt: MQTT subscription eventloop error; continuing poll loop client_id=sub-mqb-5bfe15c8e69e4235-efb809b8a250431f8524b22431c2ef10 error=Network timeout
2026-06-18T07:02:57.648696Z  WARN mq_bench::transport::mqtt: MQTT subscription eventloop error; continuing poll loop client_id=sub-mqb-5bfe15c8e69e4235-785b773b447742058dbeb2febb538971 error=Network timeout
