mq-bench starting with run_id: auto
Writing CSV output to: artifacts/fanout_bursty_20260618_065754_mqtt_artemis_p64_s1000_u10_bursty/fanout_singlesite/sub_4_4.csv
2026-06-18T06:57:54.850706Z  INFO mq_bench::roles::subscriber: Starting subscriber engine=Mqtt key=topic_4 endpoint=None crash_enabled=false
2026-06-18T06:57:54.850756Z  INFO mq_bench::roles::subscriber: Connected via transport engine=Mqtt
2026-06-18T06:57:54.850791Z  INFO mq_bench::roles::subscriber: Subscribed to key expression key=topic_4
2026-06-18T06:58:01.518709Z  INFO mq_bench::roles::subscriber: Starting subscriber engine=Mqtt key=topic_4 endpoint=None crash_enabled=false
2026-06-18T06:58:01.518813Z  INFO mq_bench::roles::subscriber: Connected via transport engine=Mqtt
2026-06-18T06:58:01.518877Z  INFO mq_bench::roles::subscriber: Subscribed to key expression key=topic_4
2026-06-18T06:58:08.186766Z  INFO mq_bench::roles::subscriber: Starting subscriber engine=Mqtt key=topic_4 endpoint=None crash_enabled=false
2026-06-18T06:58:08.186879Z  INFO mq_bench::roles::subscriber: Connected via transport engine=Mqtt
2026-06-18T06:58:08.186949Z  INFO mq_bench::roles::subscriber: Subscribed to key expression key=topic_4
2026-06-18T06:58:14.854593Z  INFO mq_bench::roles::subscriber: Starting subscriber engine=Mqtt key=topic_4 endpoint=None crash_enabled=false
2026-06-18T06:58:14.854656Z  INFO mq_bench::roles::subscriber: Connected via transport engine=Mqtt
2026-06-18T06:58:14.854719Z  INFO mq_bench::roles::subscriber: Subscribed to key expression key=topic_4
2026-06-18T06:58:21.522274Z  INFO mq_bench::roles::subscriber: Starting subscriber engine=Mqtt key=topic_4 endpoint=None crash_enabled=false
2026-06-18T06:58:21.522384Z  INFO mq_bench::roles::subscriber: Connected via transport engine=Mqtt
2026-06-18T06:58:21.522462Z  INFO mq_bench::roles::subscriber: Subscribed to key expression key=topic_4
2026-06-18T06:58:28.189972Z  INFO mq_bench::roles::subscriber: Starting subscriber engine=Mqtt key=topic_4 endpoint=None crash_enabled=false
2026-06-18T06:58:28.190029Z  INFO mq_bench::roles::subscriber: Connected via transport engine=Mqtt
2026-06-18T06:58:28.190111Z  INFO mq_bench::roles::subscriber: Subscribed to key expression key=topic_4
2026-06-18T06:58:34.857136Z  INFO mq_bench::roles::subscriber: Starting subscriber engine=Mqtt key=topic_4 endpoint=None crash_enabled=false
2026-06-18T06:58:34.857189Z  INFO mq_bench::roles::subscriber: Connected via transport engine=Mqtt
2026-06-18T06:58:34.857306Z  INFO mq_bench::roles::subscriber: Subscribed to key expression key=topic_4
2026-06-18T06:58:41.525071Z  INFO mq_bench::roles::subscriber: Starting subscriber engine=Mqtt key=topic_4 endpoint=None crash_enabled=false
2026-06-18T06:58:41.525125Z  INFO mq_bench::roles::subscriber: Connected via transport engine=Mqtt
2026-06-18T06:58:41.525237Z  INFO mq_bench::roles::subscriber: Subscribed to key expression key=topic_4
2026-06-18T06:58:48.193027Z  INFO mq_bench::roles::subscriber: Starting subscriber engine=Mqtt key=topic_4 endpoint=None crash_enabled=false
2026-06-18T06:58:48.193104Z  INFO mq_bench::roles::subscriber: Connected via transport engine=Mqtt
2026-06-18T06:58:48.193176Z  INFO mq_bench::roles::subscriber: Subscribed to key expression key=topic_4
2026-06-18T06:58:54.860256Z  INFO mq_bench::roles::subscriber: Starting subscriber engine=Mqtt key=topic_4 endpoint=None crash_enabled=false
2026-06-18T06:58:54.860310Z  INFO mq_bench::roles::subscriber: Connected via transport engine=Mqtt
2026-06-18T06:58:54.860404Z  INFO mq_bench::roles::subscriber: Subscribed to key expression key=topic_4
2026-06-18T07:02:14.866519Z  WARN mq_bench::transport::mqtt: MQTT subscription eventloop error; continuing poll loop client_id=sub-mqb-5bfe13c8e69e3ecf-be621b9457ee4f188de1cd2cb401f2b9 error=Mqtt state: Last pingreq isn't acked
2026-06-18T07:02:20.868228Z  WARN mq_bench::transport::mqtt: MQTT subscription eventloop error; continuing poll loop client_id=sub-mqb-5bfe13c8e69e3ecf-be621b9457ee4f188de1cd2cb401f2b9 error=Network timeout
2026-06-18T07:02:21.533689Z  WARN mq_bench::transport::mqtt: MQTT subscription eventloop error; continuing poll loop client_id=sub-mqb-5bfe13c8e69e3ecf-e232a7e8891e40a0b4db510f09a769ba error=Mqtt state: Last pingreq isn't acked
2026-06-18T07:02:24.869328Z  WARN mq_bench::transport::mqtt: MQTT subscription eventloop error; continuing poll loop client_id=sub-mqb-5bfe13c8e69e3ecf-7e3549ed92c44c36ac4bdc7d549ea7c8 error=Mqtt state: Last pingreq isn't acked
2026-06-18T07:02:25.440618Z  WARN mq_bench::transport::mqtt: MQTT subscription eventloop error; continuing poll loop client_id=sub-mqb-5bfe13c8e69e3ecf-8883615fd66c4bcd8f8740d7793b7cb7 error=Mqtt state: Last pingreq isn't acked
2026-06-18T07:02:26.870902Z  WARN mq_bench::transport::mqtt: MQTT subscription eventloop error; continuing poll loop client_id=sub-mqb-5bfe13c8e69e3ecf-be621b9457ee4f188de1cd2cb401f2b9 error=Network timeout
2026-06-18T07:02:27.535279Z  WARN mq_bench::transport::mqtt: MQTT subscription eventloop error; continuing poll loop client_id=sub-mqb-5bfe13c8e69e3ecf-e232a7e8891e40a0b4db510f09a769ba error=Network timeout
2026-06-18T07:02:30.871730Z  WARN mq_bench::transport::mqtt: MQTT subscription eventloop error; continuing poll loop client_id=sub-mqb-5bfe13c8e69e3ecf-7e3549ed92c44c36ac4bdc7d549ea7c8 error=Network timeout
2026-06-18T07:02:31.442764Z  WARN mq_bench::transport::mqtt: MQTT subscription eventloop error; continuing poll loop client_id=sub-mqb-5bfe13c8e69e3ecf-8883615fd66c4bcd8f8740d7793b7cb7 error=Network timeout
2026-06-18T07:02:31.531299Z  WARN mq_bench::transport::mqtt: MQTT subscription eventloop error; continuing poll loop client_id=sub-mqb-5bfe13c8e69e3ecf-ae14851eeb624e148e5f641a74d4ea0e error=Mqtt state: Last pingreq isn't acked
2026-06-18T07:02:32.872626Z  WARN mq_bench::transport::mqtt: MQTT subscription eventloop error; continuing poll loop client_id=sub-mqb-5bfe13c8e69e3ecf-be621b9457ee4f188de1cd2cb401f2b9 error=Network timeout
2026-06-18T07:02:33.537973Z  WARN mq_bench::transport::mqtt: MQTT subscription eventloop error; continuing poll loop client_id=sub-mqb-5bfe13c8e69e3ecf-e232a7e8891e40a0b4db510f09a769ba error=Network timeout
2026-06-18T07:02:34.871164Z  WARN mq_bench::transport::mqtt: MQTT subscription eventloop error; continuing poll loop client_id=sub-mqb-5bfe13c8e69e3ecf-07100cbed0324e5882cccde2ed11e966 error=Mqtt state: Last pingreq isn't acked
2026-06-18T07:02:36.874058Z  WARN mq_bench::transport::mqtt: MQTT subscription eventloop error; continuing poll loop client_id=sub-mqb-5bfe13c8e69e3ecf-7e3549ed92c44c36ac4bdc7d549ea7c8 error=Network timeout
2026-06-18T07:02:37.445119Z  WARN mq_bench::transport::mqtt: MQTT subscription eventloop error; continuing poll loop client_id=sub-mqb-5bfe13c8e69e3ecf-8883615fd66c4bcd8f8740d7793b7cb7 error=Network timeout
2026-06-18T07:02:37.533576Z  WARN mq_bench::transport::mqtt: MQTT subscription eventloop error; continuing poll loop client_id=sub-mqb-5bfe13c8e69e3ecf-ae14851eeb624e148e5f641a74d4ea0e error=Network timeout
2026-06-18T07:02:38.874956Z  WARN mq_bench::transport::mqtt: MQTT subscription eventloop error; continuing poll loop client_id=sub-mqb-5bfe13c8e69e3ecf-be621b9457ee4f188de1cd2cb401f2b9 error=Network timeout
2026-06-18T07:02:39.540326Z  WARN mq_bench::transport::mqtt: MQTT subscription eventloop error; continuing poll loop client_id=sub-mqb-5bfe13c8e69e3ecf-e232a7e8891e40a0b4db510f09a769ba error=Network timeout
2026-06-18T07:02:40.874419Z  WARN mq_bench::transport::mqtt: MQTT subscription eventloop error; continuing poll loop client_id=sub-mqb-5bfe13c8e69e3ecf-07100cbed0324e5882cccde2ed11e966 error=Network timeout
2026-06-18T07:02:41.534814Z  WARN mq_bench::transport::mqtt: MQTT subscription eventloop error; continuing poll loop client_id=sub-mqb-5bfe13c8e69e3ecf-aa36685920934c5e8000d932824b1faf error=Mqtt state: Last pingreq isn't acked
2026-06-18T07:02:42.876934Z  WARN mq_bench::transport::mqtt: MQTT subscription eventloop error; continuing poll loop client_id=sub-mqb-5bfe13c8e69e3ecf-7e3549ed92c44c36ac4bdc7d549ea7c8 error=Network timeout
2026-06-18T07:02:43.447859Z  WARN mq_bench::transport::mqtt: MQTT subscription eventloop error; continuing poll loop client_id=sub-mqb-5bfe13c8e69e3ecf-8883615fd66c4bcd8f8740d7793b7cb7 error=Network timeout
2026-06-18T07:02:43.536303Z  WARN mq_bench::transport::mqtt: MQTT subscription eventloop error; continuing poll loop client_id=sub-mqb-5bfe13c8e69e3ecf-ae14851eeb624e148e5f641a74d4ea0e error=Network timeout
2026-06-18T07:02:44.876620Z  WARN mq_bench::transport::mqtt: MQTT subscription eventloop error; continuing poll loop client_id=sub-mqb-5bfe13c8e69e3ecf-be621b9457ee4f188de1cd2cb401f2b9 error=Network timeout
2026-06-18T07:02:45.543038Z  WARN mq_bench::transport::mqtt: MQTT subscription eventloop error; continuing poll loop client_id=sub-mqb-5bfe13c8e69e3ecf-e232a7e8891e40a0b4db510f09a769ba error=Network timeout
2026-06-18T07:02:46.877015Z  WARN mq_bench::transport::mqtt: MQTT subscription eventloop error; continuing poll loop client_id=sub-mqb-5bfe13c8e69e3ecf-07100cbed0324e5882cccde2ed11e966 error=Network timeout
2026-06-18T07:02:47.537350Z  WARN mq_bench::transport::mqtt: MQTT subscription eventloop error; continuing poll loop client_id=sub-mqb-5bfe13c8e69e3ecf-aa36685920934c5e8000d932824b1faf error=Network timeout
2026-06-18T07:02:48.210999Z  WARN mq_bench::transport::mqtt: MQTT subscription eventloop error; continuing poll loop client_id=sub-mqb-5bfe13c8e69e3ecf-fe83c774fe944fe3b480789ba4d456f1 error=Mqtt state: Last pingreq isn't acked
2026-06-18T07:02:48.878589Z  WARN mq_bench::transport::mqtt: MQTT subscription eventloop error; continuing poll loop client_id=sub-mqb-5bfe13c8e69e3ecf-7e3549ed92c44c36ac4bdc7d549ea7c8 error=Network timeout
2026-06-18T07:02:49.449922Z  WARN mq_bench::transport::mqtt: MQTT subscription eventloop error; continuing poll loop client_id=sub-mqb-5bfe13c8e69e3ecf-8883615fd66c4bcd8f8740d7793b7cb7 error=Network timeout
2026-06-18T07:02:49.538325Z  WARN mq_bench::transport::mqtt: MQTT subscription eventloop error; continuing poll loop client_id=sub-mqb-5bfe13c8e69e3ecf-ae14851eeb624e148e5f641a74d4ea0e error=Network timeout
2026-06-18T07:02:50.878727Z  WARN mq_bench::transport::mqtt: MQTT subscription eventloop error; continuing poll loop client_id=sub-mqb-5bfe13c8e69e3ecf-be621b9457ee4f188de1cd2cb401f2b9 error=Network timeout
2026-06-18T07:02:51.546024Z  WARN mq_bench::transport::mqtt: MQTT subscription eventloop error; continuing poll loop client_id=sub-mqb-5bfe13c8e69e3ecf-e232a7e8891e40a0b4db510f09a769ba error=Network timeout
2026-06-18T07:02:52.879132Z  WARN mq_bench::transport::mqtt: MQTT subscription eventloop error; continuing poll loop client_id=sub-mqb-5bfe13c8e69e3ecf-07100cbed0324e5882cccde2ed11e966 error=Network timeout
2026-06-18T07:02:53.539542Z  WARN mq_bench::transport::mqtt: MQTT subscription eventloop error; continuing poll loop client_id=sub-mqb-5bfe13c8e69e3ecf-aa36685920934c5e8000d932824b1faf error=Network timeout
2026-06-18T07:02:54.214112Z  WARN mq_bench::transport::mqtt: MQTT subscription eventloop error; continuing poll loop client_id=sub-mqb-5bfe13c8e69e3ecf-fe83c774fe944fe3b480789ba4d456f1 error=Network timeout
2026-06-18T07:02:54.880706Z  WARN mq_bench::transport::mqtt: MQTT subscription eventloop error; continuing poll loop client_id=sub-mqb-5bfe13c8e69e3ecf-7e3549ed92c44c36ac4bdc7d549ea7c8 error=Network timeout
2026-06-18T07:02:55.451996Z  WARN mq_bench::transport::mqtt: MQTT subscription eventloop error; continuing poll loop client_id=sub-mqb-5bfe13c8e69e3ecf-8883615fd66c4bcd8f8740d7793b7cb7 error=Network timeout
2026-06-18T07:02:55.540456Z  WARN mq_bench::transport::mqtt: MQTT subscription eventloop error; continuing poll loop client_id=sub-mqb-5bfe13c8e69e3ecf-ae14851eeb624e148e5f641a74d4ea0e error=Network timeout
2026-06-18T07:02:56.880800Z  WARN mq_bench::transport::mqtt: MQTT subscription eventloop error; continuing poll loop client_id=sub-mqb-5bfe13c8e69e3ecf-be621b9457ee4f188de1cd2cb401f2b9 error=Network timeout
2026-06-18T07:02:57.549029Z  WARN mq_bench::transport::mqtt: MQTT subscription eventloop error; continuing poll loop client_id=sub-mqb-5bfe13c8e69e3ecf-e232a7e8891e40a0b4db510f09a769ba error=Network timeout
