mq-bench starting with run_id: auto
Writing CSV output to: artifacts/fanout_bursty_20260618_065754_mqtt_artemis_p64_s1000_u10_bursty/fanout_singlesite/sub_6_3.csv
2026-06-18T06:57:54.926390Z  INFO mq_bench::roles::subscriber: Starting subscriber engine=Mqtt key=topic_6 endpoint=None crash_enabled=false
2026-06-18T06:57:54.926441Z  INFO mq_bench::roles::subscriber: Connected via transport engine=Mqtt
2026-06-18T06:57:54.926485Z  INFO mq_bench::roles::subscriber: Subscribed to key expression key=topic_6
2026-06-18T06:58:01.594583Z  INFO mq_bench::roles::subscriber: Starting subscriber engine=Mqtt key=topic_6 endpoint=None crash_enabled=false
2026-06-18T06:58:01.594705Z  INFO mq_bench::roles::subscriber: Connected via transport engine=Mqtt
2026-06-18T06:58:01.594768Z  INFO mq_bench::roles::subscriber: Subscribed to key expression key=topic_6
2026-06-18T06:58:08.262997Z  INFO mq_bench::roles::subscriber: Starting subscriber engine=Mqtt key=topic_6 endpoint=None crash_enabled=false
2026-06-18T06:58:08.263113Z  INFO mq_bench::roles::subscriber: Connected via transport engine=Mqtt
2026-06-18T06:58:08.263176Z  INFO mq_bench::roles::subscriber: Subscribed to key expression key=topic_6
2026-06-18T06:58:14.930638Z  INFO mq_bench::roles::subscriber: Starting subscriber engine=Mqtt key=topic_6 endpoint=None crash_enabled=false
2026-06-18T06:58:14.930803Z  INFO mq_bench::roles::subscriber: Connected via transport engine=Mqtt
2026-06-18T06:58:14.930866Z  INFO mq_bench::roles::subscriber: Subscribed to key expression key=topic_6
2026-06-18T06:58:21.598716Z  INFO mq_bench::roles::subscriber: Starting subscriber engine=Mqtt key=topic_6 endpoint=None crash_enabled=false
2026-06-18T06:58:21.598774Z  INFO mq_bench::roles::subscriber: Connected via transport engine=Mqtt
2026-06-18T06:58:21.598855Z  INFO mq_bench::roles::subscriber: Subscribed to key expression key=topic_6
2026-06-18T06:58:28.266232Z  INFO mq_bench::roles::subscriber: Starting subscriber engine=Mqtt key=topic_6 endpoint=None crash_enabled=false
2026-06-18T06:58:28.266297Z  INFO mq_bench::roles::subscriber: Connected via transport engine=Mqtt
2026-06-18T06:58:28.266414Z  INFO mq_bench::roles::subscriber: Subscribed to key expression key=topic_6
2026-06-18T06:58:34.933364Z  INFO mq_bench::roles::subscriber: Starting subscriber engine=Mqtt key=topic_6 endpoint=None crash_enabled=false
2026-06-18T06:58:34.933417Z  INFO mq_bench::roles::subscriber: Connected via transport engine=Mqtt
2026-06-18T06:58:34.933539Z  INFO mq_bench::roles::subscriber: Subscribed to key expression key=topic_6
2026-06-18T06:58:41.601302Z  INFO mq_bench::roles::subscriber: Starting subscriber engine=Mqtt key=topic_6 endpoint=None crash_enabled=false
2026-06-18T06:58:41.601382Z  INFO mq_bench::roles::subscriber: Connected via transport engine=Mqtt
2026-06-18T06:58:41.601460Z  INFO mq_bench::roles::subscriber: Subscribed to key expression key=topic_6
2026-06-18T06:58:48.269995Z  INFO mq_bench::roles::subscriber: Starting subscriber engine=Mqtt key=topic_6 endpoint=None crash_enabled=false
2026-06-18T06:58:48.270088Z  INFO mq_bench::roles::subscriber: Connected via transport engine=Mqtt
2026-06-18T06:58:48.270193Z  INFO mq_bench::roles::subscriber: Subscribed to key expression key=topic_6
2026-06-18T06:58:54.937588Z  INFO mq_bench::roles::subscriber: Starting subscriber engine=Mqtt key=topic_6 endpoint=None crash_enabled=false
2026-06-18T06:58:54.937663Z  INFO mq_bench::roles::subscriber: Connected via transport engine=Mqtt
2026-06-18T06:58:54.937739Z  INFO mq_bench::roles::subscriber: Subscribed to key expression key=topic_6
2026-06-18T07:02:44.945859Z  WARN mq_bench::transport::mqtt: MQTT subscription eventloop error; continuing poll loop client_id=sub-mqb-5bfe15c8e69e4235-46f9f95a4f6d47a68b9459640110747d error=Mqtt state: Last pingreq isn't acked
2026-06-18T07:02:48.281610Z  WARN mq_bench::transport::mqtt: MQTT subscription eventloop error; continuing poll loop client_id=sub-mqb-5bfe15c8e69e4235-da79d5a1eb494cf6ad98d5c47b9403be error=Mqtt state: Last pingreq isn't acked
2026-06-18T07:02:50.947716Z  WARN mq_bench::transport::mqtt: MQTT subscription eventloop error; continuing poll loop client_id=sub-mqb-5bfe15c8e69e4235-46f9f95a4f6d47a68b9459640110747d error=Network timeout
2026-06-18T07:02:51.614118Z  WARN mq_bench::transport::mqtt: MQTT subscription eventloop error; continuing poll loop client_id=sub-mqb-5bfe15c8e69e4235-6759d1171b3a44528847ab979d6de921 error=Mqtt state: Last pingreq isn't acked
2026-06-18T07:02:54.283355Z  WARN mq_bench::transport::mqtt: MQTT subscription eventloop error; continuing poll loop client_id=sub-mqb-5bfe15c8e69e4235-da79d5a1eb494cf6ad98d5c47b9403be error=Network timeout
2026-06-18T07:02:54.948584Z  WARN mq_bench::transport::mqtt: MQTT subscription eventloop error; continuing poll loop client_id=sub-mqb-5bfe15c8e69e4235-028694b3420a433398f044b27b90a199 error=Mqtt state: Last pingreq isn't acked
2026-06-18T07:02:55.465919Z  WARN mq_bench::transport::mqtt: MQTT subscription eventloop error; continuing poll loop client_id=sub-mqb-5bfe15c8e69e4235-c4f2fade480c4df8a982e7e455062861 error=Mqtt state: Last pingreq isn't acked
2026-06-18T07:02:56.949081Z  WARN mq_bench::transport::mqtt: MQTT subscription eventloop error; continuing poll loop client_id=sub-mqb-5bfe15c8e69e4235-46f9f95a4f6d47a68b9459640110747d error=Network timeout
2026-06-18T07:02:57.616415Z  WARN mq_bench::transport::mqtt: MQTT subscription eventloop error; continuing poll loop client_id=sub-mqb-5bfe15c8e69e4235-6759d1171b3a44528847ab979d6de921 error=Network timeout
