mq-bench starting with run_id: auto
Writing CSV output to: artifacts/fanout_bursty_20260618_065754_mqtt_artemis_p64_s1000_u10_bursty/fanout_singlesite/sub_3_1.csv
2026-06-18T06:57:54.799650Z  INFO mq_bench::roles::subscriber: Starting subscriber engine=Mqtt key=topic_3 endpoint=None crash_enabled=false
2026-06-18T06:57:54.799698Z  INFO mq_bench::roles::subscriber: Connected via transport engine=Mqtt
2026-06-18T06:57:54.799736Z  INFO mq_bench::roles::subscriber: Subscribed to key expression key=topic_3
2026-06-18T06:58:01.467583Z  INFO mq_bench::roles::subscriber: Starting subscriber engine=Mqtt key=topic_3 endpoint=None crash_enabled=false
2026-06-18T06:58:01.467708Z  INFO mq_bench::roles::subscriber: Connected via transport engine=Mqtt
2026-06-18T06:58:01.467768Z  INFO mq_bench::roles::subscriber: Subscribed to key expression key=topic_3
2026-06-18T06:58:08.135978Z  INFO mq_bench::roles::subscriber: Starting subscriber engine=Mqtt key=topic_3 endpoint=None crash_enabled=false
2026-06-18T06:58:08.136099Z  INFO mq_bench::roles::subscriber: Connected via transport engine=Mqtt
2026-06-18T06:58:08.136162Z  INFO mq_bench::roles::subscriber: Subscribed to key expression key=topic_3
2026-06-18T06:58:14.803496Z  INFO mq_bench::roles::subscriber: Starting subscriber engine=Mqtt key=topic_3 endpoint=None crash_enabled=false
2026-06-18T06:58:14.803563Z  INFO mq_bench::roles::subscriber: Connected via transport engine=Mqtt
2026-06-18T06:58:14.803619Z  INFO mq_bench::roles::subscriber: Subscribed to key expression key=topic_3
2026-06-18T06:58:21.470983Z  INFO mq_bench::roles::subscriber: Starting subscriber engine=Mqtt key=topic_3 endpoint=None crash_enabled=false
2026-06-18T06:58:21.471097Z  INFO mq_bench::roles::subscriber: Connected via transport engine=Mqtt
2026-06-18T06:58:21.471172Z  INFO mq_bench::roles::subscriber: Subscribed to key expression key=topic_3
2026-06-18T06:58:28.138545Z  INFO mq_bench::roles::subscriber: Starting subscriber engine=Mqtt key=topic_3 endpoint=None crash_enabled=false
2026-06-18T06:58:28.138604Z  INFO mq_bench::roles::subscriber: Connected via transport engine=Mqtt
2026-06-18T06:58:28.138709Z  INFO mq_bench::roles::subscriber: Subscribed to key expression key=topic_3
2026-06-18T06:58:34.807101Z  INFO mq_bench::roles::subscriber: Starting subscriber engine=Mqtt key=topic_3 endpoint=None crash_enabled=false
2026-06-18T06:58:34.807152Z  INFO mq_bench::roles::subscriber: Connected via transport engine=Mqtt
2026-06-18T06:58:34.807271Z  INFO mq_bench::roles::subscriber: Subscribed to key expression key=topic_3
2026-06-18T06:58:41.474517Z  INFO mq_bench::roles::subscriber: Starting subscriber engine=Mqtt key=topic_3 endpoint=None crash_enabled=false
2026-06-18T06:58:41.474572Z  INFO mq_bench::roles::subscriber: Connected via transport engine=Mqtt
2026-06-18T06:58:41.474659Z  INFO mq_bench::roles::subscriber: Subscribed to key expression key=topic_3
2026-06-18T06:58:48.141647Z  INFO mq_bench::roles::subscriber: Starting subscriber engine=Mqtt key=topic_3 endpoint=None crash_enabled=false
2026-06-18T06:58:48.141699Z  INFO mq_bench::roles::subscriber: Connected via transport engine=Mqtt
2026-06-18T06:58:48.141772Z  INFO mq_bench::roles::subscriber: Subscribed to key expression key=topic_3
2026-06-18T06:58:54.810101Z  INFO mq_bench::roles::subscriber: Starting subscriber engine=Mqtt key=topic_3 endpoint=None crash_enabled=false
2026-06-18T06:58:54.810161Z  INFO mq_bench::roles::subscriber: Connected via transport engine=Mqtt
2026-06-18T06:58:54.810292Z  INFO mq_bench::roles::subscriber: Subscribed to key expression key=topic_3
2026-06-18T07:02:41.485490Z  WARN mq_bench::transport::mqtt: MQTT subscription eventloop error; continuing poll loop client_id=sub-mqb-5bfe10c8e69e39b6-e6fcefe07d9f4fe182fababc61e4720f error=Mqtt state: Last pingreq isn't acked
2026-06-18T07:02:47.488011Z  WARN mq_bench::transport::mqtt: MQTT subscription eventloop error; continuing poll loop client_id=sub-mqb-5bfe10c8e69e39b6-e6fcefe07d9f4fe182fababc61e4720f error=Network timeout
2026-06-18T07:02:48.156335Z  WARN mq_bench::transport::mqtt: MQTT subscription eventloop error; continuing poll loop client_id=sub-mqb-5bfe10c8e69e39b6-870356fbeeab462f8efe65f285790e2f error=Mqtt state: Last pingreq isn't acked
2026-06-18T07:02:51.487001Z  WARN mq_bench::transport::mqtt: MQTT subscription eventloop error; continuing poll loop client_id=sub-mqb-5bfe10c8e69e39b6-75a3cdf43a234474b0567eea67601852 error=Mqtt state: Last pingreq isn't acked
2026-06-18T07:02:53.489832Z  WARN mq_bench::transport::mqtt: MQTT subscription eventloop error; continuing poll loop client_id=sub-mqb-5bfe10c8e69e39b6-e6fcefe07d9f4fe182fababc61e4720f error=Network timeout
2026-06-18T07:02:54.159140Z  WARN mq_bench::transport::mqtt: MQTT subscription eventloop error; continuing poll loop client_id=sub-mqb-5bfe10c8e69e39b6-870356fbeeab462f8efe65f285790e2f error=Network timeout
2026-06-18T07:02:54.823619Z  WARN mq_bench::transport::mqtt: MQTT subscription eventloop error; continuing poll loop client_id=sub-mqb-5bfe10c8e69e39b6-5dd141c9519640268c2b640d5e54adb4 error=Mqtt state: Last pingreq isn't acked
2026-06-18T07:02:55.408010Z  WARN mq_bench::transport::mqtt: MQTT subscription eventloop error; continuing poll loop client_id=sub-mqb-5bfe10c8e69e39b6-4914cf8b07964bcaacd537f2d8e01894 error=Mqtt state: Last pingreq isn't acked
2026-06-18T07:02:57.489109Z  WARN mq_bench::transport::mqtt: MQTT subscription eventloop error; continuing poll loop client_id=sub-mqb-5bfe10c8e69e39b6-75a3cdf43a234474b0567eea67601852 error=Network timeout
