mq-bench starting with run_id: auto
Writing CSV output to: artifacts/fanout_bursty_20260618_065754_mqtt_artemis_p64_s1000_u10_bursty/fanout_singlesite/sub_5_3.csv
2026-06-18T06:57:54.887396Z  INFO mq_bench::roles::subscriber: Starting subscriber engine=Mqtt key=topic_5 endpoint=None crash_enabled=false
2026-06-18T06:57:54.887449Z  INFO mq_bench::roles::subscriber: Connected via transport engine=Mqtt
2026-06-18T06:57:54.887497Z  INFO mq_bench::roles::subscriber: Subscribed to key expression key=topic_5
2026-06-18T06:58:01.554695Z  INFO mq_bench::roles::subscriber: Starting subscriber engine=Mqtt key=topic_5 endpoint=None crash_enabled=false
2026-06-18T06:58:01.554814Z  INFO mq_bench::roles::subscriber: Connected via transport engine=Mqtt
2026-06-18T06:58:01.554873Z  INFO mq_bench::roles::subscriber: Subscribed to key expression key=topic_5
2026-06-18T06:58:08.222845Z  INFO mq_bench::roles::subscriber: Starting subscriber engine=Mqtt key=topic_5 endpoint=None crash_enabled=false
2026-06-18T06:58:08.222946Z  INFO mq_bench::roles::subscriber: Connected via transport engine=Mqtt
2026-06-18T06:58:08.222997Z  INFO mq_bench::roles::subscriber: Subscribed to key expression key=topic_5
2026-06-18T06:58:14.890719Z  INFO mq_bench::roles::subscriber: Starting subscriber engine=Mqtt key=topic_5 endpoint=None crash_enabled=false
2026-06-18T06:58:14.890830Z  INFO mq_bench::roles::subscriber: Connected via transport engine=Mqtt
2026-06-18T06:58:14.890894Z  INFO mq_bench::roles::subscriber: Subscribed to key expression key=topic_5
2026-06-18T06:58:21.559187Z  INFO mq_bench::roles::subscriber: Starting subscriber engine=Mqtt key=topic_5 endpoint=None crash_enabled=false
2026-06-18T06:58:21.559266Z  INFO mq_bench::roles::subscriber: Connected via transport engine=Mqtt
2026-06-18T06:58:21.559352Z  INFO mq_bench::roles::subscriber: Subscribed to key expression key=topic_5
2026-06-18T06:58:28.226490Z  INFO mq_bench::roles::subscriber: Starting subscriber engine=Mqtt key=topic_5 endpoint=None crash_enabled=false
2026-06-18T06:58:28.226551Z  INFO mq_bench::roles::subscriber: Connected via transport engine=Mqtt
2026-06-18T06:58:28.226622Z  INFO mq_bench::roles::subscriber: Subscribed to key expression key=topic_5
2026-06-18T06:58:34.894267Z  INFO mq_bench::roles::subscriber: Starting subscriber engine=Mqtt key=topic_5 endpoint=None crash_enabled=false
2026-06-18T06:58:34.894334Z  INFO mq_bench::roles::subscriber: Connected via transport engine=Mqtt
2026-06-18T06:58:34.894422Z  INFO mq_bench::roles::subscriber: Subscribed to key expression key=topic_5
2026-06-18T06:58:41.562176Z  INFO mq_bench::roles::subscriber: Starting subscriber engine=Mqtt key=topic_5 endpoint=None crash_enabled=false
2026-06-18T06:58:41.562287Z  INFO mq_bench::roles::subscriber: Connected via transport engine=Mqtt
2026-06-18T06:58:41.562376Z  INFO mq_bench::roles::subscriber: Subscribed to key expression key=topic_5
2026-06-18T06:58:48.229553Z  INFO mq_bench::roles::subscriber: Starting subscriber engine=Mqtt key=topic_5 endpoint=None crash_enabled=false
2026-06-18T06:58:48.229615Z  INFO mq_bench::roles::subscriber: Connected via transport engine=Mqtt
2026-06-18T06:58:48.229697Z  INFO mq_bench::roles::subscriber: Subscribed to key expression key=topic_5
2026-06-18T06:58:54.897141Z  INFO mq_bench::roles::subscriber: Starting subscriber engine=Mqtt key=topic_5 endpoint=None crash_enabled=false
2026-06-18T06:58:54.897192Z  INFO mq_bench::roles::subscriber: Connected via transport engine=Mqtt
2026-06-18T06:58:54.897313Z  INFO mq_bench::roles::subscriber: Subscribed to key expression key=topic_5
2026-06-18T07:02:18.241018Z  WARN mq_bench::transport::mqtt: MQTT subscription eventloop error; continuing poll loop client_id=sub-mqb-5bfe12c8e69e3d1c-6d8f206b632c42038e00143fba7b1c4b error=Mqtt state: Last pingreq isn't acked
2026-06-18T07:02:24.243285Z  WARN mq_bench::transport::mqtt: MQTT subscription eventloop error; continuing poll loop client_id=sub-mqb-5bfe12c8e69e3d1c-6d8f206b632c42038e00143fba7b1c4b error=Network timeout
2026-06-18T07:02:24.908549Z  WARN mq_bench::transport::mqtt: MQTT subscription eventloop error; continuing poll loop client_id=sub-mqb-5bfe12c8e69e3d1c-91a31dc3157045fb9b601943f2f44659 error=Mqtt state: Last pingreq isn't acked
2026-06-18T07:02:25.513248Z  WARN mq_bench::transport::mqtt: MQTT subscription eventloop error; continuing poll loop client_id=sub-mqb-5bfe12c8e69e3d1c-ca67df8b099b4f1da7c7641a0961984c error=Mqtt state: Last pingreq isn't acked
2026-06-18T07:02:28.236674Z  WARN mq_bench::transport::mqtt: MQTT subscription eventloop error; continuing poll loop client_id=sub-mqb-5bfe12c8e69e3d1c-128951fdd8864634bf2546218aba18cc error=Mqtt state: Last pingreq isn't acked
2026-06-18T07:02:30.246310Z  WARN mq_bench::transport::mqtt: MQTT subscription eventloop error; continuing poll loop client_id=sub-mqb-5bfe12c8e69e3d1c-6d8f206b632c42038e00143fba7b1c4b error=Network timeout
2026-06-18T07:02:30.910435Z  WARN mq_bench::transport::mqtt: MQTT subscription eventloop error; continuing poll loop client_id=sub-mqb-5bfe12c8e69e3d1c-91a31dc3157045fb9b601943f2f44659 error=Network timeout
2026-06-18T07:02:31.517036Z  WARN mq_bench::transport::mqtt: MQTT subscription eventloop error; continuing poll loop client_id=sub-mqb-5bfe12c8e69e3d1c-ca67df8b099b4f1da7c7641a0961984c error=Network timeout
2026-06-18T07:02:34.239084Z  WARN mq_bench::transport::mqtt: MQTT subscription eventloop error; continuing poll loop client_id=sub-mqb-5bfe12c8e69e3d1c-128951fdd8864634bf2546218aba18cc error=Network timeout
2026-06-18T07:02:34.905315Z  WARN mq_bench::transport::mqtt: MQTT subscription eventloop error; continuing poll loop client_id=sub-mqb-5bfe12c8e69e3d1c-c49c65a09d1b466d8f0a7df99520800a error=Mqtt state: Last pingreq isn't acked
2026-06-18T07:02:36.248408Z  WARN mq_bench::transport::mqtt: MQTT subscription eventloop error; continuing poll loop client_id=sub-mqb-5bfe12c8e69e3d1c-6d8f206b632c42038e00143fba7b1c4b error=Network timeout
2026-06-18T07:02:36.912531Z  WARN mq_bench::transport::mqtt: MQTT subscription eventloop error; continuing poll loop client_id=sub-mqb-5bfe12c8e69e3d1c-91a31dc3157045fb9b601943f2f44659 error=Network timeout
2026-06-18T07:02:37.519060Z  WARN mq_bench::transport::mqtt: MQTT subscription eventloop error; continuing poll loop client_id=sub-mqb-5bfe12c8e69e3d1c-ca67df8b099b4f1da7c7641a0961984c error=Network timeout
2026-06-18T07:02:38.237778Z  WARN mq_bench::transport::mqtt: MQTT subscription eventloop error; continuing poll loop client_id=sub-mqb-5bfe12c8e69e3d1c-1239aa38a10d40dea173faee5f381ef8 error=Mqtt state: Last pingreq isn't acked
2026-06-18T07:02:40.240743Z  WARN mq_bench::transport::mqtt: MQTT subscription eventloop error; continuing poll loop client_id=sub-mqb-5bfe12c8e69e3d1c-128951fdd8864634bf2546218aba18cc error=Network timeout
2026-06-18T07:02:40.907873Z  WARN mq_bench::transport::mqtt: MQTT subscription eventloop error; continuing poll loop client_id=sub-mqb-5bfe12c8e69e3d1c-c49c65a09d1b466d8f0a7df99520800a error=Network timeout
2026-06-18T07:02:41.573583Z  WARN mq_bench::transport::mqtt: MQTT subscription eventloop error; continuing poll loop client_id=sub-mqb-5bfe12c8e69e3d1c-863aeccd6f38402282fe4fd4b8e10481 error=Mqtt state: Last pingreq isn't acked
2026-06-18T07:02:42.251171Z  WARN mq_bench::transport::mqtt: MQTT subscription eventloop error; continuing poll loop client_id=sub-mqb-5bfe12c8e69e3d1c-6d8f206b632c42038e00143fba7b1c4b error=Network timeout
2026-06-18T07:02:42.914564Z  WARN mq_bench::transport::mqtt: MQTT subscription eventloop error; continuing poll loop client_id=sub-mqb-5bfe12c8e69e3d1c-91a31dc3157045fb9b601943f2f44659 error=Network timeout
2026-06-18T07:02:43.521164Z  WARN mq_bench::transport::mqtt: MQTT subscription eventloop error; continuing poll loop client_id=sub-mqb-5bfe12c8e69e3d1c-ca67df8b099b4f1da7c7641a0961984c error=Network timeout
2026-06-18T07:02:44.239863Z  WARN mq_bench::transport::mqtt: MQTT subscription eventloop error; continuing poll loop client_id=sub-mqb-5bfe12c8e69e3d1c-1239aa38a10d40dea173faee5f381ef8 error=Network timeout
2026-06-18T07:02:44.904482Z  WARN mq_bench::transport::mqtt: MQTT subscription eventloop error; continuing poll loop client_id=sub-mqb-5bfe12c8e69e3d1c-1deed98cd64a42a4af61b1e631f87b1f error=Mqtt state: Last pingreq isn't acked
2026-06-18T07:02:46.242556Z  WARN mq_bench::transport::mqtt: MQTT subscription eventloop error; continuing poll loop client_id=sub-mqb-5bfe12c8e69e3d1c-128951fdd8864634bf2546218aba18cc error=Network timeout
2026-06-18T07:02:46.909702Z  WARN mq_bench::transport::mqtt: MQTT subscription eventloop error; continuing poll loop client_id=sub-mqb-5bfe12c8e69e3d1c-c49c65a09d1b466d8f0a7df99520800a error=Network timeout
2026-06-18T07:02:47.576340Z  WARN mq_bench::transport::mqtt: MQTT subscription eventloop error; continuing poll loop client_id=sub-mqb-5bfe12c8e69e3d1c-863aeccd6f38402282fe4fd4b8e10481 error=Network timeout
2026-06-18T07:02:48.254832Z  WARN mq_bench::transport::mqtt: MQTT subscription eventloop error; continuing poll loop client_id=sub-mqb-5bfe12c8e69e3d1c-6d8f206b632c42038e00143fba7b1c4b error=Network timeout
2026-06-18T07:02:48.917359Z  WARN mq_bench::transport::mqtt: MQTT subscription eventloop error; continuing poll loop client_id=sub-mqb-5bfe12c8e69e3d1c-91a31dc3157045fb9b601943f2f44659 error=Network timeout
2026-06-18T07:02:49.522927Z  WARN mq_bench::transport::mqtt: MQTT subscription eventloop error; continuing poll loop client_id=sub-mqb-5bfe12c8e69e3d1c-ca67df8b099b4f1da7c7641a0961984c error=Network timeout
2026-06-18T07:02:50.241537Z  WARN mq_bench::transport::mqtt: MQTT subscription eventloop error; continuing poll loop client_id=sub-mqb-5bfe12c8e69e3d1c-1239aa38a10d40dea173faee5f381ef8 error=Network timeout
2026-06-18T07:02:50.907052Z  WARN mq_bench::transport::mqtt: MQTT subscription eventloop error; continuing poll loop client_id=sub-mqb-5bfe12c8e69e3d1c-1deed98cd64a42a4af61b1e631f87b1f error=Network timeout
2026-06-18T07:02:51.572774Z  WARN mq_bench::transport::mqtt: MQTT subscription eventloop error; continuing poll loop client_id=sub-mqb-5bfe12c8e69e3d1c-8bbc57c7da94417b9b3b98b5f7146417 error=Mqtt state: Last pingreq isn't acked
2026-06-18T07:02:52.245306Z  WARN mq_bench::transport::mqtt: MQTT subscription eventloop error; continuing poll loop client_id=sub-mqb-5bfe12c8e69e3d1c-128951fdd8864634bf2546218aba18cc error=Network timeout
2026-06-18T07:02:52.911742Z  WARN mq_bench::transport::mqtt: MQTT subscription eventloop error; continuing poll loop client_id=sub-mqb-5bfe12c8e69e3d1c-c49c65a09d1b466d8f0a7df99520800a error=Network timeout
2026-06-18T07:02:53.579265Z  WARN mq_bench::transport::mqtt: MQTT subscription eventloop error; continuing poll loop client_id=sub-mqb-5bfe12c8e69e3d1c-863aeccd6f38402282fe4fd4b8e10481 error=Network timeout
2026-06-18T07:02:54.256872Z  WARN mq_bench::transport::mqtt: MQTT subscription eventloop error; continuing poll loop client_id=sub-mqb-5bfe12c8e69e3d1c-6d8f206b632c42038e00143fba7b1c4b error=Network timeout
2026-06-18T07:02:54.920345Z  WARN mq_bench::transport::mqtt: MQTT subscription eventloop error; continuing poll loop client_id=sub-mqb-5bfe12c8e69e3d1c-91a31dc3157045fb9b601943f2f44659 error=Network timeout
2026-06-18T07:02:55.524950Z  WARN mq_bench::transport::mqtt: MQTT subscription eventloop error; continuing poll loop client_id=sub-mqb-5bfe12c8e69e3d1c-ca67df8b099b4f1da7c7641a0961984c error=Network timeout
2026-06-18T07:02:56.243461Z  WARN mq_bench::transport::mqtt: MQTT subscription eventloop error; continuing poll loop client_id=sub-mqb-5bfe12c8e69e3d1c-1239aa38a10d40dea173faee5f381ef8 error=Network timeout
2026-06-18T07:02:56.910029Z  WARN mq_bench::transport::mqtt: MQTT subscription eventloop error; continuing poll loop client_id=sub-mqb-5bfe12c8e69e3d1c-1deed98cd64a42a4af61b1e631f87b1f error=Network timeout
2026-06-18T07:02:57.574681Z  WARN mq_bench::transport::mqtt: MQTT subscription eventloop error; continuing poll loop client_id=sub-mqb-5bfe12c8e69e3d1c-8bbc57c7da94417b9b3b98b5f7146417 error=Network timeout
