mq-bench starting with run_id: auto
Writing CSV output to: artifacts/fanout_bursty_20260618_065754_mqtt_artemis_p64_s1000_u10_bursty/fanout_singlesite/sub_9_0.csv
2026-06-18T06:57:55.034085Z  INFO mq_bench::roles::subscriber: Starting subscriber engine=Mqtt key=topic_9 endpoint=None crash_enabled=false
2026-06-18T06:57:55.034130Z  INFO mq_bench::roles::subscriber: Connected via transport engine=Mqtt
2026-06-18T06:57:55.034172Z  INFO mq_bench::roles::subscriber: Subscribed to key expression key=topic_9
2026-06-18T06:58:01.701621Z  INFO mq_bench::roles::subscriber: Starting subscriber engine=Mqtt key=topic_9 endpoint=None crash_enabled=false
2026-06-18T06:58:01.701684Z  INFO mq_bench::roles::subscriber: Connected via transport engine=Mqtt
2026-06-18T06:58:01.701714Z  INFO mq_bench::roles::subscriber: Subscribed to key expression key=topic_9
2026-06-18T06:58:08.369864Z  INFO mq_bench::roles::subscriber: Starting subscriber engine=Mqtt key=topic_9 endpoint=None crash_enabled=false
2026-06-18T06:58:08.369920Z  INFO mq_bench::roles::subscriber: Connected via transport engine=Mqtt
2026-06-18T06:58:08.369984Z  INFO mq_bench::roles::subscriber: Subscribed to key expression key=topic_9
2026-06-18T06:58:15.037864Z  INFO mq_bench::roles::subscriber: Starting subscriber engine=Mqtt key=topic_9 endpoint=None crash_enabled=false
2026-06-18T06:58:15.037996Z  INFO mq_bench::roles::subscriber: Connected via transport engine=Mqtt
2026-06-18T06:58:15.038057Z  INFO mq_bench::roles::subscriber: Subscribed to key expression key=topic_9
2026-06-18T06:58:21.705298Z  INFO mq_bench::roles::subscriber: Starting subscriber engine=Mqtt key=topic_9 endpoint=None crash_enabled=false
2026-06-18T06:58:21.705357Z  INFO mq_bench::roles::subscriber: Connected via transport engine=Mqtt
2026-06-18T06:58:21.705453Z  INFO mq_bench::roles::subscriber: Subscribed to key expression key=topic_9
2026-06-18T06:58:28.372322Z  INFO mq_bench::roles::subscriber: Starting subscriber engine=Mqtt key=topic_9 endpoint=None crash_enabled=false
2026-06-18T06:58:28.372376Z  INFO mq_bench::roles::subscriber: Connected via transport engine=Mqtt
2026-06-18T06:58:28.372463Z  INFO mq_bench::roles::subscriber: Subscribed to key expression key=topic_9
2026-06-18T06:58:35.040158Z  INFO mq_bench::roles::subscriber: Starting subscriber engine=Mqtt key=topic_9 endpoint=None crash_enabled=false
2026-06-18T06:58:35.040268Z  INFO mq_bench::roles::subscriber: Connected via transport engine=Mqtt
2026-06-18T06:58:35.040354Z  INFO mq_bench::roles::subscriber: Subscribed to key expression key=topic_9
2026-06-18T06:58:41.708049Z  INFO mq_bench::roles::subscriber: Starting subscriber engine=Mqtt key=topic_9 endpoint=None crash_enabled=false
2026-06-18T06:58:41.708105Z  INFO mq_bench::roles::subscriber: Connected via transport engine=Mqtt
2026-06-18T06:58:41.708196Z  INFO mq_bench::roles::subscriber: Subscribed to key expression key=topic_9
2026-06-18T06:58:48.375399Z  INFO mq_bench::roles::subscriber: Starting subscriber engine=Mqtt key=topic_9 endpoint=None crash_enabled=false
2026-06-18T06:58:48.375470Z  INFO mq_bench::roles::subscriber: Connected via transport engine=Mqtt
2026-06-18T06:58:48.375554Z  INFO mq_bench::roles::subscriber: Subscribed to key expression key=topic_9
2026-06-18T06:58:55.042365Z  INFO mq_bench::roles::subscriber: Starting subscriber engine=Mqtt key=topic_9 endpoint=None crash_enabled=false
2026-06-18T06:58:55.042423Z  INFO mq_bench::roles::subscriber: Connected via transport engine=Mqtt
2026-06-18T06:58:55.042504Z  INFO mq_bench::roles::subscriber: Subscribed to key expression key=topic_9
2026-06-18T07:02:21.716317Z  WARN mq_bench::transport::mqtt: MQTT subscription eventloop error; continuing poll loop client_id=sub-mqb-5bfe16c8e69e43e8-f08d520ca8254979b4a3a6c6dcc1934c error=Mqtt state: Last pingreq isn't acked
2026-06-18T07:02:25.055326Z  WARN mq_bench::transport::mqtt: MQTT subscription eventloop error; continuing poll loop client_id=sub-mqb-5bfe16c8e69e43e8-e7011c310e5b4565b46e9d44284b7e2c error=Mqtt state: Last pingreq isn't acked
2026-06-18T07:02:25.492335Z  WARN mq_bench::transport::mqtt: MQTT subscription eventloop error; continuing poll loop client_id=sub-mqb-5bfe16c8e69e43e8-a1909e711c0f413d82af9316e392c58c error=Mqtt state: Last pingreq isn't acked
2026-06-18T07:02:27.718864Z  WARN mq_bench::transport::mqtt: MQTT subscription eventloop error; continuing poll loop client_id=sub-mqb-5bfe16c8e69e43e8-f08d520ca8254979b4a3a6c6dcc1934c error=Network timeout
2026-06-18T07:02:28.384244Z  WARN mq_bench::transport::mqtt: MQTT subscription eventloop error; continuing poll loop client_id=sub-mqb-5bfe16c8e69e43e8-0ab02e40d5714d758999de2a994c5d1e error=Mqtt state: Last pingreq isn't acked
2026-06-18T07:02:31.057808Z  WARN mq_bench::transport::mqtt: MQTT subscription eventloop error; continuing poll loop client_id=sub-mqb-5bfe16c8e69e43e8-e7011c310e5b4565b46e9d44284b7e2c error=Network timeout
2026-06-18T07:02:31.494669Z  WARN mq_bench::transport::mqtt: MQTT subscription eventloop error; continuing poll loop client_id=sub-mqb-5bfe16c8e69e43e8-a1909e711c0f413d82af9316e392c58c error=Network timeout
2026-06-18T07:02:31.715329Z  WARN mq_bench::transport::mqtt: MQTT subscription eventloop error; continuing poll loop client_id=sub-mqb-5bfe16c8e69e43e8-125bcf3135e64c5fb9815b31e5ddbbd2 error=Mqtt state: Last pingreq isn't acked
2026-06-18T07:02:33.720519Z  WARN mq_bench::transport::mqtt: MQTT subscription eventloop error; continuing poll loop client_id=sub-mqb-5bfe16c8e69e43e8-f08d520ca8254979b4a3a6c6dcc1934c error=Network timeout
2026-06-18T07:02:34.386712Z  WARN mq_bench::transport::mqtt: MQTT subscription eventloop error; continuing poll loop client_id=sub-mqb-5bfe16c8e69e43e8-0ab02e40d5714d758999de2a994c5d1e error=Network timeout
2026-06-18T07:02:35.051277Z  WARN mq_bench::transport::mqtt: MQTT subscription eventloop error; continuing poll loop client_id=sub-mqb-5bfe16c8e69e43e8-9d0d46140c0e438187c897123384dd53 error=Mqtt state: Last pingreq isn't acked
2026-06-18T07:02:37.059276Z  WARN mq_bench::transport::mqtt: MQTT subscription eventloop error; continuing poll loop client_id=sub-mqb-5bfe16c8e69e43e8-e7011c310e5b4565b46e9d44284b7e2c error=Network timeout
2026-06-18T07:02:37.497192Z  WARN mq_bench::transport::mqtt: MQTT subscription eventloop error; continuing poll loop client_id=sub-mqb-5bfe16c8e69e43e8-a1909e711c0f413d82af9316e392c58c error=Network timeout
2026-06-18T07:02:37.717874Z  WARN mq_bench::transport::mqtt: MQTT subscription eventloop error; continuing poll loop client_id=sub-mqb-5bfe16c8e69e43e8-125bcf3135e64c5fb9815b31e5ddbbd2 error=Network timeout
2026-06-18T07:02:38.380484Z  WARN mq_bench::transport::mqtt: MQTT subscription eventloop error; continuing poll loop client_id=sub-mqb-5bfe16c8e69e43e8-68ef6a7ba6064a8db05f9d07c5df0dd5 error=Mqtt state: Last pingreq isn't acked
2026-06-18T07:02:39.722841Z  WARN mq_bench::transport::mqtt: MQTT subscription eventloop error; continuing poll loop client_id=sub-mqb-5bfe16c8e69e43e8-f08d520ca8254979b4a3a6c6dcc1934c error=Network timeout
2026-06-18T07:02:40.389050Z  WARN mq_bench::transport::mqtt: MQTT subscription eventloop error; continuing poll loop client_id=sub-mqb-5bfe16c8e69e43e8-0ab02e40d5714d758999de2a994c5d1e error=Network timeout
2026-06-18T07:02:41.053607Z  WARN mq_bench::transport::mqtt: MQTT subscription eventloop error; continuing poll loop client_id=sub-mqb-5bfe16c8e69e43e8-9d0d46140c0e438187c897123384dd53 error=Network timeout
2026-06-18T07:02:41.718334Z  WARN mq_bench::transport::mqtt: MQTT subscription eventloop error; continuing poll loop client_id=sub-mqb-5bfe16c8e69e43e8-6bbe2a8260d948899ac1729b7dce85c6 error=Mqtt state: Last pingreq isn't acked
2026-06-18T07:02:43.061432Z  WARN mq_bench::transport::mqtt: MQTT subscription eventloop error; continuing poll loop client_id=sub-mqb-5bfe16c8e69e43e8-e7011c310e5b4565b46e9d44284b7e2c error=Network timeout
2026-06-18T07:02:43.499267Z  WARN mq_bench::transport::mqtt: MQTT subscription eventloop error; continuing poll loop client_id=sub-mqb-5bfe16c8e69e43e8-a1909e711c0f413d82af9316e392c58c error=Network timeout
2026-06-18T07:02:43.719836Z  WARN mq_bench::transport::mqtt: MQTT subscription eventloop error; continuing poll loop client_id=sub-mqb-5bfe16c8e69e43e8-125bcf3135e64c5fb9815b31e5ddbbd2 error=Network timeout
2026-06-18T07:02:44.382409Z  WARN mq_bench::transport::mqtt: MQTT subscription eventloop error; continuing poll loop client_id=sub-mqb-5bfe16c8e69e43e8-68ef6a7ba6064a8db05f9d07c5df0dd5 error=Network timeout
2026-06-18T07:02:45.051163Z  WARN mq_bench::transport::mqtt: MQTT subscription eventloop error; continuing poll loop client_id=sub-mqb-5bfe16c8e69e43e8-01fcb1762f9a44a396247c5fde20823c error=Mqtt state: Last pingreq isn't acked
2026-06-18T07:02:45.724809Z  WARN mq_bench::transport::mqtt: MQTT subscription eventloop error; continuing poll loop client_id=sub-mqb-5bfe16c8e69e43e8-f08d520ca8254979b4a3a6c6dcc1934c error=Network timeout
2026-06-18T07:02:46.391345Z  WARN mq_bench::transport::mqtt: MQTT subscription eventloop error; continuing poll loop client_id=sub-mqb-5bfe16c8e69e43e8-0ab02e40d5714d758999de2a994c5d1e error=Network timeout
2026-06-18T07:02:47.055883Z  WARN mq_bench::transport::mqtt: MQTT subscription eventloop error; continuing poll loop client_id=sub-mqb-5bfe16c8e69e43e8-9d0d46140c0e438187c897123384dd53 error=Network timeout
2026-06-18T07:02:47.720549Z  WARN mq_bench::transport::mqtt: MQTT subscription eventloop error; continuing poll loop client_id=sub-mqb-5bfe16c8e69e43e8-6bbe2a8260d948899ac1729b7dce85c6 error=Network timeout
2026-06-18T07:02:48.386098Z  WARN mq_bench::transport::mqtt: MQTT subscription eventloop error; continuing poll loop client_id=sub-mqb-5bfe16c8e69e43e8-5d0f81d78175407d81230dcbf5ffdf87 error=Mqtt state: Last pingreq isn't acked
2026-06-18T07:02:49.063558Z  WARN mq_bench::transport::mqtt: MQTT subscription eventloop error; continuing poll loop client_id=sub-mqb-5bfe16c8e69e43e8-e7011c310e5b4565b46e9d44284b7e2c error=Network timeout
2026-06-18T07:02:49.501755Z  WARN mq_bench::transport::mqtt: MQTT subscription eventloop error; continuing poll loop client_id=sub-mqb-5bfe16c8e69e43e8-a1909e711c0f413d82af9316e392c58c error=Network timeout
2026-06-18T07:02:49.721343Z  WARN mq_bench::transport::mqtt: MQTT subscription eventloop error; continuing poll loop client_id=sub-mqb-5bfe16c8e69e43e8-125bcf3135e64c5fb9815b31e5ddbbd2 error=Network timeout
2026-06-18T07:02:50.384861Z  WARN mq_bench::transport::mqtt: MQTT subscription eventloop error; continuing poll loop client_id=sub-mqb-5bfe16c8e69e43e8-68ef6a7ba6064a8db05f9d07c5df0dd5 error=Network timeout
2026-06-18T07:02:51.053626Z  WARN mq_bench::transport::mqtt: MQTT subscription eventloop error; continuing poll loop client_id=sub-mqb-5bfe16c8e69e43e8-01fcb1762f9a44a396247c5fde20823c error=Network timeout
2026-06-18T07:02:51.726250Z  WARN mq_bench::transport::mqtt: MQTT subscription eventloop error; continuing poll loop client_id=sub-mqb-5bfe16c8e69e43e8-f08d520ca8254979b4a3a6c6dcc1934c error=Network timeout
2026-06-18T07:02:52.393833Z  WARN mq_bench::transport::mqtt: MQTT subscription eventloop error; continuing poll loop client_id=sub-mqb-5bfe16c8e69e43e8-0ab02e40d5714d758999de2a994c5d1e error=Network timeout
2026-06-18T07:02:53.058278Z  WARN mq_bench::transport::mqtt: MQTT subscription eventloop error; continuing poll loop client_id=sub-mqb-5bfe16c8e69e43e8-9d0d46140c0e438187c897123384dd53 error=Network timeout
2026-06-18T07:02:53.722966Z  WARN mq_bench::transport::mqtt: MQTT subscription eventloop error; continuing poll loop client_id=sub-mqb-5bfe16c8e69e43e8-6bbe2a8260d948899ac1729b7dce85c6 error=Network timeout
2026-06-18T07:02:54.388427Z  WARN mq_bench::transport::mqtt: MQTT subscription eventloop error; continuing poll loop client_id=sub-mqb-5bfe16c8e69e43e8-5d0f81d78175407d81230dcbf5ffdf87 error=Network timeout
2026-06-18T07:02:55.065948Z  WARN mq_bench::transport::mqtt: MQTT subscription eventloop error; continuing poll loop client_id=sub-mqb-5bfe16c8e69e43e8-e7011c310e5b4565b46e9d44284b7e2c error=Network timeout
2026-06-18T07:02:55.504141Z  WARN mq_bench::transport::mqtt: MQTT subscription eventloop error; continuing poll loop client_id=sub-mqb-5bfe16c8e69e43e8-a1909e711c0f413d82af9316e392c58c error=Network timeout
2026-06-18T07:02:55.723802Z  WARN mq_bench::transport::mqtt: MQTT subscription eventloop error; continuing poll loop client_id=sub-mqb-5bfe16c8e69e43e8-125bcf3135e64c5fb9815b31e5ddbbd2 error=Network timeout
2026-06-18T07:02:56.386358Z  WARN mq_bench::transport::mqtt: MQTT subscription eventloop error; continuing poll loop client_id=sub-mqb-5bfe16c8e69e43e8-68ef6a7ba6064a8db05f9d07c5df0dd5 error=Network timeout
2026-06-18T07:02:57.056136Z  WARN mq_bench::transport::mqtt: MQTT subscription eventloop error; continuing poll loop client_id=sub-mqb-5bfe16c8e69e43e8-01fcb1762f9a44a396247c5fde20823c error=Network timeout
2026-06-18T07:02:57.728631Z  WARN mq_bench::transport::mqtt: MQTT subscription eventloop error; continuing poll loop client_id=sub-mqb-5bfe16c8e69e43e8-f08d520ca8254979b4a3a6c6dcc1934c error=Network timeout
