mq-bench starting with run_id: auto
Writing CSV output to: artifacts/fanout_bursty_20260618_065754_mqtt_artemis_p64_s1000_u10_bursty/fanout_singlesite/sub_5_2.csv
2026-06-18T06:57:54.882851Z  INFO mq_bench::roles::subscriber: Starting subscriber engine=Mqtt key=topic_5 endpoint=None crash_enabled=false
2026-06-18T06:57:54.882899Z  INFO mq_bench::roles::subscriber: Connected via transport engine=Mqtt
2026-06-18T06:57:54.882946Z  INFO mq_bench::roles::subscriber: Subscribed to key expression key=topic_5
2026-06-18T06:58:01.550481Z  INFO mq_bench::roles::subscriber: Starting subscriber engine=Mqtt key=topic_5 endpoint=None crash_enabled=false
2026-06-18T06:58:01.550607Z  INFO mq_bench::roles::subscriber: Connected via transport engine=Mqtt
2026-06-18T06:58:01.550670Z  INFO mq_bench::roles::subscriber: Subscribed to key expression key=topic_5
2026-06-18T06:58:08.217899Z  INFO mq_bench::roles::subscriber: Starting subscriber engine=Mqtt key=topic_5 endpoint=None crash_enabled=false
2026-06-18T06:58:08.218022Z  INFO mq_bench::roles::subscriber: Connected via transport engine=Mqtt
2026-06-18T06:58:08.218087Z  INFO mq_bench::roles::subscriber: Subscribed to key expression key=topic_5
2026-06-18T06:58:14.885379Z  INFO mq_bench::roles::subscriber: Starting subscriber engine=Mqtt key=topic_5 endpoint=None crash_enabled=false
2026-06-18T06:58:14.885440Z  INFO mq_bench::roles::subscriber: Connected via transport engine=Mqtt
2026-06-18T06:58:14.885516Z  INFO mq_bench::roles::subscriber: Subscribed to key expression key=topic_5
2026-06-18T06:58:21.553113Z  INFO mq_bench::roles::subscriber: Starting subscriber engine=Mqtt key=topic_5 endpoint=None crash_enabled=false
2026-06-18T06:58:21.553257Z  INFO mq_bench::roles::subscriber: Connected via transport engine=Mqtt
2026-06-18T06:58:21.553341Z  INFO mq_bench::roles::subscriber: Subscribed to key expression key=topic_5
2026-06-18T06:58:28.220504Z  INFO mq_bench::roles::subscriber: Starting subscriber engine=Mqtt key=topic_5 endpoint=None crash_enabled=false
2026-06-18T06:58:28.220563Z  INFO mq_bench::roles::subscriber: Connected via transport engine=Mqtt
2026-06-18T06:58:28.220633Z  INFO mq_bench::roles::subscriber: Subscribed to key expression key=topic_5
2026-06-18T06:58:34.887479Z  INFO mq_bench::roles::subscriber: Starting subscriber engine=Mqtt key=topic_5 endpoint=None crash_enabled=false
2026-06-18T06:58:34.887540Z  INFO mq_bench::roles::subscriber: Connected via transport engine=Mqtt
2026-06-18T06:58:34.887617Z  INFO mq_bench::roles::subscriber: Subscribed to key expression key=topic_5
2026-06-18T06:58:41.555103Z  INFO mq_bench::roles::subscriber: Starting subscriber engine=Mqtt key=topic_5 endpoint=None crash_enabled=false
2026-06-18T06:58:41.555165Z  INFO mq_bench::roles::subscriber: Connected via transport engine=Mqtt
2026-06-18T06:58:41.555285Z  INFO mq_bench::roles::subscriber: Subscribed to key expression key=topic_5
2026-06-18T06:58:48.222832Z  INFO mq_bench::roles::subscriber: Starting subscriber engine=Mqtt key=topic_5 endpoint=None crash_enabled=false
2026-06-18T06:58:48.222898Z  INFO mq_bench::roles::subscriber: Connected via transport engine=Mqtt
2026-06-18T06:58:48.222989Z  INFO mq_bench::roles::subscriber: Subscribed to key expression key=topic_5
2026-06-18T06:58:54.890625Z  INFO mq_bench::roles::subscriber: Starting subscriber engine=Mqtt key=topic_5 endpoint=None crash_enabled=false
2026-06-18T06:58:54.890687Z  INFO mq_bench::roles::subscriber: Connected via transport engine=Mqtt
2026-06-18T06:58:54.890778Z  INFO mq_bench::roles::subscriber: Subscribed to key expression key=topic_5
2026-06-18T07:02:21.563712Z  WARN mq_bench::transport::mqtt: MQTT subscription eventloop error; continuing poll loop client_id=sub-mqb-5bfe12c8e69e3d1c-c2f175f3cde142c895f1a487c028e74b error=Mqtt state: Last pingreq isn't acked
2026-06-18T07:02:27.565956Z  WARN mq_bench::transport::mqtt: MQTT subscription eventloop error; continuing poll loop client_id=sub-mqb-5bfe12c8e69e3d1c-c2f175f3cde142c895f1a487c028e74b error=Network timeout
2026-06-18T07:02:28.234291Z  WARN mq_bench::transport::mqtt: MQTT subscription eventloop error; continuing poll loop client_id=sub-mqb-5bfe12c8e69e3d1c-7a53af21c0b2421aa1d2aa57e564879b error=Mqtt state: Last pingreq isn't acked
2026-06-18T07:02:31.565431Z  WARN mq_bench::transport::mqtt: MQTT subscription eventloop error; continuing poll loop client_id=sub-mqb-5bfe12c8e69e3d1c-d4a608c837bc45149d3d71d9e54c261b error=Mqtt state: Last pingreq isn't acked
2026-06-18T07:02:33.568168Z  WARN mq_bench::transport::mqtt: MQTT subscription eventloop error; continuing poll loop client_id=sub-mqb-5bfe12c8e69e3d1c-c2f175f3cde142c895f1a487c028e74b error=Network timeout
2026-06-18T07:02:34.236563Z  WARN mq_bench::transport::mqtt: MQTT subscription eventloop error; continuing poll loop client_id=sub-mqb-5bfe12c8e69e3d1c-7a53af21c0b2421aa1d2aa57e564879b error=Network timeout
2026-06-18T07:02:37.567783Z  WARN mq_bench::transport::mqtt: MQTT subscription eventloop error; continuing poll loop client_id=sub-mqb-5bfe12c8e69e3d1c-d4a608c837bc45149d3d71d9e54c261b error=Network timeout
2026-06-18T07:02:38.234026Z  WARN mq_bench::transport::mqtt: MQTT subscription eventloop error; continuing poll loop client_id=sub-mqb-5bfe12c8e69e3d1c-80d2980a55214ab0af88c39069482cdb error=Mqtt state: Last pingreq isn't acked
2026-06-18T07:02:39.572046Z  WARN mq_bench::transport::mqtt: MQTT subscription eventloop error; continuing poll loop client_id=sub-mqb-5bfe12c8e69e3d1c-c2f175f3cde142c895f1a487c028e74b error=Network timeout
2026-06-18T07:02:40.238346Z  WARN mq_bench::transport::mqtt: MQTT subscription eventloop error; continuing poll loop client_id=sub-mqb-5bfe12c8e69e3d1c-7a53af21c0b2421aa1d2aa57e564879b error=Network timeout
2026-06-18T07:02:41.565325Z  WARN mq_bench::transport::mqtt: MQTT subscription eventloop error; continuing poll loop client_id=sub-mqb-5bfe12c8e69e3d1c-c0226cafc0304d26b90b445312df4e81 error=Mqtt state: Last pingreq isn't acked
2026-06-18T07:02:43.570151Z  WARN mq_bench::transport::mqtt: MQTT subscription eventloop error; continuing poll loop client_id=sub-mqb-5bfe12c8e69e3d1c-d4a608c837bc45149d3d71d9e54c261b error=Network timeout
2026-06-18T07:02:44.235364Z  WARN mq_bench::transport::mqtt: MQTT subscription eventloop error; continuing poll loop client_id=sub-mqb-5bfe12c8e69e3d1c-80d2980a55214ab0af88c39069482cdb error=Network timeout
2026-06-18T07:02:44.899893Z  WARN mq_bench::transport::mqtt: MQTT subscription eventloop error; continuing poll loop client_id=sub-mqb-5bfe12c8e69e3d1c-90cf9c17ad6e4bcdbc9c17e39f46ccdc error=Mqtt state: Last pingreq isn't acked
2026-06-18T07:02:45.573530Z  WARN mq_bench::transport::mqtt: MQTT subscription eventloop error; continuing poll loop client_id=sub-mqb-5bfe12c8e69e3d1c-c2f175f3cde142c895f1a487c028e74b error=Network timeout
2026-06-18T07:02:46.241086Z  WARN mq_bench::transport::mqtt: MQTT subscription eventloop error; continuing poll loop client_id=sub-mqb-5bfe12c8e69e3d1c-7a53af21c0b2421aa1d2aa57e564879b error=Network timeout
2026-06-18T07:02:47.568034Z  WARN mq_bench::transport::mqtt: MQTT subscription eventloop error; continuing poll loop client_id=sub-mqb-5bfe12c8e69e3d1c-c0226cafc0304d26b90b445312df4e81 error=Network timeout
2026-06-18T07:02:48.233345Z  WARN mq_bench::transport::mqtt: MQTT subscription eventloop error; continuing poll loop client_id=sub-mqb-5bfe12c8e69e3d1c-b9a8519757214b59b5f7a7caff4c1965 error=Mqtt state: Last pingreq isn't acked
2026-06-18T07:02:49.571349Z  WARN mq_bench::transport::mqtt: MQTT subscription eventloop error; continuing poll loop client_id=sub-mqb-5bfe12c8e69e3d1c-d4a608c837bc45149d3d71d9e54c261b error=Network timeout
2026-06-18T07:02:50.237657Z  WARN mq_bench::transport::mqtt: MQTT subscription eventloop error; continuing poll loop client_id=sub-mqb-5bfe12c8e69e3d1c-80d2980a55214ab0af88c39069482cdb error=Network timeout
2026-06-18T07:02:50.902209Z  WARN mq_bench::transport::mqtt: MQTT subscription eventloop error; continuing poll loop client_id=sub-mqb-5bfe12c8e69e3d1c-90cf9c17ad6e4bcdbc9c17e39f46ccdc error=Network timeout
2026-06-18T07:02:51.575650Z  WARN mq_bench::transport::mqtt: MQTT subscription eventloop error; continuing poll loop client_id=sub-mqb-5bfe12c8e69e3d1c-c2f175f3cde142c895f1a487c028e74b error=Network timeout
2026-06-18T07:02:52.242324Z  WARN mq_bench::transport::mqtt: MQTT subscription eventloop error; continuing poll loop client_id=sub-mqb-5bfe12c8e69e3d1c-7a53af21c0b2421aa1d2aa57e564879b error=Network timeout
2026-06-18T07:02:53.570276Z  WARN mq_bench::transport::mqtt: MQTT subscription eventloop error; continuing poll loop client_id=sub-mqb-5bfe12c8e69e3d1c-c0226cafc0304d26b90b445312df4e81 error=Network timeout
2026-06-18T07:02:54.235544Z  WARN mq_bench::transport::mqtt: MQTT subscription eventloop error; continuing poll loop client_id=sub-mqb-5bfe12c8e69e3d1c-b9a8519757214b59b5f7a7caff4c1965 error=Network timeout
2026-06-18T07:02:54.902120Z  WARN mq_bench::transport::mqtt: MQTT subscription eventloop error; continuing poll loop client_id=sub-mqb-5bfe12c8e69e3d1c-5d26c49f1c2c432ba20af1aea742dc60 error=Mqtt state: Last pingreq isn't acked
2026-06-18T07:02:55.456477Z  WARN mq_bench::transport::mqtt: MQTT subscription eventloop error; continuing poll loop client_id=sub-mqb-5bfe12c8e69e3d1c-7118633af7f449899e745ffb5f27ef06 error=Mqtt state: Last pingreq isn't acked
2026-06-18T07:02:55.573998Z  WARN mq_bench::transport::mqtt: MQTT subscription eventloop error; continuing poll loop client_id=sub-mqb-5bfe12c8e69e3d1c-d4a608c837bc45149d3d71d9e54c261b error=Network timeout
2026-06-18T07:02:56.239576Z  WARN mq_bench::transport::mqtt: MQTT subscription eventloop error; continuing poll loop client_id=sub-mqb-5bfe12c8e69e3d1c-80d2980a55214ab0af88c39069482cdb error=Network timeout
2026-06-18T07:02:56.904494Z  WARN mq_bench::transport::mqtt: MQTT subscription eventloop error; continuing poll loop client_id=sub-mqb-5bfe12c8e69e3d1c-90cf9c17ad6e4bcdbc9c17e39f46ccdc error=Network timeout
2026-06-18T07:02:57.578098Z  WARN mq_bench::transport::mqtt: MQTT subscription eventloop error; continuing poll loop client_id=sub-mqb-5bfe12c8e69e3d1c-c2f175f3cde142c895f1a487c028e74b error=Network timeout
