mq-bench starting with run_id: auto
Writing CSV output to: artifacts/fanout_bursty_20260618_065754_mqtt_artemis_p64_s1000_u10_bursty/fanout_singlesite/sub_3_5.csv
2026-06-18T06:57:54.815514Z  INFO mq_bench::roles::subscriber: Starting subscriber engine=Mqtt key=topic_3 endpoint=None crash_enabled=false
2026-06-18T06:57:54.815554Z  INFO mq_bench::roles::subscriber: Connected via transport engine=Mqtt
2026-06-18T06:57:54.815596Z  INFO mq_bench::roles::subscriber: Subscribed to key expression key=topic_3
2026-06-18T06:58:01.483123Z  INFO mq_bench::roles::subscriber: Starting subscriber engine=Mqtt key=topic_3 endpoint=None crash_enabled=false
2026-06-18T06:58:01.483296Z  INFO mq_bench::roles::subscriber: Connected via transport engine=Mqtt
2026-06-18T06:58:01.483368Z  INFO mq_bench::roles::subscriber: Subscribed to key expression key=topic_3
2026-06-18T06:58:08.150905Z  INFO mq_bench::roles::subscriber: Starting subscriber engine=Mqtt key=topic_3 endpoint=None crash_enabled=false
2026-06-18T06:58:08.151027Z  INFO mq_bench::roles::subscriber: Connected via transport engine=Mqtt
2026-06-18T06:58:08.151094Z  INFO mq_bench::roles::subscriber: Subscribed to key expression key=topic_3
2026-06-18T06:58:14.818595Z  INFO mq_bench::roles::subscriber: Starting subscriber engine=Mqtt key=topic_3 endpoint=None crash_enabled=false
2026-06-18T06:58:14.818646Z  INFO mq_bench::roles::subscriber: Connected via transport engine=Mqtt
2026-06-18T06:58:14.818718Z  INFO mq_bench::roles::subscriber: Subscribed to key expression key=topic_3
2026-06-18T06:58:21.486483Z  INFO mq_bench::roles::subscriber: Starting subscriber engine=Mqtt key=topic_3 endpoint=None crash_enabled=false
2026-06-18T06:58:21.486598Z  INFO mq_bench::roles::subscriber: Connected via transport engine=Mqtt
2026-06-18T06:58:21.486675Z  INFO mq_bench::roles::subscriber: Subscribed to key expression key=topic_3
2026-06-18T06:58:28.153515Z  INFO mq_bench::roles::subscriber: Starting subscriber engine=Mqtt key=topic_3 endpoint=None crash_enabled=false
2026-06-18T06:58:28.153574Z  INFO mq_bench::roles::subscriber: Connected via transport engine=Mqtt
2026-06-18T06:58:28.153659Z  INFO mq_bench::roles::subscriber: Subscribed to key expression key=topic_3
2026-06-18T06:58:34.821291Z  INFO mq_bench::roles::subscriber: Starting subscriber engine=Mqtt key=topic_3 endpoint=None crash_enabled=false
2026-06-18T06:58:34.821348Z  INFO mq_bench::roles::subscriber: Connected via transport engine=Mqtt
2026-06-18T06:58:34.821451Z  INFO mq_bench::roles::subscriber: Subscribed to key expression key=topic_3
2026-06-18T06:58:41.489091Z  INFO mq_bench::roles::subscriber: Starting subscriber engine=Mqtt key=topic_3 endpoint=None crash_enabled=false
2026-06-18T06:58:41.489152Z  INFO mq_bench::roles::subscriber: Connected via transport engine=Mqtt
2026-06-18T06:58:41.489273Z  INFO mq_bench::roles::subscriber: Subscribed to key expression key=topic_3
2026-06-18T06:58:48.156940Z  INFO mq_bench::roles::subscriber: Starting subscriber engine=Mqtt key=topic_3 endpoint=None crash_enabled=false
2026-06-18T06:58:48.156998Z  INFO mq_bench::roles::subscriber: Connected via transport engine=Mqtt
2026-06-18T06:58:48.157094Z  INFO mq_bench::roles::subscriber: Subscribed to key expression key=topic_3
2026-06-18T06:58:54.824868Z  INFO mq_bench::roles::subscriber: Starting subscriber engine=Mqtt key=topic_3 endpoint=None crash_enabled=false
2026-06-18T06:58:54.824918Z  INFO mq_bench::roles::subscriber: Connected via transport engine=Mqtt
2026-06-18T06:58:54.825009Z  INFO mq_bench::roles::subscriber: Subscribed to key expression key=topic_3
2026-06-18T07:02:44.829369Z  WARN mq_bench::transport::mqtt: MQTT subscription eventloop error; continuing poll loop client_id=sub-mqb-5bfe10c8e69e39b6-c0f1520134af48acae43c879788fc7c8 error=Mqtt state: Last pingreq isn't acked
2026-06-18T07:02:48.169767Z  WARN mq_bench::transport::mqtt: MQTT subscription eventloop error; continuing poll loop client_id=sub-mqb-5bfe10c8e69e39b6-27c8e1c0635e4f78be05e8da1a5d4e8c error=Mqtt state: Last pingreq isn't acked
2026-06-18T07:02:50.831680Z  WARN mq_bench::transport::mqtt: MQTT subscription eventloop error; continuing poll loop client_id=sub-mqb-5bfe10c8e69e39b6-c0f1520134af48acae43c879788fc7c8 error=Network timeout
2026-06-18T07:02:51.503082Z  WARN mq_bench::transport::mqtt: MQTT subscription eventloop error; continuing poll loop client_id=sub-mqb-5bfe10c8e69e39b6-7779b8b77f8945b5956ff97f61dc2a06 error=Mqtt state: Last pingreq isn't acked
2026-06-18T07:02:54.171503Z  WARN mq_bench::transport::mqtt: MQTT subscription eventloop error; continuing poll loop client_id=sub-mqb-5bfe10c8e69e39b6-27c8e1c0635e4f78be05e8da1a5d4e8c error=Network timeout
2026-06-18T07:02:54.835725Z  WARN mq_bench::transport::mqtt: MQTT subscription eventloop error; continuing poll loop client_id=sub-mqb-5bfe10c8e69e39b6-4f7efa4cb15a413e87435bbcca6f5ea2 error=Mqtt state: Last pingreq isn't acked
2026-06-18T07:02:55.417165Z  WARN mq_bench::transport::mqtt: MQTT subscription eventloop error; continuing poll loop client_id=sub-mqb-5bfe10c8e69e39b6-7a819404d3054524b358b2779d78db9a error=Mqtt state: Last pingreq isn't acked
2026-06-18T07:02:56.833536Z  WARN mq_bench::transport::mqtt: MQTT subscription eventloop error; continuing poll loop client_id=sub-mqb-5bfe10c8e69e39b6-c0f1520134af48acae43c879788fc7c8 error=Network timeout
2026-06-18T07:02:57.504641Z  WARN mq_bench::transport::mqtt: MQTT subscription eventloop error; continuing poll loop client_id=sub-mqb-5bfe10c8e69e39b6-7779b8b77f8945b5956ff97f61dc2a06 error=Network timeout
