mq-bench starting with run_id: auto
Writing CSV output to: artifacts/fanout_bursty_20260619_034746_mqtt_mosquitto_p64_s1000_u10_bursty/fanout_singlesite/sub_2_8.csv
2026-06-19T03:47:46.306164Z  INFO mq_bench::roles::subscriber: Starting subscriber engine=Mqtt key=topic_2 endpoint=None crash_enabled=false
2026-06-19T03:47:46.306333Z  INFO mq_bench::roles::subscriber: Connected via transport engine=Mqtt
2026-06-19T03:47:46.306380Z  INFO mq_bench::roles::subscriber: Subscribed to key expression key=topic_2
2026-06-19T03:47:52.974046Z  INFO mq_bench::roles::subscriber: Starting subscriber engine=Mqtt key=topic_2 endpoint=None crash_enabled=false
2026-06-19T03:47:52.974172Z  INFO mq_bench::roles::subscriber: Connected via transport engine=Mqtt
2026-06-19T03:47:52.974270Z  INFO mq_bench::roles::subscriber: Subscribed to key expression key=topic_2
2026-06-19T03:47:59.642175Z  INFO mq_bench::roles::subscriber: Starting subscriber engine=Mqtt key=topic_2 endpoint=None crash_enabled=false
2026-06-19T03:47:59.642320Z  INFO mq_bench::roles::subscriber: Connected via transport engine=Mqtt
2026-06-19T03:47:59.642384Z  INFO mq_bench::roles::subscriber: Subscribed to key expression key=topic_2
2026-06-19T03:48:06.309725Z  INFO mq_bench::roles::subscriber: Starting subscriber engine=Mqtt key=topic_2 endpoint=None crash_enabled=false
2026-06-19T03:48:06.309790Z  INFO mq_bench::roles::subscriber: Connected via transport engine=Mqtt
2026-06-19T03:48:06.309865Z  INFO mq_bench::roles::subscriber: Subscribed to key expression key=topic_2
2026-06-19T03:48:12.977926Z  INFO mq_bench::roles::subscriber: Starting subscriber engine=Mqtt key=topic_2 endpoint=None crash_enabled=false
2026-06-19T03:48:12.977977Z  INFO mq_bench::roles::subscriber: Connected via transport engine=Mqtt
2026-06-19T03:48:12.978048Z  INFO mq_bench::roles::subscriber: Subscribed to key expression key=topic_2
2026-06-19T03:48:19.645633Z  INFO mq_bench::roles::subscriber: Starting subscriber engine=Mqtt key=topic_2 endpoint=None crash_enabled=false
2026-06-19T03:48:19.645692Z  INFO mq_bench::roles::subscriber: Connected via transport engine=Mqtt
2026-06-19T03:48:19.645791Z  INFO mq_bench::roles::subscriber: Subscribed to key expression key=topic_2
2026-06-19T03:48:26.313781Z  INFO mq_bench::roles::subscriber: Starting subscriber engine=Mqtt key=topic_2 endpoint=None crash_enabled=false
2026-06-19T03:48:26.313835Z  INFO mq_bench::roles::subscriber: Connected via transport engine=Mqtt
2026-06-19T03:48:26.313921Z  INFO mq_bench::roles::subscriber: Subscribed to key expression key=topic_2
2026-06-19T03:48:32.981586Z  INFO mq_bench::roles::subscriber: Starting subscriber engine=Mqtt key=topic_2 endpoint=None crash_enabled=false
2026-06-19T03:48:32.981626Z  INFO mq_bench::roles::subscriber: Connected via transport engine=Mqtt
2026-06-19T03:48:32.981663Z  INFO mq_bench::roles::subscriber: Subscribed to key expression key=topic_2
2026-06-19T03:48:39.649643Z  INFO mq_bench::roles::subscriber: Starting subscriber engine=Mqtt key=topic_2 endpoint=None crash_enabled=false
2026-06-19T03:48:39.649694Z  INFO mq_bench::roles::subscriber: Connected via transport engine=Mqtt
2026-06-19T03:48:39.649770Z  INFO mq_bench::roles::subscriber: Subscribed to key expression key=topic_2
2026-06-19T03:48:46.317934Z  INFO mq_bench::roles::subscriber: Starting subscriber engine=Mqtt key=topic_2 endpoint=None crash_enabled=false
2026-06-19T03:48:46.317991Z  INFO mq_bench::roles::subscriber: Connected via transport engine=Mqtt
2026-06-19T03:48:46.318113Z  INFO mq_bench::roles::subscriber: Subscribed to key expression key=topic_2
