mq-bench starting with run_id: auto
Writing CSV output to: artifacts/fanout_bursty_20260619_034746_mqtt_mosquitto_p64_s1000_u10_bursty/fanout_singlesite/sub_6_0.csv
2026-06-19T03:47:46.429398Z  INFO mq_bench::roles::subscriber: Starting subscriber engine=Mqtt key=topic_6 endpoint=None crash_enabled=false
2026-06-19T03:47:46.429454Z  INFO mq_bench::roles::subscriber: Connected via transport engine=Mqtt
2026-06-19T03:47:46.429488Z  INFO mq_bench::roles::subscriber: Subscribed to key expression key=topic_6
2026-06-19T03:47:53.097444Z  INFO mq_bench::roles::subscriber: Starting subscriber engine=Mqtt key=topic_6 endpoint=None crash_enabled=false
2026-06-19T03:47:53.097545Z  INFO mq_bench::roles::subscriber: Connected via transport engine=Mqtt
2026-06-19T03:47:53.097606Z  INFO mq_bench::roles::subscriber: Subscribed to key expression key=topic_6
2026-06-19T03:47:59.765356Z  INFO mq_bench::roles::subscriber: Starting subscriber engine=Mqtt key=topic_6 endpoint=None crash_enabled=false
2026-06-19T03:47:59.765467Z  INFO mq_bench::roles::subscriber: Connected via transport engine=Mqtt
2026-06-19T03:47:59.765530Z  INFO mq_bench::roles::subscriber: Subscribed to key expression key=topic_6
2026-06-19T03:48:06.433652Z  INFO mq_bench::roles::subscriber: Starting subscriber engine=Mqtt key=topic_6 endpoint=None crash_enabled=false
2026-06-19T03:48:06.433705Z  INFO mq_bench::roles::subscriber: Connected via transport engine=Mqtt
2026-06-19T03:48:06.433762Z  INFO mq_bench::roles::subscriber: Subscribed to key expression key=topic_6
2026-06-19T03:48:13.101484Z  INFO mq_bench::roles::subscriber: Starting subscriber engine=Mqtt key=topic_6 endpoint=None crash_enabled=false
2026-06-19T03:48:13.101592Z  INFO mq_bench::roles::subscriber: Connected via transport engine=Mqtt
2026-06-19T03:48:13.101674Z  INFO mq_bench::roles::subscriber: Subscribed to key expression key=topic_6
2026-06-19T03:48:19.769257Z  INFO mq_bench::roles::subscriber: Starting subscriber engine=Mqtt key=topic_6 endpoint=None crash_enabled=false
2026-06-19T03:48:19.769314Z  INFO mq_bench::roles::subscriber: Connected via transport engine=Mqtt
2026-06-19T03:48:19.769394Z  INFO mq_bench::roles::subscriber: Subscribed to key expression key=topic_6
2026-06-19T03:48:26.437119Z  INFO mq_bench::roles::subscriber: Starting subscriber engine=Mqtt key=topic_6 endpoint=None crash_enabled=false
2026-06-19T03:48:26.437167Z  INFO mq_bench::roles::subscriber: Connected via transport engine=Mqtt
2026-06-19T03:48:26.437276Z  INFO mq_bench::roles::subscriber: Subscribed to key expression key=topic_6
2026-06-19T03:48:33.104004Z  INFO mq_bench::roles::subscriber: Starting subscriber engine=Mqtt key=topic_6 endpoint=None crash_enabled=false
2026-06-19T03:48:33.104061Z  INFO mq_bench::roles::subscriber: Connected via transport engine=Mqtt
2026-06-19T03:48:33.104148Z  INFO mq_bench::roles::subscriber: Subscribed to key expression key=topic_6
2026-06-19T03:48:39.771876Z  INFO mq_bench::roles::subscriber: Starting subscriber engine=Mqtt key=topic_6 endpoint=None crash_enabled=false
2026-06-19T03:48:39.771948Z  INFO mq_bench::roles::subscriber: Connected via transport engine=Mqtt
2026-06-19T03:48:39.772093Z  INFO mq_bench::roles::subscriber: Subscribed to key expression key=topic_6
2026-06-19T03:48:46.439780Z  INFO mq_bench::roles::subscriber: Starting subscriber engine=Mqtt key=topic_6 endpoint=None crash_enabled=false
2026-06-19T03:48:46.439829Z  INFO mq_bench::roles::subscriber: Connected via transport engine=Mqtt
2026-06-19T03:48:46.439915Z  INFO mq_bench::roles::subscriber: Subscribed to key expression key=topic_6
