mq-bench starting with run_id: auto
Writing CSV output to: artifacts/fanout_bursty_20260619_034746_mqtt_mosquitto_p64_s1000_u10_bursty/fanout_singlesite/sub_4_3.csv
2026-06-19T03:47:46.364046Z  INFO mq_bench::roles::subscriber: Starting subscriber engine=Mqtt key=topic_4 endpoint=None crash_enabled=false
2026-06-19T03:47:46.364103Z  INFO mq_bench::roles::subscriber: Connected via transport engine=Mqtt
2026-06-19T03:47:46.364144Z  INFO mq_bench::roles::subscriber: Subscribed to key expression key=topic_4
2026-06-19T03:47:53.031993Z  INFO mq_bench::roles::subscriber: Starting subscriber engine=Mqtt key=topic_4 endpoint=None crash_enabled=false
2026-06-19T03:47:53.032101Z  INFO mq_bench::roles::subscriber: Connected via transport engine=Mqtt
2026-06-19T03:47:53.032166Z  INFO mq_bench::roles::subscriber: Subscribed to key expression key=topic_4
2026-06-19T03:47:59.699823Z  INFO mq_bench::roles::subscriber: Starting subscriber engine=Mqtt key=topic_4 endpoint=None crash_enabled=false
2026-06-19T03:47:59.699882Z  INFO mq_bench::roles::subscriber: Connected via transport engine=Mqtt
2026-06-19T03:47:59.699954Z  INFO mq_bench::roles::subscriber: Subscribed to key expression key=topic_4
2026-06-19T03:48:06.368014Z  INFO mq_bench::roles::subscriber: Starting subscriber engine=Mqtt key=topic_4 endpoint=None crash_enabled=false
2026-06-19T03:48:06.368117Z  INFO mq_bench::roles::subscriber: Connected via transport engine=Mqtt
2026-06-19T03:48:06.368181Z  INFO mq_bench::roles::subscriber: Subscribed to key expression key=topic_4
2026-06-19T03:48:13.035794Z  INFO mq_bench::roles::subscriber: Starting subscriber engine=Mqtt key=topic_4 endpoint=None crash_enabled=false
2026-06-19T03:48:13.035838Z  INFO mq_bench::roles::subscriber: Connected via transport engine=Mqtt
2026-06-19T03:48:13.035941Z  INFO mq_bench::roles::subscriber: Subscribed to key expression key=topic_4
2026-06-19T03:48:19.703455Z  INFO mq_bench::roles::subscriber: Starting subscriber engine=Mqtt key=topic_4 endpoint=None crash_enabled=false
2026-06-19T03:48:19.703508Z  INFO mq_bench::roles::subscriber: Connected via transport engine=Mqtt
2026-06-19T03:48:19.703593Z  INFO mq_bench::roles::subscriber: Subscribed to key expression key=topic_4
2026-06-19T03:48:26.370275Z  INFO mq_bench::roles::subscriber: Starting subscriber engine=Mqtt key=topic_4 endpoint=None crash_enabled=false
2026-06-19T03:48:26.370321Z  INFO mq_bench::roles::subscriber: Connected via transport engine=Mqtt
2026-06-19T03:48:26.370416Z  INFO mq_bench::roles::subscriber: Subscribed to key expression key=topic_4
2026-06-19T03:48:33.038190Z  INFO mq_bench::roles::subscriber: Starting subscriber engine=Mqtt key=topic_4 endpoint=None crash_enabled=false
2026-06-19T03:48:33.038271Z  INFO mq_bench::roles::subscriber: Connected via transport engine=Mqtt
2026-06-19T03:48:33.038362Z  INFO mq_bench::roles::subscriber: Subscribed to key expression key=topic_4
2026-06-19T03:48:39.706099Z  INFO mq_bench::roles::subscriber: Starting subscriber engine=Mqtt key=topic_4 endpoint=None crash_enabled=false
2026-06-19T03:48:39.706176Z  INFO mq_bench::roles::subscriber: Connected via transport engine=Mqtt
2026-06-19T03:48:39.706286Z  INFO mq_bench::roles::subscriber: Subscribed to key expression key=topic_4
2026-06-19T03:48:46.374128Z  INFO mq_bench::roles::subscriber: Starting subscriber engine=Mqtt key=topic_4 endpoint=None crash_enabled=false
2026-06-19T03:48:46.374185Z  INFO mq_bench::roles::subscriber: Connected via transport engine=Mqtt
2026-06-19T03:48:46.374288Z  INFO mq_bench::roles::subscriber: Subscribed to key expression key=topic_4
