mq-bench starting with run_id: auto
Writing CSV output to: artifacts/fanout_bursty_20260619_034746_mqtt_mosquitto_p64_s1000_u10_bursty/fanout_singlesite/sub_0_1.csv
2026-06-19T03:47:46.205488Z  INFO mq_bench::roles::subscriber: Starting subscriber engine=Mqtt key=topic_0 endpoint=None crash_enabled=false
2026-06-19T03:47:46.205698Z  INFO mq_bench::roles::subscriber: Connected via transport engine=Mqtt
2026-06-19T03:47:46.205738Z  INFO mq_bench::roles::subscriber: Subscribed to key expression key=topic_0
2026-06-19T03:47:52.873576Z  INFO mq_bench::roles::subscriber: Starting subscriber engine=Mqtt key=topic_0 endpoint=None crash_enabled=false
2026-06-19T03:47:52.873709Z  INFO mq_bench::roles::subscriber: Connected via transport engine=Mqtt
2026-06-19T03:47:52.873770Z  INFO mq_bench::roles::subscriber: Subscribed to key expression key=topic_0
2026-06-19T03:47:59.541930Z  INFO mq_bench::roles::subscriber: Starting subscriber engine=Mqtt key=topic_0 endpoint=None crash_enabled=false
2026-06-19T03:47:59.542045Z  INFO mq_bench::roles::subscriber: Connected via transport engine=Mqtt
2026-06-19T03:47:59.542108Z  INFO mq_bench::roles::subscriber: Subscribed to key expression key=topic_0
2026-06-19T03:48:06.209535Z  INFO mq_bench::roles::subscriber: Starting subscriber engine=Mqtt key=topic_0 endpoint=None crash_enabled=false
2026-06-19T03:48:06.209593Z  INFO mq_bench::roles::subscriber: Connected via transport engine=Mqtt
2026-06-19T03:48:06.209661Z  INFO mq_bench::roles::subscriber: Subscribed to key expression key=topic_0
2026-06-19T03:48:12.877651Z  INFO mq_bench::roles::subscriber: Starting subscriber engine=Mqtt key=topic_0 endpoint=None crash_enabled=false
2026-06-19T03:48:12.877764Z  INFO mq_bench::roles::subscriber: Connected via transport engine=Mqtt
2026-06-19T03:48:12.877888Z  INFO mq_bench::roles::subscriber: Subscribed to key expression key=topic_0
2026-06-19T03:48:19.545676Z  INFO mq_bench::roles::subscriber: Starting subscriber engine=Mqtt key=topic_0 endpoint=None crash_enabled=false
2026-06-19T03:48:19.545726Z  INFO mq_bench::roles::subscriber: Connected via transport engine=Mqtt
2026-06-19T03:48:19.545813Z  INFO mq_bench::roles::subscriber: Subscribed to key expression key=topic_0
2026-06-19T03:48:26.213977Z  INFO mq_bench::roles::subscriber: Starting subscriber engine=Mqtt key=topic_0 endpoint=None crash_enabled=false
2026-06-19T03:48:26.214018Z  INFO mq_bench::roles::subscriber: Connected via transport engine=Mqtt
2026-06-19T03:48:26.214107Z  INFO mq_bench::roles::subscriber: Subscribed to key expression key=topic_0
2026-06-19T03:48:32.881460Z  INFO mq_bench::roles::subscriber: Starting subscriber engine=Mqtt key=topic_0 endpoint=None crash_enabled=false
2026-06-19T03:48:32.881526Z  INFO mq_bench::roles::subscriber: Connected via transport engine=Mqtt
2026-06-19T03:48:32.881600Z  INFO mq_bench::roles::subscriber: Subscribed to key expression key=topic_0
2026-06-19T03:48:39.549576Z  INFO mq_bench::roles::subscriber: Starting subscriber engine=Mqtt key=topic_0 endpoint=None crash_enabled=false
2026-06-19T03:48:39.549633Z  INFO mq_bench::roles::subscriber: Connected via transport engine=Mqtt
2026-06-19T03:48:39.549706Z  INFO mq_bench::roles::subscriber: Subscribed to key expression key=topic_0
2026-06-19T03:48:46.217535Z  INFO mq_bench::roles::subscriber: Starting subscriber engine=Mqtt key=topic_0 endpoint=None crash_enabled=false
2026-06-19T03:48:46.217589Z  INFO mq_bench::roles::subscriber: Connected via transport engine=Mqtt
2026-06-19T03:48:46.217680Z  INFO mq_bench::roles::subscriber: Subscribed to key expression key=topic_0
