mq-bench starting with run_id: auto
Writing CSV output to: artifacts/fanout_bursty_20260619_034746_mqtt_mosquitto_p64_s1000_u10_bursty/fanout_singlesite/sub_0_8.csv
2026-06-19T03:47:46.229935Z  INFO mq_bench::roles::subscriber: Starting subscriber engine=Mqtt key=topic_0 endpoint=None crash_enabled=false
2026-06-19T03:47:46.229980Z  INFO mq_bench::roles::subscriber: Connected via transport engine=Mqtt
2026-06-19T03:47:46.230019Z  INFO mq_bench::roles::subscriber: Subscribed to key expression key=topic_0
2026-06-19T03:47:52.897168Z  INFO mq_bench::roles::subscriber: Starting subscriber engine=Mqtt key=topic_0 endpoint=None crash_enabled=false
2026-06-19T03:47:52.897311Z  INFO mq_bench::roles::subscriber: Connected via transport engine=Mqtt
2026-06-19T03:47:52.897378Z  INFO mq_bench::roles::subscriber: Subscribed to key expression key=topic_0
2026-06-19T03:47:59.564131Z  INFO mq_bench::roles::subscriber: Starting subscriber engine=Mqtt key=topic_0 endpoint=None crash_enabled=false
2026-06-19T03:47:59.564265Z  INFO mq_bench::roles::subscriber: Connected via transport engine=Mqtt
2026-06-19T03:47:59.564328Z  INFO mq_bench::roles::subscriber: Subscribed to key expression key=topic_0
2026-06-19T03:48:06.231817Z  INFO mq_bench::roles::subscriber: Starting subscriber engine=Mqtt key=topic_0 endpoint=None crash_enabled=false
2026-06-19T03:48:06.231939Z  INFO mq_bench::roles::subscriber: Connected via transport engine=Mqtt
2026-06-19T03:48:06.232002Z  INFO mq_bench::roles::subscriber: Subscribed to key expression key=topic_0
2026-06-19T03:48:12.899900Z  INFO mq_bench::roles::subscriber: Starting subscriber engine=Mqtt key=topic_0 endpoint=None crash_enabled=false
2026-06-19T03:48:12.899938Z  INFO mq_bench::roles::subscriber: Connected via transport engine=Mqtt
2026-06-19T03:48:12.899995Z  INFO mq_bench::roles::subscriber: Subscribed to key expression key=topic_0
2026-06-19T03:48:19.567230Z  INFO mq_bench::roles::subscriber: Starting subscriber engine=Mqtt key=topic_0 endpoint=None crash_enabled=false
2026-06-19T03:48:19.567271Z  INFO mq_bench::roles::subscriber: Connected via transport engine=Mqtt
2026-06-19T03:48:19.567339Z  INFO mq_bench::roles::subscriber: Subscribed to key expression key=topic_0
2026-06-19T03:48:26.235144Z  INFO mq_bench::roles::subscriber: Starting subscriber engine=Mqtt key=topic_0 endpoint=None crash_enabled=false
2026-06-19T03:48:26.235192Z  INFO mq_bench::roles::subscriber: Connected via transport engine=Mqtt
2026-06-19T03:48:26.235309Z  INFO mq_bench::roles::subscriber: Subscribed to key expression key=topic_0
2026-06-19T03:48:32.902180Z  INFO mq_bench::roles::subscriber: Starting subscriber engine=Mqtt key=topic_0 endpoint=None crash_enabled=false
2026-06-19T03:48:32.902352Z  INFO mq_bench::roles::subscriber: Connected via transport engine=Mqtt
2026-06-19T03:48:32.902430Z  INFO mq_bench::roles::subscriber: Subscribed to key expression key=topic_0
2026-06-19T03:48:39.569557Z  INFO mq_bench::roles::subscriber: Starting subscriber engine=Mqtt key=topic_0 endpoint=None crash_enabled=false
2026-06-19T03:48:39.569603Z  INFO mq_bench::roles::subscriber: Connected via transport engine=Mqtt
2026-06-19T03:48:39.569690Z  INFO mq_bench::roles::subscriber: Subscribed to key expression key=topic_0
2026-06-19T03:48:46.237364Z  INFO mq_bench::roles::subscriber: Starting subscriber engine=Mqtt key=topic_0 endpoint=None crash_enabled=false
2026-06-19T03:48:46.237425Z  INFO mq_bench::roles::subscriber: Connected via transport engine=Mqtt
2026-06-19T03:48:46.237513Z  INFO mq_bench::roles::subscriber: Subscribed to key expression key=topic_0
