mq-bench starting with run_id: auto
Writing CSV output to: artifacts/fanout_bursty_20260619_034746_mqtt_mosquitto_p64_s1000_u10_bursty/fanout_singlesite/sub_1_2.csv
2026-06-19T03:47:46.244803Z  INFO mq_bench::roles::subscriber: Starting subscriber engine=Mqtt key=topic_1 endpoint=None crash_enabled=false
2026-06-19T03:47:46.244853Z  INFO mq_bench::roles::subscriber: Connected via transport engine=Mqtt
2026-06-19T03:47:46.244900Z  INFO mq_bench::roles::subscriber: Subscribed to key expression key=topic_1
2026-06-19T03:47:52.912240Z  INFO mq_bench::roles::subscriber: Starting subscriber engine=Mqtt key=topic_1 endpoint=None crash_enabled=false
2026-06-19T03:47:52.912292Z  INFO mq_bench::roles::subscriber: Connected via transport engine=Mqtt
2026-06-19T03:47:52.912355Z  INFO mq_bench::roles::subscriber: Subscribed to key expression key=topic_1
2026-06-19T03:47:59.579975Z  INFO mq_bench::roles::subscriber: Starting subscriber engine=Mqtt key=topic_1 endpoint=None crash_enabled=false
2026-06-19T03:47:59.580087Z  INFO mq_bench::roles::subscriber: Connected via transport engine=Mqtt
2026-06-19T03:47:59.580156Z  INFO mq_bench::roles::subscriber: Subscribed to key expression key=topic_1
2026-06-19T03:48:06.247120Z  INFO mq_bench::roles::subscriber: Starting subscriber engine=Mqtt key=topic_1 endpoint=None crash_enabled=false
2026-06-19T03:48:06.247260Z  INFO mq_bench::roles::subscriber: Connected via transport engine=Mqtt
2026-06-19T03:48:06.247319Z  INFO mq_bench::roles::subscriber: Subscribed to key expression key=topic_1
2026-06-19T03:48:12.915070Z  INFO mq_bench::roles::subscriber: Starting subscriber engine=Mqtt key=topic_1 endpoint=None crash_enabled=false
2026-06-19T03:48:12.915126Z  INFO mq_bench::roles::subscriber: Connected via transport engine=Mqtt
2026-06-19T03:48:12.915232Z  INFO mq_bench::roles::subscriber: Subscribed to key expression key=topic_1
2026-06-19T03:48:19.582574Z  INFO mq_bench::roles::subscriber: Starting subscriber engine=Mqtt key=topic_1 endpoint=None crash_enabled=false
2026-06-19T03:48:19.582621Z  INFO mq_bench::roles::subscriber: Connected via transport engine=Mqtt
2026-06-19T03:48:19.582703Z  INFO mq_bench::roles::subscriber: Subscribed to key expression key=topic_1
2026-06-19T03:48:26.250260Z  INFO mq_bench::roles::subscriber: Starting subscriber engine=Mqtt key=topic_1 endpoint=None crash_enabled=false
2026-06-19T03:48:26.250335Z  INFO mq_bench::roles::subscriber: Connected via transport engine=Mqtt
2026-06-19T03:48:26.250413Z  INFO mq_bench::roles::subscriber: Subscribed to key expression key=topic_1
2026-06-19T03:48:32.917179Z  INFO mq_bench::roles::subscriber: Starting subscriber engine=Mqtt key=topic_1 endpoint=None crash_enabled=false
2026-06-19T03:48:32.917282Z  INFO mq_bench::roles::subscriber: Connected via transport engine=Mqtt
2026-06-19T03:48:32.917359Z  INFO mq_bench::roles::subscriber: Subscribed to key expression key=topic_1
2026-06-19T03:48:39.584188Z  INFO mq_bench::roles::subscriber: Starting subscriber engine=Mqtt key=topic_1 endpoint=None crash_enabled=false
2026-06-19T03:48:39.584265Z  INFO mq_bench::roles::subscriber: Connected via transport engine=Mqtt
2026-06-19T03:48:39.584366Z  INFO mq_bench::roles::subscriber: Subscribed to key expression key=topic_1
2026-06-19T03:48:46.251302Z  INFO mq_bench::roles::subscriber: Starting subscriber engine=Mqtt key=topic_1 endpoint=None crash_enabled=false
2026-06-19T03:48:46.251359Z  INFO mq_bench::roles::subscriber: Connected via transport engine=Mqtt
2026-06-19T03:48:46.251456Z  INFO mq_bench::roles::subscriber: Subscribed to key expression key=topic_1
