mq-bench starting with run_id: auto
Writing CSV output to: artifacts/fanout_bursty_20260619_034746_mqtt_mosquitto_p64_s1000_u10_bursty/fanout_singlesite/sub_8_5.csv
2026-06-19T03:47:46.526994Z  INFO mq_bench::roles::subscriber: Starting subscriber engine=Mqtt key=topic_8 endpoint=None crash_enabled=false
2026-06-19T03:47:46.527044Z  INFO mq_bench::roles::subscriber: Connected via transport engine=Mqtt
2026-06-19T03:47:46.527080Z  INFO mq_bench::roles::subscriber: Subscribed to key expression key=topic_8
2026-06-19T03:47:53.194924Z  INFO mq_bench::roles::subscriber: Starting subscriber engine=Mqtt key=topic_8 endpoint=None crash_enabled=false
2026-06-19T03:47:53.195033Z  INFO mq_bench::roles::subscriber: Connected via transport engine=Mqtt
2026-06-19T03:47:53.195096Z  INFO mq_bench::roles::subscriber: Subscribed to key expression key=topic_8
2026-06-19T03:47:59.861861Z  INFO mq_bench::roles::subscriber: Starting subscriber engine=Mqtt key=topic_8 endpoint=None crash_enabled=false
2026-06-19T03:47:59.861975Z  INFO mq_bench::roles::subscriber: Connected via transport engine=Mqtt
2026-06-19T03:47:59.862043Z  INFO mq_bench::roles::subscriber: Subscribed to key expression key=topic_8
2026-06-19T03:48:06.529261Z  INFO mq_bench::roles::subscriber: Starting subscriber engine=Mqtt key=topic_8 endpoint=None crash_enabled=false
2026-06-19T03:48:06.529318Z  INFO mq_bench::roles::subscriber: Connected via transport engine=Mqtt
2026-06-19T03:48:06.529388Z  INFO mq_bench::roles::subscriber: Subscribed to key expression key=topic_8
2026-06-19T03:48:13.197288Z  INFO mq_bench::roles::subscriber: Starting subscriber engine=Mqtt key=topic_8 endpoint=None crash_enabled=false
2026-06-19T03:48:13.197403Z  INFO mq_bench::roles::subscriber: Connected via transport engine=Mqtt
2026-06-19T03:48:13.197460Z  INFO mq_bench::roles::subscriber: Subscribed to key expression key=topic_8
2026-06-19T03:48:19.864713Z  INFO mq_bench::roles::subscriber: Starting subscriber engine=Mqtt key=topic_8 endpoint=None crash_enabled=false
2026-06-19T03:48:19.864764Z  INFO mq_bench::roles::subscriber: Connected via transport engine=Mqtt
2026-06-19T03:48:19.864852Z  INFO mq_bench::roles::subscriber: Subscribed to key expression key=topic_8
2026-06-19T03:48:26.531817Z  INFO mq_bench::roles::subscriber: Starting subscriber engine=Mqtt key=topic_8 endpoint=None crash_enabled=false
2026-06-19T03:48:26.531895Z  INFO mq_bench::roles::subscriber: Connected via transport engine=Mqtt
2026-06-19T03:48:26.531970Z  INFO mq_bench::roles::subscriber: Subscribed to key expression key=topic_8
2026-06-19T03:48:33.199707Z  INFO mq_bench::roles::subscriber: Starting subscriber engine=Mqtt key=topic_8 endpoint=None crash_enabled=false
2026-06-19T03:48:33.199760Z  INFO mq_bench::roles::subscriber: Connected via transport engine=Mqtt
2026-06-19T03:48:33.199853Z  INFO mq_bench::roles::subscriber: Subscribed to key expression key=topic_8
2026-06-19T03:48:39.866728Z  INFO mq_bench::roles::subscriber: Starting subscriber engine=Mqtt key=topic_8 endpoint=None crash_enabled=false
2026-06-19T03:48:39.866787Z  INFO mq_bench::roles::subscriber: Connected via transport engine=Mqtt
2026-06-19T03:48:39.866880Z  INFO mq_bench::roles::subscriber: Subscribed to key expression key=topic_8
2026-06-19T03:48:46.534706Z  INFO mq_bench::roles::subscriber: Starting subscriber engine=Mqtt key=topic_8 endpoint=None crash_enabled=false
2026-06-19T03:48:46.534754Z  INFO mq_bench::roles::subscriber: Connected via transport engine=Mqtt
2026-06-19T03:48:46.534830Z  INFO mq_bench::roles::subscriber: Subscribed to key expression key=topic_8
