mq-bench starting with run_id: auto
Writing CSV output to: artifacts/fanout_bursty_20260619_034746_mqtt_mosquitto_p64_s1000_u10_bursty/fanout_singlesite/sub_7_3.csv
2026-06-19T03:47:46.480189Z  INFO mq_bench::roles::subscriber: Starting subscriber engine=Mqtt key=topic_7 endpoint=None crash_enabled=false
2026-06-19T03:47:46.480246Z  INFO mq_bench::roles::subscriber: Connected via transport engine=Mqtt
2026-06-19T03:47:46.480279Z  INFO mq_bench::roles::subscriber: Subscribed to key expression key=topic_7
2026-06-19T03:47:53.148043Z  INFO mq_bench::roles::subscriber: Starting subscriber engine=Mqtt key=topic_7 endpoint=None crash_enabled=false
2026-06-19T03:47:53.148107Z  INFO mq_bench::roles::subscriber: Connected via transport engine=Mqtt
2026-06-19T03:47:53.148177Z  INFO mq_bench::roles::subscriber: Subscribed to key expression key=topic_7
2026-06-19T03:47:59.815958Z  INFO mq_bench::roles::subscriber: Starting subscriber engine=Mqtt key=topic_7 endpoint=None crash_enabled=false
2026-06-19T03:47:59.816071Z  INFO mq_bench::roles::subscriber: Connected via transport engine=Mqtt
2026-06-19T03:47:59.816129Z  INFO mq_bench::roles::subscriber: Subscribed to key expression key=topic_7
2026-06-19T03:48:06.483478Z  INFO mq_bench::roles::subscriber: Starting subscriber engine=Mqtt key=topic_7 endpoint=None crash_enabled=false
2026-06-19T03:48:06.483525Z  INFO mq_bench::roles::subscriber: Connected via transport engine=Mqtt
2026-06-19T03:48:06.483593Z  INFO mq_bench::roles::subscriber: Subscribed to key expression key=topic_7
2026-06-19T03:48:13.150477Z  INFO mq_bench::roles::subscriber: Starting subscriber engine=Mqtt key=topic_7 endpoint=None crash_enabled=false
2026-06-19T03:48:13.150526Z  INFO mq_bench::roles::subscriber: Connected via transport engine=Mqtt
2026-06-19T03:48:13.150598Z  INFO mq_bench::roles::subscriber: Subscribed to key expression key=topic_7
2026-06-19T03:48:19.818168Z  INFO mq_bench::roles::subscriber: Starting subscriber engine=Mqtt key=topic_7 endpoint=None crash_enabled=false
2026-06-19T03:48:19.818313Z  INFO mq_bench::roles::subscriber: Connected via transport engine=Mqtt
2026-06-19T03:48:19.818391Z  INFO mq_bench::roles::subscriber: Subscribed to key expression key=topic_7
2026-06-19T03:48:26.486123Z  INFO mq_bench::roles::subscriber: Starting subscriber engine=Mqtt key=topic_7 endpoint=None crash_enabled=false
2026-06-19T03:48:26.486173Z  INFO mq_bench::roles::subscriber: Connected via transport engine=Mqtt
2026-06-19T03:48:26.486271Z  INFO mq_bench::roles::subscriber: Subscribed to key expression key=topic_7
2026-06-19T03:48:33.154061Z  INFO mq_bench::roles::subscriber: Starting subscriber engine=Mqtt key=topic_7 endpoint=None crash_enabled=false
2026-06-19T03:48:33.154107Z  INFO mq_bench::roles::subscriber: Connected via transport engine=Mqtt
2026-06-19T03:48:33.154195Z  INFO mq_bench::roles::subscriber: Subscribed to key expression key=topic_7
2026-06-19T03:48:39.822042Z  INFO mq_bench::roles::subscriber: Starting subscriber engine=Mqtt key=topic_7 endpoint=None crash_enabled=false
2026-06-19T03:48:39.822109Z  INFO mq_bench::roles::subscriber: Connected via transport engine=Mqtt
2026-06-19T03:48:39.822183Z  INFO mq_bench::roles::subscriber: Subscribed to key expression key=topic_7
2026-06-19T03:48:46.490000Z  INFO mq_bench::roles::subscriber: Starting subscriber engine=Mqtt key=topic_7 endpoint=None crash_enabled=false
2026-06-19T03:48:46.490052Z  INFO mq_bench::roles::subscriber: Connected via transport engine=Mqtt
2026-06-19T03:48:46.490137Z  INFO mq_bench::roles::subscriber: Subscribed to key expression key=topic_7
