mq-bench starting with run_id: auto
Writing CSV output to: artifacts/fanout_bursty_20260619_034746_mqtt_mosquitto_p64_s1000_u10_bursty/fanout_singlesite/sub_0_7.csv
2026-06-19T03:47:46.226288Z  INFO mq_bench::roles::subscriber: Starting subscriber engine=Mqtt key=topic_0 endpoint=None crash_enabled=false
2026-06-19T03:47:46.226337Z  INFO mq_bench::roles::subscriber: Connected via transport engine=Mqtt
2026-06-19T03:47:46.226384Z  INFO mq_bench::roles::subscriber: Subscribed to key expression key=topic_0
2026-06-19T03:47:52.894097Z  INFO mq_bench::roles::subscriber: Starting subscriber engine=Mqtt key=topic_0 endpoint=None crash_enabled=false
2026-06-19T03:47:52.894256Z  INFO mq_bench::roles::subscriber: Connected via transport engine=Mqtt
2026-06-19T03:47:52.894320Z  INFO mq_bench::roles::subscriber: Subscribed to key expression key=topic_0
2026-06-19T03:47:59.562309Z  INFO mq_bench::roles::subscriber: Starting subscriber engine=Mqtt key=topic_0 endpoint=None crash_enabled=false
2026-06-19T03:47:59.562368Z  INFO mq_bench::roles::subscriber: Connected via transport engine=Mqtt
2026-06-19T03:47:59.562401Z  INFO mq_bench::roles::subscriber: Subscribed to key expression key=topic_0
2026-06-19T03:48:06.229707Z  INFO mq_bench::roles::subscriber: Starting subscriber engine=Mqtt key=topic_0 endpoint=None crash_enabled=false
2026-06-19T03:48:06.229767Z  INFO mq_bench::roles::subscriber: Connected via transport engine=Mqtt
2026-06-19T03:48:06.229835Z  INFO mq_bench::roles::subscriber: Subscribed to key expression key=topic_0
2026-06-19T03:48:12.896729Z  INFO mq_bench::roles::subscriber: Starting subscriber engine=Mqtt key=topic_0 endpoint=None crash_enabled=false
2026-06-19T03:48:12.896765Z  INFO mq_bench::roles::subscriber: Connected via transport engine=Mqtt
2026-06-19T03:48:12.896813Z  INFO mq_bench::roles::subscriber: Subscribed to key expression key=topic_0
2026-06-19T03:48:19.564487Z  INFO mq_bench::roles::subscriber: Starting subscriber engine=Mqtt key=topic_0 endpoint=None crash_enabled=false
2026-06-19T03:48:19.564543Z  INFO mq_bench::roles::subscriber: Connected via transport engine=Mqtt
2026-06-19T03:48:19.564613Z  INFO mq_bench::roles::subscriber: Subscribed to key expression key=topic_0
2026-06-19T03:48:26.232519Z  INFO mq_bench::roles::subscriber: Starting subscriber engine=Mqtt key=topic_0 endpoint=None crash_enabled=false
2026-06-19T03:48:26.232577Z  INFO mq_bench::roles::subscriber: Connected via transport engine=Mqtt
2026-06-19T03:48:26.232676Z  INFO mq_bench::roles::subscriber: Subscribed to key expression key=topic_0
2026-06-19T03:48:32.899611Z  INFO mq_bench::roles::subscriber: Starting subscriber engine=Mqtt key=topic_0 endpoint=None crash_enabled=false
2026-06-19T03:48:32.899671Z  INFO mq_bench::roles::subscriber: Connected via transport engine=Mqtt
2026-06-19T03:48:32.899767Z  INFO mq_bench::roles::subscriber: Subscribed to key expression key=topic_0
2026-06-19T03:48:39.566774Z  INFO mq_bench::roles::subscriber: Starting subscriber engine=Mqtt key=topic_0 endpoint=None crash_enabled=false
2026-06-19T03:48:39.566835Z  INFO mq_bench::roles::subscriber: Connected via transport engine=Mqtt
2026-06-19T03:48:39.566918Z  INFO mq_bench::roles::subscriber: Subscribed to key expression key=topic_0
2026-06-19T03:48:46.235411Z  INFO mq_bench::roles::subscriber: Starting subscriber engine=Mqtt key=topic_0 endpoint=None crash_enabled=false
2026-06-19T03:48:46.235491Z  INFO mq_bench::roles::subscriber: Connected via transport engine=Mqtt
2026-06-19T03:48:46.235567Z  INFO mq_bench::roles::subscriber: Subscribed to key expression key=topic_0
