mq-bench starting with run_id: auto
Writing CSV output to: artifacts/fanout_bursty_20260619_034746_mqtt_mosquitto_p64_s1000_u10_bursty/fanout_singlesite/sub_4_4.csv
2026-06-19T03:47:46.367457Z  INFO mq_bench::roles::subscriber: Starting subscriber engine=Mqtt key=topic_4 endpoint=None crash_enabled=false
2026-06-19T03:47:46.367503Z  INFO mq_bench::roles::subscriber: Connected via transport engine=Mqtt
2026-06-19T03:47:46.367550Z  INFO mq_bench::roles::subscriber: Subscribed to key expression key=topic_4
2026-06-19T03:47:53.035709Z  INFO mq_bench::roles::subscriber: Starting subscriber engine=Mqtt key=topic_4 endpoint=None crash_enabled=false
2026-06-19T03:47:53.035765Z  INFO mq_bench::roles::subscriber: Connected via transport engine=Mqtt
2026-06-19T03:47:53.035831Z  INFO mq_bench::roles::subscriber: Subscribed to key expression key=topic_4
2026-06-19T03:47:59.703508Z  INFO mq_bench::roles::subscriber: Starting subscriber engine=Mqtt key=topic_4 endpoint=None crash_enabled=false
2026-06-19T03:47:59.703622Z  INFO mq_bench::roles::subscriber: Connected via transport engine=Mqtt
2026-06-19T03:47:59.703691Z  INFO mq_bench::roles::subscriber: Subscribed to key expression key=topic_4
2026-06-19T03:48:06.371810Z  INFO mq_bench::roles::subscriber: Starting subscriber engine=Mqtt key=topic_4 endpoint=None crash_enabled=false
2026-06-19T03:48:06.371853Z  INFO mq_bench::roles::subscriber: Connected via transport engine=Mqtt
2026-06-19T03:48:06.371923Z  INFO mq_bench::roles::subscriber: Subscribed to key expression key=topic_4
2026-06-19T03:48:13.039748Z  INFO mq_bench::roles::subscriber: Starting subscriber engine=Mqtt key=topic_4 endpoint=None crash_enabled=false
2026-06-19T03:48:13.039886Z  INFO mq_bench::roles::subscriber: Connected via transport engine=Mqtt
2026-06-19T03:48:13.039961Z  INFO mq_bench::roles::subscriber: Subscribed to key expression key=topic_4
2026-06-19T03:48:19.707279Z  INFO mq_bench::roles::subscriber: Starting subscriber engine=Mqtt key=topic_4 endpoint=None crash_enabled=false
2026-06-19T03:48:19.707333Z  INFO mq_bench::roles::subscriber: Connected via transport engine=Mqtt
2026-06-19T03:48:19.707413Z  INFO mq_bench::roles::subscriber: Subscribed to key expression key=topic_4
2026-06-19T03:48:26.375226Z  INFO mq_bench::roles::subscriber: Starting subscriber engine=Mqtt key=topic_4 endpoint=None crash_enabled=false
2026-06-19T03:48:26.375284Z  INFO mq_bench::roles::subscriber: Connected via transport engine=Mqtt
2026-06-19T03:48:26.375374Z  INFO mq_bench::roles::subscriber: Subscribed to key expression key=topic_4
2026-06-19T03:48:33.043120Z  INFO mq_bench::roles::subscriber: Starting subscriber engine=Mqtt key=topic_4 endpoint=None crash_enabled=false
2026-06-19T03:48:33.043172Z  INFO mq_bench::roles::subscriber: Connected via transport engine=Mqtt
2026-06-19T03:48:33.043283Z  INFO mq_bench::roles::subscriber: Subscribed to key expression key=topic_4
2026-06-19T03:48:39.711061Z  INFO mq_bench::roles::subscriber: Starting subscriber engine=Mqtt key=topic_4 endpoint=None crash_enabled=false
2026-06-19T03:48:39.711121Z  INFO mq_bench::roles::subscriber: Connected via transport engine=Mqtt
2026-06-19T03:48:39.711267Z  INFO mq_bench::roles::subscriber: Subscribed to key expression key=topic_4
2026-06-19T03:48:46.378042Z  INFO mq_bench::roles::subscriber: Starting subscriber engine=Mqtt key=topic_4 endpoint=None crash_enabled=false
2026-06-19T03:48:46.378112Z  INFO mq_bench::roles::subscriber: Connected via transport engine=Mqtt
2026-06-19T03:48:46.378186Z  INFO mq_bench::roles::subscriber: Subscribed to key expression key=topic_4
