mq-bench starting with run_id: auto
Writing CSV output to: artifacts/fanout_bursty_20260619_034746_mqtt_mosquitto_p64_s1000_u10_bursty/fanout_singlesite/sub_4_0.csv
2026-06-19T03:47:46.351654Z  INFO mq_bench::roles::subscriber: Starting subscriber engine=Mqtt key=topic_4 endpoint=None crash_enabled=false
2026-06-19T03:47:46.351874Z  INFO mq_bench::roles::subscriber: Connected via transport engine=Mqtt
2026-06-19T03:47:46.351907Z  INFO mq_bench::roles::subscriber: Subscribed to key expression key=topic_4
2026-06-19T03:47:53.019556Z  INFO mq_bench::roles::subscriber: Starting subscriber engine=Mqtt key=topic_4 endpoint=None crash_enabled=false
2026-06-19T03:47:53.019685Z  INFO mq_bench::roles::subscriber: Connected via transport engine=Mqtt
2026-06-19T03:47:53.019745Z  INFO mq_bench::roles::subscriber: Subscribed to key expression key=topic_4
2026-06-19T03:47:59.687369Z  INFO mq_bench::roles::subscriber: Starting subscriber engine=Mqtt key=topic_4 endpoint=None crash_enabled=false
2026-06-19T03:47:59.687481Z  INFO mq_bench::roles::subscriber: Connected via transport engine=Mqtt
2026-06-19T03:47:59.687544Z  INFO mq_bench::roles::subscriber: Subscribed to key expression key=topic_4
2026-06-19T03:48:06.354714Z  INFO mq_bench::roles::subscriber: Starting subscriber engine=Mqtt key=topic_4 endpoint=None crash_enabled=false
2026-06-19T03:48:06.354769Z  INFO mq_bench::roles::subscriber: Connected via transport engine=Mqtt
2026-06-19T03:48:06.354840Z  INFO mq_bench::roles::subscriber: Subscribed to key expression key=topic_4
2026-06-19T03:48:13.022790Z  INFO mq_bench::roles::subscriber: Starting subscriber engine=Mqtt key=topic_4 endpoint=None crash_enabled=false
2026-06-19T03:48:13.022898Z  INFO mq_bench::roles::subscriber: Connected via transport engine=Mqtt
2026-06-19T03:48:13.022987Z  INFO mq_bench::roles::subscriber: Subscribed to key expression key=topic_4
2026-06-19T03:48:19.690443Z  INFO mq_bench::roles::subscriber: Starting subscriber engine=Mqtt key=topic_4 endpoint=None crash_enabled=false
2026-06-19T03:48:19.690498Z  INFO mq_bench::roles::subscriber: Connected via transport engine=Mqtt
2026-06-19T03:48:19.690567Z  INFO mq_bench::roles::subscriber: Subscribed to key expression key=topic_4
2026-06-19T03:48:26.358265Z  INFO mq_bench::roles::subscriber: Starting subscriber engine=Mqtt key=topic_4 endpoint=None crash_enabled=false
2026-06-19T03:48:26.358317Z  INFO mq_bench::roles::subscriber: Connected via transport engine=Mqtt
2026-06-19T03:48:26.358389Z  INFO mq_bench::roles::subscriber: Subscribed to key expression key=topic_4
2026-06-19T03:48:33.025847Z  INFO mq_bench::roles::subscriber: Starting subscriber engine=Mqtt key=topic_4 endpoint=None crash_enabled=false
2026-06-19T03:48:33.025904Z  INFO mq_bench::roles::subscriber: Connected via transport engine=Mqtt
2026-06-19T03:48:33.026000Z  INFO mq_bench::roles::subscriber: Subscribed to key expression key=topic_4
2026-06-19T03:48:39.693836Z  INFO mq_bench::roles::subscriber: Starting subscriber engine=Mqtt key=topic_4 endpoint=None crash_enabled=false
2026-06-19T03:48:39.693888Z  INFO mq_bench::roles::subscriber: Connected via transport engine=Mqtt
2026-06-19T03:48:39.693967Z  INFO mq_bench::roles::subscriber: Subscribed to key expression key=topic_4
2026-06-19T03:48:46.361448Z  INFO mq_bench::roles::subscriber: Starting subscriber engine=Mqtt key=topic_4 endpoint=None crash_enabled=false
2026-06-19T03:48:46.361505Z  INFO mq_bench::roles::subscriber: Connected via transport engine=Mqtt
2026-06-19T03:48:46.361595Z  INFO mq_bench::roles::subscriber: Subscribed to key expression key=topic_4
