mq-bench starting with run_id: auto
Writing CSV output to: artifacts/fanout_bursty_20260619_034746_mqtt_mosquitto_p64_s1000_u10_bursty/fanout_singlesite/sub_7_6.csv
2026-06-19T03:47:46.491688Z  INFO mq_bench::roles::subscriber: Starting subscriber engine=Mqtt key=topic_7 endpoint=None crash_enabled=false
2026-06-19T03:47:46.491737Z  INFO mq_bench::roles::subscriber: Connected via transport engine=Mqtt
2026-06-19T03:47:46.491776Z  INFO mq_bench::roles::subscriber: Subscribed to key expression key=topic_7
2026-06-19T03:47:53.159291Z  INFO mq_bench::roles::subscriber: Starting subscriber engine=Mqtt key=topic_7 endpoint=None crash_enabled=false
2026-06-19T03:47:53.159399Z  INFO mq_bench::roles::subscriber: Connected via transport engine=Mqtt
2026-06-19T03:47:53.159467Z  INFO mq_bench::roles::subscriber: Subscribed to key expression key=topic_7
2026-06-19T03:47:59.827142Z  INFO mq_bench::roles::subscriber: Starting subscriber engine=Mqtt key=topic_7 endpoint=None crash_enabled=false
2026-06-19T03:47:59.827282Z  INFO mq_bench::roles::subscriber: Connected via transport engine=Mqtt
2026-06-19T03:47:59.827343Z  INFO mq_bench::roles::subscriber: Subscribed to key expression key=topic_7
2026-06-19T03:48:06.495120Z  INFO mq_bench::roles::subscriber: Starting subscriber engine=Mqtt key=topic_7 endpoint=None crash_enabled=false
2026-06-19T03:48:06.495168Z  INFO mq_bench::roles::subscriber: Connected via transport engine=Mqtt
2026-06-19T03:48:06.495267Z  INFO mq_bench::roles::subscriber: Subscribed to key expression key=topic_7
2026-06-19T03:48:13.162899Z  INFO mq_bench::roles::subscriber: Starting subscriber engine=Mqtt key=topic_7 endpoint=None crash_enabled=false
2026-06-19T03:48:13.162946Z  INFO mq_bench::roles::subscriber: Connected via transport engine=Mqtt
2026-06-19T03:48:13.163015Z  INFO mq_bench::roles::subscriber: Subscribed to key expression key=topic_7
2026-06-19T03:48:19.831071Z  INFO mq_bench::roles::subscriber: Starting subscriber engine=Mqtt key=topic_7 endpoint=None crash_enabled=false
2026-06-19T03:48:19.831125Z  INFO mq_bench::roles::subscriber: Connected via transport engine=Mqtt
2026-06-19T03:48:19.831256Z  INFO mq_bench::roles::subscriber: Subscribed to key expression key=topic_7
2026-06-19T03:48:26.498523Z  INFO mq_bench::roles::subscriber: Starting subscriber engine=Mqtt key=topic_7 endpoint=None crash_enabled=false
2026-06-19T03:48:26.498648Z  INFO mq_bench::roles::subscriber: Connected via transport engine=Mqtt
2026-06-19T03:48:26.498724Z  INFO mq_bench::roles::subscriber: Subscribed to key expression key=topic_7
2026-06-19T03:48:33.167284Z  INFO mq_bench::roles::subscriber: Starting subscriber engine=Mqtt key=topic_7 endpoint=None crash_enabled=false
2026-06-19T03:48:33.167336Z  INFO mq_bench::roles::subscriber: Connected via transport engine=Mqtt
2026-06-19T03:48:33.167457Z  INFO mq_bench::roles::subscriber: Subscribed to key expression key=topic_7
2026-06-19T03:48:39.835185Z  INFO mq_bench::roles::subscriber: Starting subscriber engine=Mqtt key=topic_7 endpoint=None crash_enabled=false
2026-06-19T03:48:39.835274Z  INFO mq_bench::roles::subscriber: Connected via transport engine=Mqtt
2026-06-19T03:48:39.835370Z  INFO mq_bench::roles::subscriber: Subscribed to key expression key=topic_7
2026-06-19T03:48:46.502917Z  INFO mq_bench::roles::subscriber: Starting subscriber engine=Mqtt key=topic_7 endpoint=None crash_enabled=false
2026-06-19T03:48:46.502964Z  INFO mq_bench::roles::subscriber: Connected via transport engine=Mqtt
2026-06-19T03:48:46.503081Z  INFO mq_bench::roles::subscriber: Subscribed to key expression key=topic_7
