mq-bench starting with run_id: auto
Writing CSV output to: artifacts/fanout_bursty_20260619_034746_mqtt_mosquitto_p64_s1000_u10_bursty/fanout_singlesite/sub_7_5.csv
2026-06-19T03:47:46.487729Z  INFO mq_bench::roles::subscriber: Starting subscriber engine=Mqtt key=topic_7 endpoint=None crash_enabled=false
2026-06-19T03:47:46.487936Z  INFO mq_bench::roles::subscriber: Connected via transport engine=Mqtt
2026-06-19T03:47:46.487971Z  INFO mq_bench::roles::subscriber: Subscribed to key expression key=topic_7
2026-06-19T03:47:53.155777Z  INFO mq_bench::roles::subscriber: Starting subscriber engine=Mqtt key=topic_7 endpoint=None crash_enabled=false
2026-06-19T03:47:53.155840Z  INFO mq_bench::roles::subscriber: Connected via transport engine=Mqtt
2026-06-19T03:47:53.155908Z  INFO mq_bench::roles::subscriber: Subscribed to key expression key=topic_7
2026-06-19T03:47:59.823780Z  INFO mq_bench::roles::subscriber: Starting subscriber engine=Mqtt key=topic_7 endpoint=None crash_enabled=false
2026-06-19T03:47:59.823892Z  INFO mq_bench::roles::subscriber: Connected via transport engine=Mqtt
2026-06-19T03:47:59.823955Z  INFO mq_bench::roles::subscriber: Subscribed to key expression key=topic_7
2026-06-19T03:48:06.492010Z  INFO mq_bench::roles::subscriber: Starting subscriber engine=Mqtt key=topic_7 endpoint=None crash_enabled=false
2026-06-19T03:48:06.492128Z  INFO mq_bench::roles::subscriber: Connected via transport engine=Mqtt
2026-06-19T03:48:06.492197Z  INFO mq_bench::roles::subscriber: Subscribed to key expression key=topic_7
2026-06-19T03:48:13.159854Z  INFO mq_bench::roles::subscriber: Starting subscriber engine=Mqtt key=topic_7 endpoint=None crash_enabled=false
2026-06-19T03:48:13.159929Z  INFO mq_bench::roles::subscriber: Connected via transport engine=Mqtt
2026-06-19T03:48:13.160003Z  INFO mq_bench::roles::subscriber: Subscribed to key expression key=topic_7
2026-06-19T03:48:19.827470Z  INFO mq_bench::roles::subscriber: Starting subscriber engine=Mqtt key=topic_7 endpoint=None crash_enabled=false
2026-06-19T03:48:19.827523Z  INFO mq_bench::roles::subscriber: Connected via transport engine=Mqtt
2026-06-19T03:48:19.827604Z  INFO mq_bench::roles::subscriber: Subscribed to key expression key=topic_7
2026-06-19T03:48:26.495689Z  INFO mq_bench::roles::subscriber: Starting subscriber engine=Mqtt key=topic_7 endpoint=None crash_enabled=false
2026-06-19T03:48:26.495747Z  INFO mq_bench::roles::subscriber: Connected via transport engine=Mqtt
2026-06-19T03:48:26.495839Z  INFO mq_bench::roles::subscriber: Subscribed to key expression key=topic_7
2026-06-19T03:48:33.163460Z  INFO mq_bench::roles::subscriber: Starting subscriber engine=Mqtt key=topic_7 endpoint=None crash_enabled=false
2026-06-19T03:48:33.163522Z  INFO mq_bench::roles::subscriber: Connected via transport engine=Mqtt
2026-06-19T03:48:33.163616Z  INFO mq_bench::roles::subscriber: Subscribed to key expression key=topic_7
2026-06-19T03:48:39.831275Z  INFO mq_bench::roles::subscriber: Starting subscriber engine=Mqtt key=topic_7 endpoint=None crash_enabled=false
2026-06-19T03:48:39.831350Z  INFO mq_bench::roles::subscriber: Connected via transport engine=Mqtt
2026-06-19T03:48:39.831423Z  INFO mq_bench::roles::subscriber: Subscribed to key expression key=topic_7
2026-06-19T03:48:46.499091Z  INFO mq_bench::roles::subscriber: Starting subscriber engine=Mqtt key=topic_7 endpoint=None crash_enabled=false
2026-06-19T03:48:46.499141Z  INFO mq_bench::roles::subscriber: Connected via transport engine=Mqtt
2026-06-19T03:48:46.499244Z  INFO mq_bench::roles::subscriber: Subscribed to key expression key=topic_7
