mq-bench starting with run_id: auto
Writing CSV output to: artifacts/fanout_bursty_20260619_034746_mqtt_mosquitto_p64_s1000_u10_bursty/fanout_singlesite/sub_9_4.csv
2026-06-19T03:47:46.563027Z  INFO mq_bench::roles::subscriber: Starting subscriber engine=Mqtt key=topic_9 endpoint=None crash_enabled=false
2026-06-19T03:47:46.563080Z  INFO mq_bench::roles::subscriber: Connected via transport engine=Mqtt
2026-06-19T03:47:46.563114Z  INFO mq_bench::roles::subscriber: Subscribed to key expression key=topic_9
2026-06-19T03:47:53.230929Z  INFO mq_bench::roles::subscriber: Starting subscriber engine=Mqtt key=topic_9 endpoint=None crash_enabled=false
2026-06-19T03:47:53.231049Z  INFO mq_bench::roles::subscriber: Connected via transport engine=Mqtt
2026-06-19T03:47:53.231107Z  INFO mq_bench::roles::subscriber: Subscribed to key expression key=topic_9
2026-06-19T03:47:59.899014Z  INFO mq_bench::roles::subscriber: Starting subscriber engine=Mqtt key=topic_9 endpoint=None crash_enabled=false
2026-06-19T03:47:59.899127Z  INFO mq_bench::roles::subscriber: Connected via transport engine=Mqtt
2026-06-19T03:47:59.899190Z  INFO mq_bench::roles::subscriber: Subscribed to key expression key=topic_9
2026-06-19T03:48:06.567483Z  INFO mq_bench::roles::subscriber: Starting subscriber engine=Mqtt key=topic_9 endpoint=None crash_enabled=false
2026-06-19T03:48:06.567549Z  INFO mq_bench::roles::subscriber: Connected via transport engine=Mqtt
2026-06-19T03:48:06.567617Z  INFO mq_bench::roles::subscriber: Subscribed to key expression key=topic_9
2026-06-19T03:48:13.235552Z  INFO mq_bench::roles::subscriber: Starting subscriber engine=Mqtt key=topic_9 endpoint=None crash_enabled=false
2026-06-19T03:48:13.235659Z  INFO mq_bench::roles::subscriber: Connected via transport engine=Mqtt
2026-06-19T03:48:13.235790Z  INFO mq_bench::roles::subscriber: Subscribed to key expression key=topic_9
2026-06-19T03:48:19.903315Z  INFO mq_bench::roles::subscriber: Starting subscriber engine=Mqtt key=topic_9 endpoint=None crash_enabled=false
2026-06-19T03:48:19.903384Z  INFO mq_bench::roles::subscriber: Connected via transport engine=Mqtt
2026-06-19T03:48:19.903448Z  INFO mq_bench::roles::subscriber: Subscribed to key expression key=topic_9
2026-06-19T03:48:26.571141Z  INFO mq_bench::roles::subscriber: Starting subscriber engine=Mqtt key=topic_9 endpoint=None crash_enabled=false
2026-06-19T03:48:26.571197Z  INFO mq_bench::roles::subscriber: Connected via transport engine=Mqtt
2026-06-19T03:48:26.571307Z  INFO mq_bench::roles::subscriber: Subscribed to key expression key=topic_9
2026-06-19T03:48:33.238956Z  INFO mq_bench::roles::subscriber: Starting subscriber engine=Mqtt key=topic_9 endpoint=None crash_enabled=false
2026-06-19T03:48:33.239010Z  INFO mq_bench::roles::subscriber: Connected via transport engine=Mqtt
2026-06-19T03:48:33.239097Z  INFO mq_bench::roles::subscriber: Subscribed to key expression key=topic_9
2026-06-19T03:48:39.906867Z  INFO mq_bench::roles::subscriber: Starting subscriber engine=Mqtt key=topic_9 endpoint=None crash_enabled=false
2026-06-19T03:48:39.906942Z  INFO mq_bench::roles::subscriber: Connected via transport engine=Mqtt
2026-06-19T03:48:39.907024Z  INFO mq_bench::roles::subscriber: Subscribed to key expression key=topic_9
2026-06-19T03:48:46.573718Z  INFO mq_bench::roles::subscriber: Starting subscriber engine=Mqtt key=topic_9 endpoint=None crash_enabled=false
2026-06-19T03:48:46.573776Z  INFO mq_bench::roles::subscriber: Connected via transport engine=Mqtt
2026-06-19T03:48:46.573866Z  INFO mq_bench::roles::subscriber: Subscribed to key expression key=topic_9
