mq-bench starting with run_id: auto
Writing CSV output to: artifacts/fanout_bursty_20260619_034746_mqtt_mosquitto_p64_s1000_u10_bursty/fanout_singlesite/sub_3_3.csv
2026-06-19T03:47:46.325480Z  INFO mq_bench::roles::subscriber: Starting subscriber engine=Mqtt key=topic_3 endpoint=None crash_enabled=false
2026-06-19T03:47:46.325540Z  INFO mq_bench::roles::subscriber: Connected via transport engine=Mqtt
2026-06-19T03:47:46.325578Z  INFO mq_bench::roles::subscriber: Subscribed to key expression key=topic_3
2026-06-19T03:47:52.993418Z  INFO mq_bench::roles::subscriber: Starting subscriber engine=Mqtt key=topic_3 endpoint=None crash_enabled=false
2026-06-19T03:47:52.993527Z  INFO mq_bench::roles::subscriber: Connected via transport engine=Mqtt
2026-06-19T03:47:52.993584Z  INFO mq_bench::roles::subscriber: Subscribed to key expression key=topic_3
2026-06-19T03:47:59.661409Z  INFO mq_bench::roles::subscriber: Starting subscriber engine=Mqtt key=topic_3 endpoint=None crash_enabled=false
2026-06-19T03:47:59.661532Z  INFO mq_bench::roles::subscriber: Connected via transport engine=Mqtt
2026-06-19T03:47:59.661590Z  INFO mq_bench::roles::subscriber: Subscribed to key expression key=topic_3
2026-06-19T03:48:06.328822Z  INFO mq_bench::roles::subscriber: Starting subscriber engine=Mqtt key=topic_3 endpoint=None crash_enabled=false
2026-06-19T03:48:06.328865Z  INFO mq_bench::roles::subscriber: Connected via transport engine=Mqtt
2026-06-19T03:48:06.328930Z  INFO mq_bench::roles::subscriber: Subscribed to key expression key=topic_3
2026-06-19T03:48:12.996879Z  INFO mq_bench::roles::subscriber: Starting subscriber engine=Mqtt key=topic_3 endpoint=None crash_enabled=false
2026-06-19T03:48:12.996934Z  INFO mq_bench::roles::subscriber: Connected via transport engine=Mqtt
2026-06-19T03:48:12.997014Z  INFO mq_bench::roles::subscriber: Subscribed to key expression key=topic_3
2026-06-19T03:48:19.665135Z  INFO mq_bench::roles::subscriber: Starting subscriber engine=Mqtt key=topic_3 endpoint=None crash_enabled=false
2026-06-19T03:48:19.665189Z  INFO mq_bench::roles::subscriber: Connected via transport engine=Mqtt
2026-06-19T03:48:19.665301Z  INFO mq_bench::roles::subscriber: Subscribed to key expression key=topic_3
2026-06-19T03:48:26.333131Z  INFO mq_bench::roles::subscriber: Starting subscriber engine=Mqtt key=topic_3 endpoint=None crash_enabled=false
2026-06-19T03:48:26.333289Z  INFO mq_bench::roles::subscriber: Connected via transport engine=Mqtt
2026-06-19T03:48:26.333370Z  INFO mq_bench::roles::subscriber: Subscribed to key expression key=topic_3
2026-06-19T03:48:33.001104Z  INFO mq_bench::roles::subscriber: Starting subscriber engine=Mqtt key=topic_3 endpoint=None crash_enabled=false
2026-06-19T03:48:33.001162Z  INFO mq_bench::roles::subscriber: Connected via transport engine=Mqtt
2026-06-19T03:48:33.001328Z  INFO mq_bench::roles::subscriber: Subscribed to key expression key=topic_3
2026-06-19T03:48:39.669284Z  INFO mq_bench::roles::subscriber: Starting subscriber engine=Mqtt key=topic_3 endpoint=None crash_enabled=false
2026-06-19T03:48:39.669334Z  INFO mq_bench::roles::subscriber: Connected via transport engine=Mqtt
2026-06-19T03:48:39.669417Z  INFO mq_bench::roles::subscriber: Subscribed to key expression key=topic_3
2026-06-19T03:48:46.336960Z  INFO mq_bench::roles::subscriber: Starting subscriber engine=Mqtt key=topic_3 endpoint=None crash_enabled=false
2026-06-19T03:48:46.337037Z  INFO mq_bench::roles::subscriber: Connected via transport engine=Mqtt
2026-06-19T03:48:46.337117Z  INFO mq_bench::roles::subscriber: Subscribed to key expression key=topic_3
