mq-bench starting with run_id: auto
Writing CSV output to: artifacts/fanout_bursty_20260619_034746_mqtt_mosquitto_p64_s1000_u10_bursty/fanout_singlesite/sub_2_5.csv
2026-06-19T03:47:46.293882Z  INFO mq_bench::roles::subscriber: Starting subscriber engine=Mqtt key=topic_2 endpoint=None crash_enabled=false
2026-06-19T03:47:46.294087Z  INFO mq_bench::roles::subscriber: Connected via transport engine=Mqtt
2026-06-19T03:47:46.294125Z  INFO mq_bench::roles::subscriber: Subscribed to key expression key=topic_2
2026-06-19T03:47:52.961593Z  INFO mq_bench::roles::subscriber: Starting subscriber engine=Mqtt key=topic_2 endpoint=None crash_enabled=false
2026-06-19T03:47:52.961649Z  INFO mq_bench::roles::subscriber: Connected via transport engine=Mqtt
2026-06-19T03:47:52.961717Z  INFO mq_bench::roles::subscriber: Subscribed to key expression key=topic_2
2026-06-19T03:47:59.628526Z  INFO mq_bench::roles::subscriber: Starting subscriber engine=Mqtt key=topic_2 endpoint=None crash_enabled=false
2026-06-19T03:47:59.628641Z  INFO mq_bench::roles::subscriber: Connected via transport engine=Mqtt
2026-06-19T03:47:59.628697Z  INFO mq_bench::roles::subscriber: Subscribed to key expression key=topic_2
2026-06-19T03:48:06.295638Z  INFO mq_bench::roles::subscriber: Starting subscriber engine=Mqtt key=topic_2 endpoint=None crash_enabled=false
2026-06-19T03:48:06.295697Z  INFO mq_bench::roles::subscriber: Connected via transport engine=Mqtt
2026-06-19T03:48:06.295773Z  INFO mq_bench::roles::subscriber: Subscribed to key expression key=topic_2
2026-06-19T03:48:12.963715Z  INFO mq_bench::roles::subscriber: Starting subscriber engine=Mqtt key=topic_2 endpoint=None crash_enabled=false
2026-06-19T03:48:12.963872Z  INFO mq_bench::roles::subscriber: Connected via transport engine=Mqtt
2026-06-19T03:48:12.963962Z  INFO mq_bench::roles::subscriber: Subscribed to key expression key=topic_2
2026-06-19T03:48:19.631377Z  INFO mq_bench::roles::subscriber: Starting subscriber engine=Mqtt key=topic_2 endpoint=None crash_enabled=false
2026-06-19T03:48:19.631395Z  INFO mq_bench::roles::subscriber: Connected via transport engine=Mqtt
2026-06-19T03:48:19.631421Z  INFO mq_bench::roles::subscriber: Subscribed to key expression key=topic_2
2026-06-19T03:48:26.299274Z  INFO mq_bench::roles::subscriber: Starting subscriber engine=Mqtt key=topic_2 endpoint=None crash_enabled=false
2026-06-19T03:48:26.299327Z  INFO mq_bench::roles::subscriber: Connected via transport engine=Mqtt
2026-06-19T03:48:26.299413Z  INFO mq_bench::roles::subscriber: Subscribed to key expression key=topic_2
2026-06-19T03:48:32.967149Z  INFO mq_bench::roles::subscriber: Starting subscriber engine=Mqtt key=topic_2 endpoint=None crash_enabled=false
2026-06-19T03:48:32.967229Z  INFO mq_bench::roles::subscriber: Connected via transport engine=Mqtt
2026-06-19T03:48:32.967330Z  INFO mq_bench::roles::subscriber: Subscribed to key expression key=topic_2
2026-06-19T03:48:39.635270Z  INFO mq_bench::roles::subscriber: Starting subscriber engine=Mqtt key=topic_2 endpoint=None crash_enabled=false
2026-06-19T03:48:39.635322Z  INFO mq_bench::roles::subscriber: Connected via transport engine=Mqtt
2026-06-19T03:48:39.635411Z  INFO mq_bench::roles::subscriber: Subscribed to key expression key=topic_2
2026-06-19T03:48:46.303162Z  INFO mq_bench::roles::subscriber: Starting subscriber engine=Mqtt key=topic_2 endpoint=None crash_enabled=false
2026-06-19T03:48:46.303225Z  INFO mq_bench::roles::subscriber: Connected via transport engine=Mqtt
2026-06-19T03:48:46.303314Z  INFO mq_bench::roles::subscriber: Subscribed to key expression key=topic_2
