mq-bench starting with run_id: auto
Writing CSV output to: artifacts/fanout_bursty_20260619_034746_mqtt_mosquitto_p64_s1000_u10_bursty/fanout_singlesite/sub_8_9.csv
2026-06-19T03:47:46.542502Z  INFO mq_bench::roles::subscriber: Starting subscriber engine=Mqtt key=topic_8 endpoint=None crash_enabled=false
2026-06-19T03:47:46.542548Z  INFO mq_bench::roles::subscriber: Connected via transport engine=Mqtt
2026-06-19T03:47:46.542578Z  INFO mq_bench::roles::subscriber: Subscribed to key expression key=topic_8
2026-06-19T03:47:53.210349Z  INFO mq_bench::roles::subscriber: Starting subscriber engine=Mqtt key=topic_8 endpoint=None crash_enabled=false
2026-06-19T03:47:53.210461Z  INFO mq_bench::roles::subscriber: Connected via transport engine=Mqtt
2026-06-19T03:47:53.210522Z  INFO mq_bench::roles::subscriber: Subscribed to key expression key=topic_8
2026-06-19T03:47:59.877369Z  INFO mq_bench::roles::subscriber: Starting subscriber engine=Mqtt key=topic_8 endpoint=None crash_enabled=false
2026-06-19T03:47:59.877484Z  INFO mq_bench::roles::subscriber: Connected via transport engine=Mqtt
2026-06-19T03:47:59.877549Z  INFO mq_bench::roles::subscriber: Subscribed to key expression key=topic_8
2026-06-19T03:48:06.544616Z  INFO mq_bench::roles::subscriber: Starting subscriber engine=Mqtt key=topic_8 endpoint=None crash_enabled=false
2026-06-19T03:48:06.544721Z  INFO mq_bench::roles::subscriber: Connected via transport engine=Mqtt
2026-06-19T03:48:06.544782Z  INFO mq_bench::roles::subscriber: Subscribed to key expression key=topic_8
2026-06-19T03:48:13.212663Z  INFO mq_bench::roles::subscriber: Starting subscriber engine=Mqtt key=topic_8 endpoint=None crash_enabled=false
2026-06-19T03:48:13.212715Z  INFO mq_bench::roles::subscriber: Connected via transport engine=Mqtt
2026-06-19T03:48:13.212795Z  INFO mq_bench::roles::subscriber: Subscribed to key expression key=topic_8
2026-06-19T03:48:19.881252Z  INFO mq_bench::roles::subscriber: Starting subscriber engine=Mqtt key=topic_8 endpoint=None crash_enabled=false
2026-06-19T03:48:19.881310Z  INFO mq_bench::roles::subscriber: Connected via transport engine=Mqtt
2026-06-19T03:48:19.881399Z  INFO mq_bench::roles::subscriber: Subscribed to key expression key=topic_8
2026-06-19T03:48:26.549170Z  INFO mq_bench::roles::subscriber: Starting subscriber engine=Mqtt key=topic_8 endpoint=None crash_enabled=false
2026-06-19T03:48:26.549252Z  INFO mq_bench::roles::subscriber: Connected via transport engine=Mqtt
2026-06-19T03:48:26.549335Z  INFO mq_bench::roles::subscriber: Subscribed to key expression key=topic_8
2026-06-19T03:48:33.217047Z  INFO mq_bench::roles::subscriber: Starting subscriber engine=Mqtt key=topic_8 endpoint=None crash_enabled=false
2026-06-19T03:48:33.217103Z  INFO mq_bench::roles::subscriber: Connected via transport engine=Mqtt
2026-06-19T03:48:33.217193Z  INFO mq_bench::roles::subscriber: Subscribed to key expression key=topic_8
2026-06-19T03:48:39.885076Z  INFO mq_bench::roles::subscriber: Starting subscriber engine=Mqtt key=topic_8 endpoint=None crash_enabled=false
2026-06-19T03:48:39.885127Z  INFO mq_bench::roles::subscriber: Connected via transport engine=Mqtt
2026-06-19T03:48:39.885245Z  INFO mq_bench::roles::subscriber: Subscribed to key expression key=topic_8
2026-06-19T03:48:46.553058Z  INFO mq_bench::roles::subscriber: Starting subscriber engine=Mqtt key=topic_8 endpoint=None crash_enabled=false
2026-06-19T03:48:46.553110Z  INFO mq_bench::roles::subscriber: Connected via transport engine=Mqtt
2026-06-19T03:48:46.553187Z  INFO mq_bench::roles::subscriber: Subscribed to key expression key=topic_8
