mq-bench starting with run_id: auto
Writing CSV output to: artifacts/fanout_bursty_20260619_034746_mqtt_mosquitto_p64_s1000_u10_bursty/fanout_singlesite/sub_5_3.csv
2026-06-19T03:47:46.402356Z  INFO mq_bench::roles::subscriber: Starting subscriber engine=Mqtt key=topic_5 endpoint=None crash_enabled=false
2026-06-19T03:47:46.402532Z  INFO mq_bench::roles::subscriber: Connected via transport engine=Mqtt
2026-06-19T03:47:46.402574Z  INFO mq_bench::roles::subscriber: Subscribed to key expression key=topic_5
2026-06-19T03:47:53.070389Z  INFO mq_bench::roles::subscriber: Starting subscriber engine=Mqtt key=topic_5 endpoint=None crash_enabled=false
2026-06-19T03:47:53.070452Z  INFO mq_bench::roles::subscriber: Connected via transport engine=Mqtt
2026-06-19T03:47:53.070522Z  INFO mq_bench::roles::subscriber: Subscribed to key expression key=topic_5
2026-06-19T03:47:59.738270Z  INFO mq_bench::roles::subscriber: Starting subscriber engine=Mqtt key=topic_5 endpoint=None crash_enabled=false
2026-06-19T03:47:59.738384Z  INFO mq_bench::roles::subscriber: Connected via transport engine=Mqtt
2026-06-19T03:47:59.738446Z  INFO mq_bench::roles::subscriber: Subscribed to key expression key=topic_5
2026-06-19T03:48:06.406492Z  INFO mq_bench::roles::subscriber: Starting subscriber engine=Mqtt key=topic_5 endpoint=None crash_enabled=false
2026-06-19T03:48:06.406603Z  INFO mq_bench::roles::subscriber: Connected via transport engine=Mqtt
2026-06-19T03:48:06.406661Z  INFO mq_bench::roles::subscriber: Subscribed to key expression key=topic_5
2026-06-19T03:48:13.074468Z  INFO mq_bench::roles::subscriber: Starting subscriber engine=Mqtt key=topic_5 endpoint=None crash_enabled=false
2026-06-19T03:48:13.074516Z  INFO mq_bench::roles::subscriber: Connected via transport engine=Mqtt
2026-06-19T03:48:13.074579Z  INFO mq_bench::roles::subscriber: Subscribed to key expression key=topic_5
2026-06-19T03:48:19.742121Z  INFO mq_bench::roles::subscriber: Starting subscriber engine=Mqtt key=topic_5 endpoint=None crash_enabled=false
2026-06-19T03:48:19.742176Z  INFO mq_bench::roles::subscriber: Connected via transport engine=Mqtt
2026-06-19T03:48:19.742287Z  INFO mq_bench::roles::subscriber: Subscribed to key expression key=topic_5
2026-06-19T03:48:26.410108Z  INFO mq_bench::roles::subscriber: Starting subscriber engine=Mqtt key=topic_5 endpoint=None crash_enabled=false
2026-06-19T03:48:26.410164Z  INFO mq_bench::roles::subscriber: Connected via transport engine=Mqtt
2026-06-19T03:48:26.410316Z  INFO mq_bench::roles::subscriber: Subscribed to key expression key=topic_5
2026-06-19T03:48:33.078048Z  INFO mq_bench::roles::subscriber: Starting subscriber engine=Mqtt key=topic_5 endpoint=None crash_enabled=false
2026-06-19T03:48:33.078102Z  INFO mq_bench::roles::subscriber: Connected via transport engine=Mqtt
2026-06-19T03:48:33.078186Z  INFO mq_bench::roles::subscriber: Subscribed to key expression key=topic_5
2026-06-19T03:48:39.745959Z  INFO mq_bench::roles::subscriber: Starting subscriber engine=Mqtt key=topic_5 endpoint=None crash_enabled=false
2026-06-19T03:48:39.746048Z  INFO mq_bench::roles::subscriber: Connected via transport engine=Mqtt
2026-06-19T03:48:39.746148Z  INFO mq_bench::roles::subscriber: Subscribed to key expression key=topic_5
2026-06-19T03:48:46.412912Z  INFO mq_bench::roles::subscriber: Starting subscriber engine=Mqtt key=topic_5 endpoint=None crash_enabled=false
2026-06-19T03:48:46.412972Z  INFO mq_bench::roles::subscriber: Connected via transport engine=Mqtt
2026-06-19T03:48:46.413064Z  INFO mq_bench::roles::subscriber: Subscribed to key expression key=topic_5
