mq-bench starting with run_id: auto
Writing CSV output to: artifacts/fanout_bursty_20260619_034746_mqtt_mosquitto_p64_s1000_u10_bursty/fanout_singlesite/sub_5_9.csv
2026-06-19T03:47:46.424490Z  INFO mq_bench::roles::subscriber: Starting subscriber engine=Mqtt key=topic_5 endpoint=None crash_enabled=false
2026-06-19T03:47:46.424534Z  INFO mq_bench::roles::subscriber: Connected via transport engine=Mqtt
2026-06-19T03:47:46.424563Z  INFO mq_bench::roles::subscriber: Subscribed to key expression key=topic_5
2026-06-19T03:47:53.092663Z  INFO mq_bench::roles::subscriber: Starting subscriber engine=Mqtt key=topic_5 endpoint=None crash_enabled=false
2026-06-19T03:47:53.092767Z  INFO mq_bench::roles::subscriber: Connected via transport engine=Mqtt
2026-06-19T03:47:53.092835Z  INFO mq_bench::roles::subscriber: Subscribed to key expression key=topic_5
2026-06-19T03:47:59.760603Z  INFO mq_bench::roles::subscriber: Starting subscriber engine=Mqtt key=topic_5 endpoint=None crash_enabled=false
2026-06-19T03:47:59.760715Z  INFO mq_bench::roles::subscriber: Connected via transport engine=Mqtt
2026-06-19T03:47:59.760773Z  INFO mq_bench::roles::subscriber: Subscribed to key expression key=topic_5
2026-06-19T03:48:06.428818Z  INFO mq_bench::roles::subscriber: Starting subscriber engine=Mqtt key=topic_5 endpoint=None crash_enabled=false
2026-06-19T03:48:06.428865Z  INFO mq_bench::roles::subscriber: Connected via transport engine=Mqtt
2026-06-19T03:48:06.428937Z  INFO mq_bench::roles::subscriber: Subscribed to key expression key=topic_5
2026-06-19T03:48:13.096728Z  INFO mq_bench::roles::subscriber: Starting subscriber engine=Mqtt key=topic_5 endpoint=None crash_enabled=false
2026-06-19T03:48:13.096862Z  INFO mq_bench::roles::subscriber: Connected via transport engine=Mqtt
2026-06-19T03:48:13.096939Z  INFO mq_bench::roles::subscriber: Subscribed to key expression key=topic_5
2026-06-19T03:48:19.764370Z  INFO mq_bench::roles::subscriber: Starting subscriber engine=Mqtt key=topic_5 endpoint=None crash_enabled=false
2026-06-19T03:48:19.764429Z  INFO mq_bench::roles::subscriber: Connected via transport engine=Mqtt
2026-06-19T03:48:19.764531Z  INFO mq_bench::roles::subscriber: Subscribed to key expression key=topic_5
2026-06-19T03:48:26.432367Z  INFO mq_bench::roles::subscriber: Starting subscriber engine=Mqtt key=topic_5 endpoint=None crash_enabled=false
2026-06-19T03:48:26.432427Z  INFO mq_bench::roles::subscriber: Connected via transport engine=Mqtt
2026-06-19T03:48:26.432514Z  INFO mq_bench::roles::subscriber: Subscribed to key expression key=topic_5
2026-06-19T03:48:33.101085Z  INFO mq_bench::roles::subscriber: Starting subscriber engine=Mqtt key=topic_5 endpoint=None crash_enabled=false
2026-06-19T03:48:33.101147Z  INFO mq_bench::roles::subscriber: Connected via transport engine=Mqtt
2026-06-19T03:48:33.101262Z  INFO mq_bench::roles::subscriber: Subscribed to key expression key=topic_5
2026-06-19T03:48:39.768995Z  INFO mq_bench::roles::subscriber: Starting subscriber engine=Mqtt key=topic_5 endpoint=None crash_enabled=false
2026-06-19T03:48:39.769062Z  INFO mq_bench::roles::subscriber: Connected via transport engine=Mqtt
2026-06-19T03:48:39.769149Z  INFO mq_bench::roles::subscriber: Subscribed to key expression key=topic_5
2026-06-19T03:48:46.436877Z  INFO mq_bench::roles::subscriber: Starting subscriber engine=Mqtt key=topic_5 endpoint=None crash_enabled=false
2026-06-19T03:48:46.436929Z  INFO mq_bench::roles::subscriber: Connected via transport engine=Mqtt
2026-06-19T03:48:46.437017Z  INFO mq_bench::roles::subscriber: Subscribed to key expression key=topic_5
