mq-bench starting with run_id: auto
Writing CSV output to: artifacts/fanout_bursty_20260619_034746_mqtt_mosquitto_p64_s1000_u10_bursty/fanout_singlesite/sub_7_8.csv
2026-06-19T03:47:46.498325Z  INFO mq_bench::roles::subscriber: Starting subscriber engine=Mqtt key=topic_7 endpoint=None crash_enabled=false
2026-06-19T03:47:46.498374Z  INFO mq_bench::roles::subscriber: Connected via transport engine=Mqtt
2026-06-19T03:47:46.498421Z  INFO mq_bench::roles::subscriber: Subscribed to key expression key=topic_7
2026-06-19T03:47:53.167042Z  INFO mq_bench::roles::subscriber: Starting subscriber engine=Mqtt key=topic_7 endpoint=None crash_enabled=false
2026-06-19T03:47:53.167105Z  INFO mq_bench::roles::subscriber: Connected via transport engine=Mqtt
2026-06-19T03:47:53.167137Z  INFO mq_bench::roles::subscriber: Subscribed to key expression key=topic_7
2026-06-19T03:47:59.834772Z  INFO mq_bench::roles::subscriber: Starting subscriber engine=Mqtt key=topic_7 endpoint=None crash_enabled=false
2026-06-19T03:47:59.834875Z  INFO mq_bench::roles::subscriber: Connected via transport engine=Mqtt
2026-06-19T03:47:59.834940Z  INFO mq_bench::roles::subscriber: Subscribed to key expression key=topic_7
2026-06-19T03:48:06.502961Z  INFO mq_bench::roles::subscriber: Starting subscriber engine=Mqtt key=topic_7 endpoint=None crash_enabled=false
2026-06-19T03:48:06.503021Z  INFO mq_bench::roles::subscriber: Connected via transport engine=Mqtt
2026-06-19T03:48:06.503079Z  INFO mq_bench::roles::subscriber: Subscribed to key expression key=topic_7
2026-06-19T03:48:13.170832Z  INFO mq_bench::roles::subscriber: Starting subscriber engine=Mqtt key=topic_7 endpoint=None crash_enabled=false
2026-06-19T03:48:13.170941Z  INFO mq_bench::roles::subscriber: Connected via transport engine=Mqtt
2026-06-19T03:48:13.171022Z  INFO mq_bench::roles::subscriber: Subscribed to key expression key=topic_7
2026-06-19T03:48:19.838528Z  INFO mq_bench::roles::subscriber: Starting subscriber engine=Mqtt key=topic_7 endpoint=None crash_enabled=false
2026-06-19T03:48:19.838590Z  INFO mq_bench::roles::subscriber: Connected via transport engine=Mqtt
2026-06-19T03:48:19.838651Z  INFO mq_bench::roles::subscriber: Subscribed to key expression key=topic_7
2026-06-19T03:48:26.506457Z  INFO mq_bench::roles::subscriber: Starting subscriber engine=Mqtt key=topic_7 endpoint=None crash_enabled=false
2026-06-19T03:48:26.506521Z  INFO mq_bench::roles::subscriber: Connected via transport engine=Mqtt
2026-06-19T03:48:26.506595Z  INFO mq_bench::roles::subscriber: Subscribed to key expression key=topic_7
2026-06-19T03:48:33.174256Z  INFO mq_bench::roles::subscriber: Starting subscriber engine=Mqtt key=topic_7 endpoint=None crash_enabled=false
2026-06-19T03:48:33.174307Z  INFO mq_bench::roles::subscriber: Connected via transport engine=Mqtt
2026-06-19T03:48:33.174394Z  INFO mq_bench::roles::subscriber: Subscribed to key expression key=topic_7
2026-06-19T03:48:39.841302Z  INFO mq_bench::roles::subscriber: Starting subscriber engine=Mqtt key=topic_7 endpoint=None crash_enabled=false
2026-06-19T03:48:39.841347Z  INFO mq_bench::roles::subscriber: Connected via transport engine=Mqtt
2026-06-19T03:48:39.841433Z  INFO mq_bench::roles::subscriber: Subscribed to key expression key=topic_7
2026-06-19T03:48:46.509349Z  INFO mq_bench::roles::subscriber: Starting subscriber engine=Mqtt key=topic_7 endpoint=None crash_enabled=false
2026-06-19T03:48:46.509402Z  INFO mq_bench::roles::subscriber: Connected via transport engine=Mqtt
2026-06-19T03:48:46.509494Z  INFO mq_bench::roles::subscriber: Subscribed to key expression key=topic_7
