mq-bench starting with run_id: auto
Writing CSV output to: artifacts/fanout_bursty_20260619_034746_mqtt_mosquitto_p64_s1000_u10_bursty/fanout_singlesite/sub_9_0.csv
2026-06-19T03:47:46.548000Z  INFO mq_bench::roles::subscriber: Starting subscriber engine=Mqtt key=topic_9 endpoint=None crash_enabled=false
2026-06-19T03:47:46.548052Z  INFO mq_bench::roles::subscriber: Connected via transport engine=Mqtt
2026-06-19T03:47:46.548092Z  INFO mq_bench::roles::subscriber: Subscribed to key expression key=topic_9
2026-06-19T03:47:53.215125Z  INFO mq_bench::roles::subscriber: Starting subscriber engine=Mqtt key=topic_9 endpoint=None crash_enabled=false
2026-06-19T03:47:53.215177Z  INFO mq_bench::roles::subscriber: Connected via transport engine=Mqtt
2026-06-19T03:47:53.215271Z  INFO mq_bench::roles::subscriber: Subscribed to key expression key=topic_9
2026-06-19T03:47:59.883023Z  INFO mq_bench::roles::subscriber: Starting subscriber engine=Mqtt key=topic_9 endpoint=None crash_enabled=false
2026-06-19T03:47:59.883172Z  INFO mq_bench::roles::subscriber: Connected via transport engine=Mqtt
2026-06-19T03:47:59.883274Z  INFO mq_bench::roles::subscriber: Subscribed to key expression key=topic_9
2026-06-19T03:48:06.550389Z  INFO mq_bench::roles::subscriber: Starting subscriber engine=Mqtt key=topic_9 endpoint=None crash_enabled=false
2026-06-19T03:48:06.550505Z  INFO mq_bench::roles::subscriber: Connected via transport engine=Mqtt
2026-06-19T03:48:06.550564Z  INFO mq_bench::roles::subscriber: Subscribed to key expression key=topic_9
2026-06-19T03:48:13.218465Z  INFO mq_bench::roles::subscriber: Starting subscriber engine=Mqtt key=topic_9 endpoint=None crash_enabled=false
2026-06-19T03:48:13.218515Z  INFO mq_bench::roles::subscriber: Connected via transport engine=Mqtt
2026-06-19T03:48:13.218601Z  INFO mq_bench::roles::subscriber: Subscribed to key expression key=topic_9
2026-06-19T03:48:19.886870Z  INFO mq_bench::roles::subscriber: Starting subscriber engine=Mqtt key=topic_9 endpoint=None crash_enabled=false
2026-06-19T03:48:19.886925Z  INFO mq_bench::roles::subscriber: Connected via transport engine=Mqtt
2026-06-19T03:48:19.887002Z  INFO mq_bench::roles::subscriber: Subscribed to key expression key=topic_9
2026-06-19T03:48:26.554841Z  INFO mq_bench::roles::subscriber: Starting subscriber engine=Mqtt key=topic_9 endpoint=None crash_enabled=false
2026-06-19T03:48:26.554898Z  INFO mq_bench::roles::subscriber: Connected via transport engine=Mqtt
2026-06-19T03:48:26.554979Z  INFO mq_bench::roles::subscriber: Subscribed to key expression key=topic_9
2026-06-19T03:48:33.222603Z  INFO mq_bench::roles::subscriber: Starting subscriber engine=Mqtt key=topic_9 endpoint=None crash_enabled=false
2026-06-19T03:48:33.222658Z  INFO mq_bench::roles::subscriber: Connected via transport engine=Mqtt
2026-06-19T03:48:33.222751Z  INFO mq_bench::roles::subscriber: Subscribed to key expression key=topic_9
2026-06-19T03:48:39.890557Z  INFO mq_bench::roles::subscriber: Starting subscriber engine=Mqtt key=topic_9 endpoint=None crash_enabled=false
2026-06-19T03:48:39.890619Z  INFO mq_bench::roles::subscriber: Connected via transport engine=Mqtt
2026-06-19T03:48:39.890698Z  INFO mq_bench::roles::subscriber: Subscribed to key expression key=topic_9
2026-06-19T03:48:46.558379Z  INFO mq_bench::roles::subscriber: Starting subscriber engine=Mqtt key=topic_9 endpoint=None crash_enabled=false
2026-06-19T03:48:46.558437Z  INFO mq_bench::roles::subscriber: Connected via transport engine=Mqtt
2026-06-19T03:48:46.558523Z  INFO mq_bench::roles::subscriber: Subscribed to key expression key=topic_9
