mq-bench starting with run_id: auto
Writing CSV output to: artifacts/fanout_bursty_20260619_034746_mqtt_mosquitto_p64_s1000_u10_bursty/fanout_singlesite/sub_2_6.csv
2026-06-19T03:47:46.297974Z  INFO mq_bench::roles::subscriber: Starting subscriber engine=Mqtt key=topic_2 endpoint=None crash_enabled=false
2026-06-19T03:47:46.298132Z  INFO mq_bench::roles::subscriber: Connected via transport engine=Mqtt
2026-06-19T03:47:46.298173Z  INFO mq_bench::roles::subscriber: Subscribed to key expression key=topic_2
2026-06-19T03:47:52.965835Z  INFO mq_bench::roles::subscriber: Starting subscriber engine=Mqtt key=topic_2 endpoint=None crash_enabled=false
2026-06-19T03:47:52.965892Z  INFO mq_bench::roles::subscriber: Connected via transport engine=Mqtt
2026-06-19T03:47:52.965962Z  INFO mq_bench::roles::subscriber: Subscribed to key expression key=topic_2
2026-06-19T03:47:59.633678Z  INFO mq_bench::roles::subscriber: Starting subscriber engine=Mqtt key=topic_2 endpoint=None crash_enabled=false
2026-06-19T03:47:59.633787Z  INFO mq_bench::roles::subscriber: Connected via transport engine=Mqtt
2026-06-19T03:47:59.633848Z  INFO mq_bench::roles::subscriber: Subscribed to key expression key=topic_2
2026-06-19T03:48:06.301795Z  INFO mq_bench::roles::subscriber: Starting subscriber engine=Mqtt key=topic_2 endpoint=None crash_enabled=false
2026-06-19T03:48:06.301900Z  INFO mq_bench::roles::subscriber: Connected via transport engine=Mqtt
2026-06-19T03:48:06.301984Z  INFO mq_bench::roles::subscriber: Subscribed to key expression key=topic_2
2026-06-19T03:48:12.969802Z  INFO mq_bench::roles::subscriber: Starting subscriber engine=Mqtt key=topic_2 endpoint=None crash_enabled=false
2026-06-19T03:48:12.969852Z  INFO mq_bench::roles::subscriber: Connected via transport engine=Mqtt
2026-06-19T03:48:12.969922Z  INFO mq_bench::roles::subscriber: Subscribed to key expression key=topic_2
2026-06-19T03:48:19.638147Z  INFO mq_bench::roles::subscriber: Starting subscriber engine=Mqtt key=topic_2 endpoint=None crash_enabled=false
2026-06-19T03:48:19.638241Z  INFO mq_bench::roles::subscriber: Connected via transport engine=Mqtt
2026-06-19T03:48:19.638318Z  INFO mq_bench::roles::subscriber: Subscribed to key expression key=topic_2
2026-06-19T03:48:26.306084Z  INFO mq_bench::roles::subscriber: Starting subscriber engine=Mqtt key=topic_2 endpoint=None crash_enabled=false
2026-06-19T03:48:26.306153Z  INFO mq_bench::roles::subscriber: Connected via transport engine=Mqtt
2026-06-19T03:48:26.306276Z  INFO mq_bench::roles::subscriber: Subscribed to key expression key=topic_2
2026-06-19T03:48:32.974161Z  INFO mq_bench::roles::subscriber: Starting subscriber engine=Mqtt key=topic_2 endpoint=None crash_enabled=false
2026-06-19T03:48:32.974261Z  INFO mq_bench::roles::subscriber: Connected via transport engine=Mqtt
2026-06-19T03:48:32.974349Z  INFO mq_bench::roles::subscriber: Subscribed to key expression key=topic_2
2026-06-19T03:48:39.641859Z  INFO mq_bench::roles::subscriber: Starting subscriber engine=Mqtt key=topic_2 endpoint=None crash_enabled=false
2026-06-19T03:48:39.641913Z  INFO mq_bench::roles::subscriber: Connected via transport engine=Mqtt
2026-06-19T03:48:39.642004Z  INFO mq_bench::roles::subscriber: Subscribed to key expression key=topic_2
2026-06-19T03:48:46.309893Z  INFO mq_bench::roles::subscriber: Starting subscriber engine=Mqtt key=topic_2 endpoint=None crash_enabled=false
2026-06-19T03:48:46.309947Z  INFO mq_bench::roles::subscriber: Connected via transport engine=Mqtt
2026-06-19T03:48:46.310034Z  INFO mq_bench::roles::subscriber: Subscribed to key expression key=topic_2
