mq-bench starting with run_id: auto
Writing CSV output to: artifacts/fanout_bursty_20260619_034746_mqtt_mosquitto_p64_s1000_u10_bursty/fanout_singlesite/sub_8_0.csv
2026-06-19T03:47:46.506826Z  INFO mq_bench::roles::subscriber: Starting subscriber engine=Mqtt key=topic_8 endpoint=None crash_enabled=false
2026-06-19T03:47:46.506876Z  INFO mq_bench::roles::subscriber: Connected via transport engine=Mqtt
2026-06-19T03:47:46.506917Z  INFO mq_bench::roles::subscriber: Subscribed to key expression key=topic_8
2026-06-19T03:47:53.174466Z  INFO mq_bench::roles::subscriber: Starting subscriber engine=Mqtt key=topic_8 endpoint=None crash_enabled=false
2026-06-19T03:47:53.174573Z  INFO mq_bench::roles::subscriber: Connected via transport engine=Mqtt
2026-06-19T03:47:53.174648Z  INFO mq_bench::roles::subscriber: Subscribed to key expression key=topic_8
2026-06-19T03:47:59.842400Z  INFO mq_bench::roles::subscriber: Starting subscriber engine=Mqtt key=topic_8 endpoint=None crash_enabled=false
2026-06-19T03:47:59.842507Z  INFO mq_bench::roles::subscriber: Connected via transport engine=Mqtt
2026-06-19T03:47:59.842564Z  INFO mq_bench::roles::subscriber: Subscribed to key expression key=topic_8
2026-06-19T03:48:06.509691Z  INFO mq_bench::roles::subscriber: Starting subscriber engine=Mqtt key=topic_8 endpoint=None crash_enabled=false
2026-06-19T03:48:06.509742Z  INFO mq_bench::roles::subscriber: Connected via transport engine=Mqtt
2026-06-19T03:48:06.509801Z  INFO mq_bench::roles::subscriber: Subscribed to key expression key=topic_8
2026-06-19T03:48:13.177588Z  INFO mq_bench::roles::subscriber: Starting subscriber engine=Mqtt key=topic_8 endpoint=None crash_enabled=false
2026-06-19T03:48:13.177640Z  INFO mq_bench::roles::subscriber: Connected via transport engine=Mqtt
2026-06-19T03:48:13.177738Z  INFO mq_bench::roles::subscriber: Subscribed to key expression key=topic_8
2026-06-19T03:48:19.845269Z  INFO mq_bench::roles::subscriber: Starting subscriber engine=Mqtt key=topic_8 endpoint=None crash_enabled=false
2026-06-19T03:48:19.845324Z  INFO mq_bench::roles::subscriber: Connected via transport engine=Mqtt
2026-06-19T03:48:19.845441Z  INFO mq_bench::roles::subscriber: Subscribed to key expression key=topic_8
2026-06-19T03:48:26.513253Z  INFO mq_bench::roles::subscriber: Starting subscriber engine=Mqtt key=topic_8 endpoint=None crash_enabled=false
2026-06-19T03:48:26.513309Z  INFO mq_bench::roles::subscriber: Connected via transport engine=Mqtt
2026-06-19T03:48:26.513392Z  INFO mq_bench::roles::subscriber: Subscribed to key expression key=topic_8
2026-06-19T03:48:33.181034Z  INFO mq_bench::roles::subscriber: Starting subscriber engine=Mqtt key=topic_8 endpoint=None crash_enabled=false
2026-06-19T03:48:33.181087Z  INFO mq_bench::roles::subscriber: Connected via transport engine=Mqtt
2026-06-19T03:48:33.181238Z  INFO mq_bench::roles::subscriber: Subscribed to key expression key=topic_8
2026-06-19T03:48:39.848986Z  INFO mq_bench::roles::subscriber: Starting subscriber engine=Mqtt key=topic_8 endpoint=None crash_enabled=false
2026-06-19T03:48:39.849114Z  INFO mq_bench::roles::subscriber: Connected via transport engine=Mqtt
2026-06-19T03:48:39.849195Z  INFO mq_bench::roles::subscriber: Subscribed to key expression key=topic_8
2026-06-19T03:48:46.516912Z  INFO mq_bench::roles::subscriber: Starting subscriber engine=Mqtt key=topic_8 endpoint=None crash_enabled=false
2026-06-19T03:48:46.516967Z  INFO mq_bench::roles::subscriber: Connected via transport engine=Mqtt
2026-06-19T03:48:46.517054Z  INFO mq_bench::roles::subscriber: Subscribed to key expression key=topic_8
