mq-bench starting with run_id: auto
Writing CSV output to: artifacts/fanout_bursty_20260619_034746_mqtt_mosquitto_p64_s1000_u10_bursty/fanout_singlesite/sub_1_4.csv
2026-06-19T03:47:46.252655Z  INFO mq_bench::roles::subscriber: Starting subscriber engine=Mqtt key=topic_1 endpoint=None crash_enabled=false
2026-06-19T03:47:46.252700Z  INFO mq_bench::roles::subscriber: Connected via transport engine=Mqtt
2026-06-19T03:47:46.252741Z  INFO mq_bench::roles::subscriber: Subscribed to key expression key=topic_1
2026-06-19T03:47:52.920095Z  INFO mq_bench::roles::subscriber: Starting subscriber engine=Mqtt key=topic_1 endpoint=None crash_enabled=false
2026-06-19T03:47:52.920146Z  INFO mq_bench::roles::subscriber: Connected via transport engine=Mqtt
2026-06-19T03:47:52.920243Z  INFO mq_bench::roles::subscriber: Subscribed to key expression key=topic_1
2026-06-19T03:47:59.587231Z  INFO mq_bench::roles::subscriber: Starting subscriber engine=Mqtt key=topic_1 endpoint=None crash_enabled=false
2026-06-19T03:47:59.587336Z  INFO mq_bench::roles::subscriber: Connected via transport engine=Mqtt
2026-06-19T03:47:59.587403Z  INFO mq_bench::roles::subscriber: Subscribed to key expression key=topic_1
2026-06-19T03:48:06.254451Z  INFO mq_bench::roles::subscriber: Starting subscriber engine=Mqtt key=topic_1 endpoint=None crash_enabled=false
2026-06-19T03:48:06.254578Z  INFO mq_bench::roles::subscriber: Connected via transport engine=Mqtt
2026-06-19T03:48:06.254661Z  INFO mq_bench::roles::subscriber: Subscribed to key expression key=topic_1
2026-06-19T03:48:12.922636Z  INFO mq_bench::roles::subscriber: Starting subscriber engine=Mqtt key=topic_1 endpoint=None crash_enabled=false
2026-06-19T03:48:12.922710Z  INFO mq_bench::roles::subscriber: Connected via transport engine=Mqtt
2026-06-19T03:48:12.922792Z  INFO mq_bench::roles::subscriber: Subscribed to key expression key=topic_1
2026-06-19T03:48:19.590377Z  INFO mq_bench::roles::subscriber: Starting subscriber engine=Mqtt key=topic_1 endpoint=None crash_enabled=false
2026-06-19T03:48:19.590437Z  INFO mq_bench::roles::subscriber: Connected via transport engine=Mqtt
2026-06-19T03:48:19.590530Z  INFO mq_bench::roles::subscriber: Subscribed to key expression key=topic_1
2026-06-19T03:48:26.258405Z  INFO mq_bench::roles::subscriber: Starting subscriber engine=Mqtt key=topic_1 endpoint=None crash_enabled=false
2026-06-19T03:48:26.258464Z  INFO mq_bench::roles::subscriber: Connected via transport engine=Mqtt
2026-06-19T03:48:26.258555Z  INFO mq_bench::roles::subscriber: Subscribed to key expression key=topic_1
2026-06-19T03:48:32.926182Z  INFO mq_bench::roles::subscriber: Starting subscriber engine=Mqtt key=topic_1 endpoint=None crash_enabled=false
2026-06-19T03:48:32.926270Z  INFO mq_bench::roles::subscriber: Connected via transport engine=Mqtt
2026-06-19T03:48:32.926347Z  INFO mq_bench::roles::subscriber: Subscribed to key expression key=topic_1
2026-06-19T03:48:39.593219Z  INFO mq_bench::roles::subscriber: Starting subscriber engine=Mqtt key=topic_1 endpoint=None crash_enabled=false
2026-06-19T03:48:39.593294Z  INFO mq_bench::roles::subscriber: Connected via transport engine=Mqtt
2026-06-19T03:48:39.593375Z  INFO mq_bench::roles::subscriber: Subscribed to key expression key=topic_1
2026-06-19T03:48:46.261268Z  INFO mq_bench::roles::subscriber: Starting subscriber engine=Mqtt key=topic_1 endpoint=None crash_enabled=false
2026-06-19T03:48:46.261325Z  INFO mq_bench::roles::subscriber: Connected via transport engine=Mqtt
2026-06-19T03:48:46.261422Z  INFO mq_bench::roles::subscriber: Subscribed to key expression key=topic_1
