mq-bench starting with run_id: auto
Writing CSV output to: artifacts/fanout_bursty_20260619_034746_mqtt_mosquitto_p64_s1000_u10_bursty/fanout_singlesite/sub_0_5.csv
2026-06-19T03:47:46.218499Z  INFO mq_bench::roles::subscriber: Starting subscriber engine=Mqtt key=topic_0 endpoint=None crash_enabled=false
2026-06-19T03:47:46.218558Z  INFO mq_bench::roles::subscriber: Connected via transport engine=Mqtt
2026-06-19T03:47:46.218608Z  INFO mq_bench::roles::subscriber: Subscribed to key expression key=topic_0
2026-06-19T03:47:52.886718Z  INFO mq_bench::roles::subscriber: Starting subscriber engine=Mqtt key=topic_0 endpoint=None crash_enabled=false
2026-06-19T03:47:52.886787Z  INFO mq_bench::roles::subscriber: Connected via transport engine=Mqtt
2026-06-19T03:47:52.886860Z  INFO mq_bench::roles::subscriber: Subscribed to key expression key=topic_0
2026-06-19T03:47:59.554754Z  INFO mq_bench::roles::subscriber: Starting subscriber engine=Mqtt key=topic_0 endpoint=None crash_enabled=false
2026-06-19T03:47:59.554880Z  INFO mq_bench::roles::subscriber: Connected via transport engine=Mqtt
2026-06-19T03:47:59.554946Z  INFO mq_bench::roles::subscriber: Subscribed to key expression key=topic_0
2026-06-19T03:48:06.221963Z  INFO mq_bench::roles::subscriber: Starting subscriber engine=Mqtt key=topic_0 endpoint=None crash_enabled=false
2026-06-19T03:48:06.222081Z  INFO mq_bench::roles::subscriber: Connected via transport engine=Mqtt
2026-06-19T03:48:06.222144Z  INFO mq_bench::roles::subscriber: Subscribed to key expression key=topic_0
2026-06-19T03:48:12.888853Z  INFO mq_bench::roles::subscriber: Starting subscriber engine=Mqtt key=topic_0 endpoint=None crash_enabled=false
2026-06-19T03:48:12.888905Z  INFO mq_bench::roles::subscriber: Connected via transport engine=Mqtt
2026-06-19T03:48:12.888992Z  INFO mq_bench::roles::subscriber: Subscribed to key expression key=topic_0
2026-06-19T03:48:19.556546Z  INFO mq_bench::roles::subscriber: Starting subscriber engine=Mqtt key=topic_0 endpoint=None crash_enabled=false
2026-06-19T03:48:19.556600Z  INFO mq_bench::roles::subscriber: Connected via transport engine=Mqtt
2026-06-19T03:48:19.556670Z  INFO mq_bench::roles::subscriber: Subscribed to key expression key=topic_0
2026-06-19T03:48:26.224735Z  INFO mq_bench::roles::subscriber: Starting subscriber engine=Mqtt key=topic_0 endpoint=None crash_enabled=false
2026-06-19T03:48:26.224786Z  INFO mq_bench::roles::subscriber: Connected via transport engine=Mqtt
2026-06-19T03:48:26.224880Z  INFO mq_bench::roles::subscriber: Subscribed to key expression key=topic_0
2026-06-19T03:48:32.891946Z  INFO mq_bench::roles::subscriber: Starting subscriber engine=Mqtt key=topic_0 endpoint=None crash_enabled=false
2026-06-19T03:48:32.892005Z  INFO mq_bench::roles::subscriber: Connected via transport engine=Mqtt
2026-06-19T03:48:32.892094Z  INFO mq_bench::roles::subscriber: Subscribed to key expression key=topic_0
2026-06-19T03:48:39.558810Z  INFO mq_bench::roles::subscriber: Starting subscriber engine=Mqtt key=topic_0 endpoint=None crash_enabled=false
2026-06-19T03:48:39.558867Z  INFO mq_bench::roles::subscriber: Connected via transport engine=Mqtt
2026-06-19T03:48:39.558947Z  INFO mq_bench::roles::subscriber: Subscribed to key expression key=topic_0
2026-06-19T03:48:46.225798Z  INFO mq_bench::roles::subscriber: Starting subscriber engine=Mqtt key=topic_0 endpoint=None crash_enabled=false
2026-06-19T03:48:46.225855Z  INFO mq_bench::roles::subscriber: Connected via transport engine=Mqtt
2026-06-19T03:48:46.225949Z  INFO mq_bench::roles::subscriber: Subscribed to key expression key=topic_0
