mq-bench starting with run_id: auto
Writing CSV output to: artifacts/fanout_bursty_20260619_034746_mqtt_mosquitto_p64_s1000_u10_bursty/fanout_singlesite/sub_9_1.csv
2026-06-19T03:47:46.551249Z  INFO mq_bench::roles::subscriber: Starting subscriber engine=Mqtt key=topic_9 endpoint=None crash_enabled=false
2026-06-19T03:47:46.551297Z  INFO mq_bench::roles::subscriber: Connected via transport engine=Mqtt
2026-06-19T03:47:46.551326Z  INFO mq_bench::roles::subscriber: Subscribed to key expression key=topic_9
2026-06-19T03:47:53.219273Z  INFO mq_bench::roles::subscriber: Starting subscriber engine=Mqtt key=topic_9 endpoint=None crash_enabled=false
2026-06-19T03:47:53.219387Z  INFO mq_bench::roles::subscriber: Connected via transport engine=Mqtt
2026-06-19T03:47:53.219449Z  INFO mq_bench::roles::subscriber: Subscribed to key expression key=topic_9
2026-06-19T03:47:59.887285Z  INFO mq_bench::roles::subscriber: Starting subscriber engine=Mqtt key=topic_9 endpoint=None crash_enabled=false
2026-06-19T03:47:59.887344Z  INFO mq_bench::roles::subscriber: Connected via transport engine=Mqtt
2026-06-19T03:47:59.887409Z  INFO mq_bench::roles::subscriber: Subscribed to key expression key=topic_9
2026-06-19T03:48:06.555644Z  INFO mq_bench::roles::subscriber: Starting subscriber engine=Mqtt key=topic_9 endpoint=None crash_enabled=false
2026-06-19T03:48:06.555687Z  INFO mq_bench::roles::subscriber: Connected via transport engine=Mqtt
2026-06-19T03:48:06.555759Z  INFO mq_bench::roles::subscriber: Subscribed to key expression key=topic_9
2026-06-19T03:48:13.222719Z  INFO mq_bench::roles::subscriber: Starting subscriber engine=Mqtt key=topic_9 endpoint=None crash_enabled=false
2026-06-19T03:48:13.222766Z  INFO mq_bench::roles::subscriber: Connected via transport engine=Mqtt
2026-06-19T03:48:13.222839Z  INFO mq_bench::roles::subscriber: Subscribed to key expression key=topic_9
2026-06-19T03:48:19.890278Z  INFO mq_bench::roles::subscriber: Starting subscriber engine=Mqtt key=topic_9 endpoint=None crash_enabled=false
2026-06-19T03:48:19.890326Z  INFO mq_bench::roles::subscriber: Connected via transport engine=Mqtt
2026-06-19T03:48:19.890397Z  INFO mq_bench::roles::subscriber: Subscribed to key expression key=topic_9
2026-06-19T03:48:26.558268Z  INFO mq_bench::roles::subscriber: Starting subscriber engine=Mqtt key=topic_9 endpoint=None crash_enabled=false
2026-06-19T03:48:26.558388Z  INFO mq_bench::roles::subscriber: Connected via transport engine=Mqtt
2026-06-19T03:48:26.558463Z  INFO mq_bench::roles::subscriber: Subscribed to key expression key=topic_9
2026-06-19T03:48:33.226172Z  INFO mq_bench::roles::subscriber: Starting subscriber engine=Mqtt key=topic_9 endpoint=None crash_enabled=false
2026-06-19T03:48:33.226257Z  INFO mq_bench::roles::subscriber: Connected via transport engine=Mqtt
2026-06-19T03:48:33.226352Z  INFO mq_bench::roles::subscriber: Subscribed to key expression key=topic_9
2026-06-19T03:48:39.894162Z  INFO mq_bench::roles::subscriber: Starting subscriber engine=Mqtt key=topic_9 endpoint=None crash_enabled=false
2026-06-19T03:48:39.894246Z  INFO mq_bench::roles::subscriber: Connected via transport engine=Mqtt
2026-06-19T03:48:39.894333Z  INFO mq_bench::roles::subscriber: Subscribed to key expression key=topic_9
2026-06-19T03:48:46.561962Z  INFO mq_bench::roles::subscriber: Starting subscriber engine=Mqtt key=topic_9 endpoint=None crash_enabled=false
2026-06-19T03:48:46.562019Z  INFO mq_bench::roles::subscriber: Connected via transport engine=Mqtt
2026-06-19T03:48:46.562111Z  INFO mq_bench::roles::subscriber: Subscribed to key expression key=topic_9
