mq-bench starting with run_id: auto
Writing CSV output to: artifacts/fanout_bursty_20260619_034746_mqtt_mosquitto_p64_s1000_u10_bursty/fanout_singlesite/sub_9_5.csv
2026-06-19T03:47:46.567097Z  INFO mq_bench::roles::subscriber: Starting subscriber engine=Mqtt key=topic_9 endpoint=None crash_enabled=false
2026-06-19T03:47:46.567144Z  INFO mq_bench::roles::subscriber: Connected via transport engine=Mqtt
2026-06-19T03:47:46.567188Z  INFO mq_bench::roles::subscriber: Subscribed to key expression key=topic_9
2026-06-19T03:47:53.234847Z  INFO mq_bench::roles::subscriber: Starting subscriber engine=Mqtt key=topic_9 endpoint=None crash_enabled=false
2026-06-19T03:47:53.234895Z  INFO mq_bench::roles::subscriber: Connected via transport engine=Mqtt
2026-06-19T03:47:53.234963Z  INFO mq_bench::roles::subscriber: Subscribed to key expression key=topic_9
2026-06-19T03:47:59.902749Z  INFO mq_bench::roles::subscriber: Starting subscriber engine=Mqtt key=topic_9 endpoint=None crash_enabled=false
2026-06-19T03:47:59.902859Z  INFO mq_bench::roles::subscriber: Connected via transport engine=Mqtt
2026-06-19T03:47:59.902921Z  INFO mq_bench::roles::subscriber: Subscribed to key expression key=topic_9
2026-06-19T03:48:06.570921Z  INFO mq_bench::roles::subscriber: Starting subscriber engine=Mqtt key=topic_9 endpoint=None crash_enabled=false
2026-06-19T03:48:06.570963Z  INFO mq_bench::roles::subscriber: Connected via transport engine=Mqtt
2026-06-19T03:48:06.571028Z  INFO mq_bench::roles::subscriber: Subscribed to key expression key=topic_9
2026-06-19T03:48:13.238878Z  INFO mq_bench::roles::subscriber: Starting subscriber engine=Mqtt key=topic_9 endpoint=None crash_enabled=false
2026-06-19T03:48:13.238990Z  INFO mq_bench::roles::subscriber: Connected via transport engine=Mqtt
2026-06-19T03:48:13.239077Z  INFO mq_bench::roles::subscriber: Subscribed to key expression key=topic_9
2026-06-19T03:48:19.907393Z  INFO mq_bench::roles::subscriber: Starting subscriber engine=Mqtt key=topic_9 endpoint=None crash_enabled=false
2026-06-19T03:48:19.907444Z  INFO mq_bench::roles::subscriber: Connected via transport engine=Mqtt
2026-06-19T03:48:19.907539Z  INFO mq_bench::roles::subscriber: Subscribed to key expression key=topic_9
2026-06-19T03:48:26.575466Z  INFO mq_bench::roles::subscriber: Starting subscriber engine=Mqtt key=topic_9 endpoint=None crash_enabled=false
2026-06-19T03:48:26.575519Z  INFO mq_bench::roles::subscriber: Connected via transport engine=Mqtt
2026-06-19T03:48:26.575610Z  INFO mq_bench::roles::subscriber: Subscribed to key expression key=topic_9
2026-06-19T03:48:33.243462Z  INFO mq_bench::roles::subscriber: Starting subscriber engine=Mqtt key=topic_9 endpoint=None crash_enabled=false
2026-06-19T03:48:33.243518Z  INFO mq_bench::roles::subscriber: Connected via transport engine=Mqtt
2026-06-19T03:48:33.243609Z  INFO mq_bench::roles::subscriber: Subscribed to key expression key=topic_9
2026-06-19T03:48:39.910542Z  INFO mq_bench::roles::subscriber: Starting subscriber engine=Mqtt key=topic_9 endpoint=None crash_enabled=false
2026-06-19T03:48:39.910612Z  INFO mq_bench::roles::subscriber: Connected via transport engine=Mqtt
2026-06-19T03:48:39.910690Z  INFO mq_bench::roles::subscriber: Subscribed to key expression key=topic_9
2026-06-19T03:48:46.578374Z  INFO mq_bench::roles::subscriber: Starting subscriber engine=Mqtt key=topic_9 endpoint=None crash_enabled=false
2026-06-19T03:48:46.578454Z  INFO mq_bench::roles::subscriber: Connected via transport engine=Mqtt
2026-06-19T03:48:46.578523Z  INFO mq_bench::roles::subscriber: Subscribed to key expression key=topic_9
