mq-bench starting with run_id: auto
Writing CSV output to: artifacts/fanout_bursty_20260619_034746_mqtt_mosquitto_p64_s1000_u10_bursty/fanout_singlesite/sub_3_0.csv
2026-06-19T03:47:46.313856Z  INFO mq_bench::roles::subscriber: Starting subscriber engine=Mqtt key=topic_3 endpoint=None crash_enabled=false
2026-06-19T03:47:46.313907Z  INFO mq_bench::roles::subscriber: Connected via transport engine=Mqtt
2026-06-19T03:47:46.313942Z  INFO mq_bench::roles::subscriber: Subscribed to key expression key=topic_3
2026-06-19T03:47:52.981693Z  INFO mq_bench::roles::subscriber: Starting subscriber engine=Mqtt key=topic_3 endpoint=None crash_enabled=false
2026-06-19T03:47:52.981754Z  INFO mq_bench::roles::subscriber: Connected via transport engine=Mqtt
2026-06-19T03:47:52.981822Z  INFO mq_bench::roles::subscriber: Subscribed to key expression key=topic_3
2026-06-19T03:47:59.649590Z  INFO mq_bench::roles::subscriber: Starting subscriber engine=Mqtt key=topic_3 endpoint=None crash_enabled=false
2026-06-19T03:47:59.649695Z  INFO mq_bench::roles::subscriber: Connected via transport engine=Mqtt
2026-06-19T03:47:59.649766Z  INFO mq_bench::roles::subscriber: Subscribed to key expression key=topic_3
2026-06-19T03:48:06.317777Z  INFO mq_bench::roles::subscriber: Starting subscriber engine=Mqtt key=topic_3 endpoint=None crash_enabled=false
2026-06-19T03:48:06.317834Z  INFO mq_bench::roles::subscriber: Connected via transport engine=Mqtt
2026-06-19T03:48:06.317900Z  INFO mq_bench::roles::subscriber: Subscribed to key expression key=topic_3
2026-06-19T03:48:12.985929Z  INFO mq_bench::roles::subscriber: Starting subscriber engine=Mqtt key=topic_3 endpoint=None crash_enabled=false
2026-06-19T03:48:12.986040Z  INFO mq_bench::roles::subscriber: Connected via transport engine=Mqtt
2026-06-19T03:48:12.986116Z  INFO mq_bench::roles::subscriber: Subscribed to key expression key=topic_3
2026-06-19T03:48:19.653524Z  INFO mq_bench::roles::subscriber: Starting subscriber engine=Mqtt key=topic_3 endpoint=None crash_enabled=false
2026-06-19T03:48:19.653576Z  INFO mq_bench::roles::subscriber: Connected via transport engine=Mqtt
2026-06-19T03:48:19.653667Z  INFO mq_bench::roles::subscriber: Subscribed to key expression key=topic_3
2026-06-19T03:48:26.321469Z  INFO mq_bench::roles::subscriber: Starting subscriber engine=Mqtt key=topic_3 endpoint=None crash_enabled=false
2026-06-19T03:48:26.321519Z  INFO mq_bench::roles::subscriber: Connected via transport engine=Mqtt
2026-06-19T03:48:26.321672Z  INFO mq_bench::roles::subscriber: Subscribed to key expression key=topic_3
2026-06-19T03:48:32.988338Z  INFO mq_bench::roles::subscriber: Starting subscriber engine=Mqtt key=topic_3 endpoint=None crash_enabled=false
2026-06-19T03:48:32.988410Z  INFO mq_bench::roles::subscriber: Connected via transport engine=Mqtt
2026-06-19T03:48:32.988487Z  INFO mq_bench::roles::subscriber: Subscribed to key expression key=topic_3
2026-06-19T03:48:39.655263Z  INFO mq_bench::roles::subscriber: Starting subscriber engine=Mqtt key=topic_3 endpoint=None crash_enabled=false
2026-06-19T03:48:39.655331Z  INFO mq_bench::roles::subscriber: Connected via transport engine=Mqtt
2026-06-19T03:48:39.655412Z  INFO mq_bench::roles::subscriber: Subscribed to key expression key=topic_3
2026-06-19T03:48:46.322259Z  INFO mq_bench::roles::subscriber: Starting subscriber engine=Mqtt key=topic_3 endpoint=None crash_enabled=false
2026-06-19T03:48:46.322311Z  INFO mq_bench::roles::subscriber: Connected via transport engine=Mqtt
2026-06-19T03:48:46.322392Z  INFO mq_bench::roles::subscriber: Subscribed to key expression key=topic_3
