mq-bench starting with run_id: auto
Writing CSV output to: artifacts/fanout_bursty_20260619_034746_mqtt_mosquitto_p64_s1000_u10_bursty/fanout_singlesite/sub_0_3.csv
2026-06-19T03:47:46.211501Z  INFO mq_bench::roles::subscriber: Starting subscriber engine=Mqtt key=topic_0 endpoint=None crash_enabled=false
2026-06-19T03:47:46.211691Z  INFO mq_bench::roles::subscriber: Connected via transport engine=Mqtt
2026-06-19T03:47:46.211732Z  INFO mq_bench::roles::subscriber: Subscribed to key expression key=topic_0
2026-06-19T03:47:52.878794Z  INFO mq_bench::roles::subscriber: Starting subscriber engine=Mqtt key=topic_0 endpoint=None crash_enabled=false
2026-06-19T03:47:52.878902Z  INFO mq_bench::roles::subscriber: Connected via transport engine=Mqtt
2026-06-19T03:47:52.878965Z  INFO mq_bench::roles::subscriber: Subscribed to key expression key=topic_0
2026-06-19T03:47:59.545763Z  INFO mq_bench::roles::subscriber: Starting subscriber engine=Mqtt key=topic_0 endpoint=None crash_enabled=false
2026-06-19T03:47:59.545871Z  INFO mq_bench::roles::subscriber: Connected via transport engine=Mqtt
2026-06-19T03:47:59.545934Z  INFO mq_bench::roles::subscriber: Subscribed to key expression key=topic_0
2026-06-19T03:48:06.213264Z  INFO mq_bench::roles::subscriber: Starting subscriber engine=Mqtt key=topic_0 endpoint=None crash_enabled=false
2026-06-19T03:48:06.213386Z  INFO mq_bench::roles::subscriber: Connected via transport engine=Mqtt
2026-06-19T03:48:06.213446Z  INFO mq_bench::roles::subscriber: Subscribed to key expression key=topic_0
2026-06-19T03:48:12.880673Z  INFO mq_bench::roles::subscriber: Starting subscriber engine=Mqtt key=topic_0 endpoint=None crash_enabled=false
2026-06-19T03:48:12.880745Z  INFO mq_bench::roles::subscriber: Connected via transport engine=Mqtt
2026-06-19T03:48:12.880781Z  INFO mq_bench::roles::subscriber: Subscribed to key expression key=topic_0
2026-06-19T03:48:19.548091Z  INFO mq_bench::roles::subscriber: Starting subscriber engine=Mqtt key=topic_0 endpoint=None crash_enabled=false
2026-06-19T03:48:19.548143Z  INFO mq_bench::roles::subscriber: Connected via transport engine=Mqtt
2026-06-19T03:48:19.548193Z  INFO mq_bench::roles::subscriber: Subscribed to key expression key=topic_0
2026-06-19T03:48:26.216112Z  INFO mq_bench::roles::subscriber: Starting subscriber engine=Mqtt key=topic_0 endpoint=None crash_enabled=false
2026-06-19T03:48:26.216161Z  INFO mq_bench::roles::subscriber: Connected via transport engine=Mqtt
2026-06-19T03:48:26.216274Z  INFO mq_bench::roles::subscriber: Subscribed to key expression key=topic_0
2026-06-19T03:48:32.884153Z  INFO mq_bench::roles::subscriber: Starting subscriber engine=Mqtt key=topic_0 endpoint=None crash_enabled=false
2026-06-19T03:48:32.884237Z  INFO mq_bench::roles::subscriber: Connected via transport engine=Mqtt
2026-06-19T03:48:32.884321Z  INFO mq_bench::roles::subscriber: Subscribed to key expression key=topic_0
2026-06-19T03:48:39.552273Z  INFO mq_bench::roles::subscriber: Starting subscriber engine=Mqtt key=topic_0 endpoint=None crash_enabled=false
2026-06-19T03:48:39.552321Z  INFO mq_bench::roles::subscriber: Connected via transport engine=Mqtt
2026-06-19T03:48:39.552405Z  INFO mq_bench::roles::subscriber: Subscribed to key expression key=topic_0
2026-06-19T03:48:46.220053Z  INFO mq_bench::roles::subscriber: Starting subscriber engine=Mqtt key=topic_0 endpoint=None crash_enabled=false
2026-06-19T03:48:46.220105Z  INFO mq_bench::roles::subscriber: Connected via transport engine=Mqtt
2026-06-19T03:48:46.220212Z  INFO mq_bench::roles::subscriber: Subscribed to key expression key=topic_0
