mq-bench starting with run_id: auto
Writing CSV output to: artifacts/fanout_bursty_20260619_061808_mqtt_artemis_p64_s1000_u10_bursty/fanout_singlesite/sub_5_1.csv
2026-06-19T06:18:08.318638Z  INFO mq_bench::roles::subscriber: Starting subscriber engine=Mqtt key=topic_5 endpoint=None crash_enabled=false
2026-06-19T06:18:08.318695Z  INFO mq_bench::roles::subscriber: Connected via transport engine=Mqtt
2026-06-19T06:18:08.318732Z  INFO mq_bench::roles::subscriber: Subscribed to key expression key=topic_5
2026-06-19T06:18:14.986256Z  INFO mq_bench::roles::subscriber: Starting subscriber engine=Mqtt key=topic_5 endpoint=None crash_enabled=false
2026-06-19T06:18:14.986297Z  INFO mq_bench::roles::subscriber: Connected via transport engine=Mqtt
2026-06-19T06:18:14.986340Z  INFO mq_bench::roles::subscriber: Subscribed to key expression key=topic_5
2026-06-19T06:18:21.653273Z  INFO mq_bench::roles::subscriber: Starting subscriber engine=Mqtt key=topic_5 endpoint=None crash_enabled=false
2026-06-19T06:18:21.653383Z  INFO mq_bench::roles::subscriber: Connected via transport engine=Mqtt
2026-06-19T06:18:21.653444Z  INFO mq_bench::roles::subscriber: Subscribed to key expression key=topic_5
2026-06-19T06:18:28.320069Z  INFO mq_bench::roles::subscriber: Starting subscriber engine=Mqtt key=topic_5 endpoint=None crash_enabled=false
2026-06-19T06:18:28.320130Z  INFO mq_bench::roles::subscriber: Connected via transport engine=Mqtt
2026-06-19T06:18:28.320219Z  INFO mq_bench::roles::subscriber: Subscribed to key expression key=topic_5
2026-06-19T06:18:34.987882Z  INFO mq_bench::roles::subscriber: Starting subscriber engine=Mqtt key=topic_5 endpoint=None crash_enabled=false
2026-06-19T06:18:34.988005Z  INFO mq_bench::roles::subscriber: Connected via transport engine=Mqtt
2026-06-19T06:18:34.988067Z  INFO mq_bench::roles::subscriber: Subscribed to key expression key=topic_5
2026-06-19T06:18:41.656078Z  INFO mq_bench::roles::subscriber: Starting subscriber engine=Mqtt key=topic_5 endpoint=None crash_enabled=false
2026-06-19T06:18:41.656128Z  INFO mq_bench::roles::subscriber: Connected via transport engine=Mqtt
2026-06-19T06:18:41.656248Z  INFO mq_bench::roles::subscriber: Subscribed to key expression key=topic_5
2026-06-19T06:18:48.323668Z  INFO mq_bench::roles::subscriber: Starting subscriber engine=Mqtt key=topic_5 endpoint=None crash_enabled=false
2026-06-19T06:18:48.323741Z  INFO mq_bench::roles::subscriber: Connected via transport engine=Mqtt
2026-06-19T06:18:48.323811Z  INFO mq_bench::roles::subscriber: Subscribed to key expression key=topic_5
2026-06-19T06:18:54.991371Z  INFO mq_bench::roles::subscriber: Starting subscriber engine=Mqtt key=topic_5 endpoint=None crash_enabled=false
2026-06-19T06:18:54.991422Z  INFO mq_bench::roles::subscriber: Connected via transport engine=Mqtt
2026-06-19T06:18:54.991509Z  INFO mq_bench::roles::subscriber: Subscribed to key expression key=topic_5
2026-06-19T06:19:01.659172Z  INFO mq_bench::roles::subscriber: Starting subscriber engine=Mqtt key=topic_5 endpoint=None crash_enabled=false
2026-06-19T06:19:01.659282Z  INFO mq_bench::roles::subscriber: Connected via transport engine=Mqtt
2026-06-19T06:19:01.659382Z  INFO mq_bench::roles::subscriber: Subscribed to key expression key=topic_5
2026-06-19T06:19:08.326778Z  INFO mq_bench::roles::subscriber: Starting subscriber engine=Mqtt key=topic_5 endpoint=None crash_enabled=false
2026-06-19T06:19:08.326914Z  INFO mq_bench::roles::subscriber: Connected via transport engine=Mqtt
2026-06-19T06:19:08.326996Z  INFO mq_bench::roles::subscriber: Subscribed to key expression key=topic_5
2026-06-19T06:30:35.019712Z  WARN mq_bench::transport::mqtt: MQTT subscription eventloop error; continuing poll loop client_id=sub-mqb-5bfe12c8e69e3d1c-11359cd1780d4124b6906aa0d1295544 error=Mqtt state: Last pingreq isn't acked
2026-06-19T06:30:41.021637Z  WARN mq_bench::transport::mqtt: MQTT subscription eventloop error; continuing poll loop client_id=sub-mqb-5bfe12c8e69e3d1c-11359cd1780d4124b6906aa0d1295544 error=Network timeout
2026-06-19T06:30:45.018336Z  WARN mq_bench::transport::mqtt: MQTT subscription eventloop error; continuing poll loop client_id=sub-mqb-5bfe12c8e69e3d1c-ac1512506a1546ee9aee2cc32223dd68 error=Mqtt state: Last pingreq isn't acked
2026-06-19T06:30:47.023873Z  WARN mq_bench::transport::mqtt: MQTT subscription eventloop error; continuing poll loop client_id=sub-mqb-5bfe12c8e69e3d1c-11359cd1780d4124b6906aa0d1295544 error=Network timeout
2026-06-19T06:30:51.020599Z  WARN mq_bench::transport::mqtt: MQTT subscription eventloop error; continuing poll loop client_id=sub-mqb-5bfe12c8e69e3d1c-ac1512506a1546ee9aee2cc32223dd68 error=Network timeout
2026-06-19T06:30:51.683285Z  WARN mq_bench::transport::mqtt: MQTT subscription eventloop error; continuing poll loop client_id=sub-mqb-5bfe12c8e69e3d1c-b50f07e0fcd04ff59188bf91fd18389c error=Mqtt state: Last pingreq isn't acked
2026-06-19T06:30:53.026722Z  WARN mq_bench::transport::mqtt: MQTT subscription eventloop error; continuing poll loop client_id=sub-mqb-5bfe12c8e69e3d1c-11359cd1780d4124b6906aa0d1295544 error=Network timeout
2026-06-19T06:30:55.020425Z  WARN mq_bench::transport::mqtt: MQTT subscription eventloop error; continuing poll loop client_id=sub-mqb-5bfe12c8e69e3d1c-0d173f02182a4e388be8366f5ff7cfea error=Mqtt state: Last pingreq isn't acked
2026-06-19T06:30:57.023855Z  WARN mq_bench::transport::mqtt: MQTT subscription eventloop error; continuing poll loop client_id=sub-mqb-5bfe12c8e69e3d1c-ac1512506a1546ee9aee2cc32223dd68 error=Network timeout
2026-06-19T06:30:57.685329Z  WARN mq_bench::transport::mqtt: MQTT subscription eventloop error; continuing poll loop client_id=sub-mqb-5bfe12c8e69e3d1c-b50f07e0fcd04ff59188bf91fd18389c error=Network timeout
2026-06-19T06:30:58.353263Z  WARN mq_bench::transport::mqtt: MQTT subscription eventloop error; continuing poll loop client_id=sub-mqb-5bfe12c8e69e3d1c-bc89348b72e840b5bc4bd44acac336ee error=Mqtt state: Last pingreq isn't acked
2026-06-19T06:30:59.029819Z  WARN mq_bench::transport::mqtt: MQTT subscription eventloop error; continuing poll loop client_id=sub-mqb-5bfe12c8e69e3d1c-11359cd1780d4124b6906aa0d1295544 error=Network timeout
2026-06-19T06:31:01.022596Z  WARN mq_bench::transport::mqtt: MQTT subscription eventloop error; continuing poll loop client_id=sub-mqb-5bfe12c8e69e3d1c-0d173f02182a4e388be8366f5ff7cfea error=Network timeout
2026-06-19T06:31:01.688270Z  WARN mq_bench::transport::mqtt: MQTT subscription eventloop error; continuing poll loop client_id=sub-mqb-5bfe12c8e69e3d1c-3318e84771834119b332d225c39be6f9 error=Mqtt state: Last pingreq isn't acked
2026-06-19T06:31:03.025696Z  WARN mq_bench::transport::mqtt: MQTT subscription eventloop error; continuing poll loop client_id=sub-mqb-5bfe12c8e69e3d1c-ac1512506a1546ee9aee2cc32223dd68 error=Network timeout
2026-06-19T06:31:03.687372Z  WARN mq_bench::transport::mqtt: MQTT subscription eventloop error; continuing poll loop client_id=sub-mqb-5bfe12c8e69e3d1c-b50f07e0fcd04ff59188bf91fd18389c error=Network timeout
2026-06-19T06:31:04.355227Z  WARN mq_bench::transport::mqtt: MQTT subscription eventloop error; continuing poll loop client_id=sub-mqb-5bfe12c8e69e3d1c-bc89348b72e840b5bc4bd44acac336ee error=Network timeout
2026-06-19T06:31:05.031805Z  WARN mq_bench::transport::mqtt: MQTT subscription eventloop error; continuing poll loop client_id=sub-mqb-5bfe12c8e69e3d1c-11359cd1780d4124b6906aa0d1295544 error=Network timeout
2026-06-19T06:31:07.024542Z  WARN mq_bench::transport::mqtt: MQTT subscription eventloop error; continuing poll loop client_id=sub-mqb-5bfe12c8e69e3d1c-0d173f02182a4e388be8366f5ff7cfea error=Network timeout
2026-06-19T06:31:07.690154Z  WARN mq_bench::transport::mqtt: MQTT subscription eventloop error; continuing poll loop client_id=sub-mqb-5bfe12c8e69e3d1c-3318e84771834119b332d225c39be6f9 error=Network timeout
2026-06-19T06:31:08.355125Z  WARN mq_bench::transport::mqtt: MQTT subscription eventloop error; continuing poll loop client_id=sub-mqb-5bfe12c8e69e3d1c-4304812c061a4917be3b786ec2ac6ace error=Mqtt state: Last pingreq isn't acked
2026-06-19T06:31:09.027687Z  WARN mq_bench::transport::mqtt: MQTT subscription eventloop error; continuing poll loop client_id=sub-mqb-5bfe12c8e69e3d1c-ac1512506a1546ee9aee2cc32223dd68 error=Network timeout
2026-06-19T06:31:09.223399Z  WARN mq_bench::transport::mqtt: MQTT subscription eventloop error; continuing poll loop client_id=sub-mqb-5bfe12c8e69e3d1c-4938d273025f45a1acde2da5e2c4fdb1 error=Mqtt state: Last pingreq isn't acked
2026-06-19T06:31:09.689929Z  WARN mq_bench::transport::mqtt: MQTT subscription eventloop error; continuing poll loop client_id=sub-mqb-5bfe12c8e69e3d1c-b50f07e0fcd04ff59188bf91fd18389c error=Network timeout
2026-06-19T06:31:10.358044Z  WARN mq_bench::transport::mqtt: MQTT subscription eventloop error; continuing poll loop client_id=sub-mqb-5bfe12c8e69e3d1c-bc89348b72e840b5bc4bd44acac336ee error=Network timeout
2026-06-19T06:31:11.033762Z  WARN mq_bench::transport::mqtt: MQTT subscription eventloop error; continuing poll loop client_id=sub-mqb-5bfe12c8e69e3d1c-11359cd1780d4124b6906aa0d1295544 error=Network timeout
2026-06-19T06:31:11.685172Z  WARN mq_bench::transport::mqtt: MQTT subscription eventloop error; continuing poll loop client_id=sub-mqb-5bfe12c8e69e3d1c-0f9f6daeddfc4620a8c46be60da9c81d error=Mqtt state: Last pingreq isn't acked
