mq-bench starting with run_id: auto
Writing CSV output to: artifacts/fanout_bursty_20260619_061808_mqtt_artemis_p64_s1000_u10_bursty/fanout_singlesite/sub_0_7.csv
2026-06-19T06:18:08.151870Z  INFO mq_bench::roles::subscriber: Starting subscriber engine=Mqtt key=topic_0 endpoint=None crash_enabled=false
2026-06-19T06:18:08.151920Z  INFO mq_bench::roles::subscriber: Connected via transport engine=Mqtt
2026-06-19T06:18:08.151959Z  INFO mq_bench::roles::subscriber: Subscribed to key expression key=topic_0
2026-06-19T06:18:14.819899Z  INFO mq_bench::roles::subscriber: Starting subscriber engine=Mqtt key=topic_0 endpoint=None crash_enabled=false
2026-06-19T06:18:14.820005Z  INFO mq_bench::roles::subscriber: Connected via transport engine=Mqtt
2026-06-19T06:18:14.820064Z  INFO mq_bench::roles::subscriber: Subscribed to key expression key=topic_0
2026-06-19T06:18:21.488072Z  INFO mq_bench::roles::subscriber: Starting subscriber engine=Mqtt key=topic_0 endpoint=None crash_enabled=false
2026-06-19T06:18:21.488179Z  INFO mq_bench::roles::subscriber: Connected via transport engine=Mqtt
2026-06-19T06:18:21.488270Z  INFO mq_bench::roles::subscriber: Subscribed to key expression key=topic_0
2026-06-19T06:18:28.155632Z  INFO mq_bench::roles::subscriber: Starting subscriber engine=Mqtt key=topic_0 endpoint=None crash_enabled=false
2026-06-19T06:18:28.155734Z  INFO mq_bench::roles::subscriber: Connected via transport engine=Mqtt
2026-06-19T06:18:28.155795Z  INFO mq_bench::roles::subscriber: Subscribed to key expression key=topic_0
2026-06-19T06:18:34.822814Z  INFO mq_bench::roles::subscriber: Starting subscriber engine=Mqtt key=topic_0 endpoint=None crash_enabled=false
2026-06-19T06:18:34.822856Z  INFO mq_bench::roles::subscriber: Connected via transport engine=Mqtt
2026-06-19T06:18:34.822943Z  INFO mq_bench::roles::subscriber: Subscribed to key expression key=topic_0
2026-06-19T06:18:41.491318Z  INFO mq_bench::roles::subscriber: Starting subscriber engine=Mqtt key=topic_0 endpoint=None crash_enabled=false
2026-06-19T06:18:41.491367Z  INFO mq_bench::roles::subscriber: Connected via transport engine=Mqtt
2026-06-19T06:18:41.491433Z  INFO mq_bench::roles::subscriber: Subscribed to key expression key=topic_0
2026-06-19T06:18:48.159097Z  INFO mq_bench::roles::subscriber: Starting subscriber engine=Mqtt key=topic_0 endpoint=None crash_enabled=false
2026-06-19T06:18:48.159152Z  INFO mq_bench::roles::subscriber: Connected via transport engine=Mqtt
2026-06-19T06:18:48.159265Z  INFO mq_bench::roles::subscriber: Subscribed to key expression key=topic_0
2026-06-19T06:18:54.827288Z  INFO mq_bench::roles::subscriber: Starting subscriber engine=Mqtt key=topic_0 endpoint=None crash_enabled=false
2026-06-19T06:18:54.827359Z  INFO mq_bench::roles::subscriber: Connected via transport engine=Mqtt
2026-06-19T06:18:54.827434Z  INFO mq_bench::roles::subscriber: Subscribed to key expression key=topic_0
2026-06-19T06:19:01.494854Z  INFO mq_bench::roles::subscriber: Starting subscriber engine=Mqtt key=topic_0 endpoint=None crash_enabled=false
2026-06-19T06:19:01.494934Z  INFO mq_bench::roles::subscriber: Connected via transport engine=Mqtt
2026-06-19T06:19:01.495020Z  INFO mq_bench::roles::subscriber: Subscribed to key expression key=topic_0
2026-06-19T06:19:08.162630Z  INFO mq_bench::roles::subscriber: Starting subscriber engine=Mqtt key=topic_0 endpoint=None crash_enabled=false
2026-06-19T06:19:08.162676Z  INFO mq_bench::roles::subscriber: Connected via transport engine=Mqtt
2026-06-19T06:19:08.162747Z  INFO mq_bench::roles::subscriber: Subscribed to key expression key=topic_0
2026-06-19T06:30:28.190016Z  WARN mq_bench::transport::mqtt: MQTT subscription eventloop error; continuing poll loop client_id=sub-mqb-5bfe0fc8e69e3803-876673538122481489abcc41f7021ee4 error=Mqtt state: Last pingreq isn't acked
2026-06-19T06:30:34.192556Z  WARN mq_bench::transport::mqtt: MQTT subscription eventloop error; continuing poll loop client_id=sub-mqb-5bfe0fc8e69e3803-876673538122481489abcc41f7021ee4 error=Network timeout
2026-06-19T06:30:38.198971Z  WARN mq_bench::transport::mqtt: MQTT subscription eventloop error; continuing poll loop client_id=sub-mqb-5bfe0fc8e69e3803-9a0103e7189a4ee28e6c1c9e82165990 error=Mqtt state: Last pingreq isn't acked
2026-06-19T06:30:38.930528Z  WARN mq_bench::transport::mqtt: MQTT subscription eventloop error; continuing poll loop client_id=sub-mqb-5bfe0fc8e69e3803-2498535a78cb4dae983f0007a082b407 error=Mqtt state: Last pingreq isn't acked
2026-06-19T06:30:40.194905Z  WARN mq_bench::transport::mqtt: MQTT subscription eventloop error; continuing poll loop client_id=sub-mqb-5bfe0fc8e69e3803-876673538122481489abcc41f7021ee4 error=Network timeout
2026-06-19T06:30:44.200913Z  WARN mq_bench::transport::mqtt: MQTT subscription eventloop error; continuing poll loop client_id=sub-mqb-5bfe0fc8e69e3803-9a0103e7189a4ee28e6c1c9e82165990 error=Network timeout
2026-06-19T06:30:44.873127Z  WARN mq_bench::transport::mqtt: MQTT subscription eventloop error; continuing poll loop client_id=sub-mqb-5bfe0fc8e69e3803-6a82b8f9936143818e8cdb251499f8b8 error=Mqtt state: Last pingreq isn't acked
2026-06-19T06:30:44.933486Z  WARN mq_bench::transport::mqtt: MQTT subscription eventloop error; continuing poll loop client_id=sub-mqb-5bfe0fc8e69e3803-2498535a78cb4dae983f0007a082b407 error=Network timeout
2026-06-19T06:30:46.197368Z  WARN mq_bench::transport::mqtt: MQTT subscription eventloop error; continuing poll loop client_id=sub-mqb-5bfe0fc8e69e3803-876673538122481489abcc41f7021ee4 error=Network timeout
2026-06-19T06:30:48.188006Z  WARN mq_bench::transport::mqtt: MQTT subscription eventloop error; continuing poll loop client_id=sub-mqb-5bfe0fc8e69e3803-4e5c40abcb6d4e0d9659cc9a5aac38da error=Mqtt state: Last pingreq isn't acked
2026-06-19T06:30:50.202887Z  WARN mq_bench::transport::mqtt: MQTT subscription eventloop error; continuing poll loop client_id=sub-mqb-5bfe0fc8e69e3803-9a0103e7189a4ee28e6c1c9e82165990 error=Network timeout
2026-06-19T06:30:50.875043Z  WARN mq_bench::transport::mqtt: MQTT subscription eventloop error; continuing poll loop client_id=sub-mqb-5bfe0fc8e69e3803-6a82b8f9936143818e8cdb251499f8b8 error=Network timeout
2026-06-19T06:30:50.936406Z  WARN mq_bench::transport::mqtt: MQTT subscription eventloop error; continuing poll loop client_id=sub-mqb-5bfe0fc8e69e3803-2498535a78cb4dae983f0007a082b407 error=Network timeout
2026-06-19T06:30:52.199465Z  WARN mq_bench::transport::mqtt: MQTT subscription eventloop error; continuing poll loop client_id=sub-mqb-5bfe0fc8e69e3803-876673538122481489abcc41f7021ee4 error=Network timeout
2026-06-19T06:30:54.190021Z  WARN mq_bench::transport::mqtt: MQTT subscription eventloop error; continuing poll loop client_id=sub-mqb-5bfe0fc8e69e3803-4e5c40abcb6d4e0d9659cc9a5aac38da error=Network timeout
2026-06-19T06:30:54.860403Z  WARN mq_bench::transport::mqtt: MQTT subscription eventloop error; continuing poll loop client_id=sub-mqb-5bfe0fc8e69e3803-28c5affe023041abb8c9e5a14b5c6efd error=Mqtt state: Last pingreq isn't acked
2026-06-19T06:30:56.205350Z  WARN mq_bench::transport::mqtt: MQTT subscription eventloop error; continuing poll loop client_id=sub-mqb-5bfe0fc8e69e3803-9a0103e7189a4ee28e6c1c9e82165990 error=Network timeout
2026-06-19T06:30:56.876662Z  WARN mq_bench::transport::mqtt: MQTT subscription eventloop error; continuing poll loop client_id=sub-mqb-5bfe0fc8e69e3803-6a82b8f9936143818e8cdb251499f8b8 error=Network timeout
2026-06-19T06:30:56.940026Z  WARN mq_bench::transport::mqtt: MQTT subscription eventloop error; continuing poll loop client_id=sub-mqb-5bfe0fc8e69e3803-2498535a78cb4dae983f0007a082b407 error=Network timeout
2026-06-19T06:30:58.201966Z  WARN mq_bench::transport::mqtt: MQTT subscription eventloop error; continuing poll loop client_id=sub-mqb-5bfe0fc8e69e3803-876673538122481489abcc41f7021ee4 error=Network timeout
2026-06-19T06:31:00.191612Z  WARN mq_bench::transport::mqtt: MQTT subscription eventloop error; continuing poll loop client_id=sub-mqb-5bfe0fc8e69e3803-4e5c40abcb6d4e0d9659cc9a5aac38da error=Network timeout
2026-06-19T06:31:00.862858Z  WARN mq_bench::transport::mqtt: MQTT subscription eventloop error; continuing poll loop client_id=sub-mqb-5bfe0fc8e69e3803-28c5affe023041abb8c9e5a14b5c6efd error=Network timeout
2026-06-19T06:31:01.525865Z  WARN mq_bench::transport::mqtt: MQTT subscription eventloop error; continuing poll loop client_id=sub-mqb-5bfe0fc8e69e3803-d229717f6a10432cb23c8d648f4274c2 error=Mqtt state: Last pingreq isn't acked
2026-06-19T06:31:02.206891Z  WARN mq_bench::transport::mqtt: MQTT subscription eventloop error; continuing poll loop client_id=sub-mqb-5bfe0fc8e69e3803-9a0103e7189a4ee28e6c1c9e82165990 error=Network timeout
2026-06-19T06:31:02.879520Z  WARN mq_bench::transport::mqtt: MQTT subscription eventloop error; continuing poll loop client_id=sub-mqb-5bfe0fc8e69e3803-6a82b8f9936143818e8cdb251499f8b8 error=Network timeout
2026-06-19T06:31:02.941882Z  WARN mq_bench::transport::mqtt: MQTT subscription eventloop error; continuing poll loop client_id=sub-mqb-5bfe0fc8e69e3803-2498535a78cb4dae983f0007a082b407 error=Network timeout
2026-06-19T06:31:04.203860Z  WARN mq_bench::transport::mqtt: MQTT subscription eventloop error; continuing poll loop client_id=sub-mqb-5bfe0fc8e69e3803-876673538122481489abcc41f7021ee4 error=Network timeout
2026-06-19T06:31:04.907267Z  WARN mq_bench::transport::mqtt: MQTT subscription eventloop error; continuing poll loop client_id=sub-mqb-5bfe0fc8e69e3803-1c7332768e434106ba3a4e5748f52bd0 error=Mqtt state: Last pingreq isn't acked
2026-06-19T06:31:06.194194Z  WARN mq_bench::transport::mqtt: MQTT subscription eventloop error; continuing poll loop client_id=sub-mqb-5bfe0fc8e69e3803-4e5c40abcb6d4e0d9659cc9a5aac38da error=Network timeout
2026-06-19T06:31:06.865506Z  WARN mq_bench::transport::mqtt: MQTT subscription eventloop error; continuing poll loop client_id=sub-mqb-5bfe0fc8e69e3803-28c5affe023041abb8c9e5a14b5c6efd error=Network timeout
2026-06-19T06:31:07.528452Z  WARN mq_bench::transport::mqtt: MQTT subscription eventloop error; continuing poll loop client_id=sub-mqb-5bfe0fc8e69e3803-d229717f6a10432cb23c8d648f4274c2 error=Network timeout
2026-06-19T06:31:08.209353Z  WARN mq_bench::transport::mqtt: MQTT subscription eventloop error; continuing poll loop client_id=sub-mqb-5bfe0fc8e69e3803-9a0103e7189a4ee28e6c1c9e82165990 error=Network timeout
2026-06-19T06:31:08.882028Z  WARN mq_bench::transport::mqtt: MQTT subscription eventloop error; continuing poll loop client_id=sub-mqb-5bfe0fc8e69e3803-6a82b8f9936143818e8cdb251499f8b8 error=Network timeout
2026-06-19T06:31:08.944323Z  WARN mq_bench::transport::mqtt: MQTT subscription eventloop error; continuing poll loop client_id=sub-mqb-5bfe0fc8e69e3803-2498535a78cb4dae983f0007a082b407 error=Network timeout
2026-06-19T06:31:10.205986Z  WARN mq_bench::transport::mqtt: MQTT subscription eventloop error; continuing poll loop client_id=sub-mqb-5bfe0fc8e69e3803-876673538122481489abcc41f7021ee4 error=Network timeout
2026-06-19T06:31:10.909290Z  WARN mq_bench::transport::mqtt: MQTT subscription eventloop error; continuing poll loop client_id=sub-mqb-5bfe0fc8e69e3803-1c7332768e434106ba3a4e5748f52bd0 error=Network timeout
2026-06-19T06:31:11.525375Z  WARN mq_bench::transport::mqtt: MQTT subscription eventloop error; continuing poll loop client_id=sub-mqb-5bfe0fc8e69e3803-7db867c4d38741f2a0822edc97f8e012 error=Mqtt state: Last pingreq isn't acked
2026-06-19T06:31:12.196355Z  WARN mq_bench::transport::mqtt: MQTT subscription eventloop error; continuing poll loop client_id=sub-mqb-5bfe0fc8e69e3803-4e5c40abcb6d4e0d9659cc9a5aac38da error=Network timeout
