mq-bench starting with run_id: auto
Writing CSV output to: artifacts/fanout_bursty_20260619_061808_mqtt_artemis_p64_s1000_u10_bursty/fanout_singlesite/sub_4_0.csv
2026-06-19T06:18:08.276710Z  INFO mq_bench::roles::subscriber: Starting subscriber engine=Mqtt key=topic_4 endpoint=None crash_enabled=false
2026-06-19T06:18:08.276772Z  INFO mq_bench::roles::subscriber: Connected via transport engine=Mqtt
2026-06-19T06:18:08.276808Z  INFO mq_bench::roles::subscriber: Subscribed to key expression key=topic_4
2026-06-19T06:18:14.944133Z  INFO mq_bench::roles::subscriber: Starting subscriber engine=Mqtt key=topic_4 endpoint=None crash_enabled=false
2026-06-19T06:18:14.944237Z  INFO mq_bench::roles::subscriber: Connected via transport engine=Mqtt
2026-06-19T06:18:14.944313Z  INFO mq_bench::roles::subscriber: Subscribed to key expression key=topic_4
2026-06-19T06:18:21.611953Z  INFO mq_bench::roles::subscriber: Starting subscriber engine=Mqtt key=topic_4 endpoint=None crash_enabled=false
2026-06-19T06:18:21.612067Z  INFO mq_bench::roles::subscriber: Connected via transport engine=Mqtt
2026-06-19T06:18:21.612138Z  INFO mq_bench::roles::subscriber: Subscribed to key expression key=topic_4
2026-06-19T06:18:28.279458Z  INFO mq_bench::roles::subscriber: Starting subscriber engine=Mqtt key=topic_4 endpoint=None crash_enabled=false
2026-06-19T06:18:28.279514Z  INFO mq_bench::roles::subscriber: Connected via transport engine=Mqtt
2026-06-19T06:18:28.279587Z  INFO mq_bench::roles::subscriber: Subscribed to key expression key=topic_4
2026-06-19T06:18:34.947508Z  INFO mq_bench::roles::subscriber: Starting subscriber engine=Mqtt key=topic_4 endpoint=None crash_enabled=false
2026-06-19T06:18:34.947619Z  INFO mq_bench::roles::subscriber: Connected via transport engine=Mqtt
2026-06-19T06:18:34.947698Z  INFO mq_bench::roles::subscriber: Subscribed to key expression key=topic_4
2026-06-19T06:18:41.615398Z  INFO mq_bench::roles::subscriber: Starting subscriber engine=Mqtt key=topic_4 endpoint=None crash_enabled=false
2026-06-19T06:18:41.615458Z  INFO mq_bench::roles::subscriber: Connected via transport engine=Mqtt
2026-06-19T06:18:41.615543Z  INFO mq_bench::roles::subscriber: Subscribed to key expression key=topic_4
2026-06-19T06:18:48.283663Z  INFO mq_bench::roles::subscriber: Starting subscriber engine=Mqtt key=topic_4 endpoint=None crash_enabled=false
2026-06-19T06:18:48.283724Z  INFO mq_bench::roles::subscriber: Connected via transport engine=Mqtt
2026-06-19T06:18:48.283812Z  INFO mq_bench::roles::subscriber: Subscribed to key expression key=topic_4
2026-06-19T06:18:54.951261Z  INFO mq_bench::roles::subscriber: Starting subscriber engine=Mqtt key=topic_4 endpoint=None crash_enabled=false
2026-06-19T06:18:54.951347Z  INFO mq_bench::roles::subscriber: Connected via transport engine=Mqtt
2026-06-19T06:18:54.951428Z  INFO mq_bench::roles::subscriber: Subscribed to key expression key=topic_4
2026-06-19T06:19:01.618380Z  INFO mq_bench::roles::subscriber: Starting subscriber engine=Mqtt key=topic_4 endpoint=None crash_enabled=false
2026-06-19T06:19:01.618466Z  INFO mq_bench::roles::subscriber: Connected via transport engine=Mqtt
2026-06-19T06:19:01.618550Z  INFO mq_bench::roles::subscriber: Subscribed to key expression key=topic_4
2026-06-19T06:19:08.286795Z  INFO mq_bench::roles::subscriber: Starting subscriber engine=Mqtt key=topic_4 endpoint=None crash_enabled=false
2026-06-19T06:19:08.286855Z  INFO mq_bench::roles::subscriber: Connected via transport engine=Mqtt
2026-06-19T06:19:08.286942Z  INFO mq_bench::roles::subscriber: Subscribed to key expression key=topic_4
2026-06-19T06:30:31.650384Z  WARN mq_bench::transport::mqtt: MQTT subscription eventloop error; continuing poll loop client_id=sub-mqb-5bfe13c8e69e3ecf-d76a5e69952b4160a2286c3a486f5fc9 error=Mqtt state: Last pingreq isn't acked
2026-06-19T06:30:34.979438Z  WARN mq_bench::transport::mqtt: MQTT subscription eventloop error; continuing poll loop client_id=sub-mqb-5bfe13c8e69e3ecf-d42eaeac5f4d47f88d139a0ddf9bce09 error=Mqtt state: Last pingreq isn't acked
2026-06-19T06:30:37.652483Z  WARN mq_bench::transport::mqtt: MQTT subscription eventloop error; continuing poll loop client_id=sub-mqb-5bfe13c8e69e3ecf-d76a5e69952b4160a2286c3a486f5fc9 error=Network timeout
2026-06-19T06:30:38.313179Z  WARN mq_bench::transport::mqtt: MQTT subscription eventloop error; continuing poll loop client_id=sub-mqb-5bfe13c8e69e3ecf-9b6f147269ac4934bf70226a4e7789cc error=Mqtt state: Last pingreq isn't acked
2026-06-19T06:30:39.167324Z  WARN mq_bench::transport::mqtt: MQTT subscription eventloop error; continuing poll loop client_id=sub-mqb-5bfe13c8e69e3ecf-5311b3a207d1466a9ca92ccdf498f1d5 error=Mqtt state: Last pingreq isn't acked
2026-06-19T06:30:40.981759Z  WARN mq_bench::transport::mqtt: MQTT subscription eventloop error; continuing poll loop client_id=sub-mqb-5bfe13c8e69e3ecf-d42eaeac5f4d47f88d139a0ddf9bce09 error=Network timeout
2026-06-19T06:30:43.654585Z  WARN mq_bench::transport::mqtt: MQTT subscription eventloop error; continuing poll loop client_id=sub-mqb-5bfe13c8e69e3ecf-d76a5e69952b4160a2286c3a486f5fc9 error=Network timeout
2026-06-19T06:30:44.315177Z  WARN mq_bench::transport::mqtt: MQTT subscription eventloop error; continuing poll loop client_id=sub-mqb-5bfe13c8e69e3ecf-9b6f147269ac4934bf70226a4e7789cc error=Network timeout
2026-06-19T06:30:44.995749Z  WARN mq_bench::transport::mqtt: MQTT subscription eventloop error; continuing poll loop client_id=sub-mqb-5bfe13c8e69e3ecf-462d1852994c42b7b32a46c625f797ae error=Mqtt state: Last pingreq isn't acked
2026-06-19T06:30:45.169417Z  WARN mq_bench::transport::mqtt: MQTT subscription eventloop error; continuing poll loop client_id=sub-mqb-5bfe13c8e69e3ecf-5311b3a207d1466a9ca92ccdf498f1d5 error=Network timeout
2026-06-19T06:30:46.983894Z  WARN mq_bench::transport::mqtt: MQTT subscription eventloop error; continuing poll loop client_id=sub-mqb-5bfe13c8e69e3ecf-d42eaeac5f4d47f88d139a0ddf9bce09 error=Network timeout
2026-06-19T06:30:48.314016Z  WARN mq_bench::transport::mqtt: MQTT subscription eventloop error; continuing poll loop client_id=sub-mqb-5bfe13c8e69e3ecf-83508c914f3f400ca87bf74da5c58c55 error=Mqtt state: Last pingreq isn't acked
2026-06-19T06:30:49.657030Z  WARN mq_bench::transport::mqtt: MQTT subscription eventloop error; continuing poll loop client_id=sub-mqb-5bfe13c8e69e3ecf-d76a5e69952b4160a2286c3a486f5fc9 error=Network timeout
2026-06-19T06:30:50.317574Z  WARN mq_bench::transport::mqtt: MQTT subscription eventloop error; continuing poll loop client_id=sub-mqb-5bfe13c8e69e3ecf-9b6f147269ac4934bf70226a4e7789cc error=Network timeout
2026-06-19T06:30:50.997158Z  WARN mq_bench::transport::mqtt: MQTT subscription eventloop error; continuing poll loop client_id=sub-mqb-5bfe13c8e69e3ecf-462d1852994c42b7b32a46c625f797ae error=Network timeout
2026-06-19T06:30:51.171868Z  WARN mq_bench::transport::mqtt: MQTT subscription eventloop error; continuing poll loop client_id=sub-mqb-5bfe13c8e69e3ecf-5311b3a207d1466a9ca92ccdf498f1d5 error=Network timeout
2026-06-19T06:30:51.642185Z  WARN mq_bench::transport::mqtt: MQTT subscription eventloop error; continuing poll loop client_id=sub-mqb-5bfe13c8e69e3ecf-adc6f03b027a4f28bfc4e28fae82ab88 error=Mqtt state: Last pingreq isn't acked
2026-06-19T06:30:52.986990Z  WARN mq_bench::transport::mqtt: MQTT subscription eventloop error; continuing poll loop client_id=sub-mqb-5bfe13c8e69e3ecf-d42eaeac5f4d47f88d139a0ddf9bce09 error=Network timeout
2026-06-19T06:30:54.316262Z  WARN mq_bench::transport::mqtt: MQTT subscription eventloop error; continuing poll loop client_id=sub-mqb-5bfe13c8e69e3ecf-83508c914f3f400ca87bf74da5c58c55 error=Network timeout
2026-06-19T06:30:54.981628Z  WARN mq_bench::transport::mqtt: MQTT subscription eventloop error; continuing poll loop client_id=sub-mqb-5bfe13c8e69e3ecf-ba8e57190b324c63a8579e49662432a6 error=Mqtt state: Last pingreq isn't acked
2026-06-19T06:30:55.659524Z  WARN mq_bench::transport::mqtt: MQTT subscription eventloop error; continuing poll loop client_id=sub-mqb-5bfe13c8e69e3ecf-d76a5e69952b4160a2286c3a486f5fc9 error=Network timeout
2026-06-19T06:30:56.319409Z  WARN mq_bench::transport::mqtt: MQTT subscription eventloop error; continuing poll loop client_id=sub-mqb-5bfe13c8e69e3ecf-9b6f147269ac4934bf70226a4e7789cc error=Network timeout
2026-06-19T06:30:57.000066Z  WARN mq_bench::transport::mqtt: MQTT subscription eventloop error; continuing poll loop client_id=sub-mqb-5bfe13c8e69e3ecf-462d1852994c42b7b32a46c625f797ae error=Network timeout
2026-06-19T06:30:57.173688Z  WARN mq_bench::transport::mqtt: MQTT subscription eventloop error; continuing poll loop client_id=sub-mqb-5bfe13c8e69e3ecf-5311b3a207d1466a9ca92ccdf498f1d5 error=Network timeout
2026-06-19T06:30:57.645101Z  WARN mq_bench::transport::mqtt: MQTT subscription eventloop error; continuing poll loop client_id=sub-mqb-5bfe13c8e69e3ecf-adc6f03b027a4f28bfc4e28fae82ab88 error=Network timeout
2026-06-19T06:30:58.311343Z  WARN mq_bench::transport::mqtt: MQTT subscription eventloop error; continuing poll loop client_id=sub-mqb-5bfe13c8e69e3ecf-b52a94516df44c49a9e264522164116c error=Mqtt state: Last pingreq isn't acked
2026-06-19T06:30:58.989976Z  WARN mq_bench::transport::mqtt: MQTT subscription eventloop error; continuing poll loop client_id=sub-mqb-5bfe13c8e69e3ecf-d42eaeac5f4d47f88d139a0ddf9bce09 error=Network timeout
2026-06-19T06:31:00.318621Z  WARN mq_bench::transport::mqtt: MQTT subscription eventloop error; continuing poll loop client_id=sub-mqb-5bfe13c8e69e3ecf-83508c914f3f400ca87bf74da5c58c55 error=Network timeout
2026-06-19T06:31:00.983889Z  WARN mq_bench::transport::mqtt: MQTT subscription eventloop error; continuing poll loop client_id=sub-mqb-5bfe13c8e69e3ecf-ba8e57190b324c63a8579e49662432a6 error=Network timeout
2026-06-19T06:31:01.661808Z  WARN mq_bench::transport::mqtt: MQTT subscription eventloop error; continuing poll loop client_id=sub-mqb-5bfe13c8e69e3ecf-d76a5e69952b4160a2286c3a486f5fc9 error=Network timeout
2026-06-19T06:31:02.321612Z  WARN mq_bench::transport::mqtt: MQTT subscription eventloop error; continuing poll loop client_id=sub-mqb-5bfe13c8e69e3ecf-9b6f147269ac4934bf70226a4e7789cc error=Network timeout
2026-06-19T06:31:03.002288Z  WARN mq_bench::transport::mqtt: MQTT subscription eventloop error; continuing poll loop client_id=sub-mqb-5bfe13c8e69e3ecf-462d1852994c42b7b32a46c625f797ae error=Network timeout
2026-06-19T06:31:03.175905Z  WARN mq_bench::transport::mqtt: MQTT subscription eventloop error; continuing poll loop client_id=sub-mqb-5bfe13c8e69e3ecf-5311b3a207d1466a9ca92ccdf498f1d5 error=Network timeout
2026-06-19T06:31:03.647352Z  WARN mq_bench::transport::mqtt: MQTT subscription eventloop error; continuing poll loop client_id=sub-mqb-5bfe13c8e69e3ecf-adc6f03b027a4f28bfc4e28fae82ab88 error=Network timeout
2026-06-19T06:31:04.313629Z  WARN mq_bench::transport::mqtt: MQTT subscription eventloop error; continuing poll loop client_id=sub-mqb-5bfe13c8e69e3ecf-b52a94516df44c49a9e264522164116c error=Network timeout
2026-06-19T06:31:04.992153Z  WARN mq_bench::transport::mqtt: MQTT subscription eventloop error; continuing poll loop client_id=sub-mqb-5bfe13c8e69e3ecf-d42eaeac5f4d47f88d139a0ddf9bce09 error=Network timeout
2026-06-19T06:31:06.321009Z  WARN mq_bench::transport::mqtt: MQTT subscription eventloop error; continuing poll loop client_id=sub-mqb-5bfe13c8e69e3ecf-83508c914f3f400ca87bf74da5c58c55 error=Network timeout
2026-06-19T06:31:06.986282Z  WARN mq_bench::transport::mqtt: MQTT subscription eventloop error; continuing poll loop client_id=sub-mqb-5bfe13c8e69e3ecf-ba8e57190b324c63a8579e49662432a6 error=Network timeout
2026-06-19T06:31:07.663189Z  WARN mq_bench::transport::mqtt: MQTT subscription eventloop error; continuing poll loop client_id=sub-mqb-5bfe13c8e69e3ecf-d76a5e69952b4160a2286c3a486f5fc9 error=Network timeout
2026-06-19T06:31:08.324016Z  WARN mq_bench::transport::mqtt: MQTT subscription eventloop error; continuing poll loop client_id=sub-mqb-5bfe13c8e69e3ecf-9b6f147269ac4934bf70226a4e7789cc error=Network timeout
2026-06-19T06:31:09.004622Z  WARN mq_bench::transport::mqtt: MQTT subscription eventloop error; continuing poll loop client_id=sub-mqb-5bfe13c8e69e3ecf-462d1852994c42b7b32a46c625f797ae error=Network timeout
2026-06-19T06:31:09.178295Z  WARN mq_bench::transport::mqtt: MQTT subscription eventloop error; continuing poll loop client_id=sub-mqb-5bfe13c8e69e3ecf-5311b3a207d1466a9ca92ccdf498f1d5 error=Network timeout
2026-06-19T06:31:09.649634Z  WARN mq_bench::transport::mqtt: MQTT subscription eventloop error; continuing poll loop client_id=sub-mqb-5bfe13c8e69e3ecf-adc6f03b027a4f28bfc4e28fae82ab88 error=Network timeout
2026-06-19T06:31:10.315888Z  WARN mq_bench::transport::mqtt: MQTT subscription eventloop error; continuing poll loop client_id=sub-mqb-5bfe13c8e69e3ecf-b52a94516df44c49a9e264522164116c error=Network timeout
2026-06-19T06:31:10.994485Z  WARN mq_bench::transport::mqtt: MQTT subscription eventloop error; continuing poll loop client_id=sub-mqb-5bfe13c8e69e3ecf-d42eaeac5f4d47f88d139a0ddf9bce09 error=Network timeout
2026-06-19T06:31:11.645359Z  WARN mq_bench::transport::mqtt: MQTT subscription eventloop error; continuing poll loop client_id=sub-mqb-5bfe13c8e69e3ecf-942645d330604c1ba5163d8eeee16208 error=Mqtt state: Last pingreq isn't acked
2026-06-19T06:31:12.323235Z  WARN mq_bench::transport::mqtt: MQTT subscription eventloop error; continuing poll loop client_id=sub-mqb-5bfe13c8e69e3ecf-83508c914f3f400ca87bf74da5c58c55 error=Network timeout
