mq-bench starting with run_id: auto
Writing CSV output to: artifacts/fanout_bursty_20260619_061808_mqtt_artemis_p64_s1000_u10_bursty/fanout_singlesite/sub_8_2.csv
2026-06-19T06:18:08.440504Z  INFO mq_bench::roles::subscriber: Starting subscriber engine=Mqtt key=topic_8 endpoint=None crash_enabled=false
2026-06-19T06:18:08.440549Z  INFO mq_bench::roles::subscriber: Connected via transport engine=Mqtt
2026-06-19T06:18:08.440596Z  INFO mq_bench::roles::subscriber: Subscribed to key expression key=topic_8
2026-06-19T06:18:15.107974Z  INFO mq_bench::roles::subscriber: Starting subscriber engine=Mqtt key=topic_8 endpoint=None crash_enabled=false
2026-06-19T06:18:15.108032Z  INFO mq_bench::roles::subscriber: Connected via transport engine=Mqtt
2026-06-19T06:18:15.108099Z  INFO mq_bench::roles::subscriber: Subscribed to key expression key=topic_8
2026-06-19T06:18:21.774887Z  INFO mq_bench::roles::subscriber: Starting subscriber engine=Mqtt key=topic_8 endpoint=None crash_enabled=false
2026-06-19T06:18:21.775001Z  INFO mq_bench::roles::subscriber: Connected via transport engine=Mqtt
2026-06-19T06:18:21.775070Z  INFO mq_bench::roles::subscriber: Subscribed to key expression key=topic_8
2026-06-19T06:18:28.441718Z  INFO mq_bench::roles::subscriber: Starting subscriber engine=Mqtt key=topic_8 endpoint=None crash_enabled=false
2026-06-19T06:18:28.441830Z  INFO mq_bench::roles::subscriber: Connected via transport engine=Mqtt
2026-06-19T06:18:28.441894Z  INFO mq_bench::roles::subscriber: Subscribed to key expression key=topic_8
2026-06-19T06:18:35.108997Z  INFO mq_bench::roles::subscriber: Starting subscriber engine=Mqtt key=topic_8 endpoint=None crash_enabled=false
2026-06-19T06:18:35.109062Z  INFO mq_bench::roles::subscriber: Connected via transport engine=Mqtt
2026-06-19T06:18:35.109151Z  INFO mq_bench::roles::subscriber: Subscribed to key expression key=topic_8
2026-06-19T06:18:41.777290Z  INFO mq_bench::roles::subscriber: Starting subscriber engine=Mqtt key=topic_8 endpoint=None crash_enabled=false
2026-06-19T06:18:41.777342Z  INFO mq_bench::roles::subscriber: Connected via transport engine=Mqtt
2026-06-19T06:18:41.777411Z  INFO mq_bench::roles::subscriber: Subscribed to key expression key=topic_8
2026-06-19T06:18:48.445422Z  INFO mq_bench::roles::subscriber: Starting subscriber engine=Mqtt key=topic_8 endpoint=None crash_enabled=false
2026-06-19T06:18:48.445484Z  INFO mq_bench::roles::subscriber: Connected via transport engine=Mqtt
2026-06-19T06:18:48.445577Z  INFO mq_bench::roles::subscriber: Subscribed to key expression key=topic_8
2026-06-19T06:18:55.112954Z  INFO mq_bench::roles::subscriber: Starting subscriber engine=Mqtt key=topic_8 endpoint=None crash_enabled=false
2026-06-19T06:18:55.113014Z  INFO mq_bench::roles::subscriber: Connected via transport engine=Mqtt
2026-06-19T06:18:55.113102Z  INFO mq_bench::roles::subscriber: Subscribed to key expression key=topic_8
2026-06-19T06:19:01.779923Z  INFO mq_bench::roles::subscriber: Starting subscriber engine=Mqtt key=topic_8 endpoint=None crash_enabled=false
2026-06-19T06:19:01.779985Z  INFO mq_bench::roles::subscriber: Connected via transport engine=Mqtt
2026-06-19T06:19:01.780076Z  INFO mq_bench::roles::subscriber: Subscribed to key expression key=topic_8
2026-06-19T06:19:08.447742Z  INFO mq_bench::roles::subscriber: Starting subscriber engine=Mqtt key=topic_8 endpoint=None crash_enabled=false
2026-06-19T06:19:08.447793Z  INFO mq_bench::roles::subscriber: Connected via transport engine=Mqtt
2026-06-19T06:19:08.447876Z  INFO mq_bench::roles::subscriber: Subscribed to key expression key=topic_8
2026-06-19T06:30:31.809595Z  WARN mq_bench::transport::mqtt: MQTT subscription eventloop error; continuing poll loop client_id=sub-mqb-5bfe17c8e69e459b-1984f8c9657e497995d67e89523c7208 error=Mqtt state: Last pingreq isn't acked
2026-06-19T06:30:37.812357Z  WARN mq_bench::transport::mqtt: MQTT subscription eventloop error; continuing poll loop client_id=sub-mqb-5bfe17c8e69e459b-1984f8c9657e497995d67e89523c7208 error=Network timeout
2026-06-19T06:30:38.477137Z  WARN mq_bench::transport::mqtt: MQTT subscription eventloop error; continuing poll loop client_id=sub-mqb-5bfe17c8e69e459b-9d40f540f87c49da986e114bf6f04037 error=Mqtt state: Last pingreq isn't acked
2026-06-19T06:30:39.295340Z  WARN mq_bench::transport::mqtt: MQTT subscription eventloop error; continuing poll loop client_id=sub-mqb-5bfe17c8e69e459b-bb031f67716e476aa4f3815bd89953b8 error=Mqtt state: Last pingreq isn't acked
2026-06-19T06:30:41.806346Z  WARN mq_bench::transport::mqtt: MQTT subscription eventloop error; continuing poll loop client_id=sub-mqb-5bfe17c8e69e459b-fae59096688c4981b3a0d861e5b6de72 error=Mqtt state: Last pingreq isn't acked
2026-06-19T06:30:43.813847Z  WARN mq_bench::transport::mqtt: MQTT subscription eventloop error; continuing poll loop client_id=sub-mqb-5bfe17c8e69e459b-1984f8c9657e497995d67e89523c7208 error=Network timeout
2026-06-19T06:30:44.479519Z  WARN mq_bench::transport::mqtt: MQTT subscription eventloop error; continuing poll loop client_id=sub-mqb-5bfe17c8e69e459b-9d40f540f87c49da986e114bf6f04037 error=Network timeout
2026-06-19T06:30:45.297717Z  WARN mq_bench::transport::mqtt: MQTT subscription eventloop error; continuing poll loop client_id=sub-mqb-5bfe17c8e69e459b-bb031f67716e476aa4f3815bd89953b8 error=Network timeout
2026-06-19T06:30:47.809538Z  WARN mq_bench::transport::mqtt: MQTT subscription eventloop error; continuing poll loop client_id=sub-mqb-5bfe17c8e69e459b-fae59096688c4981b3a0d861e5b6de72 error=Network timeout
2026-06-19T06:30:48.474151Z  WARN mq_bench::transport::mqtt: MQTT subscription eventloop error; continuing poll loop client_id=sub-mqb-5bfe17c8e69e459b-b6990286d0e74418a554554eb49dbbee error=Mqtt state: Last pingreq isn't acked
2026-06-19T06:30:49.816566Z  WARN mq_bench::transport::mqtt: MQTT subscription eventloop error; continuing poll loop client_id=sub-mqb-5bfe17c8e69e459b-1984f8c9657e497995d67e89523c7208 error=Network timeout
2026-06-19T06:30:50.481282Z  WARN mq_bench::transport::mqtt: MQTT subscription eventloop error; continuing poll loop client_id=sub-mqb-5bfe17c8e69e459b-9d40f540f87c49da986e114bf6f04037 error=Network timeout
2026-06-19T06:30:51.300280Z  WARN mq_bench::transport::mqtt: MQTT subscription eventloop error; continuing poll loop client_id=sub-mqb-5bfe17c8e69e459b-bb031f67716e476aa4f3815bd89953b8 error=Network timeout
2026-06-19T06:30:51.803745Z  WARN mq_bench::transport::mqtt: MQTT subscription eventloop error; continuing poll loop client_id=sub-mqb-5bfe17c8e69e459b-fbd03faac2504d35bfd660da899fffdd error=Mqtt state: Last pingreq isn't acked
2026-06-19T06:30:53.811601Z  WARN mq_bench::transport::mqtt: MQTT subscription eventloop error; continuing poll loop client_id=sub-mqb-5bfe17c8e69e459b-fae59096688c4981b3a0d861e5b6de72 error=Network timeout
2026-06-19T06:30:54.477118Z  WARN mq_bench::transport::mqtt: MQTT subscription eventloop error; continuing poll loop client_id=sub-mqb-5bfe17c8e69e459b-b6990286d0e74418a554554eb49dbbee error=Network timeout
2026-06-19T06:30:55.818586Z  WARN mq_bench::transport::mqtt: MQTT subscription eventloop error; continuing poll loop client_id=sub-mqb-5bfe17c8e69e459b-1984f8c9657e497995d67e89523c7208 error=Network timeout
2026-06-19T06:30:56.483284Z  WARN mq_bench::transport::mqtt: MQTT subscription eventloop error; continuing poll loop client_id=sub-mqb-5bfe17c8e69e459b-9d40f540f87c49da986e114bf6f04037 error=Network timeout
2026-06-19T06:30:57.302283Z  WARN mq_bench::transport::mqtt: MQTT subscription eventloop error; continuing poll loop client_id=sub-mqb-5bfe17c8e69e459b-bb031f67716e476aa4f3815bd89953b8 error=Network timeout
2026-06-19T06:30:57.806729Z  WARN mq_bench::transport::mqtt: MQTT subscription eventloop error; continuing poll loop client_id=sub-mqb-5bfe17c8e69e459b-fbd03faac2504d35bfd660da899fffdd error=Network timeout
2026-06-19T06:30:58.475737Z  WARN mq_bench::transport::mqtt: MQTT subscription eventloop error; continuing poll loop client_id=sub-mqb-5bfe17c8e69e459b-9ae9255a04884df8b9898cf6d7927d3c error=Mqtt state: Last pingreq isn't acked
2026-06-19T06:30:59.814072Z  WARN mq_bench::transport::mqtt: MQTT subscription eventloop error; continuing poll loop client_id=sub-mqb-5bfe17c8e69e459b-fae59096688c4981b3a0d861e5b6de72 error=Network timeout
2026-06-19T06:31:00.479863Z  WARN mq_bench::transport::mqtt: MQTT subscription eventloop error; continuing poll loop client_id=sub-mqb-5bfe17c8e69e459b-b6990286d0e74418a554554eb49dbbee error=Network timeout
2026-06-19T06:31:01.820125Z  WARN mq_bench::transport::mqtt: MQTT subscription eventloop error; continuing poll loop client_id=sub-mqb-5bfe17c8e69e459b-1984f8c9657e497995d67e89523c7208 error=Network timeout
2026-06-19T06:31:02.485710Z  WARN mq_bench::transport::mqtt: MQTT subscription eventloop error; continuing poll loop client_id=sub-mqb-5bfe17c8e69e459b-9d40f540f87c49da986e114bf6f04037 error=Network timeout
2026-06-19T06:31:03.304681Z  WARN mq_bench::transport::mqtt: MQTT subscription eventloop error; continuing poll loop client_id=sub-mqb-5bfe17c8e69e459b-bb031f67716e476aa4f3815bd89953b8 error=Network timeout
2026-06-19T06:31:03.809109Z  WARN mq_bench::transport::mqtt: MQTT subscription eventloop error; continuing poll loop client_id=sub-mqb-5bfe17c8e69e459b-fbd03faac2504d35bfd660da899fffdd error=Network timeout
2026-06-19T06:31:04.478054Z  WARN mq_bench::transport::mqtt: MQTT subscription eventloop error; continuing poll loop client_id=sub-mqb-5bfe17c8e69e459b-9ae9255a04884df8b9898cf6d7927d3c error=Network timeout
2026-06-19T06:31:05.138617Z  WARN mq_bench::transport::mqtt: MQTT subscription eventloop error; continuing poll loop client_id=sub-mqb-5bfe17c8e69e459b-562b52649da84ff9973787e730cdbde3 error=Mqtt state: Last pingreq isn't acked
2026-06-19T06:31:05.816453Z  WARN mq_bench::transport::mqtt: MQTT subscription eventloop error; continuing poll loop client_id=sub-mqb-5bfe17c8e69e459b-fae59096688c4981b3a0d861e5b6de72 error=Network timeout
2026-06-19T06:31:06.482472Z  WARN mq_bench::transport::mqtt: MQTT subscription eventloop error; continuing poll loop client_id=sub-mqb-5bfe17c8e69e459b-b6990286d0e74418a554554eb49dbbee error=Network timeout
2026-06-19T06:31:07.822751Z  WARN mq_bench::transport::mqtt: MQTT subscription eventloop error; continuing poll loop client_id=sub-mqb-5bfe17c8e69e459b-1984f8c9657e497995d67e89523c7208 error=Network timeout
2026-06-19T06:31:08.488523Z  WARN mq_bench::transport::mqtt: MQTT subscription eventloop error; continuing poll loop client_id=sub-mqb-5bfe17c8e69e459b-9d40f540f87c49da986e114bf6f04037 error=Network timeout
2026-06-19T06:31:09.307611Z  WARN mq_bench::transport::mqtt: MQTT subscription eventloop error; continuing poll loop client_id=sub-mqb-5bfe17c8e69e459b-bb031f67716e476aa4f3815bd89953b8 error=Network timeout
2026-06-19T06:31:09.811193Z  WARN mq_bench::transport::mqtt: MQTT subscription eventloop error; continuing poll loop client_id=sub-mqb-5bfe17c8e69e459b-fbd03faac2504d35bfd660da899fffdd error=Network timeout
2026-06-19T06:31:10.481173Z  WARN mq_bench::transport::mqtt: MQTT subscription eventloop error; continuing poll loop client_id=sub-mqb-5bfe17c8e69e459b-9ae9255a04884df8b9898cf6d7927d3c error=Network timeout
2026-06-19T06:31:11.141685Z  WARN mq_bench::transport::mqtt: MQTT subscription eventloop error; continuing poll loop client_id=sub-mqb-5bfe17c8e69e459b-562b52649da84ff9973787e730cdbde3 error=Network timeout
2026-06-19T06:31:11.818720Z  WARN mq_bench::transport::mqtt: MQTT subscription eventloop error; continuing poll loop client_id=sub-mqb-5bfe17c8e69e459b-fae59096688c4981b3a0d861e5b6de72 error=Network timeout
2026-06-19T06:31:12.484569Z  WARN mq_bench::transport::mqtt: MQTT subscription eventloop error; continuing poll loop client_id=sub-mqb-5bfe17c8e69e459b-b6990286d0e74418a554554eb49dbbee error=Network timeout
