mq-bench starting with run_id: auto
Writing CSV output to: artifacts/fanout_bursty_20260619_061808_mqtt_artemis_p64_s1000_u10_bursty/fanout_singlesite/sub_7_1.csv
2026-06-19T06:18:08.396910Z  INFO mq_bench::roles::subscriber: Starting subscriber engine=Mqtt key=topic_7 endpoint=None crash_enabled=false
2026-06-19T06:18:08.396952Z  INFO mq_bench::roles::subscriber: Connected via transport engine=Mqtt
2026-06-19T06:18:08.396989Z  INFO mq_bench::roles::subscriber: Subscribed to key expression key=topic_7
2026-06-19T06:18:15.065464Z  INFO mq_bench::roles::subscriber: Starting subscriber engine=Mqtt key=topic_7 endpoint=None crash_enabled=false
2026-06-19T06:18:15.065532Z  INFO mq_bench::roles::subscriber: Connected via transport engine=Mqtt
2026-06-19T06:18:15.065600Z  INFO mq_bench::roles::subscriber: Subscribed to key expression key=topic_7
2026-06-19T06:18:21.732769Z  INFO mq_bench::roles::subscriber: Starting subscriber engine=Mqtt key=topic_7 endpoint=None crash_enabled=false
2026-06-19T06:18:21.732877Z  INFO mq_bench::roles::subscriber: Connected via transport engine=Mqtt
2026-06-19T06:18:21.732947Z  INFO mq_bench::roles::subscriber: Subscribed to key expression key=topic_7
2026-06-19T06:18:28.400480Z  INFO mq_bench::roles::subscriber: Starting subscriber engine=Mqtt key=topic_7 endpoint=None crash_enabled=false
2026-06-19T06:18:28.400536Z  INFO mq_bench::roles::subscriber: Connected via transport engine=Mqtt
2026-06-19T06:18:28.400609Z  INFO mq_bench::roles::subscriber: Subscribed to key expression key=topic_7
2026-06-19T06:18:35.067947Z  INFO mq_bench::roles::subscriber: Starting subscriber engine=Mqtt key=topic_7 endpoint=None crash_enabled=false
2026-06-19T06:18:35.067998Z  INFO mq_bench::roles::subscriber: Connected via transport engine=Mqtt
2026-06-19T06:18:35.068101Z  INFO mq_bench::roles::subscriber: Subscribed to key expression key=topic_7
2026-06-19T06:18:41.735461Z  INFO mq_bench::roles::subscriber: Starting subscriber engine=Mqtt key=topic_7 endpoint=None crash_enabled=false
2026-06-19T06:18:41.735562Z  INFO mq_bench::roles::subscriber: Connected via transport engine=Mqtt
2026-06-19T06:18:41.735633Z  INFO mq_bench::roles::subscriber: Subscribed to key expression key=topic_7
2026-06-19T06:18:48.402724Z  INFO mq_bench::roles::subscriber: Starting subscriber engine=Mqtt key=topic_7 endpoint=None crash_enabled=false
2026-06-19T06:18:48.402790Z  INFO mq_bench::roles::subscriber: Connected via transport engine=Mqtt
2026-06-19T06:18:48.402872Z  INFO mq_bench::roles::subscriber: Subscribed to key expression key=topic_7
2026-06-19T06:18:55.070809Z  INFO mq_bench::roles::subscriber: Starting subscriber engine=Mqtt key=topic_7 endpoint=None crash_enabled=false
2026-06-19T06:18:55.070882Z  INFO mq_bench::roles::subscriber: Connected via transport engine=Mqtt
2026-06-19T06:18:55.070963Z  INFO mq_bench::roles::subscriber: Subscribed to key expression key=topic_7
2026-06-19T06:19:01.739190Z  INFO mq_bench::roles::subscriber: Starting subscriber engine=Mqtt key=topic_7 endpoint=None crash_enabled=false
2026-06-19T06:19:01.739277Z  INFO mq_bench::roles::subscriber: Connected via transport engine=Mqtt
2026-06-19T06:19:01.739370Z  INFO mq_bench::roles::subscriber: Subscribed to key expression key=topic_7
2026-06-19T06:19:08.407017Z  INFO mq_bench::roles::subscriber: Starting subscriber engine=Mqtt key=topic_7 endpoint=None crash_enabled=false
2026-06-19T06:19:08.407076Z  INFO mq_bench::roles::subscriber: Connected via transport engine=Mqtt
2026-06-19T06:19:08.407158Z  INFO mq_bench::roles::subscriber: Subscribed to key expression key=topic_7
2026-06-19T06:30:31.770127Z  WARN mq_bench::transport::mqtt: MQTT subscription eventloop error; continuing poll loop client_id=sub-mqb-5bfe14c8e69e4082-4473e9384aeb497fad7faf6846e7dc64 error=Mqtt state: Last pingreq isn't acked
2026-06-19T06:30:37.772054Z  WARN mq_bench::transport::mqtt: MQTT subscription eventloop error; continuing poll loop client_id=sub-mqb-5bfe14c8e69e4082-4473e9384aeb497fad7faf6846e7dc64 error=Network timeout
2026-06-19T06:30:41.764433Z  WARN mq_bench::transport::mqtt: MQTT subscription eventloop error; continuing poll loop client_id=sub-mqb-5bfe14c8e69e4082-3d26ed65d7a848aa95aeb702e6dac877 error=Mqtt state: Last pingreq isn't acked
2026-06-19T06:30:43.773754Z  WARN mq_bench::transport::mqtt: MQTT subscription eventloop error; continuing poll loop client_id=sub-mqb-5bfe14c8e69e4082-4473e9384aeb497fad7faf6846e7dc64 error=Network timeout
2026-06-19T06:30:47.766554Z  WARN mq_bench::transport::mqtt: MQTT subscription eventloop error; continuing poll loop client_id=sub-mqb-5bfe14c8e69e4082-3d26ed65d7a848aa95aeb702e6dac877 error=Network timeout
2026-06-19T06:30:48.430785Z  WARN mq_bench::transport::mqtt: MQTT subscription eventloop error; continuing poll loop client_id=sub-mqb-5bfe14c8e69e4082-4385776a56d24f19b0a21f38eb956a2c error=Mqtt state: Last pingreq isn't acked
2026-06-19T06:30:49.775997Z  WARN mq_bench::transport::mqtt: MQTT subscription eventloop error; continuing poll loop client_id=sub-mqb-5bfe14c8e69e4082-4473e9384aeb497fad7faf6846e7dc64 error=Network timeout
2026-06-19T06:30:51.766670Z  WARN mq_bench::transport::mqtt: MQTT subscription eventloop error; continuing poll loop client_id=sub-mqb-5bfe14c8e69e4082-7c6d74f42b0f4a2ca31fbc1441c92a6a error=Mqtt state: Last pingreq isn't acked
2026-06-19T06:30:53.769116Z  WARN mq_bench::transport::mqtt: MQTT subscription eventloop error; continuing poll loop client_id=sub-mqb-5bfe14c8e69e4082-3d26ed65d7a848aa95aeb702e6dac877 error=Network timeout
2026-06-19T06:30:54.433049Z  WARN mq_bench::transport::mqtt: MQTT subscription eventloop error; continuing poll loop client_id=sub-mqb-5bfe14c8e69e4082-4385776a56d24f19b0a21f38eb956a2c error=Network timeout
2026-06-19T06:30:55.778459Z  WARN mq_bench::transport::mqtt: MQTT subscription eventloop error; continuing poll loop client_id=sub-mqb-5bfe14c8e69e4082-4473e9384aeb497fad7faf6846e7dc64 error=Network timeout
2026-06-19T06:30:57.768802Z  WARN mq_bench::transport::mqtt: MQTT subscription eventloop error; continuing poll loop client_id=sub-mqb-5bfe14c8e69e4082-7c6d74f42b0f4a2ca31fbc1441c92a6a error=Network timeout
2026-06-19T06:30:58.432347Z  WARN mq_bench::transport::mqtt: MQTT subscription eventloop error; continuing poll loop client_id=sub-mqb-5bfe14c8e69e4082-3364c1699b3f4e20ba2308577b201cac error=Mqtt state: Last pingreq isn't acked
2026-06-19T06:30:59.770554Z  WARN mq_bench::transport::mqtt: MQTT subscription eventloop error; continuing poll loop client_id=sub-mqb-5bfe14c8e69e4082-3d26ed65d7a848aa95aeb702e6dac877 error=Network timeout
2026-06-19T06:31:00.435159Z  WARN mq_bench::transport::mqtt: MQTT subscription eventloop error; continuing poll loop client_id=sub-mqb-5bfe14c8e69e4082-4385776a56d24f19b0a21f38eb956a2c error=Network timeout
2026-06-19T06:31:01.780505Z  WARN mq_bench::transport::mqtt: MQTT subscription eventloop error; continuing poll loop client_id=sub-mqb-5bfe14c8e69e4082-4473e9384aeb497fad7faf6846e7dc64 error=Network timeout
2026-06-19T06:31:03.770486Z  WARN mq_bench::transport::mqtt: MQTT subscription eventloop error; continuing poll loop client_id=sub-mqb-5bfe14c8e69e4082-7c6d74f42b0f4a2ca31fbc1441c92a6a error=Network timeout
2026-06-19T06:31:04.434968Z  WARN mq_bench::transport::mqtt: MQTT subscription eventloop error; continuing poll loop client_id=sub-mqb-5bfe14c8e69e4082-3364c1699b3f4e20ba2308577b201cac error=Network timeout
2026-06-19T06:31:05.099498Z  WARN mq_bench::transport::mqtt: MQTT subscription eventloop error; continuing poll loop client_id=sub-mqb-5bfe14c8e69e4082-ab1e9520f2a34bb1a20269397a779ac2 error=Mqtt state: Last pingreq isn't acked
2026-06-19T06:31:05.773315Z  WARN mq_bench::transport::mqtt: MQTT subscription eventloop error; continuing poll loop client_id=sub-mqb-5bfe14c8e69e4082-3d26ed65d7a848aa95aeb702e6dac877 error=Network timeout
2026-06-19T06:31:06.437218Z  WARN mq_bench::transport::mqtt: MQTT subscription eventloop error; continuing poll loop client_id=sub-mqb-5bfe14c8e69e4082-4385776a56d24f19b0a21f38eb956a2c error=Network timeout
2026-06-19T06:31:07.782578Z  WARN mq_bench::transport::mqtt: MQTT subscription eventloop error; continuing poll loop client_id=sub-mqb-5bfe14c8e69e4082-4473e9384aeb497fad7faf6846e7dc64 error=Network timeout
2026-06-19T06:31:08.438187Z  WARN mq_bench::transport::mqtt: MQTT subscription eventloop error; continuing poll loop client_id=sub-mqb-5bfe14c8e69e4082-2905441c76404da38d580994fddc56ab error=Mqtt state: Last pingreq isn't acked
2026-06-19T06:31:09.281184Z  WARN mq_bench::transport::mqtt: MQTT subscription eventloop error; continuing poll loop client_id=sub-mqb-5bfe14c8e69e4082-0a77404a20b24f9f84874fc5bb325d7d error=Mqtt state: Last pingreq isn't acked
2026-06-19T06:31:09.772669Z  WARN mq_bench::transport::mqtt: MQTT subscription eventloop error; continuing poll loop client_id=sub-mqb-5bfe14c8e69e4082-7c6d74f42b0f4a2ca31fbc1441c92a6a error=Network timeout
2026-06-19T06:31:10.436518Z  WARN mq_bench::transport::mqtt: MQTT subscription eventloop error; continuing poll loop client_id=sub-mqb-5bfe14c8e69e4082-3364c1699b3f4e20ba2308577b201cac error=Network timeout
2026-06-19T06:31:11.102027Z  WARN mq_bench::transport::mqtt: MQTT subscription eventloop error; continuing poll loop client_id=sub-mqb-5bfe14c8e69e4082-ab1e9520f2a34bb1a20269397a779ac2 error=Network timeout
2026-06-19T06:31:11.775818Z  WARN mq_bench::transport::mqtt: MQTT subscription eventloop error; continuing poll loop client_id=sub-mqb-5bfe14c8e69e4082-3d26ed65d7a848aa95aeb702e6dac877 error=Network timeout
2026-06-19T06:31:12.438647Z  WARN mq_bench::transport::mqtt: MQTT subscription eventloop error; continuing poll loop client_id=sub-mqb-5bfe14c8e69e4082-4385776a56d24f19b0a21f38eb956a2c error=Network timeout
