mq-bench starting with run_id: auto
Writing CSV output to: artifacts/fanout_bursty_20260619_061808_mqtt_artemis_p64_s1000_u10_bursty/fanout_singlesite/sub_6_2.csv
2026-06-19T06:18:08.361134Z  INFO mq_bench::roles::subscriber: Starting subscriber engine=Mqtt key=topic_6 endpoint=None crash_enabled=false
2026-06-19T06:18:08.361196Z  INFO mq_bench::roles::subscriber: Connected via transport engine=Mqtt
2026-06-19T06:18:08.361237Z  INFO mq_bench::roles::subscriber: Subscribed to key expression key=topic_6
2026-06-19T06:18:15.028704Z  INFO mq_bench::roles::subscriber: Starting subscriber engine=Mqtt key=topic_6 endpoint=None crash_enabled=false
2026-06-19T06:18:15.028764Z  INFO mq_bench::roles::subscriber: Connected via transport engine=Mqtt
2026-06-19T06:18:15.028839Z  INFO mq_bench::roles::subscriber: Subscribed to key expression key=topic_6
2026-06-19T06:18:21.696766Z  INFO mq_bench::roles::subscriber: Starting subscriber engine=Mqtt key=topic_6 endpoint=None crash_enabled=false
2026-06-19T06:18:21.696895Z  INFO mq_bench::roles::subscriber: Connected via transport engine=Mqtt
2026-06-19T06:18:21.696968Z  INFO mq_bench::roles::subscriber: Subscribed to key expression key=topic_6
2026-06-19T06:18:28.364967Z  INFO mq_bench::roles::subscriber: Starting subscriber engine=Mqtt key=topic_6 endpoint=None crash_enabled=false
2026-06-19T06:18:28.365023Z  INFO mq_bench::roles::subscriber: Connected via transport engine=Mqtt
2026-06-19T06:18:28.365091Z  INFO mq_bench::roles::subscriber: Subscribed to key expression key=topic_6
2026-06-19T06:18:35.033034Z  INFO mq_bench::roles::subscriber: Starting subscriber engine=Mqtt key=topic_6 endpoint=None crash_enabled=false
2026-06-19T06:18:35.033157Z  INFO mq_bench::roles::subscriber: Connected via transport engine=Mqtt
2026-06-19T06:18:35.033291Z  INFO mq_bench::roles::subscriber: Subscribed to key expression key=topic_6
2026-06-19T06:18:41.700469Z  INFO mq_bench::roles::subscriber: Starting subscriber engine=Mqtt key=topic_6 endpoint=None crash_enabled=false
2026-06-19T06:18:41.700533Z  INFO mq_bench::roles::subscriber: Connected via transport engine=Mqtt
2026-06-19T06:18:41.700622Z  INFO mq_bench::roles::subscriber: Subscribed to key expression key=topic_6
2026-06-19T06:18:48.368287Z  INFO mq_bench::roles::subscriber: Starting subscriber engine=Mqtt key=topic_6 endpoint=None crash_enabled=false
2026-06-19T06:18:48.368356Z  INFO mq_bench::roles::subscriber: Connected via transport engine=Mqtt
2026-06-19T06:18:48.368439Z  INFO mq_bench::roles::subscriber: Subscribed to key expression key=topic_6
2026-06-19T06:18:55.036307Z  INFO mq_bench::roles::subscriber: Starting subscriber engine=Mqtt key=topic_6 endpoint=None crash_enabled=false
2026-06-19T06:18:55.036375Z  INFO mq_bench::roles::subscriber: Connected via transport engine=Mqtt
2026-06-19T06:18:55.036468Z  INFO mq_bench::roles::subscriber: Subscribed to key expression key=topic_6
2026-06-19T06:19:01.703450Z  INFO mq_bench::roles::subscriber: Starting subscriber engine=Mqtt key=topic_6 endpoint=None crash_enabled=false
2026-06-19T06:19:01.703506Z  INFO mq_bench::roles::subscriber: Connected via transport engine=Mqtt
2026-06-19T06:19:01.703593Z  INFO mq_bench::roles::subscriber: Subscribed to key expression key=topic_6
2026-06-19T06:19:08.371268Z  INFO mq_bench::roles::subscriber: Starting subscriber engine=Mqtt key=topic_6 endpoint=None crash_enabled=false
2026-06-19T06:19:08.371344Z  INFO mq_bench::roles::subscriber: Connected via transport engine=Mqtt
2026-06-19T06:19:08.371427Z  INFO mq_bench::roles::subscriber: Subscribed to key expression key=topic_6
2026-06-19T06:30:31.732117Z  WARN mq_bench::transport::mqtt: MQTT subscription eventloop error; continuing poll loop client_id=sub-mqb-5bfe15c8e69e4235-54e47552e06d44cd942eaa1005e5b712 error=Mqtt state: Last pingreq isn't acked
2026-06-19T06:30:35.062342Z  WARN mq_bench::transport::mqtt: MQTT subscription eventloop error; continuing poll loop client_id=sub-mqb-5bfe15c8e69e4235-2e9f3e12be774965bba0ddcddaeb4daa error=Mqtt state: Last pingreq isn't acked
2026-06-19T06:30:37.733835Z  WARN mq_bench::transport::mqtt: MQTT subscription eventloop error; continuing poll loop client_id=sub-mqb-5bfe15c8e69e4235-54e47552e06d44cd942eaa1005e5b712 error=Network timeout
2026-06-19T06:30:41.064780Z  WARN mq_bench::transport::mqtt: MQTT subscription eventloop error; continuing poll loop client_id=sub-mqb-5bfe15c8e69e4235-2e9f3e12be774965bba0ddcddaeb4daa error=Network timeout
2026-06-19T06:30:41.732268Z  WARN mq_bench::transport::mqtt: MQTT subscription eventloop error; continuing poll loop client_id=sub-mqb-5bfe15c8e69e4235-db0072b23cae467aa50e9fddc0d041fb error=Mqtt state: Last pingreq isn't acked
2026-06-19T06:30:43.735699Z  WARN mq_bench::transport::mqtt: MQTT subscription eventloop error; continuing poll loop client_id=sub-mqb-5bfe15c8e69e4235-54e47552e06d44cd942eaa1005e5b712 error=Network timeout
2026-06-19T06:30:45.058500Z  WARN mq_bench::transport::mqtt: MQTT subscription eventloop error; continuing poll loop client_id=sub-mqb-5bfe15c8e69e4235-aa401faf6923442db7751bb642540227 error=Mqtt state: Last pingreq isn't acked
2026-06-19T06:30:47.066534Z  WARN mq_bench::transport::mqtt: MQTT subscription eventloop error; continuing poll loop client_id=sub-mqb-5bfe15c8e69e4235-2e9f3e12be774965bba0ddcddaeb4daa error=Network timeout
2026-06-19T06:30:47.735043Z  WARN mq_bench::transport::mqtt: MQTT subscription eventloop error; continuing poll loop client_id=sub-mqb-5bfe15c8e69e4235-db0072b23cae467aa50e9fddc0d041fb error=Network timeout
2026-06-19T06:30:49.737495Z  WARN mq_bench::transport::mqtt: MQTT subscription eventloop error; continuing poll loop client_id=sub-mqb-5bfe15c8e69e4235-54e47552e06d44cd942eaa1005e5b712 error=Network timeout
2026-06-19T06:30:51.060461Z  WARN mq_bench::transport::mqtt: MQTT subscription eventloop error; continuing poll loop client_id=sub-mqb-5bfe15c8e69e4235-aa401faf6923442db7751bb642540227 error=Network timeout
2026-06-19T06:30:51.725988Z  WARN mq_bench::transport::mqtt: MQTT subscription eventloop error; continuing poll loop client_id=sub-mqb-5bfe15c8e69e4235-256b3c3406e44445aa9c64d7db03e67e error=Mqtt state: Last pingreq isn't acked
2026-06-19T06:30:53.068880Z  WARN mq_bench::transport::mqtt: MQTT subscription eventloop error; continuing poll loop client_id=sub-mqb-5bfe15c8e69e4235-2e9f3e12be774965bba0ddcddaeb4daa error=Network timeout
2026-06-19T06:30:53.736465Z  WARN mq_bench::transport::mqtt: MQTT subscription eventloop error; continuing poll loop client_id=sub-mqb-5bfe15c8e69e4235-db0072b23cae467aa50e9fddc0d041fb error=Network timeout
2026-06-19T06:30:55.066607Z  WARN mq_bench::transport::mqtt: MQTT subscription eventloop error; continuing poll loop client_id=sub-mqb-5bfe15c8e69e4235-9fc97583ac624908842c400219106998 error=Mqtt state: Last pingreq isn't acked
2026-06-19T06:30:55.740054Z  WARN mq_bench::transport::mqtt: MQTT subscription eventloop error; continuing poll loop client_id=sub-mqb-5bfe15c8e69e4235-54e47552e06d44cd942eaa1005e5b712 error=Network timeout
2026-06-19T06:30:57.063076Z  WARN mq_bench::transport::mqtt: MQTT subscription eventloop error; continuing poll loop client_id=sub-mqb-5bfe15c8e69e4235-aa401faf6923442db7751bb642540227 error=Network timeout
2026-06-19T06:30:57.727554Z  WARN mq_bench::transport::mqtt: MQTT subscription eventloop error; continuing poll loop client_id=sub-mqb-5bfe15c8e69e4235-256b3c3406e44445aa9c64d7db03e67e error=Network timeout
2026-06-19T06:30:59.070813Z  WARN mq_bench::transport::mqtt: MQTT subscription eventloop error; continuing poll loop client_id=sub-mqb-5bfe15c8e69e4235-2e9f3e12be774965bba0ddcddaeb4daa error=Network timeout
2026-06-19T06:30:59.739268Z  WARN mq_bench::transport::mqtt: MQTT subscription eventloop error; continuing poll loop client_id=sub-mqb-5bfe15c8e69e4235-db0072b23cae467aa50e9fddc0d041fb error=Network timeout
2026-06-19T06:31:01.069268Z  WARN mq_bench::transport::mqtt: MQTT subscription eventloop error; continuing poll loop client_id=sub-mqb-5bfe15c8e69e4235-9fc97583ac624908842c400219106998 error=Network timeout
2026-06-19T06:31:01.741874Z  WARN mq_bench::transport::mqtt: MQTT subscription eventloop error; continuing poll loop client_id=sub-mqb-5bfe15c8e69e4235-54e47552e06d44cd942eaa1005e5b712 error=Network timeout
2026-06-19T06:31:03.064990Z  WARN mq_bench::transport::mqtt: MQTT subscription eventloop error; continuing poll loop client_id=sub-mqb-5bfe15c8e69e4235-aa401faf6923442db7751bb642540227 error=Network timeout
2026-06-19T06:31:03.729389Z  WARN mq_bench::transport::mqtt: MQTT subscription eventloop error; continuing poll loop client_id=sub-mqb-5bfe15c8e69e4235-256b3c3406e44445aa9c64d7db03e67e error=Network timeout
2026-06-19T06:31:05.072511Z  WARN mq_bench::transport::mqtt: MQTT subscription eventloop error; continuing poll loop client_id=sub-mqb-5bfe15c8e69e4235-2e9f3e12be774965bba0ddcddaeb4daa error=Network timeout
2026-06-19T06:31:05.741958Z  WARN mq_bench::transport::mqtt: MQTT subscription eventloop error; continuing poll loop client_id=sub-mqb-5bfe15c8e69e4235-db0072b23cae467aa50e9fddc0d041fb error=Network timeout
2026-06-19T06:31:07.071922Z  WARN mq_bench::transport::mqtt: MQTT subscription eventloop error; continuing poll loop client_id=sub-mqb-5bfe15c8e69e4235-9fc97583ac624908842c400219106998 error=Network timeout
2026-06-19T06:31:07.743395Z  WARN mq_bench::transport::mqtt: MQTT subscription eventloop error; continuing poll loop client_id=sub-mqb-5bfe15c8e69e4235-54e47552e06d44cd942eaa1005e5b712 error=Network timeout
2026-06-19T06:31:08.400166Z  WARN mq_bench::transport::mqtt: MQTT subscription eventloop error; continuing poll loop client_id=sub-mqb-5bfe15c8e69e4235-8337068ee88d4ac59f4dcc6576bd557d error=Mqtt state: Last pingreq isn't acked
2026-06-19T06:31:09.066600Z  WARN mq_bench::transport::mqtt: MQTT subscription eventloop error; continuing poll loop client_id=sub-mqb-5bfe15c8e69e4235-aa401faf6923442db7751bb642540227 error=Network timeout
2026-06-19T06:31:09.229279Z  WARN mq_bench::transport::mqtt: MQTT subscription eventloop error; continuing poll loop client_id=sub-mqb-5bfe15c8e69e4235-91ef9574012d40dab8eec9ebd7e38b3e error=Mqtt state: Last pingreq isn't acked
2026-06-19T06:31:09.731640Z  WARN mq_bench::transport::mqtt: MQTT subscription eventloop error; continuing poll loop client_id=sub-mqb-5bfe15c8e69e4235-256b3c3406e44445aa9c64d7db03e67e error=Network timeout
2026-06-19T06:31:11.074908Z  WARN mq_bench::transport::mqtt: MQTT subscription eventloop error; continuing poll loop client_id=sub-mqb-5bfe15c8e69e4235-2e9f3e12be774965bba0ddcddaeb4daa error=Network timeout
2026-06-19T06:31:11.744299Z  WARN mq_bench::transport::mqtt: MQTT subscription eventloop error; continuing poll loop client_id=sub-mqb-5bfe15c8e69e4235-db0072b23cae467aa50e9fddc0d041fb error=Network timeout
