mq-bench starting with run_id: auto
Writing CSV output to: artifacts/fanout_bursty_20260619_061808_mqtt_artemis_p64_s1000_u10_bursty/fanout_singlesite/sub_3_8.csv
2026-06-19T06:18:08.268958Z  INFO mq_bench::roles::subscriber: Starting subscriber engine=Mqtt key=topic_3 endpoint=None crash_enabled=false
2026-06-19T06:18:08.269007Z  INFO mq_bench::roles::subscriber: Connected via transport engine=Mqtt
2026-06-19T06:18:08.269047Z  INFO mq_bench::roles::subscriber: Subscribed to key expression key=topic_3
2026-06-19T06:18:14.936579Z  INFO mq_bench::roles::subscriber: Starting subscriber engine=Mqtt key=topic_3 endpoint=None crash_enabled=false
2026-06-19T06:18:14.936650Z  INFO mq_bench::roles::subscriber: Connected via transport engine=Mqtt
2026-06-19T06:18:14.936724Z  INFO mq_bench::roles::subscriber: Subscribed to key expression key=topic_3
2026-06-19T06:18:21.604365Z  INFO mq_bench::roles::subscriber: Starting subscriber engine=Mqtt key=topic_3 endpoint=None crash_enabled=false
2026-06-19T06:18:21.604492Z  INFO mq_bench::roles::subscriber: Connected via transport engine=Mqtt
2026-06-19T06:18:21.604563Z  INFO mq_bench::roles::subscriber: Subscribed to key expression key=topic_3
2026-06-19T06:18:28.271749Z  INFO mq_bench::roles::subscriber: Starting subscriber engine=Mqtt key=topic_3 endpoint=None crash_enabled=false
2026-06-19T06:18:28.271817Z  INFO mq_bench::roles::subscriber: Connected via transport engine=Mqtt
2026-06-19T06:18:28.271887Z  INFO mq_bench::roles::subscriber: Subscribed to key expression key=topic_3
2026-06-19T06:18:34.939541Z  INFO mq_bench::roles::subscriber: Starting subscriber engine=Mqtt key=topic_3 endpoint=None crash_enabled=false
2026-06-19T06:18:34.939656Z  INFO mq_bench::roles::subscriber: Connected via transport engine=Mqtt
2026-06-19T06:18:34.939743Z  INFO mq_bench::roles::subscriber: Subscribed to key expression key=topic_3
2026-06-19T06:18:41.607539Z  INFO mq_bench::roles::subscriber: Starting subscriber engine=Mqtt key=topic_3 endpoint=None crash_enabled=false
2026-06-19T06:18:41.607589Z  INFO mq_bench::roles::subscriber: Connected via transport engine=Mqtt
2026-06-19T06:18:41.607669Z  INFO mq_bench::roles::subscriber: Subscribed to key expression key=topic_3
2026-06-19T06:18:48.276116Z  INFO mq_bench::roles::subscriber: Starting subscriber engine=Mqtt key=topic_3 endpoint=None crash_enabled=false
2026-06-19T06:18:48.276178Z  INFO mq_bench::roles::subscriber: Connected via transport engine=Mqtt
2026-06-19T06:18:48.276290Z  INFO mq_bench::roles::subscriber: Subscribed to key expression key=topic_3
2026-06-19T06:18:54.943676Z  INFO mq_bench::roles::subscriber: Starting subscriber engine=Mqtt key=topic_3 endpoint=None crash_enabled=false
2026-06-19T06:18:54.943746Z  INFO mq_bench::roles::subscriber: Connected via transport engine=Mqtt
2026-06-19T06:18:54.943835Z  INFO mq_bench::roles::subscriber: Subscribed to key expression key=topic_3
2026-06-19T06:19:01.611452Z  INFO mq_bench::roles::subscriber: Starting subscriber engine=Mqtt key=topic_3 endpoint=None crash_enabled=false
2026-06-19T06:19:01.611525Z  INFO mq_bench::roles::subscriber: Connected via transport engine=Mqtt
2026-06-19T06:19:01.611600Z  INFO mq_bench::roles::subscriber: Subscribed to key expression key=topic_3
2026-06-19T06:19:08.278758Z  INFO mq_bench::roles::subscriber: Starting subscriber engine=Mqtt key=topic_3 endpoint=None crash_enabled=false
2026-06-19T06:19:08.278830Z  INFO mq_bench::roles::subscriber: Connected via transport engine=Mqtt
2026-06-19T06:19:08.278900Z  INFO mq_bench::roles::subscriber: Subscribed to key expression key=topic_3
2026-06-19T06:30:31.637467Z  WARN mq_bench::transport::mqtt: MQTT subscription eventloop error; continuing poll loop client_id=sub-mqb-5bfe10c8e69e39b6-6ebb3b9f0c654b45ba2e632ea8084259 error=Mqtt state: Last pingreq isn't acked
2026-06-19T06:30:34.966343Z  WARN mq_bench::transport::mqtt: MQTT subscription eventloop error; continuing poll loop client_id=sub-mqb-5bfe10c8e69e39b6-0cc41b1123f24f279012866c22415d19 error=Mqtt state: Last pingreq isn't acked
2026-06-19T06:30:37.639525Z  WARN mq_bench::transport::mqtt: MQTT subscription eventloop error; continuing poll loop client_id=sub-mqb-5bfe10c8e69e39b6-6ebb3b9f0c654b45ba2e632ea8084259 error=Network timeout
2026-06-19T06:30:40.968498Z  WARN mq_bench::transport::mqtt: MQTT subscription eventloop error; continuing poll loop client_id=sub-mqb-5bfe10c8e69e39b6-0cc41b1123f24f279012866c22415d19 error=Network timeout
2026-06-19T06:30:41.638105Z  WARN mq_bench::transport::mqtt: MQTT subscription eventloop error; continuing poll loop client_id=sub-mqb-5bfe10c8e69e39b6-ded5a37fbe394e91861ff70932fb6d11 error=Mqtt state: Last pingreq isn't acked
2026-06-19T06:30:43.642079Z  WARN mq_bench::transport::mqtt: MQTT subscription eventloop error; continuing poll loop client_id=sub-mqb-5bfe10c8e69e39b6-6ebb3b9f0c654b45ba2e632ea8084259 error=Network timeout
2026-06-19T06:30:44.971186Z  WARN mq_bench::transport::mqtt: MQTT subscription eventloop error; continuing poll loop client_id=sub-mqb-5bfe10c8e69e39b6-4aaedc7dd396457fa2ba80e14115f5b5 error=Mqtt state: Last pingreq isn't acked
2026-06-19T06:30:46.970848Z  WARN mq_bench::transport::mqtt: MQTT subscription eventloop error; continuing poll loop client_id=sub-mqb-5bfe10c8e69e39b6-0cc41b1123f24f279012866c22415d19 error=Network timeout
2026-06-19T06:30:47.639439Z  WARN mq_bench::transport::mqtt: MQTT subscription eventloop error; continuing poll loop client_id=sub-mqb-5bfe10c8e69e39b6-ded5a37fbe394e91861ff70932fb6d11 error=Network timeout
2026-06-19T06:30:49.643311Z  WARN mq_bench::transport::mqtt: MQTT subscription eventloop error; continuing poll loop client_id=sub-mqb-5bfe10c8e69e39b6-6ebb3b9f0c654b45ba2e632ea8084259 error=Network timeout
2026-06-19T06:30:50.973442Z  WARN mq_bench::transport::mqtt: MQTT subscription eventloop error; continuing poll loop client_id=sub-mqb-5bfe10c8e69e39b6-4aaedc7dd396457fa2ba80e14115f5b5 error=Network timeout
2026-06-19T06:30:51.640089Z  WARN mq_bench::transport::mqtt: MQTT subscription eventloop error; continuing poll loop client_id=sub-mqb-5bfe10c8e69e39b6-46486d20b9214af5a67afa84f0f72ed7 error=Mqtt state: Last pingreq isn't acked
2026-06-19T06:30:52.972355Z  WARN mq_bench::transport::mqtt: MQTT subscription eventloop error; continuing poll loop client_id=sub-mqb-5bfe10c8e69e39b6-0cc41b1123f24f279012866c22415d19 error=Network timeout
2026-06-19T06:30:53.641954Z  WARN mq_bench::transport::mqtt: MQTT subscription eventloop error; continuing poll loop client_id=sub-mqb-5bfe10c8e69e39b6-ded5a37fbe394e91861ff70932fb6d11 error=Network timeout
2026-06-19T06:30:54.974335Z  WARN mq_bench::transport::mqtt: MQTT subscription eventloop error; continuing poll loop client_id=sub-mqb-5bfe10c8e69e39b6-cee2449696d94da8aff1ebac549faf45 error=Mqtt state: Last pingreq isn't acked
2026-06-19T06:30:55.646092Z  WARN mq_bench::transport::mqtt: MQTT subscription eventloop error; continuing poll loop client_id=sub-mqb-5bfe10c8e69e39b6-6ebb3b9f0c654b45ba2e632ea8084259 error=Network timeout
2026-06-19T06:30:56.975493Z  WARN mq_bench::transport::mqtt: MQTT subscription eventloop error; continuing poll loop client_id=sub-mqb-5bfe10c8e69e39b6-4aaedc7dd396457fa2ba80e14115f5b5 error=Network timeout
2026-06-19T06:30:57.642099Z  WARN mq_bench::transport::mqtt: MQTT subscription eventloop error; continuing poll loop client_id=sub-mqb-5bfe10c8e69e39b6-46486d20b9214af5a67afa84f0f72ed7 error=Network timeout
2026-06-19T06:30:58.974592Z  WARN mq_bench::transport::mqtt: MQTT subscription eventloop error; continuing poll loop client_id=sub-mqb-5bfe10c8e69e39b6-0cc41b1123f24f279012866c22415d19 error=Network timeout
2026-06-19T06:30:59.644248Z  WARN mq_bench::transport::mqtt: MQTT subscription eventloop error; continuing poll loop client_id=sub-mqb-5bfe10c8e69e39b6-ded5a37fbe394e91861ff70932fb6d11 error=Network timeout
2026-06-19T06:31:00.976592Z  WARN mq_bench::transport::mqtt: MQTT subscription eventloop error; continuing poll loop client_id=sub-mqb-5bfe10c8e69e39b6-cee2449696d94da8aff1ebac549faf45 error=Network timeout
2026-06-19T06:31:01.648182Z  WARN mq_bench::transport::mqtt: MQTT subscription eventloop error; continuing poll loop client_id=sub-mqb-5bfe10c8e69e39b6-6ebb3b9f0c654b45ba2e632ea8084259 error=Network timeout
2026-06-19T06:31:02.977495Z  WARN mq_bench::transport::mqtt: MQTT subscription eventloop error; continuing poll loop client_id=sub-mqb-5bfe10c8e69e39b6-4aaedc7dd396457fa2ba80e14115f5b5 error=Network timeout
2026-06-19T06:31:03.644125Z  WARN mq_bench::transport::mqtt: MQTT subscription eventloop error; continuing poll loop client_id=sub-mqb-5bfe10c8e69e39b6-46486d20b9214af5a67afa84f0f72ed7 error=Network timeout
2026-06-19T06:31:04.976576Z  WARN mq_bench::transport::mqtt: MQTT subscription eventloop error; continuing poll loop client_id=sub-mqb-5bfe10c8e69e39b6-0cc41b1123f24f279012866c22415d19 error=Network timeout
2026-06-19T06:31:05.647193Z  WARN mq_bench::transport::mqtt: MQTT subscription eventloop error; continuing poll loop client_id=sub-mqb-5bfe10c8e69e39b6-ded5a37fbe394e91861ff70932fb6d11 error=Network timeout
2026-06-19T06:31:06.978669Z  WARN mq_bench::transport::mqtt: MQTT subscription eventloop error; continuing poll loop client_id=sub-mqb-5bfe10c8e69e39b6-cee2449696d94da8aff1ebac549faf45 error=Network timeout
2026-06-19T06:31:07.650332Z  WARN mq_bench::transport::mqtt: MQTT subscription eventloop error; continuing poll loop client_id=sub-mqb-5bfe10c8e69e39b6-6ebb3b9f0c654b45ba2e632ea8084259 error=Network timeout
2026-06-19T06:31:08.306377Z  WARN mq_bench::transport::mqtt: MQTT subscription eventloop error; continuing poll loop client_id=sub-mqb-5bfe10c8e69e39b6-61e12d936ade4dffa8089baa92c564a9 error=Mqtt state: Last pingreq isn't acked
2026-06-19T06:31:08.979947Z  WARN mq_bench::transport::mqtt: MQTT subscription eventloop error; continuing poll loop client_id=sub-mqb-5bfe10c8e69e39b6-4aaedc7dd396457fa2ba80e14115f5b5 error=Network timeout
2026-06-19T06:31:09.012266Z  WARN mq_bench::transport::mqtt: MQTT subscription eventloop error; continuing poll loop client_id=sub-mqb-5bfe10c8e69e39b6-198b48526c0c43c4b1651f10b2472f86 error=Mqtt state: Last pingreq isn't acked
2026-06-19T06:31:09.647152Z  WARN mq_bench::transport::mqtt: MQTT subscription eventloop error; continuing poll loop client_id=sub-mqb-5bfe10c8e69e39b6-46486d20b9214af5a67afa84f0f72ed7 error=Network timeout
2026-06-19T06:31:10.978729Z  WARN mq_bench::transport::mqtt: MQTT subscription eventloop error; continuing poll loop client_id=sub-mqb-5bfe10c8e69e39b6-0cc41b1123f24f279012866c22415d19 error=Network timeout
2026-06-19T06:31:11.649346Z  WARN mq_bench::transport::mqtt: MQTT subscription eventloop error; continuing poll loop client_id=sub-mqb-5bfe10c8e69e39b6-ded5a37fbe394e91861ff70932fb6d11 error=Network timeout
