mq-bench starting with run_id: auto
Writing CSV output to: artifacts/fanout_bursty_20260619_061808_mqtt_artemis_p64_s1000_u10_bursty/fanout_singlesite/sub_6_6.csv
2026-06-19T06:18:08.375949Z  INFO mq_bench::roles::subscriber: Starting subscriber engine=Mqtt key=topic_6 endpoint=None crash_enabled=false
2026-06-19T06:18:08.375994Z  INFO mq_bench::roles::subscriber: Connected via transport engine=Mqtt
2026-06-19T06:18:08.376136Z  INFO mq_bench::roles::subscriber: Subscribed to key expression key=topic_6
2026-06-19T06:18:15.043024Z  INFO mq_bench::roles::subscriber: Starting subscriber engine=Mqtt key=topic_6 endpoint=None crash_enabled=false
2026-06-19T06:18:15.043132Z  INFO mq_bench::roles::subscriber: Connected via transport engine=Mqtt
2026-06-19T06:18:15.043197Z  INFO mq_bench::roles::subscriber: Subscribed to key expression key=topic_6
2026-06-19T06:18:21.709926Z  INFO mq_bench::roles::subscriber: Starting subscriber engine=Mqtt key=topic_6 endpoint=None crash_enabled=false
2026-06-19T06:18:21.710036Z  INFO mq_bench::roles::subscriber: Connected via transport engine=Mqtt
2026-06-19T06:18:21.710097Z  INFO mq_bench::roles::subscriber: Subscribed to key expression key=topic_6
2026-06-19T06:18:28.376908Z  INFO mq_bench::roles::subscriber: Starting subscriber engine=Mqtt key=topic_6 endpoint=None crash_enabled=false
2026-06-19T06:18:28.376952Z  INFO mq_bench::roles::subscriber: Connected via transport engine=Mqtt
2026-06-19T06:18:28.377021Z  INFO mq_bench::roles::subscriber: Subscribed to key expression key=topic_6
2026-06-19T06:18:35.043836Z  INFO mq_bench::roles::subscriber: Starting subscriber engine=Mqtt key=topic_6 endpoint=None crash_enabled=false
2026-06-19T06:18:35.043943Z  INFO mq_bench::roles::subscriber: Connected via transport engine=Mqtt
2026-06-19T06:18:35.044001Z  INFO mq_bench::roles::subscriber: Subscribed to key expression key=topic_6
2026-06-19T06:18:41.711698Z  INFO mq_bench::roles::subscriber: Starting subscriber engine=Mqtt key=topic_6 endpoint=None crash_enabled=false
2026-06-19T06:18:41.711811Z  INFO mq_bench::roles::subscriber: Connected via transport engine=Mqtt
2026-06-19T06:18:41.711915Z  INFO mq_bench::roles::subscriber: Subscribed to key expression key=topic_6
2026-06-19T06:18:48.379680Z  INFO mq_bench::roles::subscriber: Starting subscriber engine=Mqtt key=topic_6 endpoint=None crash_enabled=false
2026-06-19T06:18:48.379738Z  INFO mq_bench::roles::subscriber: Connected via transport engine=Mqtt
2026-06-19T06:18:48.379824Z  INFO mq_bench::roles::subscriber: Subscribed to key expression key=topic_6
2026-06-19T06:18:55.047160Z  INFO mq_bench::roles::subscriber: Starting subscriber engine=Mqtt key=topic_6 endpoint=None crash_enabled=false
2026-06-19T06:18:55.047243Z  INFO mq_bench::roles::subscriber: Connected via transport engine=Mqtt
2026-06-19T06:18:55.047326Z  INFO mq_bench::roles::subscriber: Subscribed to key expression key=topic_6
2026-06-19T06:19:01.715749Z  INFO mq_bench::roles::subscriber: Starting subscriber engine=Mqtt key=topic_6 endpoint=None crash_enabled=false
2026-06-19T06:19:01.715804Z  INFO mq_bench::roles::subscriber: Connected via transport engine=Mqtt
2026-06-19T06:19:01.715909Z  INFO mq_bench::roles::subscriber: Subscribed to key expression key=topic_6
2026-06-19T06:19:08.383383Z  INFO mq_bench::roles::subscriber: Starting subscriber engine=Mqtt key=topic_6 endpoint=None crash_enabled=false
2026-06-19T06:19:08.383437Z  INFO mq_bench::roles::subscriber: Connected via transport engine=Mqtt
2026-06-19T06:19:08.383555Z  INFO mq_bench::roles::subscriber: Subscribed to key expression key=topic_6
2026-06-19T06:30:38.413636Z  WARN mq_bench::transport::mqtt: MQTT subscription eventloop error; continuing poll loop client_id=sub-mqb-5bfe15c8e69e4235-932aaf89b7954e6db9380048c88b5040 error=Mqtt state: Last pingreq isn't acked
2026-06-19T06:30:44.415210Z  WARN mq_bench::transport::mqtt: MQTT subscription eventloop error; continuing poll loop client_id=sub-mqb-5bfe15c8e69e4235-932aaf89b7954e6db9380048c88b5040 error=Network timeout
2026-06-19T06:30:45.072376Z  WARN mq_bench::transport::mqtt: MQTT subscription eventloop error; continuing poll loop client_id=sub-mqb-5bfe15c8e69e4235-ccb25055dd994e9aa65dbcbfe50d5f3b error=Mqtt state: Last pingreq isn't acked
2026-06-19T06:30:48.408894Z  WARN mq_bench::transport::mqtt: MQTT subscription eventloop error; continuing poll loop client_id=sub-mqb-5bfe15c8e69e4235-44b96803bc834646ad348e0fd9c7301e error=Mqtt state: Last pingreq isn't acked
2026-06-19T06:30:50.417380Z  WARN mq_bench::transport::mqtt: MQTT subscription eventloop error; continuing poll loop client_id=sub-mqb-5bfe15c8e69e4235-932aaf89b7954e6db9380048c88b5040 error=Network timeout
2026-06-19T06:30:51.074524Z  WARN mq_bench::transport::mqtt: MQTT subscription eventloop error; continuing poll loop client_id=sub-mqb-5bfe15c8e69e4235-ccb25055dd994e9aa65dbcbfe50d5f3b error=Network timeout
2026-06-19T06:30:54.411056Z  WARN mq_bench::transport::mqtt: MQTT subscription eventloop error; continuing poll loop client_id=sub-mqb-5bfe15c8e69e4235-44b96803bc834646ad348e0fd9c7301e error=Network timeout
2026-06-19T06:30:55.080289Z  WARN mq_bench::transport::mqtt: MQTT subscription eventloop error; continuing poll loop client_id=sub-mqb-5bfe15c8e69e4235-aa52304490904f288795e6890c0b9a87 error=Mqtt state: Last pingreq isn't acked
2026-06-19T06:30:56.419101Z  WARN mq_bench::transport::mqtt: MQTT subscription eventloop error; continuing poll loop client_id=sub-mqb-5bfe15c8e69e4235-932aaf89b7954e6db9380048c88b5040 error=Network timeout
2026-06-19T06:30:57.076356Z  WARN mq_bench::transport::mqtt: MQTT subscription eventloop error; continuing poll loop client_id=sub-mqb-5bfe15c8e69e4235-ccb25055dd994e9aa65dbcbfe50d5f3b error=Network timeout
2026-06-19T06:30:58.409061Z  WARN mq_bench::transport::mqtt: MQTT subscription eventloop error; continuing poll loop client_id=sub-mqb-5bfe15c8e69e4235-b3f7ad73576e496d8f9685b98062e181 error=Mqtt state: Last pingreq isn't acked
2026-06-19T06:31:00.413729Z  WARN mq_bench::transport::mqtt: MQTT subscription eventloop error; continuing poll loop client_id=sub-mqb-5bfe15c8e69e4235-44b96803bc834646ad348e0fd9c7301e error=Network timeout
2026-06-19T06:31:01.082903Z  WARN mq_bench::transport::mqtt: MQTT subscription eventloop error; continuing poll loop client_id=sub-mqb-5bfe15c8e69e4235-aa52304490904f288795e6890c0b9a87 error=Network timeout
2026-06-19T06:31:02.421674Z  WARN mq_bench::transport::mqtt: MQTT subscription eventloop error; continuing poll loop client_id=sub-mqb-5bfe15c8e69e4235-932aaf89b7954e6db9380048c88b5040 error=Network timeout
2026-06-19T06:31:03.078902Z  WARN mq_bench::transport::mqtt: MQTT subscription eventloop error; continuing poll loop client_id=sub-mqb-5bfe15c8e69e4235-ccb25055dd994e9aa65dbcbfe50d5f3b error=Network timeout
2026-06-19T06:31:04.411430Z  WARN mq_bench::transport::mqtt: MQTT subscription eventloop error; continuing poll loop client_id=sub-mqb-5bfe15c8e69e4235-b3f7ad73576e496d8f9685b98062e181 error=Network timeout
2026-06-19T06:31:05.076597Z  WARN mq_bench::transport::mqtt: MQTT subscription eventloop error; continuing poll loop client_id=sub-mqb-5bfe15c8e69e4235-b7ccd7912c5f4f048af6c2f21c7501f0 error=Mqtt state: Last pingreq isn't acked
2026-06-19T06:31:06.416136Z  WARN mq_bench::transport::mqtt: MQTT subscription eventloop error; continuing poll loop client_id=sub-mqb-5bfe15c8e69e4235-44b96803bc834646ad348e0fd9c7301e error=Network timeout
2026-06-19T06:31:07.085342Z  WARN mq_bench::transport::mqtt: MQTT subscription eventloop error; continuing poll loop client_id=sub-mqb-5bfe15c8e69e4235-aa52304490904f288795e6890c0b9a87 error=Network timeout
2026-06-19T06:31:08.423923Z  WARN mq_bench::transport::mqtt: MQTT subscription eventloop error; continuing poll loop client_id=sub-mqb-5bfe15c8e69e4235-932aaf89b7954e6db9380048c88b5040 error=Network timeout
2026-06-19T06:31:09.081042Z  WARN mq_bench::transport::mqtt: MQTT subscription eventloop error; continuing poll loop client_id=sub-mqb-5bfe15c8e69e4235-ccb25055dd994e9aa65dbcbfe50d5f3b error=Network timeout
2026-06-19T06:31:09.278699Z  WARN mq_bench::transport::mqtt: MQTT subscription eventloop error; continuing poll loop client_id=sub-mqb-5bfe15c8e69e4235-5c0b143761fc41e6af69f9a0b10ddbc4 error=Mqtt state: Last pingreq isn't acked
2026-06-19T06:31:10.413075Z  WARN mq_bench::transport::mqtt: MQTT subscription eventloop error; continuing poll loop client_id=sub-mqb-5bfe15c8e69e4235-b3f7ad73576e496d8f9685b98062e181 error=Network timeout
2026-06-19T06:31:11.078247Z  WARN mq_bench::transport::mqtt: MQTT subscription eventloop error; continuing poll loop client_id=sub-mqb-5bfe15c8e69e4235-b7ccd7912c5f4f048af6c2f21c7501f0 error=Network timeout
2026-06-19T06:31:11.744058Z  WARN mq_bench::transport::mqtt: MQTT subscription eventloop error; continuing poll loop client_id=sub-mqb-5bfe15c8e69e4235-a2790ef25b2e457dbc114d67fa14c3a1 error=Mqtt state: Last pingreq isn't acked
2026-06-19T06:31:12.417986Z  WARN mq_bench::transport::mqtt: MQTT subscription eventloop error; continuing poll loop client_id=sub-mqb-5bfe15c8e69e4235-44b96803bc834646ad348e0fd9c7301e error=Network timeout
