mq-bench starting with run_id: auto
Writing CSV output to: artifacts/fanout_bursty_20260619_061808_mqtt_artemis_p64_s1000_u10_bursty/fanout_singlesite/sub_3_0.csv
2026-06-19T06:18:08.237606Z  INFO mq_bench::roles::subscriber: Starting subscriber engine=Mqtt key=topic_3 endpoint=None crash_enabled=false
2026-06-19T06:18:08.237656Z  INFO mq_bench::roles::subscriber: Connected via transport engine=Mqtt
2026-06-19T06:18:08.237701Z  INFO mq_bench::roles::subscriber: Subscribed to key expression key=topic_3
2026-06-19T06:18:14.905464Z  INFO mq_bench::roles::subscriber: Starting subscriber engine=Mqtt key=topic_3 endpoint=None crash_enabled=false
2026-06-19T06:18:14.905576Z  INFO mq_bench::roles::subscriber: Connected via transport engine=Mqtt
2026-06-19T06:18:14.905637Z  INFO mq_bench::roles::subscriber: Subscribed to key expression key=topic_3
2026-06-19T06:18:21.573267Z  INFO mq_bench::roles::subscriber: Starting subscriber engine=Mqtt key=topic_3 endpoint=None crash_enabled=false
2026-06-19T06:18:21.573386Z  INFO mq_bench::roles::subscriber: Connected via transport engine=Mqtt
2026-06-19T06:18:21.573457Z  INFO mq_bench::roles::subscriber: Subscribed to key expression key=topic_3
2026-06-19T06:18:28.240830Z  INFO mq_bench::roles::subscriber: Starting subscriber engine=Mqtt key=topic_3 endpoint=None crash_enabled=false
2026-06-19T06:18:28.240958Z  INFO mq_bench::roles::subscriber: Connected via transport engine=Mqtt
2026-06-19T06:18:28.241029Z  INFO mq_bench::roles::subscriber: Subscribed to key expression key=topic_3
2026-06-19T06:18:34.908669Z  INFO mq_bench::roles::subscriber: Starting subscriber engine=Mqtt key=topic_3 endpoint=None crash_enabled=false
2026-06-19T06:18:34.908730Z  INFO mq_bench::roles::subscriber: Connected via transport engine=Mqtt
2026-06-19T06:18:34.908803Z  INFO mq_bench::roles::subscriber: Subscribed to key expression key=topic_3
2026-06-19T06:18:41.576550Z  INFO mq_bench::roles::subscriber: Starting subscriber engine=Mqtt key=topic_3 endpoint=None crash_enabled=false
2026-06-19T06:18:41.576600Z  INFO mq_bench::roles::subscriber: Connected via transport engine=Mqtt
2026-06-19T06:18:41.576688Z  INFO mq_bench::roles::subscriber: Subscribed to key expression key=topic_3
2026-06-19T06:18:48.245092Z  INFO mq_bench::roles::subscriber: Starting subscriber engine=Mqtt key=topic_3 endpoint=None crash_enabled=false
2026-06-19T06:18:48.245151Z  INFO mq_bench::roles::subscriber: Connected via transport engine=Mqtt
2026-06-19T06:18:48.245313Z  INFO mq_bench::roles::subscriber: Subscribed to key expression key=topic_3
2026-06-19T06:18:54.912259Z  INFO mq_bench::roles::subscriber: Starting subscriber engine=Mqtt key=topic_3 endpoint=None crash_enabled=false
2026-06-19T06:18:54.912318Z  INFO mq_bench::roles::subscriber: Connected via transport engine=Mqtt
2026-06-19T06:18:54.912412Z  INFO mq_bench::roles::subscriber: Subscribed to key expression key=topic_3
2026-06-19T06:19:01.579801Z  INFO mq_bench::roles::subscriber: Starting subscriber engine=Mqtt key=topic_3 endpoint=None crash_enabled=false
2026-06-19T06:19:01.579859Z  INFO mq_bench::roles::subscriber: Connected via transport engine=Mqtt
2026-06-19T06:19:01.579941Z  INFO mq_bench::roles::subscriber: Subscribed to key expression key=topic_3
2026-06-19T06:19:08.247584Z  INFO mq_bench::roles::subscriber: Starting subscriber engine=Mqtt key=topic_3 endpoint=None crash_enabled=false
2026-06-19T06:19:08.247638Z  INFO mq_bench::roles::subscriber: Connected via transport engine=Mqtt
2026-06-19T06:19:08.247739Z  INFO mq_bench::roles::subscriber: Subscribed to key expression key=topic_3
2026-06-19T06:30:34.937058Z  WARN mq_bench::transport::mqtt: MQTT subscription eventloop error; continuing poll loop client_id=sub-mqb-5bfe10c8e69e39b6-a8d6d79fcc174dba926a69d3483e5a61 error=Mqtt state: Last pingreq isn't acked
2026-06-19T06:30:38.284970Z  WARN mq_bench::transport::mqtt: MQTT subscription eventloop error; continuing poll loop client_id=sub-mqb-5bfe10c8e69e39b6-e8f4562ced114078ac16a478f9d6d1a5 error=Mqtt state: Last pingreq isn't acked
2026-06-19T06:30:40.939807Z  WARN mq_bench::transport::mqtt: MQTT subscription eventloop error; continuing poll loop client_id=sub-mqb-5bfe10c8e69e39b6-a8d6d79fcc174dba926a69d3483e5a61 error=Network timeout
2026-06-19T06:30:44.286547Z  WARN mq_bench::transport::mqtt: MQTT subscription eventloop error; continuing poll loop client_id=sub-mqb-5bfe10c8e69e39b6-e8f4562ced114078ac16a478f9d6d1a5 error=Network timeout
2026-06-19T06:30:44.937729Z  WARN mq_bench::transport::mqtt: MQTT subscription eventloop error; continuing poll loop client_id=sub-mqb-5bfe10c8e69e39b6-4ebd50549029460dbd642c02133beed9 error=Mqtt state: Last pingreq isn't acked
2026-06-19T06:30:46.941248Z  WARN mq_bench::transport::mqtt: MQTT subscription eventloop error; continuing poll loop client_id=sub-mqb-5bfe10c8e69e39b6-a8d6d79fcc174dba926a69d3483e5a61 error=Network timeout
2026-06-19T06:30:48.280509Z  WARN mq_bench::transport::mqtt: MQTT subscription eventloop error; continuing poll loop client_id=sub-mqb-5bfe10c8e69e39b6-ab1a1906ecd24b889554bdcb0f31f833 error=Mqtt state: Last pingreq isn't acked
2026-06-19T06:30:50.288924Z  WARN mq_bench::transport::mqtt: MQTT subscription eventloop error; continuing poll loop client_id=sub-mqb-5bfe10c8e69e39b6-e8f4562ced114078ac16a478f9d6d1a5 error=Network timeout
2026-06-19T06:30:50.941082Z  WARN mq_bench::transport::mqtt: MQTT subscription eventloop error; continuing poll loop client_id=sub-mqb-5bfe10c8e69e39b6-4ebd50549029460dbd642c02133beed9 error=Network timeout
2026-06-19T06:30:52.943474Z  WARN mq_bench::transport::mqtt: MQTT subscription eventloop error; continuing poll loop client_id=sub-mqb-5bfe10c8e69e39b6-a8d6d79fcc174dba926a69d3483e5a61 error=Network timeout
2026-06-19T06:30:54.282651Z  WARN mq_bench::transport::mqtt: MQTT subscription eventloop error; continuing poll loop client_id=sub-mqb-5bfe10c8e69e39b6-ab1a1906ecd24b889554bdcb0f31f833 error=Network timeout
2026-06-19T06:30:54.942859Z  WARN mq_bench::transport::mqtt: MQTT subscription eventloop error; continuing poll loop client_id=sub-mqb-5bfe10c8e69e39b6-545096874da440d48280ad37b99f68ed error=Mqtt state: Last pingreq isn't acked
2026-06-19T06:30:56.290463Z  WARN mq_bench::transport::mqtt: MQTT subscription eventloop error; continuing poll loop client_id=sub-mqb-5bfe10c8e69e39b6-e8f4562ced114078ac16a478f9d6d1a5 error=Network timeout
2026-06-19T06:30:56.943653Z  WARN mq_bench::transport::mqtt: MQTT subscription eventloop error; continuing poll loop client_id=sub-mqb-5bfe10c8e69e39b6-4ebd50549029460dbd642c02133beed9 error=Network timeout
2026-06-19T06:30:58.275093Z  WARN mq_bench::transport::mqtt: MQTT subscription eventloop error; continuing poll loop client_id=sub-mqb-5bfe10c8e69e39b6-12c5ce3689854f3e80926603cb6053e6 error=Mqtt state: Last pingreq isn't acked
2026-06-19T06:30:58.945362Z  WARN mq_bench::transport::mqtt: MQTT subscription eventloop error; continuing poll loop client_id=sub-mqb-5bfe10c8e69e39b6-a8d6d79fcc174dba926a69d3483e5a61 error=Network timeout
2026-06-19T06:31:00.284836Z  WARN mq_bench::transport::mqtt: MQTT subscription eventloop error; continuing poll loop client_id=sub-mqb-5bfe10c8e69e39b6-ab1a1906ecd24b889554bdcb0f31f833 error=Network timeout
2026-06-19T06:31:00.945012Z  WARN mq_bench::transport::mqtt: MQTT subscription eventloop error; continuing poll loop client_id=sub-mqb-5bfe10c8e69e39b6-545096874da440d48280ad37b99f68ed error=Network timeout
2026-06-19T06:31:02.292489Z  WARN mq_bench::transport::mqtt: MQTT subscription eventloop error; continuing poll loop client_id=sub-mqb-5bfe10c8e69e39b6-e8f4562ced114078ac16a478f9d6d1a5 error=Network timeout
2026-06-19T06:31:02.945550Z  WARN mq_bench::transport::mqtt: MQTT subscription eventloop error; continuing poll loop client_id=sub-mqb-5bfe10c8e69e39b6-4ebd50549029460dbd642c02133beed9 error=Network timeout
2026-06-19T06:31:04.277214Z  WARN mq_bench::transport::mqtt: MQTT subscription eventloop error; continuing poll loop client_id=sub-mqb-5bfe10c8e69e39b6-12c5ce3689854f3e80926603cb6053e6 error=Network timeout
2026-06-19T06:31:04.947344Z  WARN mq_bench::transport::mqtt: MQTT subscription eventloop error; continuing poll loop client_id=sub-mqb-5bfe10c8e69e39b6-a8d6d79fcc174dba926a69d3483e5a61 error=Network timeout
2026-06-19T06:31:06.286849Z  WARN mq_bench::transport::mqtt: MQTT subscription eventloop error; continuing poll loop client_id=sub-mqb-5bfe10c8e69e39b6-ab1a1906ecd24b889554bdcb0f31f833 error=Network timeout
2026-06-19T06:31:06.947046Z  WARN mq_bench::transport::mqtt: MQTT subscription eventloop error; continuing poll loop client_id=sub-mqb-5bfe10c8e69e39b6-545096874da440d48280ad37b99f68ed error=Network timeout
2026-06-19T06:31:08.294386Z  WARN mq_bench::transport::mqtt: MQTT subscription eventloop error; continuing poll loop client_id=sub-mqb-5bfe10c8e69e39b6-e8f4562ced114078ac16a478f9d6d1a5 error=Network timeout
2026-06-19T06:31:08.947585Z  WARN mq_bench::transport::mqtt: MQTT subscription eventloop error; continuing poll loop client_id=sub-mqb-5bfe10c8e69e39b6-4ebd50549029460dbd642c02133beed9 error=Network timeout
2026-06-19T06:31:09.043040Z  WARN mq_bench::transport::mqtt: MQTT subscription eventloop error; continuing poll loop client_id=sub-mqb-5bfe10c8e69e39b6-b949f4d57a0245e4a824ea303c67f865 error=Mqtt state: Last pingreq isn't acked
2026-06-19T06:31:10.279636Z  WARN mq_bench::transport::mqtt: MQTT subscription eventloop error; continuing poll loop client_id=sub-mqb-5bfe10c8e69e39b6-12c5ce3689854f3e80926603cb6053e6 error=Network timeout
2026-06-19T06:31:10.949800Z  WARN mq_bench::transport::mqtt: MQTT subscription eventloop error; continuing poll loop client_id=sub-mqb-5bfe10c8e69e39b6-a8d6d79fcc174dba926a69d3483e5a61 error=Network timeout
2026-06-19T06:31:11.609793Z  WARN mq_bench::transport::mqtt: MQTT subscription eventloop error; continuing poll loop client_id=sub-mqb-5bfe10c8e69e39b6-c5ad69c4ee134749b2fd76e81f68fc64 error=Mqtt state: Last pingreq isn't acked
2026-06-19T06:31:12.288610Z  WARN mq_bench::transport::mqtt: MQTT subscription eventloop error; continuing poll loop client_id=sub-mqb-5bfe10c8e69e39b6-ab1a1906ecd24b889554bdcb0f31f833 error=Network timeout
