mq-bench starting with run_id: auto
Writing CSV output to: artifacts/fanout_bursty_20260619_061808_mqtt_artemis_p64_s1000_u10_bursty/fanout_singlesite/sub_1_4.csv
2026-06-19T06:18:08.177217Z  INFO mq_bench::roles::subscriber: Starting subscriber engine=Mqtt key=topic_1 endpoint=None crash_enabled=false
2026-06-19T06:18:08.177269Z  INFO mq_bench::roles::subscriber: Connected via transport engine=Mqtt
2026-06-19T06:18:08.177305Z  INFO mq_bench::roles::subscriber: Subscribed to key expression key=topic_1
2026-06-19T06:18:14.845160Z  INFO mq_bench::roles::subscriber: Starting subscriber engine=Mqtt key=topic_1 endpoint=None crash_enabled=false
2026-06-19T06:18:14.845239Z  INFO mq_bench::roles::subscriber: Connected via transport engine=Mqtt
2026-06-19T06:18:14.845312Z  INFO mq_bench::roles::subscriber: Subscribed to key expression key=topic_1
2026-06-19T06:18:21.513125Z  INFO mq_bench::roles::subscriber: Starting subscriber engine=Mqtt key=topic_1 endpoint=None crash_enabled=false
2026-06-19T06:18:21.513263Z  INFO mq_bench::roles::subscriber: Connected via transport engine=Mqtt
2026-06-19T06:18:21.513337Z  INFO mq_bench::roles::subscriber: Subscribed to key expression key=topic_1
2026-06-19T06:18:28.181436Z  INFO mq_bench::roles::subscriber: Starting subscriber engine=Mqtt key=topic_1 endpoint=None crash_enabled=false
2026-06-19T06:18:28.181547Z  INFO mq_bench::roles::subscriber: Connected via transport engine=Mqtt
2026-06-19T06:18:28.181612Z  INFO mq_bench::roles::subscriber: Subscribed to key expression key=topic_1
2026-06-19T06:18:34.848930Z  INFO mq_bench::roles::subscriber: Starting subscriber engine=Mqtt key=topic_1 endpoint=None crash_enabled=false
2026-06-19T06:18:34.848989Z  INFO mq_bench::roles::subscriber: Connected via transport engine=Mqtt
2026-06-19T06:18:34.849086Z  INFO mq_bench::roles::subscriber: Subscribed to key expression key=topic_1
2026-06-19T06:18:41.517505Z  INFO mq_bench::roles::subscriber: Starting subscriber engine=Mqtt key=topic_1 endpoint=None crash_enabled=false
2026-06-19T06:18:41.517557Z  INFO mq_bench::roles::subscriber: Connected via transport engine=Mqtt
2026-06-19T06:18:41.517621Z  INFO mq_bench::roles::subscriber: Subscribed to key expression key=topic_1
2026-06-19T06:18:48.185263Z  INFO mq_bench::roles::subscriber: Starting subscriber engine=Mqtt key=topic_1 endpoint=None crash_enabled=false
2026-06-19T06:18:48.185333Z  INFO mq_bench::roles::subscriber: Connected via transport engine=Mqtt
2026-06-19T06:18:48.185410Z  INFO mq_bench::roles::subscriber: Subscribed to key expression key=topic_1
2026-06-19T06:18:54.853292Z  INFO mq_bench::roles::subscriber: Starting subscriber engine=Mqtt key=topic_1 endpoint=None crash_enabled=false
2026-06-19T06:18:54.853350Z  INFO mq_bench::roles::subscriber: Connected via transport engine=Mqtt
2026-06-19T06:18:54.853436Z  INFO mq_bench::roles::subscriber: Subscribed to key expression key=topic_1
2026-06-19T06:19:01.521157Z  INFO mq_bench::roles::subscriber: Starting subscriber engine=Mqtt key=topic_1 endpoint=None crash_enabled=false
2026-06-19T06:19:01.521243Z  INFO mq_bench::roles::subscriber: Connected via transport engine=Mqtt
2026-06-19T06:19:01.521337Z  INFO mq_bench::roles::subscriber: Subscribed to key expression key=topic_1
2026-06-19T06:19:08.189113Z  INFO mq_bench::roles::subscriber: Starting subscriber engine=Mqtt key=topic_1 endpoint=None crash_enabled=false
2026-06-19T06:19:08.189160Z  INFO mq_bench::roles::subscriber: Connected via transport engine=Mqtt
2026-06-19T06:19:08.189309Z  INFO mq_bench::roles::subscriber: Subscribed to key expression key=topic_1
2026-06-19T06:30:31.548841Z  WARN mq_bench::transport::mqtt: MQTT subscription eventloop error; continuing poll loop client_id=sub-mqb-5bfe0ec8e69e3650-f274937633644952acfdbbb300cc314a error=Mqtt state: Last pingreq isn't acked
2026-06-19T06:30:34.914181Z  WARN mq_bench::transport::mqtt: MQTT subscription eventloop error; continuing poll loop client_id=sub-mqb-5bfe0ec8e69e3650-63afee1616104f7f82c08ffdff2d7818 error=Mqtt state: Last pingreq isn't acked
2026-06-19T06:30:37.551372Z  WARN mq_bench::transport::mqtt: MQTT subscription eventloop error; continuing poll loop client_id=sub-mqb-5bfe0ec8e69e3650-f274937633644952acfdbbb300cc314a error=Network timeout
2026-06-19T06:30:40.916012Z  WARN mq_bench::transport::mqtt: MQTT subscription eventloop error; continuing poll loop client_id=sub-mqb-5bfe0ec8e69e3650-63afee1616104f7f82c08ffdff2d7818 error=Network timeout
2026-06-19T06:30:41.548632Z  WARN mq_bench::transport::mqtt: MQTT subscription eventloop error; continuing poll loop client_id=sub-mqb-5bfe0ec8e69e3650-d6725ecadf9b445aa94e4e9811a7586f error=Mqtt state: Last pingreq isn't acked
2026-06-19T06:30:43.553677Z  WARN mq_bench::transport::mqtt: MQTT subscription eventloop error; continuing poll loop client_id=sub-mqb-5bfe0ec8e69e3650-f274937633644952acfdbbb300cc314a error=Network timeout
2026-06-19T06:30:44.886732Z  WARN mq_bench::transport::mqtt: MQTT subscription eventloop error; continuing poll loop client_id=sub-mqb-5bfe0ec8e69e3650-efe14a73ab33407c98da16fa5b370e14 error=Mqtt state: Last pingreq isn't acked
2026-06-19T06:30:46.918567Z  WARN mq_bench::transport::mqtt: MQTT subscription eventloop error; continuing poll loop client_id=sub-mqb-5bfe0ec8e69e3650-63afee1616104f7f82c08ffdff2d7818 error=Network timeout
2026-06-19T06:30:47.551302Z  WARN mq_bench::transport::mqtt: MQTT subscription eventloop error; continuing poll loop client_id=sub-mqb-5bfe0ec8e69e3650-d6725ecadf9b445aa94e4e9811a7586f error=Network timeout
2026-06-19T06:30:49.556425Z  WARN mq_bench::transport::mqtt: MQTT subscription eventloop error; continuing poll loop client_id=sub-mqb-5bfe0ec8e69e3650-f274937633644952acfdbbb300cc314a error=Network timeout
2026-06-19T06:30:50.888625Z  WARN mq_bench::transport::mqtt: MQTT subscription eventloop error; continuing poll loop client_id=sub-mqb-5bfe0ec8e69e3650-efe14a73ab33407c98da16fa5b370e14 error=Network timeout
2026-06-19T06:30:51.568424Z  WARN mq_bench::transport::mqtt: MQTT subscription eventloop error; continuing poll loop client_id=sub-mqb-5bfe0ec8e69e3650-ba97ef99fdab4eecaeeeb6ba4e536a31 error=Mqtt state: Last pingreq isn't acked
2026-06-19T06:30:52.921147Z  WARN mq_bench::transport::mqtt: MQTT subscription eventloop error; continuing poll loop client_id=sub-mqb-5bfe0ec8e69e3650-63afee1616104f7f82c08ffdff2d7818 error=Network timeout
2026-06-19T06:30:53.553112Z  WARN mq_bench::transport::mqtt: MQTT subscription eventloop error; continuing poll loop client_id=sub-mqb-5bfe0ec8e69e3650-d6725ecadf9b445aa94e4e9811a7586f error=Network timeout
2026-06-19T06:30:54.897923Z  WARN mq_bench::transport::mqtt: MQTT subscription eventloop error; continuing poll loop client_id=sub-mqb-5bfe0ec8e69e3650-68c6156c6c1b4ec0becd5476b33c1c61 error=Mqtt state: Last pingreq isn't acked
2026-06-19T06:30:55.558523Z  WARN mq_bench::transport::mqtt: MQTT subscription eventloop error; continuing poll loop client_id=sub-mqb-5bfe0ec8e69e3650-f274937633644952acfdbbb300cc314a error=Network timeout
2026-06-19T06:30:56.890995Z  WARN mq_bench::transport::mqtt: MQTT subscription eventloop error; continuing poll loop client_id=sub-mqb-5bfe0ec8e69e3650-efe14a73ab33407c98da16fa5b370e14 error=Network timeout
2026-06-19T06:30:57.570654Z  WARN mq_bench::transport::mqtt: MQTT subscription eventloop error; continuing poll loop client_id=sub-mqb-5bfe0ec8e69e3650-ba97ef99fdab4eecaeeeb6ba4e536a31 error=Network timeout
2026-06-19T06:30:58.923278Z  WARN mq_bench::transport::mqtt: MQTT subscription eventloop error; continuing poll loop client_id=sub-mqb-5bfe0ec8e69e3650-63afee1616104f7f82c08ffdff2d7818 error=Network timeout
2026-06-19T06:30:59.554888Z  WARN mq_bench::transport::mqtt: MQTT subscription eventloop error; continuing poll loop client_id=sub-mqb-5bfe0ec8e69e3650-d6725ecadf9b445aa94e4e9811a7586f error=Network timeout
2026-06-19T06:31:00.900308Z  WARN mq_bench::transport::mqtt: MQTT subscription eventloop error; continuing poll loop client_id=sub-mqb-5bfe0ec8e69e3650-68c6156c6c1b4ec0becd5476b33c1c61 error=Network timeout
2026-06-19T06:31:01.561093Z  WARN mq_bench::transport::mqtt: MQTT subscription eventloop error; continuing poll loop client_id=sub-mqb-5bfe0ec8e69e3650-f274937633644952acfdbbb300cc314a error=Network timeout
2026-06-19T06:31:02.892624Z  WARN mq_bench::transport::mqtt: MQTT subscription eventloop error; continuing poll loop client_id=sub-mqb-5bfe0ec8e69e3650-efe14a73ab33407c98da16fa5b370e14 error=Network timeout
2026-06-19T06:31:03.573342Z  WARN mq_bench::transport::mqtt: MQTT subscription eventloop error; continuing poll loop client_id=sub-mqb-5bfe0ec8e69e3650-ba97ef99fdab4eecaeeeb6ba4e536a31 error=Network timeout
2026-06-19T06:31:04.924806Z  WARN mq_bench::transport::mqtt: MQTT subscription eventloop error; continuing poll loop client_id=sub-mqb-5bfe0ec8e69e3650-63afee1616104f7f82c08ffdff2d7818 error=Network timeout
2026-06-19T06:31:05.557417Z  WARN mq_bench::transport::mqtt: MQTT subscription eventloop error; continuing poll loop client_id=sub-mqb-5bfe0ec8e69e3650-d6725ecadf9b445aa94e4e9811a7586f error=Network timeout
2026-06-19T06:31:06.901950Z  WARN mq_bench::transport::mqtt: MQTT subscription eventloop error; continuing poll loop client_id=sub-mqb-5bfe0ec8e69e3650-68c6156c6c1b4ec0becd5476b33c1c61 error=Network timeout
2026-06-19T06:31:07.562547Z  WARN mq_bench::transport::mqtt: MQTT subscription eventloop error; continuing poll loop client_id=sub-mqb-5bfe0ec8e69e3650-f274937633644952acfdbbb300cc314a error=Network timeout
2026-06-19T06:31:08.266508Z  WARN mq_bench::transport::mqtt: MQTT subscription eventloop error; continuing poll loop client_id=sub-mqb-5bfe0ec8e69e3650-bd5f205963424c999d35a3c42c324594 error=Mqtt state: Last pingreq isn't acked
2026-06-19T06:31:08.895024Z  WARN mq_bench::transport::mqtt: MQTT subscription eventloop error; continuing poll loop client_id=sub-mqb-5bfe0ec8e69e3650-efe14a73ab33407c98da16fa5b370e14 error=Network timeout
2026-06-19T06:31:09.116785Z  WARN mq_bench::transport::mqtt: MQTT subscription eventloop error; continuing poll loop client_id=sub-mqb-5bfe0ec8e69e3650-e9a69786df6d412c862ed317b59091e1 error=Mqtt state: Last pingreq isn't acked
2026-06-19T06:31:09.575243Z  WARN mq_bench::transport::mqtt: MQTT subscription eventloop error; continuing poll loop client_id=sub-mqb-5bfe0ec8e69e3650-ba97ef99fdab4eecaeeeb6ba4e536a31 error=Network timeout
2026-06-19T06:31:10.927088Z  WARN mq_bench::transport::mqtt: MQTT subscription eventloop error; continuing poll loop client_id=sub-mqb-5bfe0ec8e69e3650-63afee1616104f7f82c08ffdff2d7818 error=Network timeout
2026-06-19T06:31:11.559852Z  WARN mq_bench::transport::mqtt: MQTT subscription eventloop error; continuing poll loop client_id=sub-mqb-5bfe0ec8e69e3650-d6725ecadf9b445aa94e4e9811a7586f error=Network timeout
