mq-bench starting with run_id: auto
Writing CSV output to: artifacts/fanout_bursty_20260619_061808_mqtt_artemis_p64_s1000_u10_bursty/fanout_singlesite/sub_9_5.csv
2026-06-19T06:18:08.492973Z  INFO mq_bench::roles::subscriber: Starting subscriber engine=Mqtt key=topic_9 endpoint=None crash_enabled=false
2026-06-19T06:18:08.493193Z  INFO mq_bench::roles::subscriber: Connected via transport engine=Mqtt
2026-06-19T06:18:08.493248Z  INFO mq_bench::roles::subscriber: Subscribed to key expression key=topic_9
2026-06-19T06:18:15.160586Z  INFO mq_bench::roles::subscriber: Starting subscriber engine=Mqtt key=topic_9 endpoint=None crash_enabled=false
2026-06-19T06:18:15.160690Z  INFO mq_bench::roles::subscriber: Connected via transport engine=Mqtt
2026-06-19T06:18:15.160752Z  INFO mq_bench::roles::subscriber: Subscribed to key expression key=topic_9
2026-06-19T06:18:21.828436Z  INFO mq_bench::roles::subscriber: Starting subscriber engine=Mqtt key=topic_9 endpoint=None crash_enabled=false
2026-06-19T06:18:21.828552Z  INFO mq_bench::roles::subscriber: Connected via transport engine=Mqtt
2026-06-19T06:18:21.828619Z  INFO mq_bench::roles::subscriber: Subscribed to key expression key=topic_9
2026-06-19T06:18:28.495483Z  INFO mq_bench::roles::subscriber: Starting subscriber engine=Mqtt key=topic_9 endpoint=None crash_enabled=false
2026-06-19T06:18:28.495534Z  INFO mq_bench::roles::subscriber: Connected via transport engine=Mqtt
2026-06-19T06:18:28.495603Z  INFO mq_bench::roles::subscriber: Subscribed to key expression key=topic_9
2026-06-19T06:18:35.162366Z  INFO mq_bench::roles::subscriber: Starting subscriber engine=Mqtt key=topic_9 endpoint=None crash_enabled=false
2026-06-19T06:18:35.162422Z  INFO mq_bench::roles::subscriber: Connected via transport engine=Mqtt
2026-06-19T06:18:35.162510Z  INFO mq_bench::roles::subscriber: Subscribed to key expression key=topic_9
2026-06-19T06:18:41.830077Z  INFO mq_bench::roles::subscriber: Starting subscriber engine=Mqtt key=topic_9 endpoint=None crash_enabled=false
2026-06-19T06:18:41.830126Z  INFO mq_bench::roles::subscriber: Connected via transport engine=Mqtt
2026-06-19T06:18:41.830240Z  INFO mq_bench::roles::subscriber: Subscribed to key expression key=topic_9
2026-06-19T06:18:48.497603Z  INFO mq_bench::roles::subscriber: Starting subscriber engine=Mqtt key=topic_9 endpoint=None crash_enabled=false
2026-06-19T06:18:48.497662Z  INFO mq_bench::roles::subscriber: Connected via transport engine=Mqtt
2026-06-19T06:18:48.497756Z  INFO mq_bench::roles::subscriber: Subscribed to key expression key=topic_9
2026-06-19T06:18:55.165730Z  INFO mq_bench::roles::subscriber: Starting subscriber engine=Mqtt key=topic_9 endpoint=None crash_enabled=false
2026-06-19T06:18:55.165778Z  INFO mq_bench::roles::subscriber: Connected via transport engine=Mqtt
2026-06-19T06:18:55.165860Z  INFO mq_bench::roles::subscriber: Subscribed to key expression key=topic_9
2026-06-19T06:19:01.833375Z  INFO mq_bench::roles::subscriber: Starting subscriber engine=Mqtt key=topic_9 endpoint=None crash_enabled=false
2026-06-19T06:19:01.833440Z  INFO mq_bench::roles::subscriber: Connected via transport engine=Mqtt
2026-06-19T06:19:01.833515Z  INFO mq_bench::roles::subscriber: Subscribed to key expression key=topic_9
2026-06-19T06:19:08.501005Z  INFO mq_bench::roles::subscriber: Starting subscriber engine=Mqtt key=topic_9 endpoint=None crash_enabled=false
2026-06-19T06:19:08.501059Z  INFO mq_bench::roles::subscriber: Connected via transport engine=Mqtt
2026-06-19T06:19:08.501134Z  INFO mq_bench::roles::subscriber: Subscribed to key expression key=topic_9
2026-06-19T06:30:31.860254Z  WARN mq_bench::transport::mqtt: MQTT subscription eventloop error; continuing poll loop client_id=sub-mqb-5bfe16c8e69e43e8-bfe186d2fe84402c8fbbcd3c1fb5ecbc error=Mqtt state: Last pingreq isn't acked
2026-06-19T06:30:37.862784Z  WARN mq_bench::transport::mqtt: MQTT subscription eventloop error; continuing poll loop client_id=sub-mqb-5bfe16c8e69e43e8-bfe186d2fe84402c8fbbcd3c1fb5ecbc error=Network timeout
2026-06-19T06:30:41.858434Z  WARN mq_bench::transport::mqtt: MQTT subscription eventloop error; continuing poll loop client_id=sub-mqb-5bfe16c8e69e43e8-148a413af1594a05aa4a4b094c06075a error=Mqtt state: Last pingreq isn't acked
2026-06-19T06:30:43.864977Z  WARN mq_bench::transport::mqtt: MQTT subscription eventloop error; continuing poll loop client_id=sub-mqb-5bfe16c8e69e43e8-bfe186d2fe84402c8fbbcd3c1fb5ecbc error=Network timeout
2026-06-19T06:30:47.860547Z  WARN mq_bench::transport::mqtt: MQTT subscription eventloop error; continuing poll loop client_id=sub-mqb-5bfe16c8e69e43e8-148a413af1594a05aa4a4b094c06075a error=Network timeout
2026-06-19T06:30:48.525295Z  WARN mq_bench::transport::mqtt: MQTT subscription eventloop error; continuing poll loop client_id=sub-mqb-5bfe16c8e69e43e8-5b20b455a6ba4c3d99feae83b1aee7bd error=Mqtt state: Last pingreq isn't acked
2026-06-19T06:30:49.866716Z  WARN mq_bench::transport::mqtt: MQTT subscription eventloop error; continuing poll loop client_id=sub-mqb-5bfe16c8e69e43e8-bfe186d2fe84402c8fbbcd3c1fb5ecbc error=Network timeout
2026-06-19T06:30:51.857171Z  WARN mq_bench::transport::mqtt: MQTT subscription eventloop error; continuing poll loop client_id=sub-mqb-5bfe16c8e69e43e8-4ad27396a2c944c991e8fcc77242418b error=Mqtt state: Last pingreq isn't acked
2026-06-19T06:30:53.862721Z  WARN mq_bench::transport::mqtt: MQTT subscription eventloop error; continuing poll loop client_id=sub-mqb-5bfe16c8e69e43e8-148a413af1594a05aa4a4b094c06075a error=Network timeout
2026-06-19T06:30:54.527373Z  WARN mq_bench::transport::mqtt: MQTT subscription eventloop error; continuing poll loop client_id=sub-mqb-5bfe16c8e69e43e8-5b20b455a6ba4c3d99feae83b1aee7bd error=Network timeout
2026-06-19T06:30:55.868949Z  WARN mq_bench::transport::mqtt: MQTT subscription eventloop error; continuing poll loop client_id=sub-mqb-5bfe16c8e69e43e8-bfe186d2fe84402c8fbbcd3c1fb5ecbc error=Network timeout
2026-06-19T06:30:57.859338Z  WARN mq_bench::transport::mqtt: MQTT subscription eventloop error; continuing poll loop client_id=sub-mqb-5bfe16c8e69e43e8-4ad27396a2c944c991e8fcc77242418b error=Network timeout
2026-06-19T06:30:58.525034Z  WARN mq_bench::transport::mqtt: MQTT subscription eventloop error; continuing poll loop client_id=sub-mqb-5bfe16c8e69e43e8-e4696d017efa49d5945c86a26e6d104d error=Mqtt state: Last pingreq isn't acked
2026-06-19T06:30:59.864415Z  WARN mq_bench::transport::mqtt: MQTT subscription eventloop error; continuing poll loop client_id=sub-mqb-5bfe16c8e69e43e8-148a413af1594a05aa4a4b094c06075a error=Network timeout
2026-06-19T06:31:00.530119Z  WARN mq_bench::transport::mqtt: MQTT subscription eventloop error; continuing poll loop client_id=sub-mqb-5bfe16c8e69e43e8-5b20b455a6ba4c3d99feae83b1aee7bd error=Network timeout
2026-06-19T06:31:01.870327Z  WARN mq_bench::transport::mqtt: MQTT subscription eventloop error; continuing poll loop client_id=sub-mqb-5bfe16c8e69e43e8-bfe186d2fe84402c8fbbcd3c1fb5ecbc error=Network timeout
2026-06-19T06:31:03.861647Z  WARN mq_bench::transport::mqtt: MQTT subscription eventloop error; continuing poll loop client_id=sub-mqb-5bfe16c8e69e43e8-4ad27396a2c944c991e8fcc77242418b error=Network timeout
2026-06-19T06:31:04.527198Z  WARN mq_bench::transport::mqtt: MQTT subscription eventloop error; continuing poll loop client_id=sub-mqb-5bfe16c8e69e43e8-e4696d017efa49d5945c86a26e6d104d error=Network timeout
2026-06-19T06:31:05.194802Z  WARN mq_bench::transport::mqtt: MQTT subscription eventloop error; continuing poll loop client_id=sub-mqb-5bfe16c8e69e43e8-cd76c2a831f8474098ca51f2b2148456 error=Mqtt state: Last pingreq isn't acked
2026-06-19T06:31:05.866805Z  WARN mq_bench::transport::mqtt: MQTT subscription eventloop error; continuing poll loop client_id=sub-mqb-5bfe16c8e69e43e8-148a413af1594a05aa4a4b094c06075a error=Network timeout
2026-06-19T06:31:06.532597Z  WARN mq_bench::transport::mqtt: MQTT subscription eventloop error; continuing poll loop client_id=sub-mqb-5bfe16c8e69e43e8-5b20b455a6ba4c3d99feae83b1aee7bd error=Network timeout
2026-06-19T06:31:07.872919Z  WARN mq_bench::transport::mqtt: MQTT subscription eventloop error; continuing poll loop client_id=sub-mqb-5bfe16c8e69e43e8-bfe186d2fe84402c8fbbcd3c1fb5ecbc error=Network timeout
2026-06-19T06:31:08.530522Z  WARN mq_bench::transport::mqtt: MQTT subscription eventloop error; continuing poll loop client_id=sub-mqb-5bfe16c8e69e43e8-ec122fcda27b4415a7a75a230b407b02 error=Mqtt state: Last pingreq isn't acked
2026-06-19T06:31:09.288361Z  WARN mq_bench::transport::mqtt: MQTT subscription eventloop error; continuing poll loop client_id=sub-mqb-5bfe16c8e69e43e8-7ed2daa2db1b4db5850218f16f0d5e07 error=Mqtt state: Last pingreq isn't acked
2026-06-19T06:31:09.864053Z  WARN mq_bench::transport::mqtt: MQTT subscription eventloop error; continuing poll loop client_id=sub-mqb-5bfe16c8e69e43e8-4ad27396a2c944c991e8fcc77242418b error=Network timeout
2026-06-19T06:31:10.529926Z  WARN mq_bench::transport::mqtt: MQTT subscription eventloop error; continuing poll loop client_id=sub-mqb-5bfe16c8e69e43e8-e4696d017efa49d5945c86a26e6d104d error=Network timeout
2026-06-19T06:31:11.196474Z  WARN mq_bench::transport::mqtt: MQTT subscription eventloop error; continuing poll loop client_id=sub-mqb-5bfe16c8e69e43e8-cd76c2a831f8474098ca51f2b2148456 error=Network timeout
2026-06-19T06:31:11.868475Z  WARN mq_bench::transport::mqtt: MQTT subscription eventloop error; continuing poll loop client_id=sub-mqb-5bfe16c8e69e43e8-148a413af1594a05aa4a4b094c06075a error=Network timeout
