mq-bench starting with run_id: auto
Writing CSV output to: artifacts/fanout_bursty_20260619_040613_mqtt_mosquitto_p64_s1000_u10_bursty/fanout_singlesite/sub_9_1.csv
2026-06-19T04:06:13.916478Z  INFO mq_bench::roles::subscriber: Starting subscriber engine=Mqtt key=topic_9 endpoint=None crash_enabled=false
2026-06-19T04:06:13.916522Z  INFO mq_bench::roles::subscriber: Connected via transport engine=Mqtt
2026-06-19T04:06:13.916569Z  INFO mq_bench::roles::subscriber: Subscribed to key expression key=topic_9
2026-06-19T04:06:20.584352Z  INFO mq_bench::roles::subscriber: Starting subscriber engine=Mqtt key=topic_9 endpoint=None crash_enabled=false
2026-06-19T04:06:20.584466Z  INFO mq_bench::roles::subscriber: Connected via transport engine=Mqtt
2026-06-19T04:06:20.584522Z  INFO mq_bench::roles::subscriber: Subscribed to key expression key=topic_9
2026-06-19T04:06:27.251322Z  INFO mq_bench::roles::subscriber: Starting subscriber engine=Mqtt key=topic_9 endpoint=None crash_enabled=false
2026-06-19T04:06:27.251441Z  INFO mq_bench::roles::subscriber: Connected via transport engine=Mqtt
2026-06-19T04:06:27.251499Z  INFO mq_bench::roles::subscriber: Subscribed to key expression key=topic_9
2026-06-19T04:06:33.918725Z  INFO mq_bench::roles::subscriber: Starting subscriber engine=Mqtt key=topic_9 endpoint=None crash_enabled=false
2026-06-19T04:06:33.918836Z  INFO mq_bench::roles::subscriber: Connected via transport engine=Mqtt
2026-06-19T04:06:33.918917Z  INFO mq_bench::roles::subscriber: Subscribed to key expression key=topic_9
2026-06-19T04:06:40.586767Z  INFO mq_bench::roles::subscriber: Starting subscriber engine=Mqtt key=topic_9 endpoint=None crash_enabled=false
2026-06-19T04:06:40.586818Z  INFO mq_bench::roles::subscriber: Connected via transport engine=Mqtt
2026-06-19T04:06:40.586881Z  INFO mq_bench::roles::subscriber: Subscribed to key expression key=topic_9
2026-06-19T04:06:47.254267Z  INFO mq_bench::roles::subscriber: Starting subscriber engine=Mqtt key=topic_9 endpoint=None crash_enabled=false
2026-06-19T04:06:47.254313Z  INFO mq_bench::roles::subscriber: Connected via transport engine=Mqtt
2026-06-19T04:06:47.254388Z  INFO mq_bench::roles::subscriber: Subscribed to key expression key=topic_9
2026-06-19T04:06:53.921257Z  INFO mq_bench::roles::subscriber: Starting subscriber engine=Mqtt key=topic_9 endpoint=None crash_enabled=false
2026-06-19T04:06:53.921306Z  INFO mq_bench::roles::subscriber: Connected via transport engine=Mqtt
2026-06-19T04:06:53.921387Z  INFO mq_bench::roles::subscriber: Subscribed to key expression key=topic_9
2026-06-19T04:07:00.588995Z  INFO mq_bench::roles::subscriber: Starting subscriber engine=Mqtt key=topic_9 endpoint=None crash_enabled=false
2026-06-19T04:07:00.589042Z  INFO mq_bench::roles::subscriber: Connected via transport engine=Mqtt
2026-06-19T04:07:00.589123Z  INFO mq_bench::roles::subscriber: Subscribed to key expression key=topic_9
2026-06-19T04:07:07.257036Z  INFO mq_bench::roles::subscriber: Starting subscriber engine=Mqtt key=topic_9 endpoint=None crash_enabled=false
2026-06-19T04:07:07.257088Z  INFO mq_bench::roles::subscriber: Connected via transport engine=Mqtt
2026-06-19T04:07:07.257185Z  INFO mq_bench::roles::subscriber: Subscribed to key expression key=topic_9
2026-06-19T04:07:13.924878Z  INFO mq_bench::roles::subscriber: Starting subscriber engine=Mqtt key=topic_9 endpoint=None crash_enabled=false
2026-06-19T04:07:13.924926Z  INFO mq_bench::roles::subscriber: Connected via transport engine=Mqtt
2026-06-19T04:07:13.925012Z  INFO mq_bench::roles::subscriber: Subscribed to key expression key=topic_9
