mq-bench starting with run_id: auto
Writing CSV output to: artifacts/fanout_bursty_20260619_040613_mqtt_mosquitto_p64_s1000_u10_bursty/fanout_singlesite/sub_6_6.csv
2026-06-19T04:06:13.818121Z  INFO mq_bench::roles::subscriber: Starting subscriber engine=Mqtt key=topic_6 endpoint=None crash_enabled=false
2026-06-19T04:06:13.818172Z  INFO mq_bench::roles::subscriber: Connected via transport engine=Mqtt
2026-06-19T04:06:13.818213Z  INFO mq_bench::roles::subscriber: Subscribed to key expression key=topic_6
2026-06-19T04:06:20.486451Z  INFO mq_bench::roles::subscriber: Starting subscriber engine=Mqtt key=topic_6 endpoint=None crash_enabled=false
2026-06-19T04:06:20.486570Z  INFO mq_bench::roles::subscriber: Connected via transport engine=Mqtt
2026-06-19T04:06:20.486626Z  INFO mq_bench::roles::subscriber: Subscribed to key expression key=topic_6
2026-06-19T04:06:27.154535Z  INFO mq_bench::roles::subscriber: Starting subscriber engine=Mqtt key=topic_6 endpoint=None crash_enabled=false
2026-06-19T04:06:27.154643Z  INFO mq_bench::roles::subscriber: Connected via transport engine=Mqtt
2026-06-19T04:06:27.154709Z  INFO mq_bench::roles::subscriber: Subscribed to key expression key=topic_6
2026-06-19T04:06:33.821752Z  INFO mq_bench::roles::subscriber: Starting subscriber engine=Mqtt key=topic_6 endpoint=None crash_enabled=false
2026-06-19T04:06:33.821803Z  INFO mq_bench::roles::subscriber: Connected via transport engine=Mqtt
2026-06-19T04:06:33.821863Z  INFO mq_bench::roles::subscriber: Subscribed to key expression key=topic_6
2026-06-19T04:06:40.488641Z  INFO mq_bench::roles::subscriber: Starting subscriber engine=Mqtt key=topic_6 endpoint=None crash_enabled=false
2026-06-19T04:06:40.488763Z  INFO mq_bench::roles::subscriber: Connected via transport engine=Mqtt
2026-06-19T04:06:40.488845Z  INFO mq_bench::roles::subscriber: Subscribed to key expression key=topic_6
2026-06-19T04:06:47.156424Z  INFO mq_bench::roles::subscriber: Starting subscriber engine=Mqtt key=topic_6 endpoint=None crash_enabled=false
2026-06-19T04:06:47.156483Z  INFO mq_bench::roles::subscriber: Connected via transport engine=Mqtt
2026-06-19T04:06:47.156566Z  INFO mq_bench::roles::subscriber: Subscribed to key expression key=topic_6
2026-06-19T04:06:53.824167Z  INFO mq_bench::roles::subscriber: Starting subscriber engine=Mqtt key=topic_6 endpoint=None crash_enabled=false
2026-06-19T04:06:53.824248Z  INFO mq_bench::roles::subscriber: Connected via transport engine=Mqtt
2026-06-19T04:06:53.824324Z  INFO mq_bench::roles::subscriber: Subscribed to key expression key=topic_6
2026-06-19T04:07:00.492225Z  INFO mq_bench::roles::subscriber: Starting subscriber engine=Mqtt key=topic_6 endpoint=None crash_enabled=false
2026-06-19T04:07:00.492273Z  INFO mq_bench::roles::subscriber: Connected via transport engine=Mqtt
2026-06-19T04:07:00.492362Z  INFO mq_bench::roles::subscriber: Subscribed to key expression key=topic_6
2026-06-19T04:07:07.160028Z  INFO mq_bench::roles::subscriber: Starting subscriber engine=Mqtt key=topic_6 endpoint=None crash_enabled=false
2026-06-19T04:07:07.160092Z  INFO mq_bench::roles::subscriber: Connected via transport engine=Mqtt
2026-06-19T04:07:07.160167Z  INFO mq_bench::roles::subscriber: Subscribed to key expression key=topic_6
2026-06-19T04:07:13.828349Z  INFO mq_bench::roles::subscriber: Starting subscriber engine=Mqtt key=topic_6 endpoint=None crash_enabled=false
2026-06-19T04:07:13.828406Z  INFO mq_bench::roles::subscriber: Connected via transport engine=Mqtt
2026-06-19T04:07:13.828501Z  INFO mq_bench::roles::subscriber: Subscribed to key expression key=topic_6
