mq-bench starting with run_id: auto
Writing CSV output to: artifacts/fanout_bursty_20260619_040613_mqtt_mosquitto_p64_s1000_u10_bursty/fanout_singlesite/sub_2_3.csv
2026-06-19T04:06:13.651429Z  INFO mq_bench::roles::subscriber: Starting subscriber engine=Mqtt key=topic_2 endpoint=None crash_enabled=false
2026-06-19T04:06:13.651476Z  INFO mq_bench::roles::subscriber: Connected via transport engine=Mqtt
2026-06-19T04:06:13.651510Z  INFO mq_bench::roles::subscriber: Subscribed to key expression key=topic_2
2026-06-19T04:06:20.319594Z  INFO mq_bench::roles::subscriber: Starting subscriber engine=Mqtt key=topic_2 endpoint=None crash_enabled=false
2026-06-19T04:06:20.319643Z  INFO mq_bench::roles::subscriber: Connected via transport engine=Mqtt
2026-06-19T04:06:20.319717Z  INFO mq_bench::roles::subscriber: Subscribed to key expression key=topic_2
2026-06-19T04:06:26.986763Z  INFO mq_bench::roles::subscriber: Starting subscriber engine=Mqtt key=topic_2 endpoint=None crash_enabled=false
2026-06-19T04:06:26.986889Z  INFO mq_bench::roles::subscriber: Connected via transport engine=Mqtt
2026-06-19T04:06:26.986956Z  INFO mq_bench::roles::subscriber: Subscribed to key expression key=topic_2
2026-06-19T04:06:33.654281Z  INFO mq_bench::roles::subscriber: Starting subscriber engine=Mqtt key=topic_2 endpoint=None crash_enabled=false
2026-06-19T04:06:33.654383Z  INFO mq_bench::roles::subscriber: Connected via transport engine=Mqtt
2026-06-19T04:06:33.654444Z  INFO mq_bench::roles::subscriber: Subscribed to key expression key=topic_2
2026-06-19T04:06:40.322447Z  INFO mq_bench::roles::subscriber: Starting subscriber engine=Mqtt key=topic_2 endpoint=None crash_enabled=false
2026-06-19T04:06:40.322536Z  INFO mq_bench::roles::subscriber: Connected via transport engine=Mqtt
2026-06-19T04:06:40.322615Z  INFO mq_bench::roles::subscriber: Subscribed to key expression key=topic_2
2026-06-19T04:06:46.990131Z  INFO mq_bench::roles::subscriber: Starting subscriber engine=Mqtt key=topic_2 endpoint=None crash_enabled=false
2026-06-19T04:06:46.990175Z  INFO mq_bench::roles::subscriber: Connected via transport engine=Mqtt
2026-06-19T04:06:46.990271Z  INFO mq_bench::roles::subscriber: Subscribed to key expression key=topic_2
2026-06-19T04:06:53.657962Z  INFO mq_bench::roles::subscriber: Starting subscriber engine=Mqtt key=topic_2 endpoint=None crash_enabled=false
2026-06-19T04:06:53.658024Z  INFO mq_bench::roles::subscriber: Connected via transport engine=Mqtt
2026-06-19T04:06:53.658104Z  INFO mq_bench::roles::subscriber: Subscribed to key expression key=topic_2
2026-06-19T04:07:00.325783Z  INFO mq_bench::roles::subscriber: Starting subscriber engine=Mqtt key=topic_2 endpoint=None crash_enabled=false
2026-06-19T04:07:00.325850Z  INFO mq_bench::roles::subscriber: Connected via transport engine=Mqtt
2026-06-19T04:07:00.325931Z  INFO mq_bench::roles::subscriber: Subscribed to key expression key=topic_2
2026-06-19T04:07:06.993641Z  INFO mq_bench::roles::subscriber: Starting subscriber engine=Mqtt key=topic_2 endpoint=None crash_enabled=false
2026-06-19T04:07:06.993692Z  INFO mq_bench::roles::subscriber: Connected via transport engine=Mqtt
2026-06-19T04:07:06.993777Z  INFO mq_bench::roles::subscriber: Subscribed to key expression key=topic_2
2026-06-19T04:07:13.661531Z  INFO mq_bench::roles::subscriber: Starting subscriber engine=Mqtt key=topic_2 endpoint=None crash_enabled=false
2026-06-19T04:07:13.661594Z  INFO mq_bench::roles::subscriber: Connected via transport engine=Mqtt
2026-06-19T04:07:13.661684Z  INFO mq_bench::roles::subscriber: Subscribed to key expression key=topic_2
