mq-bench starting with run_id: auto
Writing CSV output to: artifacts/fanout_bursty_20260619_040613_mqtt_mosquitto_p64_s1000_u10_bursty/fanout_singlesite/sub_9_0.csv
2026-06-19T04:06:13.912371Z  INFO mq_bench::roles::subscriber: Starting subscriber engine=Mqtt key=topic_9 endpoint=None crash_enabled=false
2026-06-19T04:06:13.912419Z  INFO mq_bench::roles::subscriber: Connected via transport engine=Mqtt
2026-06-19T04:06:13.912462Z  INFO mq_bench::roles::subscriber: Subscribed to key expression key=topic_9
2026-06-19T04:06:20.580099Z  INFO mq_bench::roles::subscriber: Starting subscriber engine=Mqtt key=topic_9 endpoint=None crash_enabled=false
2026-06-19T04:06:20.580256Z  INFO mq_bench::roles::subscriber: Connected via transport engine=Mqtt
2026-06-19T04:06:20.580318Z  INFO mq_bench::roles::subscriber: Subscribed to key expression key=topic_9
2026-06-19T04:06:27.247106Z  INFO mq_bench::roles::subscriber: Starting subscriber engine=Mqtt key=topic_9 endpoint=None crash_enabled=false
2026-06-19T04:06:27.247257Z  INFO mq_bench::roles::subscriber: Connected via transport engine=Mqtt
2026-06-19T04:06:27.247321Z  INFO mq_bench::roles::subscriber: Subscribed to key expression key=topic_9
2026-06-19T04:06:33.914365Z  INFO mq_bench::roles::subscriber: Starting subscriber engine=Mqtt key=topic_9 endpoint=None crash_enabled=false
2026-06-19T04:06:33.914476Z  INFO mq_bench::roles::subscriber: Connected via transport engine=Mqtt
2026-06-19T04:06:33.914536Z  INFO mq_bench::roles::subscriber: Subscribed to key expression key=topic_9
2026-06-19T04:06:40.582327Z  INFO mq_bench::roles::subscriber: Starting subscriber engine=Mqtt key=topic_9 endpoint=None crash_enabled=false
2026-06-19T04:06:40.582375Z  INFO mq_bench::roles::subscriber: Connected via transport engine=Mqtt
2026-06-19T04:06:40.582447Z  INFO mq_bench::roles::subscriber: Subscribed to key expression key=topic_9
2026-06-19T04:06:47.249951Z  INFO mq_bench::roles::subscriber: Starting subscriber engine=Mqtt key=topic_9 endpoint=None crash_enabled=false
2026-06-19T04:06:47.250006Z  INFO mq_bench::roles::subscriber: Connected via transport engine=Mqtt
2026-06-19T04:06:47.250088Z  INFO mq_bench::roles::subscriber: Subscribed to key expression key=topic_9
2026-06-19T04:06:53.917989Z  INFO mq_bench::roles::subscriber: Starting subscriber engine=Mqtt key=topic_9 endpoint=None crash_enabled=false
2026-06-19T04:06:53.918044Z  INFO mq_bench::roles::subscriber: Connected via transport engine=Mqtt
2026-06-19T04:06:53.918129Z  INFO mq_bench::roles::subscriber: Subscribed to key expression key=topic_9
2026-06-19T04:07:00.585728Z  INFO mq_bench::roles::subscriber: Starting subscriber engine=Mqtt key=topic_9 endpoint=None crash_enabled=false
2026-06-19T04:07:00.585802Z  INFO mq_bench::roles::subscriber: Connected via transport engine=Mqtt
2026-06-19T04:07:00.585882Z  INFO mq_bench::roles::subscriber: Subscribed to key expression key=topic_9
2026-06-19T04:07:07.253940Z  INFO mq_bench::roles::subscriber: Starting subscriber engine=Mqtt key=topic_9 endpoint=None crash_enabled=false
2026-06-19T04:07:07.253999Z  INFO mq_bench::roles::subscriber: Connected via transport engine=Mqtt
2026-06-19T04:07:07.254087Z  INFO mq_bench::roles::subscriber: Subscribed to key expression key=topic_9
2026-06-19T04:07:13.921502Z  INFO mq_bench::roles::subscriber: Starting subscriber engine=Mqtt key=topic_9 endpoint=None crash_enabled=false
2026-06-19T04:07:13.921556Z  INFO mq_bench::roles::subscriber: Connected via transport engine=Mqtt
2026-06-19T04:07:13.921638Z  INFO mq_bench::roles::subscriber: Subscribed to key expression key=topic_9
