mq-bench starting with run_id: auto
Writing CSV output to: artifacts/fanout_bursty_20260619_040613_mqtt_mosquitto_p64_s1000_u10_bursty/fanout_singlesite/sub_8_1.csv
2026-06-19T04:06:13.877524Z  INFO mq_bench::roles::subscriber: Starting subscriber engine=Mqtt key=topic_8 endpoint=None crash_enabled=false
2026-06-19T04:06:13.877707Z  INFO mq_bench::roles::subscriber: Connected via transport engine=Mqtt
2026-06-19T04:06:13.877749Z  INFO mq_bench::roles::subscriber: Subscribed to key expression key=topic_8
2026-06-19T04:06:20.545487Z  INFO mq_bench::roles::subscriber: Starting subscriber engine=Mqtt key=topic_8 endpoint=None crash_enabled=false
2026-06-19T04:06:20.545554Z  INFO mq_bench::roles::subscriber: Connected via transport engine=Mqtt
2026-06-19T04:06:20.545622Z  INFO mq_bench::roles::subscriber: Subscribed to key expression key=topic_8
2026-06-19T04:06:27.213494Z  INFO mq_bench::roles::subscriber: Starting subscriber engine=Mqtt key=topic_8 endpoint=None crash_enabled=false
2026-06-19T04:06:27.213604Z  INFO mq_bench::roles::subscriber: Connected via transport engine=Mqtt
2026-06-19T04:06:27.213662Z  INFO mq_bench::roles::subscriber: Subscribed to key expression key=topic_8
2026-06-19T04:06:33.881811Z  INFO mq_bench::roles::subscriber: Starting subscriber engine=Mqtt key=topic_8 endpoint=None crash_enabled=false
2026-06-19T04:06:33.881858Z  INFO mq_bench::roles::subscriber: Connected via transport engine=Mqtt
2026-06-19T04:06:33.881919Z  INFO mq_bench::roles::subscriber: Subscribed to key expression key=topic_8
2026-06-19T04:06:40.549860Z  INFO mq_bench::roles::subscriber: Starting subscriber engine=Mqtt key=topic_8 endpoint=None crash_enabled=false
2026-06-19T04:06:40.549974Z  INFO mq_bench::roles::subscriber: Connected via transport engine=Mqtt
2026-06-19T04:06:40.550053Z  INFO mq_bench::roles::subscriber: Subscribed to key expression key=topic_8
2026-06-19T04:06:47.217384Z  INFO mq_bench::roles::subscriber: Starting subscriber engine=Mqtt key=topic_8 endpoint=None crash_enabled=false
2026-06-19T04:06:47.217436Z  INFO mq_bench::roles::subscriber: Connected via transport engine=Mqtt
2026-06-19T04:06:47.217535Z  INFO mq_bench::roles::subscriber: Subscribed to key expression key=topic_8
2026-06-19T04:06:53.885259Z  INFO mq_bench::roles::subscriber: Starting subscriber engine=Mqtt key=topic_8 endpoint=None crash_enabled=false
2026-06-19T04:06:53.885311Z  INFO mq_bench::roles::subscriber: Connected via transport engine=Mqtt
2026-06-19T04:06:53.885393Z  INFO mq_bench::roles::subscriber: Subscribed to key expression key=topic_8
2026-06-19T04:07:00.553039Z  INFO mq_bench::roles::subscriber: Starting subscriber engine=Mqtt key=topic_8 endpoint=None crash_enabled=false
2026-06-19T04:07:00.553090Z  INFO mq_bench::roles::subscriber: Connected via transport engine=Mqtt
2026-06-19T04:07:00.553174Z  INFO mq_bench::roles::subscriber: Subscribed to key expression key=topic_8
2026-06-19T04:07:07.220711Z  INFO mq_bench::roles::subscriber: Starting subscriber engine=Mqtt key=topic_8 endpoint=None crash_enabled=false
2026-06-19T04:07:07.220792Z  INFO mq_bench::roles::subscriber: Connected via transport engine=Mqtt
2026-06-19T04:07:07.220868Z  INFO mq_bench::roles::subscriber: Subscribed to key expression key=topic_8
2026-06-19T04:07:13.888729Z  INFO mq_bench::roles::subscriber: Starting subscriber engine=Mqtt key=topic_8 endpoint=None crash_enabled=false
2026-06-19T04:07:13.888782Z  INFO mq_bench::roles::subscriber: Connected via transport engine=Mqtt
2026-06-19T04:07:13.888872Z  INFO mq_bench::roles::subscriber: Subscribed to key expression key=topic_8
