mq-bench starting with run_id: auto
Writing CSV output to: artifacts/fanout_bursty_20260619_040613_mqtt_mosquitto_p64_s1000_u10_bursty/fanout_singlesite/sub_7_8.csv
2026-06-19T04:06:13.865744Z  INFO mq_bench::roles::subscriber: Starting subscriber engine=Mqtt key=topic_7 endpoint=None crash_enabled=false
2026-06-19T04:06:13.865795Z  INFO mq_bench::roles::subscriber: Connected via transport engine=Mqtt
2026-06-19T04:06:13.865844Z  INFO mq_bench::roles::subscriber: Subscribed to key expression key=topic_7
2026-06-19T04:06:20.533570Z  INFO mq_bench::roles::subscriber: Starting subscriber engine=Mqtt key=topic_7 endpoint=None crash_enabled=false
2026-06-19T04:06:20.533623Z  INFO mq_bench::roles::subscriber: Connected via transport engine=Mqtt
2026-06-19T04:06:20.533688Z  INFO mq_bench::roles::subscriber: Subscribed to key expression key=topic_7
2026-06-19T04:06:27.201534Z  INFO mq_bench::roles::subscriber: Starting subscriber engine=Mqtt key=topic_7 endpoint=None crash_enabled=false
2026-06-19T04:06:27.201646Z  INFO mq_bench::roles::subscriber: Connected via transport engine=Mqtt
2026-06-19T04:06:27.201710Z  INFO mq_bench::roles::subscriber: Subscribed to key expression key=topic_7
2026-06-19T04:06:33.869849Z  INFO mq_bench::roles::subscriber: Starting subscriber engine=Mqtt key=topic_7 endpoint=None crash_enabled=false
2026-06-19T04:06:33.869894Z  INFO mq_bench::roles::subscriber: Connected via transport engine=Mqtt
2026-06-19T04:06:33.869955Z  INFO mq_bench::roles::subscriber: Subscribed to key expression key=topic_7
2026-06-19T04:06:40.537783Z  INFO mq_bench::roles::subscriber: Starting subscriber engine=Mqtt key=topic_7 endpoint=None crash_enabled=false
2026-06-19T04:06:40.537893Z  INFO mq_bench::roles::subscriber: Connected via transport engine=Mqtt
2026-06-19T04:06:40.537972Z  INFO mq_bench::roles::subscriber: Subscribed to key expression key=topic_7
2026-06-19T04:06:47.205230Z  INFO mq_bench::roles::subscriber: Starting subscriber engine=Mqtt key=topic_7 endpoint=None crash_enabled=false
2026-06-19T04:06:47.205284Z  INFO mq_bench::roles::subscriber: Connected via transport engine=Mqtt
2026-06-19T04:06:47.205416Z  INFO mq_bench::roles::subscriber: Subscribed to key expression key=topic_7
2026-06-19T04:06:53.872421Z  INFO mq_bench::roles::subscriber: Starting subscriber engine=Mqtt key=topic_7 endpoint=None crash_enabled=false
2026-06-19T04:06:53.872477Z  INFO mq_bench::roles::subscriber: Connected via transport engine=Mqtt
2026-06-19T04:06:53.872566Z  INFO mq_bench::roles::subscriber: Subscribed to key expression key=topic_7
2026-06-19T04:07:00.540263Z  INFO mq_bench::roles::subscriber: Starting subscriber engine=Mqtt key=topic_7 endpoint=None crash_enabled=false
2026-06-19T04:07:00.540319Z  INFO mq_bench::roles::subscriber: Connected via transport engine=Mqtt
2026-06-19T04:07:00.540450Z  INFO mq_bench::roles::subscriber: Subscribed to key expression key=topic_7
2026-06-19T04:07:07.207170Z  INFO mq_bench::roles::subscriber: Starting subscriber engine=Mqtt key=topic_7 endpoint=None crash_enabled=false
2026-06-19T04:07:07.207270Z  INFO mq_bench::roles::subscriber: Connected via transport engine=Mqtt
2026-06-19T04:07:07.207351Z  INFO mq_bench::roles::subscriber: Subscribed to key expression key=topic_7
2026-06-19T04:07:13.874833Z  INFO mq_bench::roles::subscriber: Starting subscriber engine=Mqtt key=topic_7 endpoint=None crash_enabled=false
2026-06-19T04:07:13.874918Z  INFO mq_bench::roles::subscriber: Connected via transport engine=Mqtt
2026-06-19T04:07:13.875025Z  INFO mq_bench::roles::subscriber: Subscribed to key expression key=topic_7
