mq-bench starting with run_id: auto
Writing CSV output to: artifacts/fanout_bursty_20260619_040613_mqtt_mosquitto_p64_s1000_u10_bursty/fanout_singlesite/sub_3_6.csv
2026-06-19T04:06:13.701115Z  INFO mq_bench::roles::subscriber: Starting subscriber engine=Mqtt key=topic_3 endpoint=None crash_enabled=false
2026-06-19T04:06:13.701163Z  INFO mq_bench::roles::subscriber: Connected via transport engine=Mqtt
2026-06-19T04:06:13.701212Z  INFO mq_bench::roles::subscriber: Subscribed to key expression key=topic_3
2026-06-19T04:06:20.368897Z  INFO mq_bench::roles::subscriber: Starting subscriber engine=Mqtt key=topic_3 endpoint=None crash_enabled=false
2026-06-19T04:06:20.368957Z  INFO mq_bench::roles::subscriber: Connected via transport engine=Mqtt
2026-06-19T04:06:20.369022Z  INFO mq_bench::roles::subscriber: Subscribed to key expression key=topic_3
2026-06-19T04:06:27.036738Z  INFO mq_bench::roles::subscriber: Starting subscriber engine=Mqtt key=topic_3 endpoint=None crash_enabled=false
2026-06-19T04:06:27.036845Z  INFO mq_bench::roles::subscriber: Connected via transport engine=Mqtt
2026-06-19T04:06:27.036905Z  INFO mq_bench::roles::subscriber: Subscribed to key expression key=topic_3
2026-06-19T04:06:33.704016Z  INFO mq_bench::roles::subscriber: Starting subscriber engine=Mqtt key=topic_3 endpoint=None crash_enabled=false
2026-06-19T04:06:33.704072Z  INFO mq_bench::roles::subscriber: Connected via transport engine=Mqtt
2026-06-19T04:06:33.704139Z  INFO mq_bench::roles::subscriber: Subscribed to key expression key=topic_3
2026-06-19T04:06:40.371910Z  INFO mq_bench::roles::subscriber: Starting subscriber engine=Mqtt key=topic_3 endpoint=None crash_enabled=false
2026-06-19T04:06:40.372016Z  INFO mq_bench::roles::subscriber: Connected via transport engine=Mqtt
2026-06-19T04:06:40.372108Z  INFO mq_bench::roles::subscriber: Subscribed to key expression key=topic_3
2026-06-19T04:06:47.039844Z  INFO mq_bench::roles::subscriber: Starting subscriber engine=Mqtt key=topic_3 endpoint=None crash_enabled=false
2026-06-19T04:06:47.039899Z  INFO mq_bench::roles::subscriber: Connected via transport engine=Mqtt
2026-06-19T04:06:47.039974Z  INFO mq_bench::roles::subscriber: Subscribed to key expression key=topic_3
2026-06-19T04:06:53.707952Z  INFO mq_bench::roles::subscriber: Starting subscriber engine=Mqtt key=topic_3 endpoint=None crash_enabled=false
2026-06-19T04:06:53.708004Z  INFO mq_bench::roles::subscriber: Connected via transport engine=Mqtt
2026-06-19T04:06:53.708082Z  INFO mq_bench::roles::subscriber: Subscribed to key expression key=topic_3
2026-06-19T04:07:00.375788Z  INFO mq_bench::roles::subscriber: Starting subscriber engine=Mqtt key=topic_3 endpoint=None crash_enabled=false
2026-06-19T04:07:00.375840Z  INFO mq_bench::roles::subscriber: Connected via transport engine=Mqtt
2026-06-19T04:07:00.375920Z  INFO mq_bench::roles::subscriber: Subscribed to key expression key=topic_3
2026-06-19T04:07:07.042701Z  INFO mq_bench::roles::subscriber: Starting subscriber engine=Mqtt key=topic_3 endpoint=None crash_enabled=false
2026-06-19T04:07:07.042747Z  INFO mq_bench::roles::subscriber: Connected via transport engine=Mqtt
2026-06-19T04:07:07.042827Z  INFO mq_bench::roles::subscriber: Subscribed to key expression key=topic_3
2026-06-19T04:07:13.709709Z  INFO mq_bench::roles::subscriber: Starting subscriber engine=Mqtt key=topic_3 endpoint=None crash_enabled=false
2026-06-19T04:07:13.709785Z  INFO mq_bench::roles::subscriber: Connected via transport engine=Mqtt
2026-06-19T04:07:13.709866Z  INFO mq_bench::roles::subscriber: Subscribed to key expression key=topic_3
