mq-bench starting with run_id: auto
Writing CSV output to: artifacts/fanout_bursty_20260619_040613_mqtt_mosquitto_p64_s1000_u10_bursty/fanout_singlesite/sub_8_7.csv
2026-06-19T04:06:13.900762Z  INFO mq_bench::roles::subscriber: Starting subscriber engine=Mqtt key=topic_8 endpoint=None crash_enabled=false
2026-06-19T04:06:13.900814Z  INFO mq_bench::roles::subscriber: Connected via transport engine=Mqtt
2026-06-19T04:06:13.900854Z  INFO mq_bench::roles::subscriber: Subscribed to key expression key=topic_8
2026-06-19T04:06:20.568562Z  INFO mq_bench::roles::subscriber: Starting subscriber engine=Mqtt key=topic_8 endpoint=None crash_enabled=false
2026-06-19T04:06:20.568618Z  INFO mq_bench::roles::subscriber: Connected via transport engine=Mqtt
2026-06-19T04:06:20.568691Z  INFO mq_bench::roles::subscriber: Subscribed to key expression key=topic_8
2026-06-19T04:06:27.236302Z  INFO mq_bench::roles::subscriber: Starting subscriber engine=Mqtt key=topic_8 endpoint=None crash_enabled=false
2026-06-19T04:06:27.236404Z  INFO mq_bench::roles::subscriber: Connected via transport engine=Mqtt
2026-06-19T04:06:27.236472Z  INFO mq_bench::roles::subscriber: Subscribed to key expression key=topic_8
2026-06-19T04:06:33.903829Z  INFO mq_bench::roles::subscriber: Starting subscriber engine=Mqtt key=topic_8 endpoint=None crash_enabled=false
2026-06-19T04:06:33.903876Z  INFO mq_bench::roles::subscriber: Connected via transport engine=Mqtt
2026-06-19T04:06:33.903946Z  INFO mq_bench::roles::subscriber: Subscribed to key expression key=topic_8
2026-06-19T04:06:40.571815Z  INFO mq_bench::roles::subscriber: Starting subscriber engine=Mqtt key=topic_8 endpoint=None crash_enabled=false
2026-06-19T04:06:40.571927Z  INFO mq_bench::roles::subscriber: Connected via transport engine=Mqtt
2026-06-19T04:06:40.572021Z  INFO mq_bench::roles::subscriber: Subscribed to key expression key=topic_8
2026-06-19T04:06:47.239512Z  INFO mq_bench::roles::subscriber: Starting subscriber engine=Mqtt key=topic_8 endpoint=None crash_enabled=false
2026-06-19T04:06:47.239562Z  INFO mq_bench::roles::subscriber: Connected via transport engine=Mqtt
2026-06-19T04:06:47.239647Z  INFO mq_bench::roles::subscriber: Subscribed to key expression key=topic_8
2026-06-19T04:06:53.907468Z  INFO mq_bench::roles::subscriber: Starting subscriber engine=Mqtt key=topic_8 endpoint=None crash_enabled=false
2026-06-19T04:06:53.907520Z  INFO mq_bench::roles::subscriber: Connected via transport engine=Mqtt
2026-06-19T04:06:53.907606Z  INFO mq_bench::roles::subscriber: Subscribed to key expression key=topic_8
2026-06-19T04:07:00.575267Z  INFO mq_bench::roles::subscriber: Starting subscriber engine=Mqtt key=topic_8 endpoint=None crash_enabled=false
2026-06-19T04:07:00.575318Z  INFO mq_bench::roles::subscriber: Connected via transport engine=Mqtt
2026-06-19T04:07:00.575409Z  INFO mq_bench::roles::subscriber: Subscribed to key expression key=topic_8
2026-06-19T04:07:07.243042Z  INFO mq_bench::roles::subscriber: Starting subscriber engine=Mqtt key=topic_8 endpoint=None crash_enabled=false
2026-06-19T04:07:07.243096Z  INFO mq_bench::roles::subscriber: Connected via transport engine=Mqtt
2026-06-19T04:07:07.243180Z  INFO mq_bench::roles::subscriber: Subscribed to key expression key=topic_8
2026-06-19T04:07:13.910778Z  INFO mq_bench::roles::subscriber: Starting subscriber engine=Mqtt key=topic_8 endpoint=None crash_enabled=false
2026-06-19T04:07:13.910838Z  INFO mq_bench::roles::subscriber: Connected via transport engine=Mqtt
2026-06-19T04:07:13.910930Z  INFO mq_bench::roles::subscriber: Subscribed to key expression key=topic_8
