mq-bench starting with run_id: auto
Writing CSV output to: artifacts/fanout_bursty_20260619_040613_mqtt_mosquitto_p64_s1000_u10_bursty/fanout_singlesite/sub_0_3.csv
2026-06-19T04:06:13.575988Z  INFO mq_bench::roles::subscriber: Starting subscriber engine=Mqtt key=topic_0 endpoint=None crash_enabled=false
2026-06-19T04:06:13.576043Z  INFO mq_bench::roles::subscriber: Connected via transport engine=Mqtt
2026-06-19T04:06:13.576093Z  INFO mq_bench::roles::subscriber: Subscribed to key expression key=topic_0
2026-06-19T04:06:20.243680Z  INFO mq_bench::roles::subscriber: Starting subscriber engine=Mqtt key=topic_0 endpoint=None crash_enabled=false
2026-06-19T04:06:20.243791Z  INFO mq_bench::roles::subscriber: Connected via transport engine=Mqtt
2026-06-19T04:06:20.243854Z  INFO mq_bench::roles::subscriber: Subscribed to key expression key=topic_0
2026-06-19T04:06:26.911876Z  INFO mq_bench::roles::subscriber: Starting subscriber engine=Mqtt key=topic_0 endpoint=None crash_enabled=false
2026-06-19T04:06:26.911996Z  INFO mq_bench::roles::subscriber: Connected via transport engine=Mqtt
2026-06-19T04:06:26.912065Z  INFO mq_bench::roles::subscriber: Subscribed to key expression key=topic_0
2026-06-19T04:06:33.579496Z  INFO mq_bench::roles::subscriber: Starting subscriber engine=Mqtt key=topic_0 endpoint=None crash_enabled=false
2026-06-19T04:06:33.579543Z  INFO mq_bench::roles::subscriber: Connected via transport engine=Mqtt
2026-06-19T04:06:33.579620Z  INFO mq_bench::roles::subscriber: Subscribed to key expression key=topic_0
2026-06-19T04:06:40.246832Z  INFO mq_bench::roles::subscriber: Starting subscriber engine=Mqtt key=topic_0 endpoint=None crash_enabled=false
2026-06-19T04:06:40.246886Z  INFO mq_bench::roles::subscriber: Connected via transport engine=Mqtt
2026-06-19T04:06:40.246964Z  INFO mq_bench::roles::subscriber: Subscribed to key expression key=topic_0
2026-06-19T04:06:46.914544Z  INFO mq_bench::roles::subscriber: Starting subscriber engine=Mqtt key=topic_0 endpoint=None crash_enabled=false
2026-06-19T04:06:46.914587Z  INFO mq_bench::roles::subscriber: Connected via transport engine=Mqtt
2026-06-19T04:06:46.914677Z  INFO mq_bench::roles::subscriber: Subscribed to key expression key=topic_0
2026-06-19T04:06:53.581724Z  INFO mq_bench::roles::subscriber: Starting subscriber engine=Mqtt key=topic_0 endpoint=None crash_enabled=false
2026-06-19T04:06:53.581782Z  INFO mq_bench::roles::subscriber: Connected via transport engine=Mqtt
2026-06-19T04:06:53.581879Z  INFO mq_bench::roles::subscriber: Subscribed to key expression key=topic_0
2026-06-19T04:07:00.249697Z  INFO mq_bench::roles::subscriber: Starting subscriber engine=Mqtt key=topic_0 endpoint=None crash_enabled=false
2026-06-19T04:07:00.249739Z  INFO mq_bench::roles::subscriber: Connected via transport engine=Mqtt
2026-06-19T04:07:00.249826Z  INFO mq_bench::roles::subscriber: Subscribed to key expression key=topic_0
2026-06-19T04:07:06.917959Z  INFO mq_bench::roles::subscriber: Starting subscriber engine=Mqtt key=topic_0 endpoint=None crash_enabled=false
2026-06-19T04:07:06.918014Z  INFO mq_bench::roles::subscriber: Connected via transport engine=Mqtt
2026-06-19T04:07:06.918103Z  INFO mq_bench::roles::subscriber: Subscribed to key expression key=topic_0
2026-06-19T04:07:13.586062Z  INFO mq_bench::roles::subscriber: Starting subscriber engine=Mqtt key=topic_0 endpoint=None crash_enabled=false
2026-06-19T04:07:13.586116Z  INFO mq_bench::roles::subscriber: Connected via transport engine=Mqtt
2026-06-19T04:07:13.586219Z  INFO mq_bench::roles::subscriber: Subscribed to key expression key=topic_0
