mq-bench starting with run_id: auto
Writing CSV output to: artifacts/fanout_bursty_20260619_040613_mqtt_mosquitto_p64_s1000_u10_bursty/fanout_singlesite/sub_9_4.csv
2026-06-19T04:06:13.928605Z  INFO mq_bench::roles::subscriber: Starting subscriber engine=Mqtt key=topic_9 endpoint=None crash_enabled=false
2026-06-19T04:06:13.928653Z  INFO mq_bench::roles::subscriber: Connected via transport engine=Mqtt
2026-06-19T04:06:13.928699Z  INFO mq_bench::roles::subscriber: Subscribed to key expression key=topic_9
2026-06-19T04:06:20.596944Z  INFO mq_bench::roles::subscriber: Starting subscriber engine=Mqtt key=topic_9 endpoint=None crash_enabled=false
2026-06-19T04:06:20.597050Z  INFO mq_bench::roles::subscriber: Connected via transport engine=Mqtt
2026-06-19T04:06:20.597106Z  INFO mq_bench::roles::subscriber: Subscribed to key expression key=topic_9
2026-06-19T04:06:27.264338Z  INFO mq_bench::roles::subscriber: Starting subscriber engine=Mqtt key=topic_9 endpoint=None crash_enabled=false
2026-06-19T04:06:27.264448Z  INFO mq_bench::roles::subscriber: Connected via transport engine=Mqtt
2026-06-19T04:06:27.264505Z  INFO mq_bench::roles::subscriber: Subscribed to key expression key=topic_9
2026-06-19T04:06:33.931591Z  INFO mq_bench::roles::subscriber: Starting subscriber engine=Mqtt key=topic_9 endpoint=None crash_enabled=false
2026-06-19T04:06:33.931644Z  INFO mq_bench::roles::subscriber: Connected via transport engine=Mqtt
2026-06-19T04:06:33.931703Z  INFO mq_bench::roles::subscriber: Subscribed to key expression key=topic_9
2026-06-19T04:06:40.599426Z  INFO mq_bench::roles::subscriber: Starting subscriber engine=Mqtt key=topic_9 endpoint=None crash_enabled=false
2026-06-19T04:06:40.599545Z  INFO mq_bench::roles::subscriber: Connected via transport engine=Mqtt
2026-06-19T04:06:40.599621Z  INFO mq_bench::roles::subscriber: Subscribed to key expression key=topic_9
2026-06-19T04:06:47.267268Z  INFO mq_bench::roles::subscriber: Starting subscriber engine=Mqtt key=topic_9 endpoint=None crash_enabled=false
2026-06-19T04:06:47.267323Z  INFO mq_bench::roles::subscriber: Connected via transport engine=Mqtt
2026-06-19T04:06:47.267423Z  INFO mq_bench::roles::subscriber: Subscribed to key expression key=topic_9
2026-06-19T04:06:53.934221Z  INFO mq_bench::roles::subscriber: Starting subscriber engine=Mqtt key=topic_9 endpoint=None crash_enabled=false
2026-06-19T04:06:53.934273Z  INFO mq_bench::roles::subscriber: Connected via transport engine=Mqtt
2026-06-19T04:06:53.934364Z  INFO mq_bench::roles::subscriber: Subscribed to key expression key=topic_9
2026-06-19T04:07:00.602119Z  INFO mq_bench::roles::subscriber: Starting subscriber engine=Mqtt key=topic_9 endpoint=None crash_enabled=false
2026-06-19T04:07:00.602232Z  INFO mq_bench::roles::subscriber: Connected via transport engine=Mqtt
2026-06-19T04:07:00.602313Z  INFO mq_bench::roles::subscriber: Subscribed to key expression key=topic_9
2026-06-19T04:07:07.269183Z  INFO mq_bench::roles::subscriber: Starting subscriber engine=Mqtt key=topic_9 endpoint=None crash_enabled=false
2026-06-19T04:07:07.269249Z  INFO mq_bench::roles::subscriber: Connected via transport engine=Mqtt
2026-06-19T04:07:07.269482Z  INFO mq_bench::roles::subscriber: Subscribed to key expression key=topic_9
2026-06-19T04:07:13.936985Z  INFO mq_bench::roles::subscriber: Starting subscriber engine=Mqtt key=topic_9 endpoint=None crash_enabled=false
2026-06-19T04:07:13.937037Z  INFO mq_bench::roles::subscriber: Connected via transport engine=Mqtt
2026-06-19T04:07:13.937116Z  INFO mq_bench::roles::subscriber: Subscribed to key expression key=topic_9
