mq-bench starting with run_id: auto
Writing CSV output to: artifacts/fanout_bursty_20260619_040613_mqtt_mosquitto_p64_s1000_u10_bursty/fanout_singlesite/sub_7_7.csv
2026-06-19T04:06:13.861573Z  INFO mq_bench::roles::subscriber: Starting subscriber engine=Mqtt key=topic_7 endpoint=None crash_enabled=false
2026-06-19T04:06:13.861626Z  INFO mq_bench::roles::subscriber: Connected via transport engine=Mqtt
2026-06-19T04:06:13.861666Z  INFO mq_bench::roles::subscriber: Subscribed to key expression key=topic_7
2026-06-19T04:06:20.529367Z  INFO mq_bench::roles::subscriber: Starting subscriber engine=Mqtt key=topic_7 endpoint=None crash_enabled=false
2026-06-19T04:06:20.529497Z  INFO mq_bench::roles::subscriber: Connected via transport engine=Mqtt
2026-06-19T04:06:20.529557Z  INFO mq_bench::roles::subscriber: Subscribed to key expression key=topic_7
2026-06-19T04:06:27.196445Z  INFO mq_bench::roles::subscriber: Starting subscriber engine=Mqtt key=topic_7 endpoint=None crash_enabled=false
2026-06-19T04:06:27.196558Z  INFO mq_bench::roles::subscriber: Connected via transport engine=Mqtt
2026-06-19T04:06:27.196626Z  INFO mq_bench::roles::subscriber: Subscribed to key expression key=topic_7
2026-06-19T04:06:33.864833Z  INFO mq_bench::roles::subscriber: Starting subscriber engine=Mqtt key=topic_7 endpoint=None crash_enabled=false
2026-06-19T04:06:33.864900Z  INFO mq_bench::roles::subscriber: Connected via transport engine=Mqtt
2026-06-19T04:06:33.864962Z  INFO mq_bench::roles::subscriber: Subscribed to key expression key=topic_7
2026-06-19T04:06:40.532847Z  INFO mq_bench::roles::subscriber: Starting subscriber engine=Mqtt key=topic_7 endpoint=None crash_enabled=false
2026-06-19T04:06:40.532969Z  INFO mq_bench::roles::subscriber: Connected via transport engine=Mqtt
2026-06-19T04:06:40.533054Z  INFO mq_bench::roles::subscriber: Subscribed to key expression key=topic_7
2026-06-19T04:06:47.200230Z  INFO mq_bench::roles::subscriber: Starting subscriber engine=Mqtt key=topic_7 endpoint=None crash_enabled=false
2026-06-19T04:06:47.200294Z  INFO mq_bench::roles::subscriber: Connected via transport engine=Mqtt
2026-06-19T04:06:47.200357Z  INFO mq_bench::roles::subscriber: Subscribed to key expression key=topic_7
2026-06-19T04:06:53.867285Z  INFO mq_bench::roles::subscriber: Starting subscriber engine=Mqtt key=topic_7 endpoint=None crash_enabled=false
2026-06-19T04:06:53.867342Z  INFO mq_bench::roles::subscriber: Connected via transport engine=Mqtt
2026-06-19T04:06:53.867448Z  INFO mq_bench::roles::subscriber: Subscribed to key expression key=topic_7
2026-06-19T04:07:00.535018Z  INFO mq_bench::roles::subscriber: Starting subscriber engine=Mqtt key=topic_7 endpoint=None crash_enabled=false
2026-06-19T04:07:00.535078Z  INFO mq_bench::roles::subscriber: Connected via transport engine=Mqtt
2026-06-19T04:07:00.535158Z  INFO mq_bench::roles::subscriber: Subscribed to key expression key=topic_7
2026-06-19T04:07:07.203060Z  INFO mq_bench::roles::subscriber: Starting subscriber engine=Mqtt key=topic_7 endpoint=None crash_enabled=false
2026-06-19T04:07:07.203121Z  INFO mq_bench::roles::subscriber: Connected via transport engine=Mqtt
2026-06-19T04:07:07.203248Z  INFO mq_bench::roles::subscriber: Subscribed to key expression key=topic_7
2026-06-19T04:07:13.870246Z  INFO mq_bench::roles::subscriber: Starting subscriber engine=Mqtt key=topic_7 endpoint=None crash_enabled=false
2026-06-19T04:07:13.870298Z  INFO mq_bench::roles::subscriber: Connected via transport engine=Mqtt
2026-06-19T04:07:13.870390Z  INFO mq_bench::roles::subscriber: Subscribed to key expression key=topic_7
