mq-bench starting with run_id: auto
Writing CSV output to: artifacts/fanout_bursty_20260619_040613_mqtt_mosquitto_p64_s1000_u10_bursty/fanout_singlesite/sub_1_2.csv
2026-06-19T04:06:13.610255Z  INFO mq_bench::roles::subscriber: Starting subscriber engine=Mqtt key=topic_1 endpoint=None crash_enabled=false
2026-06-19T04:06:13.610309Z  INFO mq_bench::roles::subscriber: Connected via transport engine=Mqtt
2026-06-19T04:06:13.610349Z  INFO mq_bench::roles::subscriber: Subscribed to key expression key=topic_1
2026-06-19T04:06:20.277486Z  INFO mq_bench::roles::subscriber: Starting subscriber engine=Mqtt key=topic_1 endpoint=None crash_enabled=false
2026-06-19T04:06:20.277591Z  INFO mq_bench::roles::subscriber: Connected via transport engine=Mqtt
2026-06-19T04:06:20.277650Z  INFO mq_bench::roles::subscriber: Subscribed to key expression key=topic_1
2026-06-19T04:06:26.944607Z  INFO mq_bench::roles::subscriber: Starting subscriber engine=Mqtt key=topic_1 endpoint=None crash_enabled=false
2026-06-19T04:06:26.944717Z  INFO mq_bench::roles::subscriber: Connected via transport engine=Mqtt
2026-06-19T04:06:26.944781Z  INFO mq_bench::roles::subscriber: Subscribed to key expression key=topic_1
2026-06-19T04:06:33.611497Z  INFO mq_bench::roles::subscriber: Starting subscriber engine=Mqtt key=topic_1 endpoint=None crash_enabled=false
2026-06-19T04:06:33.611535Z  INFO mq_bench::roles::subscriber: Connected via transport engine=Mqtt
2026-06-19T04:06:33.611600Z  INFO mq_bench::roles::subscriber: Subscribed to key expression key=topic_1
2026-06-19T04:06:40.278740Z  INFO mq_bench::roles::subscriber: Starting subscriber engine=Mqtt key=topic_1 endpoint=None crash_enabled=false
2026-06-19T04:06:40.278803Z  INFO mq_bench::roles::subscriber: Connected via transport engine=Mqtt
2026-06-19T04:06:40.278887Z  INFO mq_bench::roles::subscriber: Subscribed to key expression key=topic_1
2026-06-19T04:06:46.947493Z  INFO mq_bench::roles::subscriber: Starting subscriber engine=Mqtt key=topic_1 endpoint=None crash_enabled=false
2026-06-19T04:06:46.947557Z  INFO mq_bench::roles::subscriber: Connected via transport engine=Mqtt
2026-06-19T04:06:46.947633Z  INFO mq_bench::roles::subscriber: Subscribed to key expression key=topic_1
2026-06-19T04:06:53.614713Z  INFO mq_bench::roles::subscriber: Starting subscriber engine=Mqtt key=topic_1 endpoint=None crash_enabled=false
2026-06-19T04:06:53.614772Z  INFO mq_bench::roles::subscriber: Connected via transport engine=Mqtt
2026-06-19T04:06:53.614860Z  INFO mq_bench::roles::subscriber: Subscribed to key expression key=topic_1
2026-06-19T04:07:00.282564Z  INFO mq_bench::roles::subscriber: Starting subscriber engine=Mqtt key=topic_1 endpoint=None crash_enabled=false
2026-06-19T04:07:00.282608Z  INFO mq_bench::roles::subscriber: Connected via transport engine=Mqtt
2026-06-19T04:07:00.282711Z  INFO mq_bench::roles::subscriber: Subscribed to key expression key=topic_1
2026-06-19T04:07:06.950021Z  INFO mq_bench::roles::subscriber: Starting subscriber engine=Mqtt key=topic_1 endpoint=None crash_enabled=false
2026-06-19T04:07:06.950076Z  INFO mq_bench::roles::subscriber: Connected via transport engine=Mqtt
2026-06-19T04:07:06.950475Z  INFO mq_bench::roles::subscriber: Subscribed to key expression key=topic_1
2026-06-19T04:07:13.618042Z  INFO mq_bench::roles::subscriber: Starting subscriber engine=Mqtt key=topic_1 endpoint=None crash_enabled=false
2026-06-19T04:07:13.618086Z  INFO mq_bench::roles::subscriber: Connected via transport engine=Mqtt
2026-06-19T04:07:13.618171Z  INFO mq_bench::roles::subscriber: Subscribed to key expression key=topic_1
