mq-bench starting with run_id: auto
Writing CSV output to: artifacts/fanout_bursty_20260619_040613_mqtt_mosquitto_p64_s1000_u10_bursty/fanout_singlesite/sub_4_3.csv
2026-06-19T04:06:13.728575Z  INFO mq_bench::roles::subscriber: Starting subscriber engine=Mqtt key=topic_4 endpoint=None crash_enabled=false
2026-06-19T04:06:13.728624Z  INFO mq_bench::roles::subscriber: Connected via transport engine=Mqtt
2026-06-19T04:06:13.728673Z  INFO mq_bench::roles::subscriber: Subscribed to key expression key=topic_4
2026-06-19T04:06:20.396982Z  INFO mq_bench::roles::subscriber: Starting subscriber engine=Mqtt key=topic_4 endpoint=None crash_enabled=false
2026-06-19T04:06:20.397106Z  INFO mq_bench::roles::subscriber: Connected via transport engine=Mqtt
2026-06-19T04:06:20.397171Z  INFO mq_bench::roles::subscriber: Subscribed to key expression key=topic_4
2026-06-19T04:06:27.064951Z  INFO mq_bench::roles::subscriber: Starting subscriber engine=Mqtt key=topic_4 endpoint=None crash_enabled=false
2026-06-19T04:06:27.065001Z  INFO mq_bench::roles::subscriber: Connected via transport engine=Mqtt
2026-06-19T04:06:27.065060Z  INFO mq_bench::roles::subscriber: Subscribed to key expression key=topic_4
2026-06-19T04:06:33.732169Z  INFO mq_bench::roles::subscriber: Starting subscriber engine=Mqtt key=topic_4 endpoint=None crash_enabled=false
2026-06-19T04:06:33.732263Z  INFO mq_bench::roles::subscriber: Connected via transport engine=Mqtt
2026-06-19T04:06:33.732337Z  INFO mq_bench::roles::subscriber: Subscribed to key expression key=topic_4
2026-06-19T04:06:40.400006Z  INFO mq_bench::roles::subscriber: Starting subscriber engine=Mqtt key=topic_4 endpoint=None crash_enabled=false
2026-06-19T04:06:40.400126Z  INFO mq_bench::roles::subscriber: Connected via transport engine=Mqtt
2026-06-19T04:06:40.400258Z  INFO mq_bench::roles::subscriber: Subscribed to key expression key=topic_4
2026-06-19T04:06:47.067462Z  INFO mq_bench::roles::subscriber: Starting subscriber engine=Mqtt key=topic_4 endpoint=None crash_enabled=false
2026-06-19T04:06:47.067511Z  INFO mq_bench::roles::subscriber: Connected via transport engine=Mqtt
2026-06-19T04:06:47.067574Z  INFO mq_bench::roles::subscriber: Subscribed to key expression key=topic_4
2026-06-19T04:06:53.735449Z  INFO mq_bench::roles::subscriber: Starting subscriber engine=Mqtt key=topic_4 endpoint=None crash_enabled=false
2026-06-19T04:06:53.735521Z  INFO mq_bench::roles::subscriber: Connected via transport engine=Mqtt
2026-06-19T04:06:53.735606Z  INFO mq_bench::roles::subscriber: Subscribed to key expression key=topic_4
2026-06-19T04:07:00.403996Z  INFO mq_bench::roles::subscriber: Starting subscriber engine=Mqtt key=topic_4 endpoint=None crash_enabled=false
2026-06-19T04:07:00.404045Z  INFO mq_bench::roles::subscriber: Connected via transport engine=Mqtt
2026-06-19T04:07:00.404149Z  INFO mq_bench::roles::subscriber: Subscribed to key expression key=topic_4
2026-06-19T04:07:07.071762Z  INFO mq_bench::roles::subscriber: Starting subscriber engine=Mqtt key=topic_4 endpoint=None crash_enabled=false
2026-06-19T04:07:07.071806Z  INFO mq_bench::roles::subscriber: Connected via transport engine=Mqtt
2026-06-19T04:07:07.071891Z  INFO mq_bench::roles::subscriber: Subscribed to key expression key=topic_4
2026-06-19T04:07:13.739605Z  INFO mq_bench::roles::subscriber: Starting subscriber engine=Mqtt key=topic_4 endpoint=None crash_enabled=false
2026-06-19T04:07:13.739683Z  INFO mq_bench::roles::subscriber: Connected via transport engine=Mqtt
2026-06-19T04:07:13.739761Z  INFO mq_bench::roles::subscriber: Subscribed to key expression key=topic_4
