mq-bench starting with run_id: auto
Writing CSV output to: artifacts/fanout_bursty_20260619_040613_mqtt_mosquitto_p64_s1000_u10_bursty/fanout_singlesite/sub_5_6.csv
2026-06-19T04:06:13.779716Z  INFO mq_bench::roles::subscriber: Starting subscriber engine=Mqtt key=topic_5 endpoint=None crash_enabled=false
2026-06-19T04:06:13.779759Z  INFO mq_bench::roles::subscriber: Connected via transport engine=Mqtt
2026-06-19T04:06:13.779798Z  INFO mq_bench::roles::subscriber: Subscribed to key expression key=topic_5
2026-06-19T04:06:20.447549Z  INFO mq_bench::roles::subscriber: Starting subscriber engine=Mqtt key=topic_5 endpoint=None crash_enabled=false
2026-06-19T04:06:20.447663Z  INFO mq_bench::roles::subscriber: Connected via transport engine=Mqtt
2026-06-19T04:06:20.447720Z  INFO mq_bench::roles::subscriber: Subscribed to key expression key=topic_5
2026-06-19T04:06:27.115364Z  INFO mq_bench::roles::subscriber: Starting subscriber engine=Mqtt key=topic_5 endpoint=None crash_enabled=false
2026-06-19T04:06:27.115480Z  INFO mq_bench::roles::subscriber: Connected via transport engine=Mqtt
2026-06-19T04:06:27.115538Z  INFO mq_bench::roles::subscriber: Subscribed to key expression key=topic_5
2026-06-19T04:06:33.783885Z  INFO mq_bench::roles::subscriber: Starting subscriber engine=Mqtt key=topic_5 endpoint=None crash_enabled=false
2026-06-19T04:06:33.783945Z  INFO mq_bench::roles::subscriber: Connected via transport engine=Mqtt
2026-06-19T04:06:33.784004Z  INFO mq_bench::roles::subscriber: Subscribed to key expression key=topic_5
2026-06-19T04:06:40.451823Z  INFO mq_bench::roles::subscriber: Starting subscriber engine=Mqtt key=topic_5 endpoint=None crash_enabled=false
2026-06-19T04:06:40.451879Z  INFO mq_bench::roles::subscriber: Connected via transport engine=Mqtt
2026-06-19T04:06:40.451952Z  INFO mq_bench::roles::subscriber: Subscribed to key expression key=topic_5
2026-06-19T04:06:47.119371Z  INFO mq_bench::roles::subscriber: Starting subscriber engine=Mqtt key=topic_5 endpoint=None crash_enabled=false
2026-06-19T04:06:47.119426Z  INFO mq_bench::roles::subscriber: Connected via transport engine=Mqtt
2026-06-19T04:06:47.119499Z  INFO mq_bench::roles::subscriber: Subscribed to key expression key=topic_5
2026-06-19T04:06:53.787282Z  INFO mq_bench::roles::subscriber: Starting subscriber engine=Mqtt key=topic_5 endpoint=None crash_enabled=false
2026-06-19T04:06:53.787336Z  INFO mq_bench::roles::subscriber: Connected via transport engine=Mqtt
2026-06-19T04:06:53.787400Z  INFO mq_bench::roles::subscriber: Subscribed to key expression key=topic_5
2026-06-19T04:07:00.455038Z  INFO mq_bench::roles::subscriber: Starting subscriber engine=Mqtt key=topic_5 endpoint=None crash_enabled=false
2026-06-19T04:07:00.455093Z  INFO mq_bench::roles::subscriber: Connected via transport engine=Mqtt
2026-06-19T04:07:00.455176Z  INFO mq_bench::roles::subscriber: Subscribed to key expression key=topic_5
2026-06-19T04:07:07.122005Z  INFO mq_bench::roles::subscriber: Starting subscriber engine=Mqtt key=topic_5 endpoint=None crash_enabled=false
2026-06-19T04:07:07.122053Z  INFO mq_bench::roles::subscriber: Connected via transport engine=Mqtt
2026-06-19T04:07:07.122169Z  INFO mq_bench::roles::subscriber: Subscribed to key expression key=topic_5
2026-06-19T04:07:13.789936Z  INFO mq_bench::roles::subscriber: Starting subscriber engine=Mqtt key=topic_5 endpoint=None crash_enabled=false
2026-06-19T04:07:13.789989Z  INFO mq_bench::roles::subscriber: Connected via transport engine=Mqtt
2026-06-19T04:07:13.790080Z  INFO mq_bench::roles::subscriber: Subscribed to key expression key=topic_5
