mq-bench starting with run_id: auto
Writing CSV output to: artifacts/fanout_bursty_20260619_040613_mqtt_mosquitto_p64_s1000_u10_bursty/fanout_singlesite/sub_3_1.csv
2026-06-19T04:06:13.682763Z  INFO mq_bench::roles::subscriber: Starting subscriber engine=Mqtt key=topic_3 endpoint=None crash_enabled=false
2026-06-19T04:06:13.682819Z  INFO mq_bench::roles::subscriber: Connected via transport engine=Mqtt
2026-06-19T04:06:13.682856Z  INFO mq_bench::roles::subscriber: Subscribed to key expression key=topic_3
2026-06-19T04:06:20.350270Z  INFO mq_bench::roles::subscriber: Starting subscriber engine=Mqtt key=topic_3 endpoint=None crash_enabled=false
2026-06-19T04:06:20.350405Z  INFO mq_bench::roles::subscriber: Connected via transport engine=Mqtt
2026-06-19T04:06:20.350471Z  INFO mq_bench::roles::subscriber: Subscribed to key expression key=topic_3
2026-06-19T04:06:27.018333Z  INFO mq_bench::roles::subscriber: Starting subscriber engine=Mqtt key=topic_3 endpoint=None crash_enabled=false
2026-06-19T04:06:27.018452Z  INFO mq_bench::roles::subscriber: Connected via transport engine=Mqtt
2026-06-19T04:06:27.018512Z  INFO mq_bench::roles::subscriber: Subscribed to key expression key=topic_3
2026-06-19T04:06:33.686785Z  INFO mq_bench::roles::subscriber: Starting subscriber engine=Mqtt key=topic_3 endpoint=None crash_enabled=false
2026-06-19T04:06:33.686831Z  INFO mq_bench::roles::subscriber: Connected via transport engine=Mqtt
2026-06-19T04:06:33.686907Z  INFO mq_bench::roles::subscriber: Subscribed to key expression key=topic_3
2026-06-19T04:06:40.354818Z  INFO mq_bench::roles::subscriber: Starting subscriber engine=Mqtt key=topic_3 endpoint=None crash_enabled=false
2026-06-19T04:06:40.354870Z  INFO mq_bench::roles::subscriber: Connected via transport engine=Mqtt
2026-06-19T04:06:40.354943Z  INFO mq_bench::roles::subscriber: Subscribed to key expression key=topic_3
2026-06-19T04:06:47.022571Z  INFO mq_bench::roles::subscriber: Starting subscriber engine=Mqtt key=topic_3 endpoint=None crash_enabled=false
2026-06-19T04:06:47.022635Z  INFO mq_bench::roles::subscriber: Connected via transport engine=Mqtt
2026-06-19T04:06:47.022705Z  INFO mq_bench::roles::subscriber: Subscribed to key expression key=topic_3
2026-06-19T04:06:53.690652Z  INFO mq_bench::roles::subscriber: Starting subscriber engine=Mqtt key=topic_3 endpoint=None crash_enabled=false
2026-06-19T04:06:53.690721Z  INFO mq_bench::roles::subscriber: Connected via transport engine=Mqtt
2026-06-19T04:06:53.690809Z  INFO mq_bench::roles::subscriber: Subscribed to key expression key=topic_3
2026-06-19T04:07:00.358660Z  INFO mq_bench::roles::subscriber: Starting subscriber engine=Mqtt key=topic_3 endpoint=None crash_enabled=false
2026-06-19T04:07:00.358717Z  INFO mq_bench::roles::subscriber: Connected via transport engine=Mqtt
2026-06-19T04:07:00.358804Z  INFO mq_bench::roles::subscriber: Subscribed to key expression key=topic_3
2026-06-19T04:07:07.026715Z  INFO mq_bench::roles::subscriber: Starting subscriber engine=Mqtt key=topic_3 endpoint=None crash_enabled=false
2026-06-19T04:07:07.026772Z  INFO mq_bench::roles::subscriber: Connected via transport engine=Mqtt
2026-06-19T04:07:07.026854Z  INFO mq_bench::roles::subscriber: Subscribed to key expression key=topic_3
2026-06-19T04:07:13.694607Z  INFO mq_bench::roles::subscriber: Starting subscriber engine=Mqtt key=topic_3 endpoint=None crash_enabled=false
2026-06-19T04:07:13.694663Z  INFO mq_bench::roles::subscriber: Connected via transport engine=Mqtt
2026-06-19T04:07:13.694768Z  INFO mq_bench::roles::subscriber: Subscribed to key expression key=topic_3
