mq-bench starting with run_id: auto
Writing CSV output to: artifacts/fanout_bursty_20260619_040613_mqtt_mosquitto_p64_s1000_u10_bursty/fanout_singlesite/sub_1_3.csv
2026-06-19T04:06:13.613720Z  INFO mq_bench::roles::subscriber: Starting subscriber engine=Mqtt key=topic_1 endpoint=None crash_enabled=false
2026-06-19T04:06:13.613767Z  INFO mq_bench::roles::subscriber: Connected via transport engine=Mqtt
2026-06-19T04:06:13.613805Z  INFO mq_bench::roles::subscriber: Subscribed to key expression key=topic_1
2026-06-19T04:06:20.281826Z  INFO mq_bench::roles::subscriber: Starting subscriber engine=Mqtt key=topic_1 endpoint=None crash_enabled=false
2026-06-19T04:06:20.281933Z  INFO mq_bench::roles::subscriber: Connected via transport engine=Mqtt
2026-06-19T04:06:20.281999Z  INFO mq_bench::roles::subscriber: Subscribed to key expression key=topic_1
2026-06-19T04:06:26.949951Z  INFO mq_bench::roles::subscriber: Starting subscriber engine=Mqtt key=topic_1 endpoint=None crash_enabled=false
2026-06-19T04:06:26.949998Z  INFO mq_bench::roles::subscriber: Connected via transport engine=Mqtt
2026-06-19T04:06:26.950075Z  INFO mq_bench::roles::subscriber: Subscribed to key expression key=topic_1
2026-06-19T04:06:33.617485Z  INFO mq_bench::roles::subscriber: Starting subscriber engine=Mqtt key=topic_1 endpoint=None crash_enabled=false
2026-06-19T04:06:33.617524Z  INFO mq_bench::roles::subscriber: Connected via transport engine=Mqtt
2026-06-19T04:06:33.617592Z  INFO mq_bench::roles::subscriber: Subscribed to key expression key=topic_1
2026-06-19T04:06:40.285525Z  INFO mq_bench::roles::subscriber: Starting subscriber engine=Mqtt key=topic_1 endpoint=None crash_enabled=false
2026-06-19T04:06:40.285633Z  INFO mq_bench::roles::subscriber: Connected via transport engine=Mqtt
2026-06-19T04:06:40.285736Z  INFO mq_bench::roles::subscriber: Subscribed to key expression key=topic_1
2026-06-19T04:06:46.953297Z  INFO mq_bench::roles::subscriber: Starting subscriber engine=Mqtt key=topic_1 endpoint=None crash_enabled=false
2026-06-19T04:06:46.953371Z  INFO mq_bench::roles::subscriber: Connected via transport engine=Mqtt
2026-06-19T04:06:46.953446Z  INFO mq_bench::roles::subscriber: Subscribed to key expression key=topic_1
2026-06-19T04:06:53.621259Z  INFO mq_bench::roles::subscriber: Starting subscriber engine=Mqtt key=topic_1 endpoint=None crash_enabled=false
2026-06-19T04:06:53.621305Z  INFO mq_bench::roles::subscriber: Connected via transport engine=Mqtt
2026-06-19T04:06:53.621387Z  INFO mq_bench::roles::subscriber: Subscribed to key expression key=topic_1
2026-06-19T04:07:00.289174Z  INFO mq_bench::roles::subscriber: Starting subscriber engine=Mqtt key=topic_1 endpoint=None crash_enabled=false
2026-06-19T04:07:00.289249Z  INFO mq_bench::roles::subscriber: Connected via transport engine=Mqtt
2026-06-19T04:07:00.289336Z  INFO mq_bench::roles::subscriber: Subscribed to key expression key=topic_1
2026-06-19T04:07:06.956289Z  INFO mq_bench::roles::subscriber: Starting subscriber engine=Mqtt key=topic_1 endpoint=None crash_enabled=false
2026-06-19T04:07:06.956334Z  INFO mq_bench::roles::subscriber: Connected via transport engine=Mqtt
2026-06-19T04:07:06.956427Z  INFO mq_bench::roles::subscriber: Subscribed to key expression key=topic_1
2026-06-19T04:07:13.624292Z  INFO mq_bench::roles::subscriber: Starting subscriber engine=Mqtt key=topic_1 endpoint=None crash_enabled=false
2026-06-19T04:07:13.624343Z  INFO mq_bench::roles::subscriber: Connected via transport engine=Mqtt
2026-06-19T04:07:13.624434Z  INFO mq_bench::roles::subscriber: Subscribed to key expression key=topic_1
