mq-bench starting with run_id: auto
Writing CSV output to: artifacts/fanout_bursty_20260619_040613_mqtt_mosquitto_p64_s1000_u10_bursty/fanout_singlesite/sub_0_0.csv
2026-06-19T04:06:13.560993Z  INFO mq_bench::roles::subscriber: Starting subscriber engine=Mqtt key=topic_0 endpoint=None crash_enabled=false
2026-06-19T04:06:13.561048Z  INFO mq_bench::roles::subscriber: Connected via transport engine=Mqtt
2026-06-19T04:06:13.561104Z  INFO mq_bench::roles::subscriber: Subscribed to key expression key=topic_0
2026-06-19T04:06:20.228691Z  INFO mq_bench::roles::subscriber: Starting subscriber engine=Mqtt key=topic_0 endpoint=None crash_enabled=false
2026-06-19T04:06:20.228822Z  INFO mq_bench::roles::subscriber: Connected via transport engine=Mqtt
2026-06-19T04:06:20.228892Z  INFO mq_bench::roles::subscriber: Subscribed to key expression key=topic_0
2026-06-19T04:06:26.896339Z  INFO mq_bench::roles::subscriber: Starting subscriber engine=Mqtt key=topic_0 endpoint=None crash_enabled=false
2026-06-19T04:06:26.896456Z  INFO mq_bench::roles::subscriber: Connected via transport engine=Mqtt
2026-06-19T04:06:26.896521Z  INFO mq_bench::roles::subscriber: Subscribed to key expression key=topic_0
2026-06-19T04:06:33.563991Z  INFO mq_bench::roles::subscriber: Starting subscriber engine=Mqtt key=topic_0 endpoint=None crash_enabled=false
2026-06-19T04:06:33.564045Z  INFO mq_bench::roles::subscriber: Connected via transport engine=Mqtt
2026-06-19T04:06:33.564116Z  INFO mq_bench::roles::subscriber: Subscribed to key expression key=topic_0
2026-06-19T04:06:40.232427Z  INFO mq_bench::roles::subscriber: Starting subscriber engine=Mqtt key=topic_0 endpoint=None crash_enabled=false
2026-06-19T04:06:40.232543Z  INFO mq_bench::roles::subscriber: Connected via transport engine=Mqtt
2026-06-19T04:06:40.232667Z  INFO mq_bench::roles::subscriber: Subscribed to key expression key=topic_0
2026-06-19T04:06:46.900410Z  INFO mq_bench::roles::subscriber: Starting subscriber engine=Mqtt key=topic_0 endpoint=None crash_enabled=false
2026-06-19T04:06:46.900461Z  INFO mq_bench::roles::subscriber: Connected via transport engine=Mqtt
2026-06-19T04:06:46.900539Z  INFO mq_bench::roles::subscriber: Subscribed to key expression key=topic_0
2026-06-19T04:06:53.567888Z  INFO mq_bench::roles::subscriber: Starting subscriber engine=Mqtt key=topic_0 endpoint=None crash_enabled=false
2026-06-19T04:06:53.567956Z  INFO mq_bench::roles::subscriber: Connected via transport engine=Mqtt
2026-06-19T04:06:53.568054Z  INFO mq_bench::roles::subscriber: Subscribed to key expression key=topic_0
2026-06-19T04:07:00.235012Z  INFO mq_bench::roles::subscriber: Starting subscriber engine=Mqtt key=topic_0 endpoint=None crash_enabled=false
2026-06-19T04:07:00.235067Z  INFO mq_bench::roles::subscriber: Connected via transport engine=Mqtt
2026-06-19T04:07:00.235155Z  INFO mq_bench::roles::subscriber: Subscribed to key expression key=topic_0
2026-06-19T04:07:06.903582Z  INFO mq_bench::roles::subscriber: Starting subscriber engine=Mqtt key=topic_0 endpoint=None crash_enabled=false
2026-06-19T04:07:06.903644Z  INFO mq_bench::roles::subscriber: Connected via transport engine=Mqtt
2026-06-19T04:07:06.903740Z  INFO mq_bench::roles::subscriber: Subscribed to key expression key=topic_0
2026-06-19T04:07:13.571529Z  INFO mq_bench::roles::subscriber: Starting subscriber engine=Mqtt key=topic_0 endpoint=None crash_enabled=false
2026-06-19T04:07:13.571608Z  INFO mq_bench::roles::subscriber: Connected via transport engine=Mqtt
2026-06-19T04:07:13.571689Z  INFO mq_bench::roles::subscriber: Subscribed to key expression key=topic_0
