mq-bench starting with run_id: auto
Writing CSV output to: artifacts/fanout_bursty_20260619_040613_mqtt_mosquitto_p64_s1000_u10_bursty/fanout_singlesite/sub_4_1.csv
2026-06-19T04:06:13.721008Z  INFO mq_bench::roles::subscriber: Starting subscriber engine=Mqtt key=topic_4 endpoint=None crash_enabled=false
2026-06-19T04:06:13.721058Z  INFO mq_bench::roles::subscriber: Connected via transport engine=Mqtt
2026-06-19T04:06:13.721106Z  INFO mq_bench::roles::subscriber: Subscribed to key expression key=topic_4
2026-06-19T04:06:20.388680Z  INFO mq_bench::roles::subscriber: Starting subscriber engine=Mqtt key=topic_4 endpoint=None crash_enabled=false
2026-06-19T04:06:20.388752Z  INFO mq_bench::roles::subscriber: Connected via transport engine=Mqtt
2026-06-19T04:06:20.388823Z  INFO mq_bench::roles::subscriber: Subscribed to key expression key=topic_4
2026-06-19T04:06:27.056648Z  INFO mq_bench::roles::subscriber: Starting subscriber engine=Mqtt key=topic_4 endpoint=None crash_enabled=false
2026-06-19T04:06:27.056756Z  INFO mq_bench::roles::subscriber: Connected via transport engine=Mqtt
2026-06-19T04:06:27.056819Z  INFO mq_bench::roles::subscriber: Subscribed to key expression key=topic_4
2026-06-19T04:06:33.724042Z  INFO mq_bench::roles::subscriber: Starting subscriber engine=Mqtt key=topic_4 endpoint=None crash_enabled=false
2026-06-19T04:06:33.724089Z  INFO mq_bench::roles::subscriber: Connected via transport engine=Mqtt
2026-06-19T04:06:33.724152Z  INFO mq_bench::roles::subscriber: Subscribed to key expression key=topic_4
2026-06-19T04:06:40.391902Z  INFO mq_bench::roles::subscriber: Starting subscriber engine=Mqtt key=topic_4 endpoint=None crash_enabled=false
2026-06-19T04:06:40.392013Z  INFO mq_bench::roles::subscriber: Connected via transport engine=Mqtt
2026-06-19T04:06:40.392087Z  INFO mq_bench::roles::subscriber: Subscribed to key expression key=topic_4
2026-06-19T04:06:47.060338Z  INFO mq_bench::roles::subscriber: Starting subscriber engine=Mqtt key=topic_4 endpoint=None crash_enabled=false
2026-06-19T04:06:47.060395Z  INFO mq_bench::roles::subscriber: Connected via transport engine=Mqtt
2026-06-19T04:06:47.060476Z  INFO mq_bench::roles::subscriber: Subscribed to key expression key=topic_4
2026-06-19T04:06:53.728134Z  INFO mq_bench::roles::subscriber: Starting subscriber engine=Mqtt key=topic_4 endpoint=None crash_enabled=false
2026-06-19T04:06:53.728188Z  INFO mq_bench::roles::subscriber: Connected via transport engine=Mqtt
2026-06-19T04:06:53.728306Z  INFO mq_bench::roles::subscriber: Subscribed to key expression key=topic_4
2026-06-19T04:07:00.395997Z  INFO mq_bench::roles::subscriber: Starting subscriber engine=Mqtt key=topic_4 endpoint=None crash_enabled=false
2026-06-19T04:07:00.396054Z  INFO mq_bench::roles::subscriber: Connected via transport engine=Mqtt
2026-06-19T04:07:00.396149Z  INFO mq_bench::roles::subscriber: Subscribed to key expression key=topic_4
2026-06-19T04:07:07.063843Z  INFO mq_bench::roles::subscriber: Starting subscriber engine=Mqtt key=topic_4 endpoint=None crash_enabled=false
2026-06-19T04:07:07.063893Z  INFO mq_bench::roles::subscriber: Connected via transport engine=Mqtt
2026-06-19T04:07:07.063988Z  INFO mq_bench::roles::subscriber: Subscribed to key expression key=topic_4
2026-06-19T04:07:13.731638Z  INFO mq_bench::roles::subscriber: Starting subscriber engine=Mqtt key=topic_4 endpoint=None crash_enabled=false
2026-06-19T04:07:13.731691Z  INFO mq_bench::roles::subscriber: Connected via transport engine=Mqtt
2026-06-19T04:07:13.731777Z  INFO mq_bench::roles::subscriber: Subscribed to key expression key=topic_4
