mq-bench starting with run_id: auto
Writing CSV output to: artifacts/fanout_bursty_20260619_040613_mqtt_mosquitto_p64_s1000_u10_bursty/fanout_singlesite/sub_5_2.csv
2026-06-19T04:06:13.763668Z  INFO mq_bench::roles::subscriber: Starting subscriber engine=Mqtt key=topic_5 endpoint=None crash_enabled=false
2026-06-19T04:06:13.763710Z  INFO mq_bench::roles::subscriber: Connected via transport engine=Mqtt
2026-06-19T04:06:13.763752Z  INFO mq_bench::roles::subscriber: Subscribed to key expression key=topic_5
2026-06-19T04:06:20.431305Z  INFO mq_bench::roles::subscriber: Starting subscriber engine=Mqtt key=topic_5 endpoint=None crash_enabled=false
2026-06-19T04:06:20.431363Z  INFO mq_bench::roles::subscriber: Connected via transport engine=Mqtt
2026-06-19T04:06:20.431430Z  INFO mq_bench::roles::subscriber: Subscribed to key expression key=topic_5
2026-06-19T04:06:27.099117Z  INFO mq_bench::roles::subscriber: Starting subscriber engine=Mqtt key=topic_5 endpoint=None crash_enabled=false
2026-06-19T04:06:27.099251Z  INFO mq_bench::roles::subscriber: Connected via transport engine=Mqtt
2026-06-19T04:06:27.099316Z  INFO mq_bench::roles::subscriber: Subscribed to key expression key=topic_5
2026-06-19T04:06:33.766427Z  INFO mq_bench::roles::subscriber: Starting subscriber engine=Mqtt key=topic_5 endpoint=None crash_enabled=false
2026-06-19T04:06:33.766477Z  INFO mq_bench::roles::subscriber: Connected via transport engine=Mqtt
2026-06-19T04:06:33.766538Z  INFO mq_bench::roles::subscriber: Subscribed to key expression key=topic_5
2026-06-19T04:06:40.434515Z  INFO mq_bench::roles::subscriber: Starting subscriber engine=Mqtt key=topic_5 endpoint=None crash_enabled=false
2026-06-19T04:06:40.434581Z  INFO mq_bench::roles::subscriber: Connected via transport engine=Mqtt
2026-06-19T04:06:40.434649Z  INFO mq_bench::roles::subscriber: Subscribed to key expression key=topic_5
2026-06-19T04:06:47.102292Z  INFO mq_bench::roles::subscriber: Starting subscriber engine=Mqtt key=topic_5 endpoint=None crash_enabled=false
2026-06-19T04:06:47.102420Z  INFO mq_bench::roles::subscriber: Connected via transport engine=Mqtt
2026-06-19T04:06:47.102505Z  INFO mq_bench::roles::subscriber: Subscribed to key expression key=topic_5
2026-06-19T04:06:53.770121Z  INFO mq_bench::roles::subscriber: Starting subscriber engine=Mqtt key=topic_5 endpoint=None crash_enabled=false
2026-06-19T04:06:53.770237Z  INFO mq_bench::roles::subscriber: Connected via transport engine=Mqtt
2026-06-19T04:06:53.770352Z  INFO mq_bench::roles::subscriber: Subscribed to key expression key=topic_5
2026-06-19T04:07:00.437288Z  INFO mq_bench::roles::subscriber: Starting subscriber engine=Mqtt key=topic_5 endpoint=None crash_enabled=false
2026-06-19T04:07:00.437355Z  INFO mq_bench::roles::subscriber: Connected via transport engine=Mqtt
2026-06-19T04:07:00.437435Z  INFO mq_bench::roles::subscriber: Subscribed to key expression key=topic_5
2026-06-19T04:07:07.104222Z  INFO mq_bench::roles::subscriber: Starting subscriber engine=Mqtt key=topic_5 endpoint=None crash_enabled=false
2026-06-19T04:07:07.104273Z  INFO mq_bench::roles::subscriber: Connected via transport engine=Mqtt
2026-06-19T04:07:07.104358Z  INFO mq_bench::roles::subscriber: Subscribed to key expression key=topic_5
2026-06-19T04:07:13.771299Z  INFO mq_bench::roles::subscriber: Starting subscriber engine=Mqtt key=topic_5 endpoint=None crash_enabled=false
2026-06-19T04:07:13.771384Z  INFO mq_bench::roles::subscriber: Connected via transport engine=Mqtt
2026-06-19T04:07:13.771460Z  INFO mq_bench::roles::subscriber: Subscribed to key expression key=topic_5
