mq-bench starting with run_id: auto
Writing CSV output to: artifacts/fanout_bursty_20260619_040613_mqtt_mosquitto_p64_s1000_u10_bursty/fanout_singlesite/sub_3_4.csv
2026-06-19T04:06:13.693938Z  INFO mq_bench::roles::subscriber: Starting subscriber engine=Mqtt key=topic_3 endpoint=None crash_enabled=false
2026-06-19T04:06:13.693982Z  INFO mq_bench::roles::subscriber: Connected via transport engine=Mqtt
2026-06-19T04:06:13.694023Z  INFO mq_bench::roles::subscriber: Subscribed to key expression key=topic_3
2026-06-19T04:06:20.362014Z  INFO mq_bench::roles::subscriber: Starting subscriber engine=Mqtt key=topic_3 endpoint=None crash_enabled=false
2026-06-19T04:06:20.362073Z  INFO mq_bench::roles::subscriber: Connected via transport engine=Mqtt
2026-06-19T04:06:20.362139Z  INFO mq_bench::roles::subscriber: Subscribed to key expression key=topic_3
2026-06-19T04:06:27.029934Z  INFO mq_bench::roles::subscriber: Starting subscriber engine=Mqtt key=topic_3 endpoint=None crash_enabled=false
2026-06-19T04:06:27.030051Z  INFO mq_bench::roles::subscriber: Connected via transport engine=Mqtt
2026-06-19T04:06:27.030114Z  INFO mq_bench::roles::subscriber: Subscribed to key expression key=topic_3
2026-06-19T04:06:33.697347Z  INFO mq_bench::roles::subscriber: Starting subscriber engine=Mqtt key=topic_3 endpoint=None crash_enabled=false
2026-06-19T04:06:33.697391Z  INFO mq_bench::roles::subscriber: Connected via transport engine=Mqtt
2026-06-19T04:06:33.697453Z  INFO mq_bench::roles::subscriber: Subscribed to key expression key=topic_3
2026-06-19T04:06:40.364521Z  INFO mq_bench::roles::subscriber: Starting subscriber engine=Mqtt key=topic_3 endpoint=None crash_enabled=false
2026-06-19T04:06:40.364568Z  INFO mq_bench::roles::subscriber: Connected via transport engine=Mqtt
2026-06-19T04:06:40.364636Z  INFO mq_bench::roles::subscriber: Subscribed to key expression key=topic_3
2026-06-19T04:06:47.032278Z  INFO mq_bench::roles::subscriber: Starting subscriber engine=Mqtt key=topic_3 endpoint=None crash_enabled=false
2026-06-19T04:06:47.032415Z  INFO mq_bench::roles::subscriber: Connected via transport engine=Mqtt
2026-06-19T04:06:47.032519Z  INFO mq_bench::roles::subscriber: Subscribed to key expression key=topic_3
2026-06-19T04:06:53.699303Z  INFO mq_bench::roles::subscriber: Starting subscriber engine=Mqtt key=topic_3 endpoint=None crash_enabled=false
2026-06-19T04:06:53.699384Z  INFO mq_bench::roles::subscriber: Connected via transport engine=Mqtt
2026-06-19T04:06:53.699471Z  INFO mq_bench::roles::subscriber: Subscribed to key expression key=topic_3
2026-06-19T04:07:00.367177Z  INFO mq_bench::roles::subscriber: Starting subscriber engine=Mqtt key=topic_3 endpoint=None crash_enabled=false
2026-06-19T04:07:00.367259Z  INFO mq_bench::roles::subscriber: Connected via transport engine=Mqtt
2026-06-19T04:07:00.367377Z  INFO mq_bench::roles::subscriber: Subscribed to key expression key=topic_3
2026-06-19T04:07:07.035164Z  INFO mq_bench::roles::subscriber: Starting subscriber engine=Mqtt key=topic_3 endpoint=None crash_enabled=false
2026-06-19T04:07:07.035249Z  INFO mq_bench::roles::subscriber: Connected via transport engine=Mqtt
2026-06-19T04:07:07.035343Z  INFO mq_bench::roles::subscriber: Subscribed to key expression key=topic_3
2026-06-19T04:07:13.703109Z  INFO mq_bench::roles::subscriber: Starting subscriber engine=Mqtt key=topic_3 endpoint=None crash_enabled=false
2026-06-19T04:07:13.703161Z  INFO mq_bench::roles::subscriber: Connected via transport engine=Mqtt
2026-06-19T04:07:13.703266Z  INFO mq_bench::roles::subscriber: Subscribed to key expression key=topic_3
