mq-bench starting with run_id: auto
Writing CSV output to: artifacts/fanout_bursty_20260619_040613_mqtt_mosquitto_p64_s1000_u10_bursty/fanout_singlesite/sub_8_9.csv
2026-06-19T04:06:13.908440Z  INFO mq_bench::roles::subscriber: Starting subscriber engine=Mqtt key=topic_8 endpoint=None crash_enabled=false
2026-06-19T04:06:13.908498Z  INFO mq_bench::roles::subscriber: Connected via transport engine=Mqtt
2026-06-19T04:06:13.908529Z  INFO mq_bench::roles::subscriber: Subscribed to key expression key=topic_8
2026-06-19T04:06:20.576349Z  INFO mq_bench::roles::subscriber: Starting subscriber engine=Mqtt key=topic_8 endpoint=None crash_enabled=false
2026-06-19T04:06:20.576412Z  INFO mq_bench::roles::subscriber: Connected via transport engine=Mqtt
2026-06-19T04:06:20.576482Z  INFO mq_bench::roles::subscriber: Subscribed to key expression key=topic_8
2026-06-19T04:06:27.244064Z  INFO mq_bench::roles::subscriber: Starting subscriber engine=Mqtt key=topic_8 endpoint=None crash_enabled=false
2026-06-19T04:06:27.244182Z  INFO mq_bench::roles::subscriber: Connected via transport engine=Mqtt
2026-06-19T04:06:27.244278Z  INFO mq_bench::roles::subscriber: Subscribed to key expression key=topic_8
2026-06-19T04:06:33.912610Z  INFO mq_bench::roles::subscriber: Starting subscriber engine=Mqtt key=topic_8 endpoint=None crash_enabled=false
2026-06-19T04:06:33.912657Z  INFO mq_bench::roles::subscriber: Connected via transport engine=Mqtt
2026-06-19T04:06:33.912722Z  INFO mq_bench::roles::subscriber: Subscribed to key expression key=topic_8
2026-06-19T04:06:40.580604Z  INFO mq_bench::roles::subscriber: Starting subscriber engine=Mqtt key=topic_8 endpoint=None crash_enabled=false
2026-06-19T04:06:40.580718Z  INFO mq_bench::roles::subscriber: Connected via transport engine=Mqtt
2026-06-19T04:06:40.580795Z  INFO mq_bench::roles::subscriber: Subscribed to key expression key=topic_8
2026-06-19T04:06:47.248372Z  INFO mq_bench::roles::subscriber: Starting subscriber engine=Mqtt key=topic_8 endpoint=None crash_enabled=false
2026-06-19T04:06:47.248423Z  INFO mq_bench::roles::subscriber: Connected via transport engine=Mqtt
2026-06-19T04:06:47.248507Z  INFO mq_bench::roles::subscriber: Subscribed to key expression key=topic_8
2026-06-19T04:06:53.916146Z  INFO mq_bench::roles::subscriber: Starting subscriber engine=Mqtt key=topic_8 endpoint=None crash_enabled=false
2026-06-19T04:06:53.916230Z  INFO mq_bench::roles::subscriber: Connected via transport engine=Mqtt
2026-06-19T04:06:53.916322Z  INFO mq_bench::roles::subscriber: Subscribed to key expression key=topic_8
2026-06-19T04:07:00.583993Z  INFO mq_bench::roles::subscriber: Starting subscriber engine=Mqtt key=topic_8 endpoint=None crash_enabled=false
2026-06-19T04:07:00.584065Z  INFO mq_bench::roles::subscriber: Connected via transport engine=Mqtt
2026-06-19T04:07:00.584140Z  INFO mq_bench::roles::subscriber: Subscribed to key expression key=topic_8
2026-06-19T04:07:07.252432Z  INFO mq_bench::roles::subscriber: Starting subscriber engine=Mqtt key=topic_8 endpoint=None crash_enabled=false
2026-06-19T04:07:07.252504Z  INFO mq_bench::roles::subscriber: Connected via transport engine=Mqtt
2026-06-19T04:07:07.252586Z  INFO mq_bench::roles::subscriber: Subscribed to key expression key=topic_8
2026-06-19T04:07:13.920418Z  INFO mq_bench::roles::subscriber: Starting subscriber engine=Mqtt key=topic_8 endpoint=None crash_enabled=false
2026-06-19T04:07:13.920472Z  INFO mq_bench::roles::subscriber: Connected via transport engine=Mqtt
2026-06-19T04:07:13.920555Z  INFO mq_bench::roles::subscriber: Subscribed to key expression key=topic_8
