mq-bench starting with run_id: auto
Writing CSV output to: artifacts/fanout_bursty_20260619_040613_mqtt_mosquitto_p64_s1000_u10_bursty/fanout_singlesite/sub_0_6.csv
2026-06-19T04:06:13.586881Z  INFO mq_bench::roles::subscriber: Starting subscriber engine=Mqtt key=topic_0 endpoint=None crash_enabled=false
2026-06-19T04:06:13.586939Z  INFO mq_bench::roles::subscriber: Connected via transport engine=Mqtt
2026-06-19T04:06:13.586980Z  INFO mq_bench::roles::subscriber: Subscribed to key expression key=topic_0
2026-06-19T04:06:20.255110Z  INFO mq_bench::roles::subscriber: Starting subscriber engine=Mqtt key=topic_0 endpoint=None crash_enabled=false
2026-06-19T04:06:20.255172Z  INFO mq_bench::roles::subscriber: Connected via transport engine=Mqtt
2026-06-19T04:06:20.255282Z  INFO mq_bench::roles::subscriber: Subscribed to key expression key=topic_0
2026-06-19T04:06:26.923195Z  INFO mq_bench::roles::subscriber: Starting subscriber engine=Mqtt key=topic_0 endpoint=None crash_enabled=false
2026-06-19T04:06:26.923333Z  INFO mq_bench::roles::subscriber: Connected via transport engine=Mqtt
2026-06-19T04:06:26.923395Z  INFO mq_bench::roles::subscriber: Subscribed to key expression key=topic_0
2026-06-19T04:06:33.590744Z  INFO mq_bench::roles::subscriber: Starting subscriber engine=Mqtt key=topic_0 endpoint=None crash_enabled=false
2026-06-19T04:06:33.590847Z  INFO mq_bench::roles::subscriber: Connected via transport engine=Mqtt
2026-06-19T04:06:33.590902Z  INFO mq_bench::roles::subscriber: Subscribed to key expression key=topic_0
2026-06-19T04:06:40.258794Z  INFO mq_bench::roles::subscriber: Starting subscriber engine=Mqtt key=topic_0 endpoint=None crash_enabled=false
2026-06-19T04:06:40.258837Z  INFO mq_bench::roles::subscriber: Connected via transport engine=Mqtt
2026-06-19T04:06:40.258923Z  INFO mq_bench::roles::subscriber: Subscribed to key expression key=topic_0
2026-06-19T04:06:46.926547Z  INFO mq_bench::roles::subscriber: Starting subscriber engine=Mqtt key=topic_0 endpoint=None crash_enabled=false
2026-06-19T04:06:46.926587Z  INFO mq_bench::roles::subscriber: Connected via transport engine=Mqtt
2026-06-19T04:06:46.926653Z  INFO mq_bench::roles::subscriber: Subscribed to key expression key=topic_0
2026-06-19T04:06:53.594503Z  INFO mq_bench::roles::subscriber: Starting subscriber engine=Mqtt key=topic_0 endpoint=None crash_enabled=false
2026-06-19T04:06:53.594589Z  INFO mq_bench::roles::subscriber: Connected via transport engine=Mqtt
2026-06-19T04:06:53.594665Z  INFO mq_bench::roles::subscriber: Subscribed to key expression key=topic_0
2026-06-19T04:07:00.261436Z  INFO mq_bench::roles::subscriber: Starting subscriber engine=Mqtt key=topic_0 endpoint=None crash_enabled=false
2026-06-19T04:07:00.261515Z  INFO mq_bench::roles::subscriber: Connected via transport engine=Mqtt
2026-06-19T04:07:00.261594Z  INFO mq_bench::roles::subscriber: Subscribed to key expression key=topic_0
2026-06-19T04:07:06.929291Z  INFO mq_bench::roles::subscriber: Starting subscriber engine=Mqtt key=topic_0 endpoint=None crash_enabled=false
2026-06-19T04:07:06.929345Z  INFO mq_bench::roles::subscriber: Connected via transport engine=Mqtt
2026-06-19T04:07:06.929437Z  INFO mq_bench::roles::subscriber: Subscribed to key expression key=topic_0
2026-06-19T04:07:13.596975Z  INFO mq_bench::roles::subscriber: Starting subscriber engine=Mqtt key=topic_0 endpoint=None crash_enabled=false
2026-06-19T04:07:13.597035Z  INFO mq_bench::roles::subscriber: Connected via transport engine=Mqtt
2026-06-19T04:07:13.597134Z  INFO mq_bench::roles::subscriber: Subscribed to key expression key=topic_0
