mq-bench starting with run_id: auto
Writing CSV output to: artifacts/fanout_bursty_20260619_040613_mqtt_mosquitto_p64_s1000_u10_bursty/fanout_singlesite/sub_1_9.csv
2026-06-19T04:06:13.636000Z  INFO mq_bench::roles::subscriber: Starting subscriber engine=Mqtt key=topic_1 endpoint=None crash_enabled=false
2026-06-19T04:06:13.636127Z  INFO mq_bench::roles::subscriber: Connected via transport engine=Mqtt
2026-06-19T04:06:13.636165Z  INFO mq_bench::roles::subscriber: Subscribed to key expression key=topic_1
2026-06-19T04:06:20.303814Z  INFO mq_bench::roles::subscriber: Starting subscriber engine=Mqtt key=topic_1 endpoint=None crash_enabled=false
2026-06-19T04:06:20.303873Z  INFO mq_bench::roles::subscriber: Connected via transport engine=Mqtt
2026-06-19T04:06:20.303942Z  INFO mq_bench::roles::subscriber: Subscribed to key expression key=topic_1
2026-06-19T04:06:26.971872Z  INFO mq_bench::roles::subscriber: Starting subscriber engine=Mqtt key=topic_1 endpoint=None crash_enabled=false
2026-06-19T04:06:26.971979Z  INFO mq_bench::roles::subscriber: Connected via transport engine=Mqtt
2026-06-19T04:06:26.972040Z  INFO mq_bench::roles::subscriber: Subscribed to key expression key=topic_1
2026-06-19T04:06:33.639843Z  INFO mq_bench::roles::subscriber: Starting subscriber engine=Mqtt key=topic_1 endpoint=None crash_enabled=false
2026-06-19T04:06:33.639891Z  INFO mq_bench::roles::subscriber: Connected via transport engine=Mqtt
2026-06-19T04:06:33.639955Z  INFO mq_bench::roles::subscriber: Subscribed to key expression key=topic_1
2026-06-19T04:06:40.307857Z  INFO mq_bench::roles::subscriber: Starting subscriber engine=Mqtt key=topic_1 endpoint=None crash_enabled=false
2026-06-19T04:06:40.307957Z  INFO mq_bench::roles::subscriber: Connected via transport engine=Mqtt
2026-06-19T04:06:40.308035Z  INFO mq_bench::roles::subscriber: Subscribed to key expression key=topic_1
2026-06-19T04:06:46.975680Z  INFO mq_bench::roles::subscriber: Starting subscriber engine=Mqtt key=topic_1 endpoint=None crash_enabled=false
2026-06-19T04:06:46.975727Z  INFO mq_bench::roles::subscriber: Connected via transport engine=Mqtt
2026-06-19T04:06:46.975854Z  INFO mq_bench::roles::subscriber: Subscribed to key expression key=topic_1
2026-06-19T04:06:53.644257Z  INFO mq_bench::roles::subscriber: Starting subscriber engine=Mqtt key=topic_1 endpoint=None crash_enabled=false
2026-06-19T04:06:53.644315Z  INFO mq_bench::roles::subscriber: Connected via transport engine=Mqtt
2026-06-19T04:06:53.644401Z  INFO mq_bench::roles::subscriber: Subscribed to key expression key=topic_1
2026-06-19T04:07:00.312274Z  INFO mq_bench::roles::subscriber: Starting subscriber engine=Mqtt key=topic_1 endpoint=None crash_enabled=false
2026-06-19T04:07:00.312356Z  INFO mq_bench::roles::subscriber: Connected via transport engine=Mqtt
2026-06-19T04:07:00.312461Z  INFO mq_bench::roles::subscriber: Subscribed to key expression key=topic_1
2026-06-19T04:07:06.980350Z  INFO mq_bench::roles::subscriber: Starting subscriber engine=Mqtt key=topic_1 endpoint=None crash_enabled=false
2026-06-19T04:07:06.980403Z  INFO mq_bench::roles::subscriber: Connected via transport engine=Mqtt
2026-06-19T04:07:06.980495Z  INFO mq_bench::roles::subscriber: Subscribed to key expression key=topic_1
2026-06-19T04:07:13.648278Z  INFO mq_bench::roles::subscriber: Starting subscriber engine=Mqtt key=topic_1 endpoint=None crash_enabled=false
2026-06-19T04:07:13.648335Z  INFO mq_bench::roles::subscriber: Connected via transport engine=Mqtt
2026-06-19T04:07:13.648482Z  INFO mq_bench::roles::subscriber: Subscribed to key expression key=topic_1
