mq-bench starting with run_id: auto
Writing CSV output to: artifacts/fanout_bursty_20260619_040613_mqtt_mosquitto_p64_s1000_u10_bursty/fanout_singlesite/sub_7_0.csv
2026-06-19T04:06:13.834068Z  INFO mq_bench::roles::subscriber: Starting subscriber engine=Mqtt key=topic_7 endpoint=None crash_enabled=false
2026-06-19T04:06:13.834113Z  INFO mq_bench::roles::subscriber: Connected via transport engine=Mqtt
2026-06-19T04:06:13.834148Z  INFO mq_bench::roles::subscriber: Subscribed to key expression key=topic_7
2026-06-19T04:06:20.502022Z  INFO mq_bench::roles::subscriber: Starting subscriber engine=Mqtt key=topic_7 endpoint=None crash_enabled=false
2026-06-19T04:06:20.502153Z  INFO mq_bench::roles::subscriber: Connected via transport engine=Mqtt
2026-06-19T04:06:20.502250Z  INFO mq_bench::roles::subscriber: Subscribed to key expression key=topic_7
2026-06-19T04:06:27.170112Z  INFO mq_bench::roles::subscriber: Starting subscriber engine=Mqtt key=topic_7 endpoint=None crash_enabled=false
2026-06-19T04:06:27.170245Z  INFO mq_bench::roles::subscriber: Connected via transport engine=Mqtt
2026-06-19T04:06:27.170312Z  INFO mq_bench::roles::subscriber: Subscribed to key expression key=topic_7
2026-06-19T04:06:33.838543Z  INFO mq_bench::roles::subscriber: Starting subscriber engine=Mqtt key=topic_7 endpoint=None crash_enabled=false
2026-06-19T04:06:33.838600Z  INFO mq_bench::roles::subscriber: Connected via transport engine=Mqtt
2026-06-19T04:06:33.838669Z  INFO mq_bench::roles::subscriber: Subscribed to key expression key=topic_7
2026-06-19T04:06:40.506666Z  INFO mq_bench::roles::subscriber: Starting subscriber engine=Mqtt key=topic_7 endpoint=None crash_enabled=false
2026-06-19T04:06:40.506718Z  INFO mq_bench::roles::subscriber: Connected via transport engine=Mqtt
2026-06-19T04:06:40.506790Z  INFO mq_bench::roles::subscriber: Subscribed to key expression key=topic_7
2026-06-19T04:06:47.174192Z  INFO mq_bench::roles::subscriber: Starting subscriber engine=Mqtt key=topic_7 endpoint=None crash_enabled=false
2026-06-19T04:06:47.174299Z  INFO mq_bench::roles::subscriber: Connected via transport engine=Mqtt
2026-06-19T04:06:47.174376Z  INFO mq_bench::roles::subscriber: Subscribed to key expression key=topic_7
2026-06-19T04:06:53.842179Z  INFO mq_bench::roles::subscriber: Starting subscriber engine=Mqtt key=topic_7 endpoint=None crash_enabled=false
2026-06-19T04:06:53.842260Z  INFO mq_bench::roles::subscriber: Connected via transport engine=Mqtt
2026-06-19T04:06:53.842349Z  INFO mq_bench::roles::subscriber: Subscribed to key expression key=topic_7
2026-06-19T04:07:00.510022Z  INFO mq_bench::roles::subscriber: Starting subscriber engine=Mqtt key=topic_7 endpoint=None crash_enabled=false
2026-06-19T04:07:00.510074Z  INFO mq_bench::roles::subscriber: Connected via transport engine=Mqtt
2026-06-19T04:07:00.510159Z  INFO mq_bench::roles::subscriber: Subscribed to key expression key=topic_7
2026-06-19T04:07:07.178641Z  INFO mq_bench::roles::subscriber: Starting subscriber engine=Mqtt key=topic_7 endpoint=None crash_enabled=false
2026-06-19T04:07:07.178701Z  INFO mq_bench::roles::subscriber: Connected via transport engine=Mqtt
2026-06-19T04:07:07.178790Z  INFO mq_bench::roles::subscriber: Subscribed to key expression key=topic_7
2026-06-19T04:07:13.846468Z  INFO mq_bench::roles::subscriber: Starting subscriber engine=Mqtt key=topic_7 endpoint=None crash_enabled=false
2026-06-19T04:07:13.846526Z  INFO mq_bench::roles::subscriber: Connected via transport engine=Mqtt
2026-06-19T04:07:13.846619Z  INFO mq_bench::roles::subscriber: Subscribed to key expression key=topic_7
