mq-bench starting with run_id: auto
Writing CSV output to: artifacts/fanout_bursty_20260619_040613_mqtt_mosquitto_p64_s1000_u10_bursty/fanout_singlesite/sub_4_0.csv
2026-06-19T04:06:13.716658Z  INFO mq_bench::roles::subscriber: Starting subscriber engine=Mqtt key=topic_4 endpoint=None crash_enabled=false
2026-06-19T04:06:13.716711Z  INFO mq_bench::roles::subscriber: Connected via transport engine=Mqtt
2026-06-19T04:06:13.716741Z  INFO mq_bench::roles::subscriber: Subscribed to key expression key=topic_4
2026-06-19T04:06:20.384519Z  INFO mq_bench::roles::subscriber: Starting subscriber engine=Mqtt key=topic_4 endpoint=None crash_enabled=false
2026-06-19T04:06:20.384634Z  INFO mq_bench::roles::subscriber: Connected via transport engine=Mqtt
2026-06-19T04:06:20.384697Z  INFO mq_bench::roles::subscriber: Subscribed to key expression key=topic_4
2026-06-19T04:06:27.052489Z  INFO mq_bench::roles::subscriber: Starting subscriber engine=Mqtt key=topic_4 endpoint=None crash_enabled=false
2026-06-19T04:06:27.052588Z  INFO mq_bench::roles::subscriber: Connected via transport engine=Mqtt
2026-06-19T04:06:27.052654Z  INFO mq_bench::roles::subscriber: Subscribed to key expression key=topic_4
2026-06-19T04:06:33.720823Z  INFO mq_bench::roles::subscriber: Starting subscriber engine=Mqtt key=topic_4 endpoint=None crash_enabled=false
2026-06-19T04:06:33.720864Z  INFO mq_bench::roles::subscriber: Connected via transport engine=Mqtt
2026-06-19T04:06:33.720928Z  INFO mq_bench::roles::subscriber: Subscribed to key expression key=topic_4
2026-06-19T04:06:40.388767Z  INFO mq_bench::roles::subscriber: Starting subscriber engine=Mqtt key=topic_4 endpoint=None crash_enabled=false
2026-06-19T04:06:40.388872Z  INFO mq_bench::roles::subscriber: Connected via transport engine=Mqtt
2026-06-19T04:06:40.388952Z  INFO mq_bench::roles::subscriber: Subscribed to key expression key=topic_4
2026-06-19T04:06:47.056420Z  INFO mq_bench::roles::subscriber: Starting subscriber engine=Mqtt key=topic_4 endpoint=None crash_enabled=false
2026-06-19T04:06:47.056478Z  INFO mq_bench::roles::subscriber: Connected via transport engine=Mqtt
2026-06-19T04:06:47.056549Z  INFO mq_bench::roles::subscriber: Subscribed to key expression key=topic_4
2026-06-19T04:06:53.723450Z  INFO mq_bench::roles::subscriber: Starting subscriber engine=Mqtt key=topic_4 endpoint=None crash_enabled=false
2026-06-19T04:06:53.723499Z  INFO mq_bench::roles::subscriber: Connected via transport engine=Mqtt
2026-06-19T04:06:53.723584Z  INFO mq_bench::roles::subscriber: Subscribed to key expression key=topic_4
2026-06-19T04:07:00.391243Z  INFO mq_bench::roles::subscriber: Starting subscriber engine=Mqtt key=topic_4 endpoint=None crash_enabled=false
2026-06-19T04:07:00.391307Z  INFO mq_bench::roles::subscriber: Connected via transport engine=Mqtt
2026-06-19T04:07:00.391376Z  INFO mq_bench::roles::subscriber: Subscribed to key expression key=topic_4
2026-06-19T04:07:07.059128Z  INFO mq_bench::roles::subscriber: Starting subscriber engine=Mqtt key=topic_4 endpoint=None crash_enabled=false
2026-06-19T04:07:07.059180Z  INFO mq_bench::roles::subscriber: Connected via transport engine=Mqtt
2026-06-19T04:07:07.059298Z  INFO mq_bench::roles::subscriber: Subscribed to key expression key=topic_4
2026-06-19T04:07:13.727009Z  INFO mq_bench::roles::subscriber: Starting subscriber engine=Mqtt key=topic_4 endpoint=None crash_enabled=false
2026-06-19T04:07:13.727065Z  INFO mq_bench::roles::subscriber: Connected via transport engine=Mqtt
2026-06-19T04:07:13.727137Z  INFO mq_bench::roles::subscriber: Subscribed to key expression key=topic_4
