mq-bench starting with run_id: auto
Writing CSV output to: artifacts/fanout_bursty_20260619_040613_mqtt_mosquitto_p64_s1000_u10_bursty/fanout_singlesite/sub_6_7.csv
2026-06-19T04:06:13.821924Z  INFO mq_bench::roles::subscriber: Starting subscriber engine=Mqtt key=topic_6 endpoint=None crash_enabled=false
2026-06-19T04:06:13.821973Z  INFO mq_bench::roles::subscriber: Connected via transport engine=Mqtt
2026-06-19T04:06:13.822004Z  INFO mq_bench::roles::subscriber: Subscribed to key expression key=topic_6
2026-06-19T04:06:20.489581Z  INFO mq_bench::roles::subscriber: Starting subscriber engine=Mqtt key=topic_6 endpoint=None crash_enabled=false
2026-06-19T04:06:20.489695Z  INFO mq_bench::roles::subscriber: Connected via transport engine=Mqtt
2026-06-19T04:06:20.489760Z  INFO mq_bench::roles::subscriber: Subscribed to key expression key=topic_6
2026-06-19T04:06:27.156802Z  INFO mq_bench::roles::subscriber: Starting subscriber engine=Mqtt key=topic_6 endpoint=None crash_enabled=false
2026-06-19T04:06:27.156912Z  INFO mq_bench::roles::subscriber: Connected via transport engine=Mqtt
2026-06-19T04:06:27.156972Z  INFO mq_bench::roles::subscriber: Subscribed to key expression key=topic_6
2026-06-19T04:06:33.825318Z  INFO mq_bench::roles::subscriber: Starting subscriber engine=Mqtt key=topic_6 endpoint=None crash_enabled=false
2026-06-19T04:06:33.825377Z  INFO mq_bench::roles::subscriber: Connected via transport engine=Mqtt
2026-06-19T04:06:33.825436Z  INFO mq_bench::roles::subscriber: Subscribed to key expression key=topic_6
2026-06-19T04:06:40.493431Z  INFO mq_bench::roles::subscriber: Starting subscriber engine=Mqtt key=topic_6 endpoint=None crash_enabled=false
2026-06-19T04:06:40.493539Z  INFO mq_bench::roles::subscriber: Connected via transport engine=Mqtt
2026-06-19T04:06:40.493623Z  INFO mq_bench::roles::subscriber: Subscribed to key expression key=topic_6
2026-06-19T04:06:47.161141Z  INFO mq_bench::roles::subscriber: Starting subscriber engine=Mqtt key=topic_6 endpoint=None crash_enabled=false
2026-06-19T04:06:47.161241Z  INFO mq_bench::roles::subscriber: Connected via transport engine=Mqtt
2026-06-19T04:06:47.161302Z  INFO mq_bench::roles::subscriber: Subscribed to key expression key=topic_6
2026-06-19T04:06:53.829386Z  INFO mq_bench::roles::subscriber: Starting subscriber engine=Mqtt key=topic_6 endpoint=None crash_enabled=false
2026-06-19T04:06:53.829426Z  INFO mq_bench::roles::subscriber: Connected via transport engine=Mqtt
2026-06-19T04:06:53.829497Z  INFO mq_bench::roles::subscriber: Subscribed to key expression key=topic_6
2026-06-19T04:07:00.497287Z  INFO mq_bench::roles::subscriber: Starting subscriber engine=Mqtt key=topic_6 endpoint=None crash_enabled=false
2026-06-19T04:07:00.497339Z  INFO mq_bench::roles::subscriber: Connected via transport engine=Mqtt
2026-06-19T04:07:00.497427Z  INFO mq_bench::roles::subscriber: Subscribed to key expression key=topic_6
2026-06-19T04:07:07.165372Z  INFO mq_bench::roles::subscriber: Starting subscriber engine=Mqtt key=topic_6 endpoint=None crash_enabled=false
2026-06-19T04:07:07.165443Z  INFO mq_bench::roles::subscriber: Connected via transport engine=Mqtt
2026-06-19T04:07:07.165516Z  INFO mq_bench::roles::subscriber: Subscribed to key expression key=topic_6
2026-06-19T04:07:13.833163Z  INFO mq_bench::roles::subscriber: Starting subscriber engine=Mqtt key=topic_6 endpoint=None crash_enabled=false
2026-06-19T04:07:13.833228Z  INFO mq_bench::roles::subscriber: Connected via transport engine=Mqtt
2026-06-19T04:07:13.833323Z  INFO mq_bench::roles::subscriber: Subscribed to key expression key=topic_6
