mq-bench starting with run_id: auto
Writing CSV output to: artifacts/fanout_bursty_20260616_034111_zenoh_p64_s1000_u10_bursty/fanout_singlesite/pub_6.csv
2026-06-16T03:42:12.715635Z  INFO mq_bench::roles::publisher: Starting publisher engine=Zenoh key=topic_6 payload_size=64 rate=None rate_profile=Some(RateProfile { phases: [RatePhase { name: "warmup", duration: 60s, rate_per_sec: 20.0 }, RatePhase { name: "baseline", duration: 60s, rate_per_sec: 100.0 }, RatePhase { name: "burst", duration: 60s, rate_per_sec: 1000.0 }, RatePhase { name: "recovery", duration: 60s, rate_per_sec: 100.0 }, RatePhase { name: "burst", duration: 60s, rate_per_sec: 2000.0 }, RatePhase { name: "recovery", duration: 60s, rate_per_sec: 100.0 }, RatePhase { name: "burst", duration: 60s, rate_per_sec: 3000.0 }, RatePhase { name: "recovery", duration: 60s, rate_per_sec: 100.0 }, RatePhase { name: "burst", duration: 60s, rate_per_sec: 4000.0 }, RatePhase { name: "recovery", duration: 60s, rate_per_sec: 100.0 }, RatePhase { name: "burst", duration: 60s, rate_per_sec: 5000.0 }, RatePhase { name: "recovery", duration: 60s, rate_per_sec: 100.0 }], cumulative_ends: [60s, 120s, 180s, 240s, 300s, 360s, 420s, 480s, 540s, 600s, 660s, 720s] }) duration_secs=Some(720) endpoint=Some("tcp/192.168.0.245:7447") crash_enabled=false sequence_start=0 sequence_step=1
2026-06-16T03:42:12.715975Z  INFO zenoh::net::runtime: Using ZID: a14961b7311cbaaac0424f4d33bd37a3
2026-06-16T03:42:12.717726Z  INFO mq_bench::roles::publisher: Connected via transport engine=Zenoh
2026-06-16T03:42:12.717801Z  INFO mq_bench::roles::publisher: Publisher rate profile phase entered phase=warmup rate=20.0 elapsed_secs=0.002119982
2026-06-16T03:43:12.718433Z  INFO mq_bench::roles::publisher: Publisher rate profile phase entered phase=baseline rate=100.0 elapsed_secs=60.002747449
2026-06-16T03:44:12.720176Z  INFO mq_bench::roles::publisher: Publisher rate profile phase entered phase=burst rate=1000.0 elapsed_secs=120.004494602
2026-06-16T03:45:12.720630Z  INFO mq_bench::roles::publisher: Publisher rate profile phase entered phase=recovery rate=100.0 elapsed_secs=180.004947962
2026-06-16T03:46:12.721777Z  INFO mq_bench::roles::publisher: Publisher rate profile phase entered phase=burst rate=2000.0 elapsed_secs=240.00606538
2026-06-16T03:47:12.722725Z  INFO mq_bench::roles::publisher: Publisher rate profile phase entered phase=recovery rate=100.0 elapsed_secs=300.007042729
2026-06-16T03:48:12.724394Z  INFO mq_bench::roles::publisher: Publisher rate profile phase entered phase=burst rate=3000.0 elapsed_secs=360.008711743
2026-06-16T03:49:12.715700Z  INFO mq_bench::roles::publisher: Publisher rate profile phase entered phase=recovery rate=100.0 elapsed_secs=420.000000416
2026-06-16T03:50:12.717311Z  INFO mq_bench::roles::publisher: Publisher rate profile phase entered phase=burst rate=4000.0 elapsed_secs=480.001625648
2026-06-16T03:51:12.719015Z  INFO mq_bench::roles::publisher: Publisher rate profile phase entered phase=recovery rate=100.0 elapsed_secs=540.003333211
2026-06-16T03:52:12.720247Z  INFO mq_bench::roles::publisher: Publisher rate profile phase entered phase=burst rate=5000.0 elapsed_secs=600.004564643
2026-06-16T03:53:12.721489Z  INFO mq_bench::roles::publisher: Publisher rate profile phase entered phase=recovery rate=100.0 elapsed_secs=660.00579718
2026-06-16T03:54:12.722860Z  INFO mq_bench::roles::publisher: Duration limit reached, stopping publisher
2026-06-16T03:54:12.722898Z  INFO zenoh::api::session: close session zid=a14961b7311cbaaac0424f4d33bd37a3
2026-06-16T03:54:12.723796Z  INFO mq_bench::roles::publisher: Final Publisher Statistics sent=937222 errors=0 crashes=0 reconnects=0 avg_rate="1301.68" duration="720.01s"
