mq-bench starting with run_id: auto
Writing CSV output to: artifacts/fanout_bursty_20260616_034111_zenoh_p64_s1000_u10_bursty/fanout_singlesite/pub_9.csv
2026-06-16T03:42:12.728329Z  INFO mq_bench::roles::publisher: Starting publisher engine=Zenoh key=topic_9 payload_size=64 rate=None rate_profile=Some(RateProfile { phases: [RatePhase { name: "warmup", duration: 60s, rate_per_sec: 20.0 }, RatePhase { name: "baseline", duration: 60s, rate_per_sec: 100.0 }, RatePhase { name: "burst", duration: 60s, rate_per_sec: 1000.0 }, RatePhase { name: "recovery", duration: 60s, rate_per_sec: 100.0 }, RatePhase { name: "burst", duration: 60s, rate_per_sec: 2000.0 }, RatePhase { name: "recovery", duration: 60s, rate_per_sec: 100.0 }, RatePhase { name: "burst", duration: 60s, rate_per_sec: 3000.0 }, RatePhase { name: "recovery", duration: 60s, rate_per_sec: 100.0 }, RatePhase { name: "burst", duration: 60s, rate_per_sec: 4000.0 }, RatePhase { name: "recovery", duration: 60s, rate_per_sec: 100.0 }, RatePhase { name: "burst", duration: 60s, rate_per_sec: 5000.0 }, RatePhase { name: "recovery", duration: 60s, rate_per_sec: 100.0 }], cumulative_ends: [60s, 120s, 180s, 240s, 300s, 360s, 420s, 480s, 540s, 600s, 660s, 720s] }) duration_secs=Some(720) endpoint=Some("tcp/192.168.0.245:7447") crash_enabled=false sequence_start=0 sequence_step=1
2026-06-16T03:42:12.728676Z  INFO zenoh::net::runtime: Using ZID: 7494aafe136d4f4374c64ba03339dc38
2026-06-16T03:42:12.730487Z  INFO mq_bench::roles::publisher: Connected via transport engine=Zenoh
2026-06-16T03:42:12.730560Z  INFO mq_bench::roles::publisher: Publisher rate profile phase entered phase=warmup rate=20.0 elapsed_secs=0.002175515
2026-06-16T03:43:12.731341Z  INFO mq_bench::roles::publisher: Publisher rate profile phase entered phase=baseline rate=100.0 elapsed_secs=60.002950837
2026-06-16T03:44:12.732808Z  INFO mq_bench::roles::publisher: Publisher rate profile phase entered phase=burst rate=1000.0 elapsed_secs=120.004421698
2026-06-16T03:45:12.733822Z  INFO mq_bench::roles::publisher: Publisher rate profile phase entered phase=recovery rate=100.0 elapsed_secs=180.005435773
2026-06-16T03:46:12.735319Z  INFO mq_bench::roles::publisher: Publisher rate profile phase entered phase=burst rate=2000.0 elapsed_secs=240.006913673
2026-06-16T03:47:12.737108Z  INFO mq_bench::roles::publisher: Publisher rate profile phase entered phase=recovery rate=100.0 elapsed_secs=300.008721662
2026-06-16T03:48:12.738318Z  INFO mq_bench::roles::publisher: Publisher rate profile phase entered phase=burst rate=3000.0 elapsed_secs=360.009931755
2026-06-16T03:49:12.729460Z  INFO mq_bench::roles::publisher: Publisher rate profile phase entered phase=recovery rate=100.0 elapsed_secs=420.001069358
2026-06-16T03:50:12.730782Z  INFO mq_bench::roles::publisher: Publisher rate profile phase entered phase=burst rate=4000.0 elapsed_secs=480.002393014
2026-06-16T03:51:12.731517Z  INFO mq_bench::roles::publisher: Publisher rate profile phase entered phase=recovery rate=100.0 elapsed_secs=540.003123123
2026-06-16T03:52:12.732393Z  INFO mq_bench::roles::publisher: Publisher rate profile phase entered phase=burst rate=5000.0 elapsed_secs=600.004006195
2026-06-16T03:53:12.733719Z  INFO mq_bench::roles::publisher: Publisher rate profile phase entered phase=recovery rate=100.0 elapsed_secs=660.005332741
2026-06-16T03:54:12.734362Z  INFO mq_bench::roles::publisher: Duration limit reached, stopping publisher
2026-06-16T03:54:12.734404Z  INFO zenoh::api::session: close session zid=7494aafe136d4f4374c64ba03339dc38
2026-06-16T03:54:12.735212Z  INFO mq_bench::roles::publisher: Final Publisher Statistics sent=937194 errors=0 crashes=0 reconnects=0 avg_rate="1301.65" duration="720.01s"
